Archive member included because of file (symbol)

contiki-srf06-cc26xx.a(contiki-main.o)
                              obj_srf06-cc26xx/startup_gcc.o (main)
contiki-srf06-cc26xx.a(sensors.o)
                              contiki-srf06-cc26xx.a(contiki-main.o) (sensors_process)
contiki-srf06-cc26xx.a(leds.o)
                              hello-world.co (leds_off)
contiki-srf06-cc26xx.a(board.o)
                              contiki-srf06-cc26xx.a(contiki-main.o) (board_init)
contiki-srf06-cc26xx.a(launchpad-senso)
                              contiki-srf06-cc26xx.a(sensors.o) (sensors)
contiki-srf06-cc26xx.a(leds-arch.o)
                              contiki-srf06-cc26xx.a(leds.o) (leds_arch_init)
contiki-srf06-cc26xx.a(button-sensor.o)
                              contiki-srf06-cc26xx.a(launchpad-senso) (button_left_sensor)
contiki-srf06-cc26xx.a(ext-flash.o)
                              contiki-srf06-cc26xx.a(board.o) (ext_flash_init)
contiki-srf06-cc26xx.a(board-spi.o)
                              contiki-srf06-cc26xx.a(ext-flash.o) (board_spi_write)
contiki-srf06-cc26xx.a(prop-mode.o)
                              contiki-srf06-cc26xx.a(contiki-main.o) (prop_mode_driver)
contiki-srf06-cc26xx.a(prop-mode-tx-po)
                              contiki-srf06-cc26xx.a(prop-mode.o) (prop_mode_tx_power_779_930)
contiki-srf06-cc26xx.a(clock.o)
                              contiki-srf06-cc26xx.a(contiki-main.o) (clock_init)
contiki-srf06-cc26xx.a(rtimer-arch.o)
                              contiki-srf06-cc26xx.a(prop-mode.o) (rtimer_arch_now)
contiki-srf06-cc26xx.a(soc-rtc.o)
                              contiki-srf06-cc26xx.a(rtimer-arch.o) (soc_rtc_schedule_one_shot)
contiki-srf06-cc26xx.a(contiki-watchdo)
                              contiki-srf06-cc26xx.a(contiki-main.o) (watchdog_init)
contiki-srf06-cc26xx.a(putchar.o)
                              contiki-srf06-cc26xx.a(contiki-main.o) (putchar)
contiki-srf06-cc26xx.a(ieee-addr.o)
                              contiki-srf06-cc26xx.a(contiki-main.o) (ieee_addr_cpy_to)
contiki-srf06-cc26xx.a(cc26xx-uart.o)
                              contiki-srf06-cc26xx.a(putchar.o) (cc26xx_uart_write_byte)
contiki-srf06-cc26xx.a(lpm.o)
                              contiki-srf06-cc26xx.a(prop-mode.o) (lpm_sleep)
contiki-srf06-cc26xx.a(gpio-interrupt.)
                              contiki-srf06-cc26xx.a(contiki-main.o) (gpio_interrupt_init)
contiki-srf06-cc26xx.a(oscillators.o)
                              contiki-srf06-cc26xx.a(prop-mode.o) (oscillators_request_hf_xosc)
contiki-srf06-cc26xx.a(rf-core.o)
                              contiki-srf06-cc26xx.a(prop-mode.o) (rf_core_is_accessible)
contiki-srf06-cc26xx.a(rf-ble.o)
                              contiki-srf06-cc26xx.a(prop-mode.o) (rf_ble_is_active)
contiki-srf06-cc26xx.a(random.o)
                              contiki-srf06-cc26xx.a(contiki-main.o) (random_init)
contiki-srf06-cc26xx.a(soc-trng.o)
                              contiki-srf06-cc26xx.a(random.o) (soc_trng_init)
contiki-srf06-cc26xx.a(dbg-printf.o)
                              hello-world.co (printf)
contiki-srf06-cc26xx.a(strformat.o)
                              contiki-srf06-cc26xx.a(dbg-printf.o) (format_str_v)
contiki-srf06-cc26xx.a(autostart.o)
                              contiki-srf06-cc26xx.a(contiki-main.o) (autostart_start)
contiki-srf06-cc26xx.a(ctimer.o)
                              contiki-srf06-cc26xx.a(contiki-main.o) (ctimer_init)
contiki-srf06-cc26xx.a(energest.o)
                              contiki-srf06-cc26xx.a(contiki-main.o) (energest_init)
contiki-srf06-cc26xx.a(etimer.o)
                              hello-world.co (etimer_expired)
contiki-srf06-cc26xx.a(process.o)
                              contiki-srf06-cc26xx.a(sensors.o) (process_alloc_event)
contiki-srf06-cc26xx.a(rtimer.o)
                              contiki-srf06-cc26xx.a(soc-rtc.o) (rtimer_run_next)
contiki-srf06-cc26xx.a(timer.o)
                              contiki-srf06-cc26xx.a(etimer.o) (timer_reset)
contiki-srf06-cc26xx.a(serial-line.o)
                              contiki-srf06-cc26xx.a(contiki-main.o) (serial_line_init)
contiki-srf06-cc26xx.a(list.o)
                              contiki-srf06-cc26xx.a(lpm.o) (list_init)
contiki-srf06-cc26xx.a(ringbuf.o)
                              contiki-srf06-cc26xx.a(serial-line.o) (ringbuf_init)
contiki-srf06-cc26xx.a(sicslowpan.o)
                              contiki-srf06-cc26xx.a(contiki-main.o) (sicslowpan_driver)
contiki-srf06-cc26xx.a(uip6.o)
                              contiki-srf06-cc26xx.a(sicslowpan.o) (uip_aligned_buf)
contiki-srf06-cc26xx.a(uip-ds6.o)
                              contiki-srf06-cc26xx.a(uip6.o) (uip_ds6_if)
contiki-srf06-cc26xx.a(uip-ds6-nbr.o)
                              contiki-srf06-cc26xx.a(sicslowpan.o) (uip_ds6_link_neighbor_callback)
contiki-srf06-cc26xx.a(uip-ds6-route.o)
[...]
Memory Configuration

Name             Origin             Length             Attributes
FLASH            0x00000000         0x0001ffa8         xr
FLASH_CCFG       0x0001ffa8         0x00000058         xr
SRAM             0x20000000         0x00005000         xrw
GPRAM            0x11000000         0x00002000         xrw
*default*        0x00000000         0xffffffff

Linker script and memory map

LOAD obj_srf06-cc26xx/fault-handlers.o
LOAD obj_srf06-cc26xx/ccfg.o
LOAD obj_srf06-cc26xx/startup_gcc.o
LOAD hello-world.co
LOAD contiki-srf06-cc26xx.a
LOAD /home/user/CodeSourcery/Sourcery_G++_Lite/bin/../lib/gcc/arm-none-eabi/4.3.2/../../../../arm-none-eabi/lib/thumb2/libm.a
START GROUP
LOAD /home/user/CodeSourcery/Sourcery_G++_Lite/bin/../lib/gcc/arm-none-eabi/4.3.2/thumb2/libgcc.a
LOAD /home/user/CodeSourcery/Sourcery_G++_Lite/bin/../lib/gcc/arm-none-eabi/4.3.2/../../../../arm-none-eabi/lib/thumb2/libc.a
END GROUP
                0x20005000                _estack = 0x20005000
                0x00000000                _Min_Heap_Size = 0x0
                0x00000100                _Min_Stack_Size = 0x100

.text           0x00000000     0xff11
                0x00000000                _text = .
 *(SORT(.vectors))
 .vectors       0x00000000       0xc8 obj_srf06-cc26xx/startup_gcc.o
                0x00000000                g_pfnVectors
 *(SORT(.text*))
 .text.FaultISR
                0x000000c8       0x1c obj_srf06-cc26xx/fault-handlers.o
                0x000000c8                FaultISR
 .text.NmiSRHandler
                0x000000e4        0x4 obj_srf06-cc26xx/startup_gcc.o
                0x000000e4                NmiSR
 .text.IntDefaultHandler
                0x000000e8        0x4 obj_srf06-cc26xx/startup_gcc.o
                0x000000e8                SSI0IntHandler
                0x000000e8                SWEvent0IntHandler
                0x000000e8                uDMAIntHandler
                0x000000e8                WatchdogIntHandler
                0x000000e8                RFCHardwareIntHandler
                0x000000e8                Timer1BIntHandler
                0x000000e8                I2SIntHandler
                0x000000e8                Timer2BIntHandler
                0x000000e8                Timer2AIntHandler
                0x000000e8                Timer1AIntHandler
                0x000000e8                AONIntHandler
                0x000000e8                AUXSWEvent0IntHandler
                0x000000e8                AUXADCIntHandler
                0x000000e8                PendSVIntHandler
                0x000000e8                AUXSWEvent1IntHandler
                0x000000e8                SVCallIntHandler
                0x000000e8                MPUFaultIntHandler
                0x000000e8                SysTickIntHandler
                0x000000e8                BusFaultIntHandler
                0x000000e8                AONProgIntHandler
                0x000000e8                AUXCompAIntHandler
                0x000000e8                SSI1IntHandler
                0x000000e8                FlashIntHandler
                0x000000e8                uDMAErrIntHandler
                0x000000e8                UsageFaultIntHandler
                0x000000e8                RFCCmdAckIntHandler
                0x000000e8                CryptoIntHandler
                0x000000e8                Timer0AIntHandler
                0x000000e8                I2CIntHandler
                0x000000e8                DebugMonIntHandler
                0x000000e8                Timer0BIntHandler
                0x000000e8                AUXCombEventIntHandler
                0x000000e8                Timer3AIntHandler
                0x000000e8                DynProgIntHandler
                0x000000e8                Timer3BIntHandler
 .text.ResetISR
                0x000000ec       0x54 obj_srf06-cc26xx/startup_gcc.o
                0x000000ec                ResetISR
 .text.process_thread_hello_world_process
                0x00000140       0x88 hello-world.co
 .text.fade     0x000001c8       0x64 contiki-srf06-cc26xx.a(contiki-main.o)
 .text.main     0x0000022c      0x29c contiki-srf06-cc26xx.a(contiki-main.o)
                0x0000022c                main
 .text.process_thread_sensors_process
                0x000004c8      0x13c contiki-srf06-cc26xx.a(sensors.o)
 .text.sensors_changed
                0x00000604       0x58 contiki-srf06-cc26xx.a(sensors.o)
                0x00000604                sensors_changed
 .text.leds_off
                0x0000065c       0x18 contiki-srf06-cc26xx.a(leds.o)
                0x0000065c                leds_off
 .text.leds_on  0x00000674       0x18 contiki-srf06-cc26xx.a(leds.o)
                0x00000674                leds_on
 .text.leds_init
                0x0000068c       0x14 contiki-srf06-cc26xx.a(leds.o)
                0x0000068c                leds_init
 .text.wakeup_handler
                0x000006a0       0x20 contiki-srf06-cc26xx.a(board.o)
 .text.board_init
                0x000006c0       0x98 contiki-srf06-cc26xx.a(board.o)
                0x000006c0                board_init
 .text.leds_arch_init
                0x00000758       0x38 contiki-srf06-cc26xx.a(leds-arch.o)
                0x00000758                leds_arch_init
 .text.leds_arch_set
                0x00000790       0x3c contiki-srf06-cc26xx.a(leds-arch.o)
                0x00000790                leds_arch_set
 .text.value_left
                0x000007cc       0x2c contiki-srf06-cc26xx.a(button-sensor.o)
 .text.value_right
                0x000007f8       0x2c contiki-srf06-cc26xx.a(button-sensor.o)
 .text.status_left
                0x00000824       0x24 contiki-srf06-cc26xx.a(button-sensor.o)
 .text.status_right
                0x00000848       0x24 contiki-srf06-cc26xx.a(button-sensor.o)
 .text.config_buttons
                0x0000086c       0x9c contiki-srf06-cc26xx.a(button-sensor.o)
 .text.config_right
                0x00000908        0xc contiki-srf06-cc26xx.a(button-sensor.o)
 .text.config_left
                0x00000914        0xc contiki-srf06-cc26xx.a(button-sensor.o)
 .text.button_press_handler
                0x00000920       0x68 contiki-srf06-cc26xx.a(button-sensor.o)
 .text.wait_ready
                0x00000988       0x70 contiki-srf06-cc26xx.a(ext-flash.o)
 .text.verify_part
                0x000009f8       0xa8 contiki-srf06-cc26xx.a(ext-flash.o)
 .text.ext_flash_close
                0x00000aa0       0x60 contiki-srf06-cc26xx.a(ext-flash.o)
                0x00000aa0                ext_flash_close
 .text.ext_flash_open
                0x00000b00       0x70 contiki-srf06-cc26xx.a(ext-flash.o)
                0x00000b00                ext_flash_open
 .text.ext_flash_init
                0x00000b70        0xc contiki-srf06-cc26xx.a(ext-flash.o)
                0x00000b70                ext_flash_init
 .text.accessible
                0x00000b7c       0x2c contiki-srf06-cc26xx.a(board-spi.o)
 .text.board_spi_write
                0x00000ba8       0x48 contiki-srf06-cc26xx.a(board-spi.o)
                0x00000ba8                board_spi_write
 .text.board_spi_read
                0x00000bf0       0x54 contiki-srf06-cc26xx.a(board-spi.o)
                0x00000bf0                board_spi_read
 .text.board_spi_flush
                0x00000c44       0x28 contiki-srf06-cc26xx.a(board-spi.o)
                0x00000c44                board_spi_flush
 .text.board_spi_open
                0x00000c6c       0xdc contiki-srf06-cc26xx.a(board-spi.o)
                0x00000c6c                board_spi_open
 .text.board_spi_close
                0x00000d48       0x78 contiki-srf06-cc26xx.a(board-spi.o)
                0x00000d48                board_spi_close
 .text.get_channel
                0x00000dc0       0x50 contiki-srf06-cc26xx.a(prop-mode.o)
 .text.set_channel
                0x00000e10       0x54 contiki-srf06-cc26xx.a(prop-mode.o)
 .text.get_object
                0x00000e64        0x4 contiki-srf06-cc26xx.a(prop-mode.o)
 .text.set_object
                0x00000e68        0x4 contiki-srf06-cc26xx.a(prop-mode.o)
 .text.rf_is_on
                0x00000e6c       0x1c contiki-srf06-cc26xx.a(prop-mode.o)
 .text.request  0x00000e88       0x10 contiki-srf06-cc26xx.a(prop-mode.o)
 .text.soft_off_prop
                0x00000e98       0x3c contiki-srf06-cc26xx.a(prop-mode.o)
 .text.rx_off_prop
                0x00000ed4       0x44 contiki-srf06-cc26xx.a(prop-mode.o)
 .text.prop_div_radio_setup
                0x00000f18       0x50 contiki-srf06-cc26xx.a(prop-mode.o)
 .text.prop_fs  0x00000f68       0x34 contiki-srf06-cc26xx.a(prop-mode.o)
 .text.rx_on_prop
                0x00000f9c       0x64 contiki-srf06-cc26xx.a(prop-mode.o)
 .text.soft_on_prop
                0x00001000       0x20 contiki-srf06-cc26xx.a(prop-mode.o)
 .text.off      0x00001020       0x28 contiki-srf06-cc26xx.a(prop-mode.o)
 .text.on       0x00001048      0x274 contiki-srf06-cc26xx.a(prop-mode.o)
 .text.set_value
                0x000012bc      0x128 contiki-srf06-cc26xx.a(prop-mode.o)
 .text.get_value
                0x000013e4      0x14c contiki-srf06-cc26xx.a(prop-mode.o)
 .text.channel_clear
                0x00001530       0x94 contiki-srf06-cc26xx.a(prop-mode.o)
 .text.receiving_packet
                0x000015c4       0x18 contiki-srf06-cc26xx.a(prop-mode.o)
 .text.prepare  0x000015dc       0x1c contiki-srf06-cc26xx.a(prop-mode.o)
 .text.pending_packet
                0x000015f8       0x38 contiki-srf06-cc26xx.a(prop-mode.o)
 .text.read_frame
                0x00001630       0x54 contiki-srf06-cc26xx.a(prop-mode.o)
 .text.transmit
                0x00001684       0xa0 contiki-srf06-cc26xx.a(prop-mode.o)
 .text.send     0x00001724       0x24 contiki-srf06-cc26xx.a(prop-mode.o)
 .text.init     0x00001748       0x8c contiki-srf06-cc26xx.a(prop-mode.o)
 .text.power_domain_on
                0x000017d4       0x20 contiki-srf06-cc26xx.a(clock.o)
 .text.clock_init
                0x000017f4       0xb8 contiki-srf06-cc26xx.a(clock.o)
                0x000017f4                clock_init
 .text.clock_time
                0x000018ac       0x40 contiki-srf06-cc26xx.a(clock.o)
                0x000018ac                clock_time
 .text.clock_seconds
                0x000018ec       0x1c contiki-srf06-cc26xx.a(clock.o)
                0x000018ec                clock_seconds
 .text.clock_update
                0x00001908       0x44 contiki-srf06-cc26xx.a(clock.o)
                0x00001908                clock_update
 .text.rtimer_arch_init
                0x0000194c        0x4 contiki-srf06-cc26xx.a(rtimer-arch.o)
                0x0000194c                rtimer_arch_init
 .text.rtimer_arch_now
                0x00001950        0x8 contiki-srf06-cc26xx.a(rtimer-arch.o)
                0x00001950                rtimer_arch_now
 .text.rtimer_arch_schedule
                0x00001958        0xc contiki-srf06-cc26xx.a(rtimer-arch.o)
                0x00001958                rtimer_arch_schedule
 .text.soc_rtc_schedule_one_shot
                0x00001964       0x74 contiki-srf06-cc26xx.a(soc-rtc.o)
                0x00001964                soc_rtc_schedule_one_shot
 .text.soc_rtc_last_isr_time
                0x000019d8        0xc contiki-srf06-cc26xx.a(soc-rtc.o)
                0x000019d8                soc_rtc_last_isr_time
 .text.AONRTCIntHandler
                0x000019e4       0xac contiki-srf06-cc26xx.a(soc-rtc.o)
                0x000019e4                AONRTCIntHandler
 .text.soc_rtc_init
                0x00001a90       0xb0 contiki-srf06-cc26xx.a(soc-rtc.o)
                0x00001a90                soc_rtc_init
 .text.watchdog_init
                0x00001b40       0x20 contiki-srf06-cc26xx.a(contiki-watchdo)
                0x00001b40                watchdog_init
 .text.watchdog_periodic
                0x00001b60       0x20 contiki-srf06-cc26xx.a(contiki-watchdo)
                0x00001b60                watchdog_periodic
 .text.watchdog_start
                0x00001b80       0x74 contiki-srf06-cc26xx.a(contiki-watchdo)
                0x00001b80                watchdog_start
 .text.putchar  0x00001bf4       0x10 contiki-srf06-cc26xx.a(putchar.o)
                0x00001bf4                putchar
 .text.dbg_send_bytes
                0x00001c04       0x38 contiki-srf06-cc26xx.a(putchar.o)
                0x00001c04                dbg_send_bytes
 .text.puts     0x00001c3c       0x2c contiki-srf06-cc26xx.a(putchar.o)
                0x00001c3c                puts
 .text.ieee_addr_cpy_to
                0x00001c68       0x4c contiki-srf06-cc26xx.a(ieee-addr.o)
                0x00001c68                ieee_addr_cpy_to
 .text.power_and_clock
                0x00001cb4       0x50 contiki-srf06-cc26xx.a(cc26xx-uart.o)
 .text.accessible
                0x00001d04       0x2c contiki-srf06-cc26xx.a(cc26xx-uart.o)
 .text.enable   0x00001d30      0x10c contiki-srf06-cc26xx.a(cc26xx-uart.o)
 .text.cc26xx_uart_write_byte
                0x00001e3c       0x2c contiki-srf06-cc26xx.a(cc26xx-uart.o)
                0x00001e3c                cc26xx_uart_write_byte
 .text.cc26xx_uart_busy
                0x00001e68       0x1c contiki-srf06-cc26xx.a(cc26xx-uart.o)
                0x00001e68                cc26xx_uart_busy
 .text.UART0IntHandler
                0x00001e84       0x6c contiki-srf06-cc26xx.a(cc26xx-uart.o)
                0x00001e84                UART0IntHandler
 .text.lpm_drop_handler
                0x00001ef0       0xe0 contiki-srf06-cc26xx.a(cc26xx-uart.o)
 .text.cc26xx_uart_init
                0x00001fd0       0x2c contiki-srf06-cc26xx.a(cc26xx-uart.o)
                0x00001fd0                cc26xx_uart_init
 .text.lpm_sleep
                0x00001ffc       0x14 contiki-srf06-cc26xx.a(lpm.o)
                0x00001ffc                lpm_sleep
 .text.lpm_pin_set_default_state
                0x00002010       0x34 contiki-srf06-cc26xx.a(lpm.o)
                0x00002010                lpm_pin_set_default_state
 .text.lpm_init
                0x00002044       0x24 contiki-srf06-cc26xx.a(lpm.o)
                0x00002044                lpm_init
 .text.lpm_unregister_module
                0x00002068       0x14 contiki-srf06-cc26xx.a(lpm.o)
                0x00002068                lpm_unregister_module
 .text.lpm_register_module
                0x0000207c       0x14 contiki-srf06-cc26xx.a(lpm.o)
                0x0000207c                lpm_register_module
 .text.lpm_drop
                0x00002090      0x2c8 contiki-srf06-cc26xx.a(lpm.o)
                0x00002090                lpm_drop
 .text.lpm_shutdown
                0x00002358      0x1dc contiki-srf06-cc26xx.a(lpm.o)
                0x00002358                lpm_shutdown
 .text.gpio_interrupt_init
                0x00002534       0x28 contiki-srf06-cc26xx.a(gpio-interrupt.)
                0x00002534                gpio_interrupt_init
 .text.GPIOIntHandler
                0x0000255c       0x38 contiki-srf06-cc26xx.a(gpio-interrupt.)
                0x0000255c                GPIOIntHandler
 .text.gpio_interrupt_register_handler
                0x00002594       0x2c contiki-srf06-cc26xx.a(gpio-interrupt.)
                0x00002594                gpio_interrupt_register_handler
 .text.oscillators_request_hf_xosc
                0x000025c0       0x30 contiki-srf06-cc26xx.a(oscillators.o)
                0x000025c0                oscillators_request_hf_xosc
 .text.oscillators_select_lf_rcosc
                0x000025f0       0x3c contiki-srf06-cc26xx.a(oscillators.o)
                0x000025f0                oscillators_select_lf_rcosc
 .text.oscillators_select_lf_xosc
                0x0000262c       0x5c contiki-srf06-cc26xx.a(oscillators.o)
                0x0000262c                oscillators_select_lf_xosc
 .text.oscillators_switch_to_hf_rc
                0x00002688       0x3c contiki-srf06-cc26xx.a(oscillators.o)
                0x00002688                oscillators_switch_to_hf_rc
 .text.oscillators_switch_to_hf_xosc
                0x000026c4       0x38 contiki-srf06-cc26xx.a(oscillators.o)
                0x000026c4                oscillators_switch_to_hf_xosc
 .text.rf_core_is_accessible
                0x000026fc       0x10 contiki-srf06-cc26xx.a(rf-core.o)
                0x000026fc                rf_core_is_accessible
 .text.rf_core_wait_cmd_done
                0x0000270c       0x34 contiki-srf06-cc26xx.a(rf-core.o)
                0x0000270c                rf_core_wait_cmd_done
 .text.rf_core_cmd_done_en
                0x00002740       0x30 contiki-srf06-cc26xx.a(rf-core.o)
                0x00002740                rf_core_cmd_done_en
 .text.rf_core_cmd_done_dis
                0x00002770       0x1c contiki-srf06-cc26xx.a(rf-core.o)
                0x00002770                rf_core_cmd_done_dis
 .text.rf_core_get_last_radio_op
                0x0000278c        0xc contiki-srf06-cc26xx.a(rf-core.o)
                0x0000278c                rf_core_get_last_radio_op
 .text.rf_core_primary_mode_register
                0x00002798        0xc contiki-srf06-cc26xx.a(rf-core.o)
                0x00002798                rf_core_primary_mode_register
 .text.process_thread_rf_core_process
                0x000027a4       0x7c contiki-srf06-cc26xx.a(rf-core.o)
 .text.rf_core_setup_interrupts
                0x00002820       0x80 contiki-srf06-cc26xx.a(rf-core.o)
                0x00002820                rf_core_setup_interrupts
 .text.rf_core_send_cmd
                0x000028a0       0xc4 contiki-srf06-cc26xx.a(rf-core.o)
                0x000028a0                rf_core_send_cmd
 .text.rf_core_power_up
                0x00002964       0xf0 contiki-srf06-cc26xx.a(rf-core.o)
                0x00002964                rf_core_power_up
 .text.RFCCPE1IntHandler
                0x00002a54       0x2c contiki-srf06-cc26xx.a(rf-core.o)
                0x00002a54                RFCCPE1IntHandler
 .text.RFCCPE0IntHandler
                0x00002a80       0x88 contiki-srf06-cc26xx.a(rf-core.o)
                0x00002a80                RFCCPE0IntHandler
 .text.rf_core_stop_rat
                0x00002b08       0x80 contiki-srf06-cc26xx.a(rf-core.o)
                0x00002b08                rf_core_stop_rat
 .text.rf_core_power_down
                0x00002b88      0x104 contiki-srf06-cc26xx.a(rf-core.o)
                0x00002b88                rf_core_power_down
 .text.rf_core_start_rat
                0x00002c8c       0x68 contiki-srf06-cc26xx.a(rf-core.o)
                0x00002c8c                rf_core_start_rat
 .text.rf_core_set_modesel
                0x00002cf4       0x58 contiki-srf06-cc26xx.a(rf-core.o)
                0x00002cf4                rf_core_set_modesel
 .text.rf_ble_is_active
                0x00002d4c        0xc contiki-srf06-cc26xx.a(rf-ble.o)
                0x00002d4c                rf_ble_is_active
 .text.random_init
                0x00002d58        0x8 contiki-srf06-cc26xx.a(random.o)
                0x00002d58                random_init
 .text.random_rand
                0x00002d60        0xc contiki-srf06-cc26xx.a(random.o)
                0x00002d60                random_rand
 .text.power_up
                0x00002d6c       0x50 contiki-srf06-cc26xx.a(soc-trng.o)
 .text.request  0x00002dbc       0x14 contiki-srf06-cc26xx.a(soc-trng.o)
 .text.process_thread_soc_trng_process
                0x00002dd0       0xb4 contiki-srf06-cc26xx.a(soc-trng.o)
 .text.soc_trng_init
                0x00002e84       0x28 contiki-srf06-cc26xx.a(soc-trng.o)
                0x00002e84                soc_trng_init
 .text.TRNGIntHandler
                0x00002eac       0x58 contiki-srf06-cc26xx.a(soc-trng.o)
                0x00002eac                TRNGIntHandler
 .text.soc_trng_rand_synchronous
                0x00002f04      0x114 contiki-srf06-cc26xx.a(soc-trng.o)
                0x00002f04                soc_trng_rand_synchronous
 .text.printf   0x00003018       0x24 contiki-srf06-cc26xx.a(dbg-printf.o)
                0x00003018                printf
 .text.write_str
                0x0000303c       0x10 contiki-srf06-cc26xx.a(dbg-printf.o)
 .text.fill_space
                0x0000304c       0x48 contiki-srf06-cc26xx.a(strformat.o)
 .text.format_str_v
                0x00003094      0x9ec contiki-srf06-cc26xx.a(strformat.o)
                0x00003094                format_str_v
 .text.autostart_start
                0x00003a80       0x1c contiki-srf06-cc26xx.a(autostart.o)
                0x00003a80                autostart_start
 .text.process_thread_ctimer_process
                0x00003a9c       0xa0 contiki-srf06-cc26xx.a(ctimer.o)
 .text.ctimer_stop
                0x00003b3c       0x2c contiki-srf06-cc26xx.a(ctimer.o)
                0x00003b3c                ctimer_stop
 .text.ctimer_restart
                0x00003b68       0x3c contiki-srf06-cc26xx.a(ctimer.o)
                0x00003b68                ctimer_restart
 .text.ctimer_set_with_process
                0x00003ba4       0x4c contiki-srf06-cc26xx.a(ctimer.o)
                0x00003ba4                ctimer_set_with_process
 .text.ctimer_set
                0x00003bf0       0x18 contiki-srf06-cc26xx.a(ctimer.o)
                0x00003bf0                ctimer_set
 .text.ctimer_reset
                0x00003c08       0x3c contiki-srf06-cc26xx.a(ctimer.o)
                0x00003c08                ctimer_reset
 .text.ctimer_init
                0x00003c44       0x2c contiki-srf06-cc26xx.a(ctimer.o)
                0x00003c44                ctimer_init
 .text.energest_init
                0x00003c70        0x4 contiki-srf06-cc26xx.a(energest.o)
                0x00003c70                energest_init
 .text.etimer_expired
                0x00003c74        0xc contiki-srf06-cc26xx.a(etimer.o)
                0x00003c74                etimer_expired
 .text.etimer_expiration_time
                0x00003c80        0x8 contiki-srf06-cc26xx.a(etimer.o)
                0x00003c80                etimer_expiration_time
 .text.etimer_pending
                0x00003c88       0x14 contiki-srf06-cc26xx.a(etimer.o)
                0x00003c88                etimer_pending
 .text.etimer_next_expiration_time
                0x00003c9c       0x18 contiki-srf06-cc26xx.a(etimer.o)
                0x00003c9c                etimer_next_expiration_time
 .text.update_time
                0x00003cb4       0x54 contiki-srf06-cc26xx.a(etimer.o)
 .text.etimer_stop
                0x00003d08       0x3c contiki-srf06-cc26xx.a(etimer.o)
                0x00003d08                etimer_stop
 .text.etimer_request_poll
                0x00003d44       0x10 contiki-srf06-cc26xx.a(etimer.o)
                0x00003d44                etimer_request_poll
 .text.process_thread_etimer_process
                0x00003d54       0xd4 contiki-srf06-cc26xx.a(etimer.o)
 .text.add_timer
                0x00003e28       0x5c contiki-srf06-cc26xx.a(etimer.o)
 .text.etimer_restart
                0x00003e84       0x10 contiki-srf06-cc26xx.a(etimer.o)
                0x00003e84                etimer_restart
 .text.etimer_reset
                0x00003e94       0x10 contiki-srf06-cc26xx.a(etimer.o)
                0x00003e94                etimer_reset
 .text.etimer_set
                0x00003ea4       0x10 contiki-srf06-cc26xx.a(etimer.o)
                0x00003ea4                etimer_set
 .text.process_alloc_event
                0x00003eb4       0x10 contiki-srf06-cc26xx.a(process.o)
                0x00003eb4                process_alloc_event
 .text.call_process
                0x00003ec4       0x4c contiki-srf06-cc26xx.a(process.o)
 .text.exit_process
                0x00003f10       0xc0 contiki-srf06-cc26xx.a(process.o)
 .text.process_init
                0x00003fd0       0x3c contiki-srf06-cc26xx.a(process.o)
                0x00003fd0                process_init
 .text.process_run
                0x0000400c      0x10c contiki-srf06-cc26xx.a(process.o)
                0x0000400c                process_run
 .text.process_nevents
                0x00004118       0x18 contiki-srf06-cc26xx.a(process.o)
                0x00004118                process_nevents
 .text.process_post
                0x00004130       0x50 contiki-srf06-cc26xx.a(process.o)
                0x00004130                process_post
 .text.process_post_synch
                0x00004180       0x14 contiki-srf06-cc26xx.a(process.o)
                0x00004180                process_post_synch
 .text.process_start
                0x00004194       0x58 contiki-srf06-cc26xx.a(process.o)
                0x00004194                process_start
 .text.process_poll
                0x000041ec       0x1c contiki-srf06-cc26xx.a(process.o)
                0x000041ec                process_poll
 .text.rtimer_run_next
                0x00004208       0x24 contiki-srf06-cc26xx.a(rtimer.o)
                0x00004208                rtimer_run_next
 .text.rtimer_set
                0x0000422c       0x30 contiki-srf06-cc26xx.a(rtimer.o)
                0x0000422c                rtimer_set
 .text.rtimer_init
                0x0000425c        0x8 contiki-srf06-cc26xx.a(rtimer.o)
                0x0000425c                rtimer_init
 .text.timer_reset
                0x00004264        0xc contiki-srf06-cc26xx.a(timer.o)
                0x00004264                timer_reset
 .text.timer_expired
                0x00004270       0x1c contiki-srf06-cc26xx.a(timer.o)
                0x00004270                timer_expired
 .text.timer_restart
                0x0000428c        0xc contiki-srf06-cc26xx.a(timer.o)
                0x0000428c                timer_restart
 .text.timer_set
                0x00004298       0x10 contiki-srf06-cc26xx.a(timer.o)
                0x00004298                timer_set
 .text.process_thread_serial_line_process
                0x000042a8       0xe4 contiki-srf06-cc26xx.a(serial-line.o)
 .text.serial_line_init
                0x0000438c       0x28 contiki-srf06-cc26xx.a(serial-line.o)
                0x0000438c                serial_line_init
 .text.list_init
                0x000043b4        0x8 contiki-srf06-cc26xx.a(list.o)
                0x000043b4                list_init
 .text.list_head
                0x000043bc        0x4 contiki-srf06-cc26xx.a(list.o)
                0x000043bc                list_head
 .text.list_add
                0x000043c0       0x50 contiki-srf06-cc26xx.a(list.o)
                0x000043c0                list_add
 .text.list_push
                0x00004410       0x40 contiki-srf06-cc26xx.a(list.o)
                0x00004410                list_push
 .text.list_remove
                0x00004450       0x2c contiki-srf06-cc26xx.a(list.o)
                0x00004450                list_remove
 .text.list_length
                0x0000447c       0x18 contiki-srf06-cc26xx.a(list.o)
                0x0000447c                list_length
 .text.list_item_next
                0x00004494        0x8 contiki-srf06-cc26xx.a(list.o)
                0x00004494                list_item_next
 .text.ringbuf_init
                0x0000449c       0x10 contiki-srf06-cc26xx.a(ringbuf.o)
                0x0000449c                ringbuf_init
 .text.ringbuf_get
                0x000044ac       0x28 contiki-srf06-cc26xx.a(ringbuf.o)
                0x000044ac                ringbuf_get
 .text.compress_addr_64
                0x000044d4       0xac contiki-srf06-cc26xx.a(sicslowpan.o)
 .text.store_fragment
                0x00004580       0x70 contiki-srf06-cc26xx.a(sicslowpan.o)
 .text.add_fragment
                0x000045f0      0x1f4 contiki-srf06-cc26xx.a(sicslowpan.o)
 .text.uncompress_addr
                0x000047e4       0xa8 contiki-srf06-cc26xx.a(sicslowpan.o)
 .text.set_packet_attrs
                0x0000488c       0x48 contiki-srf06-cc26xx.a(sicslowpan.o)
 .text.input    0x000048d4      0x708 contiki-srf06-cc26xx.a(sicslowpan.o)
 .text.sicslowpan_init
                0x00004fdc       0x28 contiki-srf06-cc26xx.a(sicslowpan.o)
                0x00004fdc                sicslowpan_init
 .text.addr_context_lookup_by_prefix
                0x00005004       0x28 contiki-srf06-cc26xx.a(sicslowpan.o)
 .text.send_packet
                0x0000502c       0x28 contiki-srf06-cc26xx.a(sicslowpan.o)
 .text.output   0x00005054      0x830 contiki-srf06-cc26xx.a(sicslowpan.o)
 .text.packet_sent
                0x00005884       0x2c contiki-srf06-cc26xx.a(sicslowpan.o)
 .text.uip_add32
                0x000058b0       0x6c contiki-srf06-cc26xx.a(uip6.o)
                0x000058b0                uip_add32
 .text.upper_layer_chksum
                0x0000591c       0xe0 contiki-srf06-cc26xx.a(uip6.o)
 .text.uip_icmp6chksum
                0x000059fc        0xc contiki-srf06-cc26xx.a(uip6.o)
                0x000059fc                uip_icmp6chksum
 .text.uip_tcpchksum
                0x00005a08        0xc contiki-srf06-cc26xx.a(uip6.o)
                0x00005a08                uip_tcpchksum
 .text.uip_udpchksum
                0x00005a14        0xc contiki-srf06-cc26xx.a(uip6.o)
                0x00005a14                uip_udpchksum
 .text.uip_unlisten
                0x00005a20       0x30 contiki-srf06-cc26xx.a(uip6.o)
                0x00005a20                uip_unlisten
 .text.uip_add_rcv_nxt
                0x00005a50       0x38 contiki-srf06-cc26xx.a(uip6.o)
 .text.uip_htonl
                0x00005a88       0x18 contiki-srf06-cc26xx.a(uip6.o)
                0x00005a88                uip_htonl
 .text.ext_hdr_options_process
                0x00005aa0       0xc4 contiki-srf06-cc26xx.a(uip6.o)
 .text.remove_ext_hdr
                0x00005b64       0x60 contiki-srf06-cc26xx.a(uip6.o)
                0x00005b64                remove_ext_hdr
 .text.uip_process
                0x00005bc4     0x121c contiki-srf06-cc26xx.a(uip6.o)
                0x00005bc4                uip_process
 .text.uip_init
                0x00006de0       0x64 contiki-srf06-cc26xx.a(uip6.o)
                0x00006de0                uip_init
 .text.uip_ds6_get_link_local
                0x00006e44       0x50 contiki-srf06-cc26xx.a(uip-ds6.o)
                0x00006e44                uip_ds6_get_link_local
 .text.uip_ds6_select_src
                0x00006e94       0xe4 contiki-srf06-cc26xx.a(uip-ds6.o)
                0x00006e94                uip_ds6_select_src
 .text.uip_ds6_compute_reachable_time
                0x00006f78       0x2c contiki-srf06-cc26xx.a(uip-ds6.o)
                0x00006f78                uip_ds6_compute_reachable_time
 .text.uip_ds6_set_addr_iid
                0x00006fa4       0x18 contiki-srf06-cc26xx.a(uip-ds6.o)
                0x00006fa4                uip_ds6_set_addr_iid
 .text.uip_ds6_is_addr_onlink
                0x00006fbc       0x4c contiki-srf06-cc26xx.a(uip-ds6.o)
                0x00006fbc                uip_ds6_is_addr_onlink
 .text.uip_ds6_list_loop
                0x00007008       0x60 contiki-srf06-cc26xx.a(uip-ds6.o)
                0x00007008                uip_ds6_list_loop
 .text.uip_ds6_maddr_lookup
                0x00007068       0x30 contiki-srf06-cc26xx.a(uip-ds6.o)
                0x00007068                uip_ds6_maddr_lookup
 .text.uip_ds6_addr_rm
                0x00007098       0x4c contiki-srf06-cc26xx.a(uip-ds6.o)
                0x00007098                uip_ds6_addr_rm
 .text.uip_ds6_maddr_add
                0x000070e4       0x44 contiki-srf06-cc26xx.a(uip-ds6.o)
                0x000070e4                uip_ds6_maddr_add
 .text.uip_ds6_addr_lookup
                0x00007128       0x30 contiki-srf06-cc26xx.a(uip-ds6.o)
                0x00007128                uip_ds6_addr_lookup
 .text.uip_ds6_addr_add
                0x00007158       0xa0 contiki-srf06-cc26xx.a(uip-ds6.o)
                0x00007158                uip_ds6_addr_add
 .text.uip_ds6_prefix_add
                0x000071f8       0x68 contiki-srf06-cc26xx.a(uip-ds6.o)
                0x000071f8                uip_ds6_prefix_add
 .text.uip_ds6_periodic
                0x00007260       0x60 contiki-srf06-cc26xx.a(uip-ds6.o)
                0x00007260                uip_ds6_periodic
 .text.uip_ds6_init
                0x000072c0      0x104 contiki-srf06-cc26xx.a(uip-ds6.o)
                0x000072c0                uip_ds6_init
 .text.uip_ds6_link_neighbor_callback
                0x000073c4       0x34 contiki-srf06-cc26xx.a(uip-ds6-nbr.o)
                0x000073c4                uip_ds6_link_neighbor_callback
 .text.uip_ds6_nbr_ipaddr_from_lladdr
                0x000073f8       0x14 contiki-srf06-cc26xx.a(uip-ds6-nbr.o)
                0x000073f8                uip_ds6_nbr_ipaddr_from_lladdr
 .text.uip_ds6_nbr_lookup
                0x0000740c       0x38 contiki-srf06-cc26xx.a(uip-ds6-nbr.o)
                0x0000740c                uip_ds6_nbr_lookup
 .text.uip_ds6_nbr_get_ll
                0x00007444       0x14 contiki-srf06-cc26xx.a(uip-ds6-nbr.o)
                0x00007444                uip_ds6_nbr_get_ll
 .text.uip_ds6_nbr_lladdr_from_ipaddr
                0x00007458       0x1c contiki-srf06-cc26xx.a(uip-ds6-nbr.o)
                0x00007458                uip_ds6_nbr_lladdr_from_ipaddr
 .text.uip_ds6_nbr_rm
                0x00007474       0x1c contiki-srf06-cc26xx.a(uip-ds6-nbr.o)
                0x00007474                uip_ds6_nbr_rm
 .text.uip_ds6_nbr_add
                0x00007490       0x34 contiki-srf06-cc26xx.a(uip-ds6-nbr.o)
                0x00007490                uip_ds6_nbr_add
 .text.uip_ds6_neighbors_init
                0x000074c4       0x20 contiki-srf06-cc26xx.a(uip-ds6-nbr.o)
                0x000074c4                uip_ds6_neighbors_init
 .text.uip_ds6_route_head
                0x000074e4       0x10 contiki-srf06-cc26xx.a(uip-ds6-route.o)
                0x000074e4                uip_ds6_route_head
 .text.uip_ds6_route_next
                0x000074f4        0xc contiki-srf06-cc26xx.a(uip-ds6-route.o)
                0x000074f4                uip_ds6_route_next
 .text.uip_ds6_defrt_choose
                0x00007500       0x34 contiki-srf06-cc26xx.a(uip-ds6-route.o)
                0x00007500                uip_ds6_defrt_choose
 .text.uip_ds6_defrt_lookup
                0x00007534       0x34 contiki-srf06-cc26xx.a(uip-ds6-route.o)
                0x00007534                uip_ds6_defrt_lookup
 .text.call_route_callback
                0x00007568       0x54 contiki-srf06-cc26xx.a(uip-ds6-route.o)
 .text.uip_ds6_defrt_rm
                0x000075bc       0x54 contiki-srf06-cc26xx.a(uip-ds6-route.o)
                0x000075bc                uip_ds6_defrt_rm
 .text.uip_ds6_defrt_periodic
                0x00007610       0x48 contiki-srf06-cc26xx.a(uip-ds6-route.o)
                0x00007610                uip_ds6_defrt_periodic
 .text.uip_ds6_route_lookup
                0x00007658       0x90 contiki-srf06-cc26xx.a(uip-ds6-route.o)
                0x00007658                uip_ds6_route_lookup
 .text.uip_ds6_defrt_add
                0x000076e8       0x60 contiki-srf06-cc26xx.a(uip-ds6-route.o)
                0x000076e8                uip_ds6_defrt_add
 .text.uip_ds6_route_is_nexthop
                0x00007748       0x20 contiki-srf06-cc26xx.a(uip-ds6-route.o)
                0x00007748                uip_ds6_route_is_nexthop
 .text.uip_ds6_route_nexthop
                0x00007768       0x1c contiki-srf06-cc26xx.a(uip-ds6-route.o)
                0x00007768                uip_ds6_route_nexthop
 .text.uip_ds6_route_rm
                0x00007784       0xb4 contiki-srf06-cc26xx.a(uip-ds6-route.o)
                0x00007784                uip_ds6_route_rm
 .text.rm_routelist
                0x00007838       0x30 contiki-srf06-cc26xx.a(uip-ds6-route.o)
 .text.rm_routelist_callback
                0x00007868        0x8 contiki-srf06-cc26xx.a(uip-ds6-route.o)
 .text.uip_ds6_route_add
                0x00007870      0x10c contiki-srf06-cc26xx.a(uip-ds6-route.o)
                0x00007870                uip_ds6_route_add
 .text.uip_ds6_route_init
                0x0000797c       0x58 contiki-srf06-cc26xx.a(uip-ds6-route.o)
                0x0000797c                uip_ds6_route_init
 .text.echo_reply_input
                0x000079d4       0xb4 contiki-srf06-cc26xx.a(uip-icmp6.o)
 .text.uip_icmp6_input
                0x00007a88       0x44 contiki-srf06-cc26xx.a(uip-icmp6.o)
                0x00007a88                uip_icmp6_input
 .text.echo_request_input
                0x00007acc       0xc4 contiki-srf06-cc26xx.a(uip-icmp6.o)
 .text.uip_icmp6_register_input_handler
                0x00007b90       0x14 contiki-srf06-cc26xx.a(uip-icmp6.o)
                0x00007b90                uip_icmp6_register_input_handler
 .text.uip_icmp6_init
                0x00007ba4       0x28 contiki-srf06-cc26xx.a(uip-icmp6.o)
                0x00007ba4                uip_icmp6_init
 .text.uip_icmp6_send
                0x00007bcc       0x88 contiki-srf06-cc26xx.a(uip-icmp6.o)
                0x00007bcc                uip_icmp6_send
 .text.uip_icmp6_error_output
                0x00007c54      0x1b0 contiki-srf06-cc26xx.a(uip-icmp6.o)
                0x00007c54                uip_icmp6_error_output
 .text.uip_nd6_init
                0x00007e04       0x10 contiki-srf06-cc26xx.a(uip-nd6.o)
                0x00007e04                uip_nd6_init
 .text.ns_input
                0x00007e14      0x31c contiki-srf06-cc26xx.a(uip-nd6.o)
 .text.tcpip_output
                0x00008130       0x18 contiki-srf06-cc26xx.a(tcpip.o)
                0x00008130                tcpip_output
 .text.tcpip_set_outputfunc
                0x00008148        0xc contiki-srf06-cc26xx.a(tcpip.o)
                0x00008148                tcpip_set_outputfunc
 .text.start_periodic_tcp_timer
                0x00008154       0x20 contiki-srf06-cc26xx.a(tcpip.o)
 .text.tcpip_uipcall
                0x00008174       0x78 contiki-srf06-cc26xx.a(tcpip.o)
                0x00008174                tcpip_uipcall
 .text.tcpip_input
                0x000081ec       0x2c contiki-srf06-cc26xx.a(tcpip.o)
                0x000081ec                tcpip_input
 .text.tcpip_icmp6_call
                0x00008218       0x2c contiki-srf06-cc26xx.a(tcpip.o)
                0x00008218                tcpip_icmp6_call
 .text.tcpip_ipv6_output
                0x00008244       0xc4 contiki-srf06-cc26xx.a(tcpip.o)
                0x00008244                tcpip_ipv6_output
 .text.process_thread_tcpip_process
                0x00008308      0x208 contiki-srf06-cc26xx.a(tcpip.o)
 .text.uip_debug_ipaddr_print
                0x00008510       0xbc contiki-srf06-cc26xx.a(uip-debug.o)
                0x00008510                uip_debug_ipaddr_print
 .text.rpl_get_mode
                0x000085cc        0xc contiki-srf06-cc26xx.a(rpl.o)
                0x000085cc                rpl_get_mode
 .text.rpl_init
                0x000085d8       0x50 contiki-srf06-cc26xx.a(rpl.o)
                0x000085d8                rpl_init
 .text.rpl_purge_dags
                0x00008628       0x6c contiki-srf06-cc26xx.a(rpl.o)
                0x00008628                rpl_purge_dags
 .text.rpl_ipv6_neighbor_callback
                0x00008694       0x40 contiki-srf06-cc26xx.a(rpl.o)
                0x00008694                rpl_ipv6_neighbor_callback
 .text.rpl_link_neighbor_callback
                0x000086d4       0x6c contiki-srf06-cc26xx.a(rpl.o)
                0x000086d4                rpl_link_neighbor_callback
 .text.rpl_add_route
                0x00008740       0x3c contiki-srf06-cc26xx.a(rpl.o)
                0x00008740                rpl_add_route
 .text.rpl_remove_routes_by_nexthop
                0x0000877c       0x34 contiki-srf06-cc26xx.a(rpl.o)
                0x0000877c                rpl_remove_routes_by_nexthop
 .text.rpl_remove_routes
                0x000087b0       0x34 contiki-srf06-cc26xx.a(rpl.o)
                0x000087b0                rpl_remove_routes
 .text.rpl_purge_routes
                0x000087e4       0x88 contiki-srf06-cc26xx.a(rpl.o)
                0x000087e4                rpl_purge_routes
 .text.rpl_rank_via_parent
                0x0000886c       0x20 contiki-srf06-cc26xx.a(rpl-dag.o)
                0x0000886c                rpl_rank_via_parent
 .text.rpl_get_any_dag
                0x0000888c       0x18 contiki-srf06-cc26xx.a(rpl-dag.o)
                0x0000888c                rpl_get_any_dag
 .text.rpl_get_instance
                0x000088a4       0x1c contiki-srf06-cc26xx.a(rpl-dag.o)
                0x000088a4                rpl_get_instance
 .text.rpl_repair_root
                0x000088c0       0x74 contiki-srf06-cc26xx.a(rpl-dag.o)
                0x000088c0                rpl_repair_root
 .text.rpl_get_dag
                0x00008934       0x5c contiki-srf06-cc26xx.a(rpl-dag.o)
                0x00008934                rpl_get_dag
 .text.find_parent_any_dag_any_instance
                0x00008990       0x1c contiki-srf06-cc26xx.a(rpl-dag.o)
 .text.rpl_find_parent_any_dag
                0x000089ac       0x20 contiki-srf06-cc26xx.a(rpl-dag.o)
                0x000089ac                rpl_find_parent_any_dag
 .text.rpl_find_parent
                0x000089cc       0x1c contiki-srf06-cc26xx.a(rpl-dag.o)
                0x000089cc                rpl_find_parent
 .text.rpl_get_parent
                0x000089e8       0x14 contiki-srf06-cc26xx.a(rpl-dag.o)
                0x000089e8                rpl_get_parent
 .text.rpl_set_preferred_parent
                0x000089fc       0x28 contiki-srf06-cc26xx.a(rpl-dag.o)
 .text.set_ip_from_prefix
                0x00008a24       0x40 contiki-srf06-cc26xx.a(rpl-dag.o)
 .text.check_prefix
                0x00008a64       0x70 contiki-srf06-cc26xx.a(rpl-dag.o)
 .text.rpl_set_prefix
                0x00008ad4       0xa4 contiki-srf06-cc26xx.a(rpl-dag.o)
                0x00008ad4                rpl_set_prefix
 .text.rpl_set_default_route
                0x00008b78       0x30 contiki-srf06-cc26xx.a(rpl-dag.o)
                0x00008b78                rpl_set_default_route
 .text.rpl_nullify_parent
                0x00008ba8       0x54 contiki-srf06-cc26xx.a(rpl-dag.o)
                0x00008ba8                rpl_nullify_parent
 .text.rpl_local_repair
                0x00008bfc       0x94 contiki-srf06-cc26xx.a(rpl-dag.o)
                0x00008bfc                rpl_local_repair
 .text.rpl_remove_parent
                0x00008c90       0x1c contiki-srf06-cc26xx.a(rpl-dag.o)
                0x00008c90                rpl_remove_parent
 .text.remove_parents
                0x00008cac       0x4c contiki-srf06-cc26xx.a(rpl-dag.o)
 .text.nbr_callback
                0x00008cf8        0x8 contiki-srf06-cc26xx.a(rpl-dag.o)
 .text.rpl_alloc_instance
                0x00008d00       0x48 contiki-srf06-cc26xx.a(rpl-dag.o)
                0x00008d00                rpl_alloc_instance
 .text.rpl_alloc_dag
                0x00008d48       0x64 contiki-srf06-cc26xx.a(rpl-dag.o)
                0x00008d48                rpl_alloc_dag
 .text.rpl_free_dag
                0x00008dac       0x40 contiki-srf06-cc26xx.a(rpl-dag.o)
                0x00008dac                rpl_free_dag
 .text.rpl_add_parent
                0x00008dec       0x34 contiki-srf06-cc26xx.a(rpl-dag.o)
                0x00008dec                rpl_add_parent
 .text.rpl_join_instance
                0x00008e20      0x150 contiki-srf06-cc26xx.a(rpl-dag.o)
                0x00008e20                rpl_join_instance
 .text.rpl_get_parent_link_stats
                0x00008f70       0x18 contiki-srf06-cc26xx.a(rpl-dag.o)
                0x00008f70                rpl_get_parent_link_stats
 .text.rpl_parent_is_fresh
                0x00008f88        0xc contiki-srf06-cc26xx.a(rpl-dag.o)
                0x00008f88                rpl_parent_is_fresh
 .text.best_parent
                0x00008f94       0x80 contiki-srf06-cc26xx.a(rpl-dag.o)
 .text.rpl_select_parent
                0x00009014       0x54 contiki-srf06-cc26xx.a(rpl-dag.o)
                0x00009014                rpl_select_parent
 .text.rpl_parent_is_reachable
                0x00009068       0x34 contiki-srf06-cc26xx.a(rpl-dag.o)
                0x00009068                rpl_parent_is_reachable
 .text.rpl_get_parent_ipaddr
                0x0000909c       0x18 contiki-srf06-cc26xx.a(rpl-dag.o)
                0x0000909c                rpl_get_parent_ipaddr
 .text.rpl_move_parent
                0x000090b4       0x58 contiki-srf06-cc26xx.a(rpl-dag.o)
                0x000090b4                rpl_move_parent
 .text.rpl_select_dag
                0x0000910c      0x190 contiki-srf06-cc26xx.a(rpl-dag.o)
                0x0000910c                rpl_select_dag
 .text.rpl_process_parent_event
                0x0000929c       0xa4 contiki-srf06-cc26xx.a(rpl-dag.o)
                0x0000929c                rpl_process_parent_event
 .text.rpl_recalculate_ranks
                0x00009340       0x54 contiki-srf06-cc26xx.a(rpl-dag.o)
                0x00009340                rpl_recalculate_ranks
 .text.rpl_add_dag
                0x00009394      0x128 contiki-srf06-cc26xx.a(rpl-dag.o)
                0x00009394                rpl_add_dag
 .text.rpl_process_dio
                0x000094bc      0x3d4 contiki-srf06-cc26xx.a(rpl-dag.o)
                0x000094bc                rpl_process_dio
 .text.rpl_dag_init
                0x00009890       0x1c contiki-srf06-cc26xx.a(rpl-dag.o)
                0x00009890                rpl_dag_init
 .text.rpl_remove_header
                0x000098ac       0x8c contiki-srf06-cc26xx.a(rpl-ext-header.)
                0x000098ac                rpl_remove_header
 .text.update_hbh_header
                0x00009938       0xe8 contiki-srf06-cc26xx.a(rpl-ext-header.)
 .text.insert_hbh_header
                0x00009a20       0xd0 contiki-srf06-cc26xx.a(rpl-ext-header.)
 .text.rpl_update_header
                0x00009af0       0x78 contiki-srf06-cc26xx.a(rpl-ext-header.)
                0x00009af0                rpl_update_header
 .text.rpl_verify_hbh_header
                0x00009b68      0x10c contiki-srf06-cc26xx.a(rpl-ext-header.)
                0x00009b68                rpl_verify_hbh_header
 .text.dao_ack_input
                0x00009c74       0x18 contiki-srf06-cc26xx.a(rpl-icmp6.o)
 .text.rpl_icmp6_register_handlers
                0x00009c8c       0x34 contiki-srf06-cc26xx.a(rpl-icmp6.o)
                0x00009c8c                rpl_icmp6_register_handlers
 .text.dio_output
                0x00009cc0      0x30c contiki-srf06-cc26xx.a(rpl-icmp6.o)
                0x00009cc0                dio_output
 .text.dis_output
                0x00009fcc       0x60 contiki-srf06-cc26xx.a(rpl-icmp6.o)
                0x00009fcc                dis_output
 .text.dio_input
                0x0000a02c      0x280 contiki-srf06-cc26xx.a(rpl-icmp6.o)
 .text.dao_output_target
                0x0000a2ac      0x100 contiki-srf06-cc26xx.a(rpl-icmp6.o)
                0x0000a2ac                dao_output_target
 .text.dao_output
                0x0000a3ac       0x9c contiki-srf06-cc26xx.a(rpl-icmp6.o)
                0x0000a3ac                dao_output
 .text.rpl_icmp6_update_nbr_table
                0x0000a448       0x34 contiki-srf06-cc26xx.a(rpl-icmp6.o)
                0x0000a448                rpl_icmp6_update_nbr_table
 .text.dao_input
                0x0000a47c      0x334 contiki-srf06-cc26xx.a(rpl-icmp6.o)
 .text.dis_input
                0x0000a7b0       0x68 contiki-srf06-cc26xx.a(rpl-icmp6.o)
 .text.reset    0x0000a818        0x4 contiki-srf06-cc26xx.a(rpl-mrhof.o)
 .text.best_dag
                0x0000a81c       0x24 contiki-srf06-cc26xx.a(rpl-mrhof.o)
 .text.update_metric_container
                0x0000a840        0x8 contiki-srf06-cc26xx.a(rpl-mrhof.o)
 .text.parent_link_metric
                0x0000a848       0x14 contiki-srf06-cc26xx.a(rpl-mrhof.o)
 .text.parent_path_cost
                0x0000a85c       0x30 contiki-srf06-cc26xx.a(rpl-mrhof.o)
 .text.rank_via_parent
                0x0000a88c       0x34 contiki-srf06-cc26xx.a(rpl-mrhof.o)
 .text.parent_is_acceptable
                0x0000a8c0       0x28 contiki-srf06-cc26xx.a(rpl-mrhof.o)
 .text.best_parent
                0x0000a8e8       0x74 contiki-srf06-cc26xx.a(rpl-mrhof.o)
 .text.parent_has_usable_link
                0x0000a95c       0x14 contiki-srf06-cc26xx.a(rpl-mrhof.o)
 .text.rpl_schedule_unicast_dio_immediately
                0x0000a970       0x18 contiki-srf06-cc26xx.a(rpl-timers.o)
                0x0000a970                rpl_schedule_unicast_dio_immediately
 .text.handle_unicast_dio_timer
                0x0000a988       0x18 contiki-srf06-cc26xx.a(rpl-timers.o)
 .text.get_probing_delay
                0x0000a9a0       0x50 contiki-srf06-cc26xx.a(rpl-timers.o)
                0x0000a9a0                get_probing_delay
 .text.rpl_schedule_probing
                0x0000a9f0       0x20 contiki-srf06-cc26xx.a(rpl-timers.o)
                0x0000a9f0                rpl_schedule_probing
 .text.new_dio_interval
                0x0000aa10       0x68 contiki-srf06-cc26xx.a(rpl-timers.o)
 .text.rpl_reset_dio_timer
                0x0000aa78       0x20 contiki-srf06-cc26xx.a(rpl-timers.o)
                0x0000aa78                rpl_reset_dio_timer
 .text.rpl_reset_periodic_timer
                0x0000aa98       0x40 contiki-srf06-cc26xx.a(rpl-timers.o)
                0x0000aa98                rpl_reset_periodic_timer
 .text.get_probing_target
                0x0000aad8      0x110 contiki-srf06-cc26xx.a(rpl-timers.o)
                0x0000aad8                get_probing_target
 .text.handle_probing_timer
                0x0000abe8       0x30 contiki-srf06-cc26xx.a(rpl-timers.o)
 .text.set_dao_lifetime_timer
                0x0000ac18       0x44 contiki-srf06-cc26xx.a(rpl-timers.o)
 .text.schedule_dao
                0x0000ac5c       0x50 contiki-srf06-cc26xx.a(rpl-timers.o)
 .text.rpl_schedule_dao
                0x0000acac        0xc contiki-srf06-cc26xx.a(rpl-timers.o)
                0x0000acac                rpl_schedule_dao
 .text.handle_dio_timer
                0x0000acb8       0x90 contiki-srf06-cc26xx.a(rpl-timers.o)
 .text.handle_dao_timer
                0x0000ad48       0x58 contiki-srf06-cc26xx.a(rpl-timers.o)
 .text.handle_periodic_timer
                0x0000ada0       0x60 contiki-srf06-cc26xx.a(rpl-timers.o)
 .text.SafeHapiVoid
                0x0000ae00       0x30 contiki-srf06-cc26xx.a(adi.o)
                0x0000ae00                SafeHapiVoid
 .text.NOROM_AONRTCCurrentCompareValueGet
                0x0000ae30       0x28 contiki-srf06-cc26xx.a(aon_rtc.o)
                0x0000ae30                NOROM_AONRTCCurrentCompareValueGet
 .text.NOROM_ChipInfo_GetSupportedProtocol_BV
                0x0000ae58       0x10 contiki-srf06-cc26xx.a(chipinfo.o)
                0x0000ae58                NOROM_ChipInfo_GetSupportedProtocol_BV
 .text.NOROM_ChipInfo_GetChipFamily
                0x0000ae68       0x58 contiki-srf06-cc26xx.a(chipinfo.o)
                0x0000ae68                NOROM_ChipInfo_GetChipFamily
 .text.NOROM_ChipInfo_GetChipType
                0x0000aec0       0x30 contiki-srf06-cc26xx.a(chipinfo.o)
                0x0000aec0                NOROM_ChipInfo_GetChipType
 .text.NOROM_ChipInfo_GetHwRevision
                0x0000aef0       0x98 contiki-srf06-cc26xx.a(chipinfo.o)
                0x0000aef0                NOROM_ChipInfo_GetHwRevision
 .text.NOROM_ThisCodeIsBuiltForCC13xxHwRev20AndLater_HaltIfViolated
                0x0000af88       0x1c contiki-srf06-cc26xx.a(chipinfo.o)
                0x0000af88                NOROM_ThisCodeIsBuiltForCC13xxHwRev20AndLater_HaltIfViolated
 .text.NOROM_CPUcpsid
                0x0000afa4        0x8 contiki-srf06-cc26xx.a(cpu.o)
                0x0000afa4                NOROM_CPUcpsid
 .text.NOROM_CPUcpsie
                0x0000afac        0x8 contiki-srf06-cc26xx.a(cpu.o)
                0x0000afac                NOROM_CPUcpsie
 .text.NOROM_OSCClockSourceSet
                0x0000afb4       0x84 contiki-srf06-cc26xx.a(osc.o)
                0x0000afb4                NOROM_OSCClockSourceSet
 .text.NOROM_OSCClockSourceGet
                0x0000b038       0x48 contiki-srf06-cc26xx.a(osc.o)
                0x0000b038                NOROM_OSCClockSourceGet
 .text.NOROM_PowerCtrlSourceSet
                0x0000b080       0x38 contiki-srf06-cc26xx.a(pwr_ctrl.o)
                0x0000b080                NOROM_PowerCtrlSourceSet
 .text.NOROM_RFCRTrim
                0x0000b0b8      0x150 contiki-srf06-cc26xx.a(rfc.o)
                0x0000b0b8                NOROM_RFCRTrim
 .text.NOROM_RFCAdi3VcoLdoVoltageMode
                0x0000b208       0x28 contiki-srf06-cc26xx.a(rfc.o)
                0x0000b208                NOROM_RFCAdi3VcoLdoVoltageMode
 .text.TrimAfterColdResetWakeupFromShutDown
                0x0000b230      0x10c contiki-srf06-cc26xx.a(setup.o)
 .text.NOROM_SetupTrimDevice
                0x0000b33c       0xbc contiki-srf06-cc26xx.a(setup.o)
                0x0000b33c                NOROM_SetupTrimDevice
 .text.NOROM_SetupSetVddrLevel
                0x0000b3f8       0xa0 contiki-srf06-cc26xx.a(setup_rom.o)
                0x0000b3f8                NOROM_SetupSetVddrLevel
 .text.NOROM_SetupAfterColdResetWakeupFromShutDownCfg1
                0x0000b498       0xe4 contiki-srf06-cc26xx.a(setup_rom.o)
                0x0000b498                NOROM_SetupAfterColdResetWakeupFromShutDownCfg1
 .text.NOROM_SetupGetTrimForAnabypassValue1
                0x0000b57c       0x74 contiki-srf06-cc26xx.a(setup_rom.o)
                0x0000b57c                NOROM_SetupGetTrimForAnabypassValue1
 .text.NOROM_SetupGetTrimForAmpcompCtrl
                0x0000b5f0       0xa0 contiki-srf06-cc26xx.a(setup_rom.o)
                0x0000b5f0                NOROM_SetupGetTrimForAmpcompCtrl
 .text.NOROM_SetupSetCacheModeAccordingToCcfgSetting
                0x0000b690       0x70 contiki-srf06-cc26xx.a(setup_rom.o)
                0x0000b690                NOROM_SetupSetCacheModeAccordingToCcfgSetting
 .text.NOROM_SetupAfterColdResetWakeupFromShutDownCfg3
                0x0000b700      0x220 contiki-srf06-cc26xx.a(setup_rom.o)
                0x0000b700                NOROM_SetupAfterColdResetWakeupFromShutDownCfg3
 .text.NOROM_SetupAfterColdResetWakeupFromShutDownCfg2
                0x0000b920      0x268 contiki-srf06-cc26xx.a(setup_rom.o)
                0x0000b920                NOROM_SetupAfterColdResetWakeupFromShutDownCfg2
 .text.NOROM_SysCtrl_DCDC_VoltageConditionalControl
                0x0000bb88       0x90 contiki-srf06-cc26xx.a(sys_ctrl.o)
                0x0000bb88                NOROM_SysCtrl_DCDC_VoltageConditionalControl
 .text.NOROM_SysCtrlAdjustRechargeAfterPowerDown
                0x0000bc18       0x74 contiki-srf06-cc26xx.a(sys_ctrl.o)
                0x0000bc18                NOROM_SysCtrlAdjustRechargeAfterPowerDown
 .text.NOROM_SysCtrlSetRechargeBeforePowerDown
                0x0000bc8c      0x31c contiki-srf06-cc26xx.a(sys_ctrl.o)
                0x0000bc8c                NOROM_SysCtrlSetRechargeBeforePowerDown
 .text.NOROM_TRNGConfigure
                0x0000bfa8       0x48 contiki-srf06-cc26xx.a(trng.o)
                0x0000bfa8                NOROM_TRNGConfigure
 .text.linkaddr_cmp
                0x0000bff0       0x14 contiki-srf06-cc26xx.a(linkaddr.o)
                0x0000bff0                linkaddr_cmp
 .text.linkaddr_copy
                0x0000c004        0xc contiki-srf06-cc26xx.a(linkaddr.o)
                0x0000c004                linkaddr_copy
 .text.link_stats_init
                0x0000c010       0x2c contiki-srf06-cc26xx.a(link-stats.o)
                0x0000c010                link_stats_init
 .text.periodic
                0x0000c03c       0x38 contiki-srf06-cc26xx.a(link-stats.o)
 .text.link_stats_from_lladdr
                0x0000c074       0x14 contiki-srf06-cc26xx.a(link-stats.o)
                0x0000c074                link_stats_from_lladdr
 .text.link_stats_input_callback
                0x0000c088       0x68 contiki-srf06-cc26xx.a(link-stats.o)
                0x0000c088                link_stats_input_callback
 .text.link_stats_is_fresh
                0x0000c0f0       0x24 contiki-srf06-cc26xx.a(link-stats.o)
                0x0000c0f0                link_stats_is_fresh
 .text.link_stats_packet_sent
                0x0000c114       0xa0 contiki-srf06-cc26xx.a(link-stats.o)
                0x0000c114                link_stats_packet_sent
 .text.nbr_get_bit
                0x0000c1b4       0x38 contiki-srf06-cc26xx.a(nbr-table.o)
 .text.nbr_set_bit
                0x0000c1ec       0x60 contiki-srf06-cc26xx.a(nbr-table.o)
 .text.nbr_table_register
                0x0000c24c       0x2c contiki-srf06-cc26xx.a(nbr-table.o)
                0x0000c24c                nbr_table_register
 .text.nbr_table_remove
                0x0000c278       0x30 contiki-srf06-cc26xx.a(nbr-table.o)
                0x0000c278                nbr_table_remove
 .text.nbr_table_lock
                0x0000c2a8       0x18 contiki-srf06-cc26xx.a(nbr-table.o)
                0x0000c2a8                nbr_table_lock
 .text.nbr_table_unlock
                0x0000c2c0       0x18 contiki-srf06-cc26xx.a(nbr-table.o)
                0x0000c2c0                nbr_table_unlock
 .text.nbr_table_get_lladdr
                0x0000c2d8       0x40 contiki-srf06-cc26xx.a(nbr-table.o)
                0x0000c2d8                nbr_table_get_lladdr
 .text.index_from_lladdr
                0x0000c318       0x5c contiki-srf06-cc26xx.a(nbr-table.o)
 .text.nbr_table_get_from_lladdr
                0x0000c374       0x44 contiki-srf06-cc26xx.a(nbr-table.o)
                0x0000c374                nbr_table_get_from_lladdr
 .text.nbr_table_next
                0x0000c3b8       0x9c contiki-srf06-cc26xx.a(nbr-table.o)
                0x0000c3b8                nbr_table_next
 .text.nbr_table_head
                0x0000c454       0x70 contiki-srf06-cc26xx.a(nbr-table.o)
                0x0000c454                nbr_table_head
 .text.remove_key
                0x0000c4c4       0xd0 contiki-srf06-cc26xx.a(nbr-table.o)
 .text.nbr_table_update_lladdr
                0x0000c594       0x64 contiki-srf06-cc26xx.a(nbr-table.o)
                0x0000c594                nbr_table_update_lladdr
 .text.nbr_table_add_lladdr
                0x0000c5f8      0x19c contiki-srf06-cc26xx.a(nbr-table.o)
                0x0000c5f8                nbr_table_add_lladdr
 .text.netstack_init
                0x0000c794       0x40 contiki-srf06-cc26xx.a(netstack.o)
                0x0000c794                netstack_init
 .text.packetbuf_hdralloc
                0x0000c7d4       0x74 contiki-srf06-cc26xx.a(packetbuf.o)
                0x0000c7d4                packetbuf_hdralloc
 .text.packetbuf_hdrreduce
                0x0000c848       0x30 contiki-srf06-cc26xx.a(packetbuf.o)
                0x0000c848                packetbuf_hdrreduce
 .text.packetbuf_set_datalen
                0x0000c878        0xc contiki-srf06-cc26xx.a(packetbuf.o)
                0x0000c878                packetbuf_set_datalen
 .text.packetbuf_dataptr
                0x0000c884       0x2c contiki-srf06-cc26xx.a(packetbuf.o)
                0x0000c884                packetbuf_dataptr
 .text.packetbuf_hdrptr
                0x0000c8b0        0xc contiki-srf06-cc26xx.a(packetbuf.o)
                0x0000c8b0                packetbuf_hdrptr
 .text.packetbuf_datalen
                0x0000c8bc        0xc contiki-srf06-cc26xx.a(packetbuf.o)
                0x0000c8bc                packetbuf_datalen
 .text.packetbuf_totlen
                0x0000c8c8       0x28 contiki-srf06-cc26xx.a(packetbuf.o)
                0x0000c8c8                packetbuf_totlen
 .text.packetbuf_set_attr
                0x0000c8f0       0x10 contiki-srf06-cc26xx.a(packetbuf.o)
                0x0000c8f0                packetbuf_set_attr
 .text.packetbuf_attr
                0x0000c900       0x10 contiki-srf06-cc26xx.a(packetbuf.o)
                0x0000c900                packetbuf_attr
 .text.packetbuf_addr
                0x0000c910       0x14 contiki-srf06-cc26xx.a(packetbuf.o)
                0x0000c910                packetbuf_addr
 .text.packetbuf_holds_broadcast
                0x0000c924       0x18 contiki-srf06-cc26xx.a(packetbuf.o)
                0x0000c924                packetbuf_holds_broadcast
 .text.packetbuf_set_addr
                0x0000c93c       0x1c contiki-srf06-cc26xx.a(packetbuf.o)
                0x0000c93c                packetbuf_set_addr
 .text.packetbuf_attr_copyfrom
                0x0000c958       0x28 contiki-srf06-cc26xx.a(packetbuf.o)
                0x0000c958                packetbuf_attr_copyfrom
 .text.packetbuf_attr_copyto
                0x0000c980       0x24 contiki-srf06-cc26xx.a(packetbuf.o)
                0x0000c980                packetbuf_attr_copyto
 .text.packetbuf_copyto
                0x0000c9a4       0x58 contiki-srf06-cc26xx.a(packetbuf.o)
                0x0000c9a4                packetbuf_copyto
 .text.packetbuf_attr_clear
                0x0000c9fc       0x38 contiki-srf06-cc26xx.a(packetbuf.o)
                0x0000c9fc                packetbuf_attr_clear
 .text.packetbuf_clear
                0x0000ca34       0x28 contiki-srf06-cc26xx.a(packetbuf.o)
                0x0000ca34                packetbuf_clear
 .text.packetbuf_copyfrom
                0x0000ca5c       0x30 contiki-srf06-cc26xx.a(packetbuf.o)
                0x0000ca5c                packetbuf_copyfrom
 .text.queuebuf_attr
                0x0000ca8c        0xc contiki-srf06-cc26xx.a(queuebuf.o)
                0x0000ca8c                queuebuf_attr
 .text.queuebuf_to_packetbuf
                0x0000ca98       0x30 contiki-srf06-cc26xx.a(queuebuf.o)
                0x0000ca98                queuebuf_to_packetbuf
 .text.queuebuf_free
                0x0000cac8       0x34 contiki-srf06-cc26xx.a(queuebuf.o)
                0x0000cac8                queuebuf_free
 .text.queuebuf_update_attr_from_packetbuf
                0x0000cafc       0x10 contiki-srf06-cc26xx.a(queuebuf.o)
                0x0000cafc                queuebuf_update_attr_from_packetbuf
 .text.queuebuf_update_from_packetbuf
                0x0000cb0c       0x1c contiki-srf06-cc26xx.a(queuebuf.o)
                0x0000cb0c                queuebuf_update_from_packetbuf
 .text.queuebuf_new_from_packetbuf
                0x0000cb28       0x50 contiki-srf06-cc26xx.a(queuebuf.o)
                0x0000cb28                queuebuf_new_from_packetbuf
 .text.queuebuf_numfree
                0x0000cb78       0x10 contiki-srf06-cc26xx.a(queuebuf.o)
                0x0000cb78                queuebuf_numfree
 .text.queuebuf_init
                0x0000cb88       0x1c contiki-srf06-cc26xx.a(queuebuf.o)
                0x0000cb88                queuebuf_init
 .text.input_packet
                0x0000cba4       0x10 contiki-srf06-cc26xx.a(csma.o)
 .text.on       0x0000cbb4       0x10 contiki-srf06-cc26xx.a(csma.o)
 .text.off      0x0000cbc4       0x10 contiki-srf06-cc26xx.a(csma.o)
 .text.channel_check_interval
                0x0000cbd4       0x14 contiki-srf06-cc26xx.a(csma.o)
 .text.transmit_packet_list
                0x0000cbe8       0x28 contiki-srf06-cc26xx.a(csma.o)
 .text.schedule_transmission
                0x0000cc10       0x50 contiki-srf06-cc26xx.a(csma.o)
 .text.send_packet
                0x0000cc60      0x184 contiki-srf06-cc26xx.a(csma.o)
 .text.tx_done  0x0000cde4       0x8c contiki-srf06-cc26xx.a(csma.o)
 .text.packet_sent
                0x0000ce70       0xd8 contiki-srf06-cc26xx.a(csma.o)
 .text.init     0x0000cf48       0x28 contiki-srf06-cc26xx.a(csma.o)
 .text.parse    0x0000cf70       0xa0 contiki-srf06-cc26xx.a(framer-802154.o)
 .text.create_frame
                0x0000d010      0x188 contiki-srf06-cc26xx.a(framer-802154.o)
 .text.create   0x0000d198        0xc contiki-srf06-cc26xx.a(framer-802154.o)
 .text.hdr_length
                0x0000d1a4        0xc contiki-srf06-cc26xx.a(framer-802154.o)
 .text.mac_call_sent_callback
                0x0000d1b0       0x10 contiki-srf06-cc26xx.a(mac.o)
                0x0000d1b0                mac_call_sent_callback
 .text.on       0x0000d1c0       0x30 contiki-srf06-cc26xx.a(contikimac.o)
 .text.off      0x0000d1f0       0x38 contiki-srf06-cc26xx.a(contikimac.o)
 .text.recv_burst_off
                0x0000d228       0x14 contiki-srf06-cc26xx.a(contikimac.o)
 .text.turn_off
                0x0000d23c       0x50 contiki-srf06-cc26xx.a(contikimac.o)
 .text.duty_cycle
                0x0000d28c        0x4 contiki-srf06-cc26xx.a(contikimac.o)
 .text.turn_on  0x0000d290       0x48 contiki-srf06-cc26xx.a(contikimac.o)
 .text.schedule_powercycle_fixed
                0x0000d2d8       0x3c contiki-srf06-cc26xx.a(contikimac.o)
 .text.powercycle_wrapper
                0x0000d314      0x2b8 contiki-srf06-cc26xx.a(contikimac.o)
 .text.init     0x0000d5cc       0x4c contiki-srf06-cc26xx.a(contikimac.o)
 .text.input_packet
                0x0000d618      0x140 contiki-srf06-cc26xx.a(contikimac.o)
 .text.send_packet
                0x0000d758      0x224 contiki-srf06-cc26xx.a(contikimac.o)
 .text.qsend_list
                0x0000d97c       0xe8 contiki-srf06-cc26xx.a(contikimac.o)
 .text.qsend_packet
                0x0000da64       0x20 contiki-srf06-cc26xx.a(contikimac.o)
 .text.init     0x0000da84        0x4 contiki-srf06-cc26xx.a(nullsec.o)
 .text.input    0x0000da88       0x10 contiki-srf06-cc26xx.a(nullsec.o)
 .text.send     0x0000da98       0x20 contiki-srf06-cc26xx.a(nullsec.o)
 .text.aux_ctrl_power_down
                0x0000dab8       0x84 contiki-srf06-cc26xx.a(aux-ctrl.o)
                0x0000dab8                aux_ctrl_power_down
 .text.aux_ctrl_power_up
                0x0000db3c       0x30 contiki-srf06-cc26xx.a(aux-ctrl.o)
                0x0000db3c                aux_ctrl_power_up
 .text.aux_ctrl_unregister_consumer
                0x0000db6c       0x28 contiki-srf06-cc26xx.a(aux-ctrl.o)
                0x0000db6c                aux_ctrl_unregister_consumer
 .text.aux_ctrl_register_consumer
                0x0000db94       0x40 contiki-srf06-cc26xx.a(aux-ctrl.o)
                0x0000db94                aux_ctrl_register_consumer
 .text.stimer_expired
                0x0000dbd4       0x24 contiki-srf06-cc26xx.a(stimer.o)
                0x0000dbd4                stimer_expired
 .text.stimer_set
                0x0000dbf8       0x10 contiki-srf06-cc26xx.a(stimer.o)
                0x0000dbf8                stimer_set
 .text.memb_alloc
                0x0000dc08       0x38 contiki-srf06-cc26xx.a(memb.o)
                0x0000dc08                memb_alloc
 .text.memb_free
                0x0000dc40       0x48 contiki-srf06-cc26xx.a(memb.o)
                0x0000dc40                memb_free
 .text.memb_inmemb
                0x0000dc88       0x20 contiki-srf06-cc26xx.a(memb.o)
                0x0000dc88                memb_inmemb
 .text.memb_numfree
                0x0000dca8       0x20 contiki-srf06-cc26xx.a(memb.o)
                0x0000dca8                memb_numfree
 .text.memb_init
                0x0000dcc8       0x20 contiki-srf06-cc26xx.a(memb.o)
                0x0000dcc8                memb_init
 .text.update_nbr
                0x0000dce8      0x150 contiki-srf06-cc26xx.a(rpl-nbr-policy.)
 .text.find_removable_dao
                0x0000de38       0x38 contiki-srf06-cc26xx.a(rpl-nbr-policy.)
                0x0000de38                find_removable_dao
 .text.find_removable_dis
                0x0000de70       0x24 contiki-srf06-cc26xx.a(rpl-nbr-policy.)
                0x0000de70                find_removable_dis
 .text.handle_periodic_timer
                0x0000de94       0x14 contiki-srf06-cc26xx.a(rpl-nbr-policy.)
 .text.find_removable_dio
                0x0000dea8       0x44 contiki-srf06-cc26xx.a(rpl-nbr-policy.)
                0x0000dea8                find_removable_dio
 .text.rpl_nbr_policy_find_removable
                0x0000deec       0x30 contiki-srf06-cc26xx.a(rpl-nbr-policy.)
                0x0000deec                rpl_nbr_policy_find_removable
 .text.NOROM_AONBatMonTemperatureGetDegC
                0x0000df1c       0x38 contiki-srf06-cc26xx.a(aon_batmon.o)
                0x0000df1c                NOROM_AONBatMonTemperatureGetDegC
 .text.NOROM_DDI32RegWrite
                0x0000df54       0x30 contiki-srf06-cc26xx.a(ddi.o)
                0x0000df54                NOROM_DDI32RegWrite
 .text.frame802154_get_pan_id
                0x0000df84        0xc contiki-srf06-cc26xx.a(frame802154.o)
                0x0000df84                frame802154_get_pan_id
 .text.frame802154_has_panid
                0x0000df90       0xc8 contiki-srf06-cc26xx.a(frame802154.o)
                0x0000df90                frame802154_has_panid
 .text.frame802154_is_broadcast_addr
                0x0000e058       0x24 contiki-srf06-cc26xx.a(frame802154.o)
                0x0000e058                frame802154_is_broadcast_addr
 .text.frame802154_create_fcf
                0x0000e07c       0x64 contiki-srf06-cc26xx.a(frame802154.o)
                0x0000e07c                frame802154_create_fcf
 .text.frame802154_parse_fcf
                0x0000e0e0       0x74 contiki-srf06-cc26xx.a(frame802154.o)
                0x0000e0e0                frame802154_parse_fcf
 .text.frame802154_parse
                0x0000e154      0x13c contiki-srf06-cc26xx.a(frame802154.o)
                0x0000e154                frame802154_parse
 .text.field_len
                0x0000e290       0xa0 contiki-srf06-cc26xx.a(frame802154.o)
 .text.frame802154_create
                0x0000e330       0xcc contiki-srf06-cc26xx.a(frame802154.o)
                0x0000e330                frame802154_create
 .text.frame802154_hdrlen
                0x0000e3fc       0x34 contiki-srf06-cc26xx.a(frame802154.o)
                0x0000e3fc                frame802154_hdrlen
 .text.mac_sequence_is_duplicate
                0x0000e430       0x60 contiki-srf06-cc26xx.a(mac-sequence.o)
                0x0000e430                mac_sequence_is_duplicate
 .text.mac_sequence_register_seqno
                0x0000e490       0x6c contiki-srf06-cc26xx.a(mac-sequence.o)
                0x0000e490                mac_sequence_register_seqno
 .text          0x0000e4fc       0x2c /home/user/CodeSourcery/Sourcery_G++_Lite/bin/../lib/gcc/arm-none-eabi/4.3.2/thumb2/libgcc.a(_aeabi_uldivmod.o)
                0x0000e4fc                __aeabi_uldivmod
 .text          0x0000e528       0x60 /home/user/CodeSourcery/Sourcery_G++_Lite/bin/../lib/gcc/arm-none-eabi/4.3.2/thumb2/libgcc.a(bpabi.o)
                0x0000e528                __gnu_uldivmod_helper
                0x0000e558                __gnu_ldivmod_helper
 .text          0x0000e588        0x4 /home/user/CodeSourcery/Sourcery_G++_Lite/bin/../lib/gcc/arm-none-eabi/4.3.2/thumb2/libgcc.a(_dvmd_tls.o)
                0x0000e588                __aeabi_ldiv0
                0x0000e588                __aeabi_idiv0
 .text          0x0000e58c      0x424 /home/user/CodeSourcery/Sourcery_G++_Lite/bin/../lib/gcc/arm-none-eabi/4.3.2/thumb2/libgcc.a(_divdi3.o)
                0x0000e58c                __divdi3
 .text          0x0000e9b0      0x3e4 /home/user/CodeSourcery/Sourcery_G++_Lite/bin/../lib/gcc/arm-none-eabi/4.3.2/thumb2/libgcc.a(_udivdi3.o)
                0x0000e9b0                __udivdi3
 .text          0x0000ed94       0x8c /home/user/CodeSourcery/Sourcery_G++_Lite/bin/../lib/gcc/arm-none-eabi/4.3.2/thumb2/libgcc.a(_udivsi3.o)
                0x0000ed94                __udivsi3
                0x0000ed94                __aeabi_uidiv
                0x0000ee0c                __aeabi_uidivmod
 .text          0x0000ee20       0x60 /home/user/CodeSourcery/Sourcery_G++_Lite/bin/../lib/gcc/arm-none-eabi/4.3.2/../../../../arm-none-eabi/lib/thumb2/libc.a(lib_a-memcmp.o)
                0x0000ee20                memcmp
 .text          0x0000ee80       0x98 /home/user/CodeSourcery/Sourcery_G++_Lite/bin/../lib/gcc/arm-none-eabi/4.3.2/../../../../arm-none-eabi/lib/thumb2/libc.a(lib_a-memcpy.o)
                0x0000ee80                memcpy
 .text          0x0000ef18       0xc0 /home/user/CodeSourcery/Sourcery_G++_Lite/bin/../lib/gcc/arm-none-eabi/4.3.2/../../../../arm-none-eabi/lib/thumb2/libc.a(lib_a-memmove.o)
                0x0000ef18                memmove
 .text          0x0000efd8       0x88 /home/user/CodeSourcery/Sourcery_G++_Lite/bin/../lib/gcc/arm-none-eabi/4.3.2/../../../../arm-none-eabi/lib/thumb2/libc.a(lib_a-memset.o)
                0x0000efd8                memset
 .text          0x0000f060       0x34 /home/user/CodeSourcery/Sourcery_G++_Lite/bin/../lib/gcc/arm-none-eabi/4.3.2/../../../../arm-none-eabi/lib/thumb2/libc.a(lib_a-strlen.o)
                0x0000f060                strlen
 *(SORT(.rodata*))
 .rodata.autostart_processes
                0x0000f094        0x8 hello-world.co
                0x0000f094                autostart_processes
 .rodata.str1.4
                0x0000f09c       0x28 hello-world.co
 .rodata.str1.4
                0x0000f0c4       0xe6 contiki-srf06-cc26xx.a(contiki-main.o)
                                 0xe8 (size before relaxing)
 *fill*         0x0000f1aa        0x2 00000000
 .rodata.str1.4
                0x0000f1ac        0x8 contiki-srf06-cc26xx.a(sensors.o)
 .rodata.C.36.5360
                0x0000f1b4       0x44 contiki-srf06-cc26xx.a(board.o)
 .rodata.str1.4
                0x0000f1f8        0x7 contiki-srf06-cc26xx.a(button-sensor.o)
                                  0x8 (size before relaxing)
 *fill*         0x0000f1ff        0x1 00000000
 .rodata.button_left_sensor
                0x0000f200       0x10 contiki-srf06-cc26xx.a(button-sensor.o)
                0x0000f200                button_left_sensor
 .rodata.button_right_sensor
                0x0000f210       0x10 contiki-srf06-cc26xx.a(button-sensor.o)
                0x0000f210                button_right_sensor
 .rodata.patchImageGenfsk
                0x0000f220      0x28c contiki-srf06-cc26xx.a(prop-mode.o)
 .rodata.mode_prop
                0x0000f4ac        0x8 contiki-srf06-cc26xx.a(prop-mode.o)
 .rodata.prop_mode_driver
                0x0000f4b4       0x38 contiki-srf06-cc26xx.a(prop-mode.o)
                0x0000f4b4                prop_mode_driver
 .rodata.patchGenfskRfe
                0x0000f4ec      0x6b4 contiki-srf06-cc26xx.a(prop-mode.o)
 .rodata.prop_mode_tx_power_779_930
                0x0000fba0       0x88 contiki-srf06-cc26xx.a(prop-mode-tx-po)
                0x0000fba0                prop_mode_tx_power_779_930
 .rodata.str1.4
                0x0000fc28       0x46 contiki-srf06-cc26xx.a(rf-core.o)
                                 0x48 (size before relaxing)
 *fill*         0x0000fc6e        0x2 00000000
 .rodata.str1.4
                0x0000fc70       0x1b contiki-srf06-cc26xx.a(soc-trng.o)
                                 0x1c (size before relaxing)
 *fill*         0x0000fc8b        0x1 00000000
 .rodata.buffer.1223
                0x0000fc8c       0x10 contiki-srf06-cc26xx.a(strformat.o)
 .rodata.buffer.1237
                0x0000fc9c       0x10 contiki-srf06-cc26xx.a(strformat.o)
 .rodata.str1.4
                0x0000fcac       0x47 contiki-srf06-cc26xx.a(strformat.o)
                                 0x48 (size before relaxing)
 *fill*         0x0000fcf3        0x1 00000000
 .rodata.str1.4
                0x0000fcf4        0xf contiki-srf06-cc26xx.a(ctimer.o)
                                 0x10 (size before relaxing)
 *fill*         0x0000fd03        0x1 00000000
 .rodata.str1.4
                0x0000fd04        0xc contiki-srf06-cc26xx.a(etimer.o)
 .rodata.str1.4
                0x0000fd10        0xe contiki-srf06-cc26xx.a(serial-line.o)
                                 0x10 (size before relaxing)
 *fill*         0x0000fd1e        0x2 00000000
 .rodata.sicslowpan_driver
                0x0000fd20        0xc contiki-srf06-cc26xx.a(sicslowpan.o)
                0x0000fd20                sicslowpan_driver
 .rodata.str1.4
                0x0000fd2c        0xb contiki-srf06-cc26xx.a(sicslowpan.o)
                                  0xc (size before relaxing)
 *fill*         0x0000fd37        0x1 00000000
 .rodata.str1.4
                0x0000fd38        0xd contiki-srf06-cc26xx.a(tcpip.o)
                                 0x10 (size before relaxing)
 *fill*         0x0000fd45        0x3 00000000
 .rodata.str1.4
                0x0000fd48       0x2b contiki-srf06-cc26xx.a(uip-debug.o)
                                 0x2c (size before relaxing)
 *fill*         0x0000fd73        0x1 00000000
 .rodata.packetbuf
                0x0000fd74        0x4 contiki-srf06-cc26xx.a(packetbuf.o)
 .rodata.str1.4
                0x0000fd78        0x5 contiki-srf06-cc26xx.a(csma.o)
                                  0x8 (size before relaxing)
 *fill*         0x0000fd7d        0x3 00000000
 .rodata.csma_driver
                0x0000fd80       0x1c contiki-srf06-cc26xx.a(csma.o)
                0x0000fd80                csma_driver
 .rodata.framer_802154
                0x0000fd9c        0xc contiki-srf06-cc26xx.a(framer-802154.o)
                0x0000fd9c                framer_802154
 .rodata.str1.4
                0x0000fda8        0xb contiki-srf06-cc26xx.a(contikimac.o)
                                  0xc (size before relaxing)
 *fill*         0x0000fdb3        0x1 00000000
 .rodata.contikimac_driver
                0x0000fdb4       0x20 contiki-srf06-cc26xx.a(contikimac.o)
                0x0000fdb4                contikimac_driver
 .rodata.str1.4
                0x0000fdd4        0x8 contiki-srf06-cc26xx.a(nullsec.o)
 .rodata.nullsec_driver
                0x0000fddc       0x10 contiki-srf06-cc26xx.a(nullsec.o)
                0x0000fddc                nullsec_driver
 .rodata.wbuf.5321
                0x0000fdec        0x4 contiki-srf06-cc26xx.a(ext-flash.o)
 .rodata.C.39.5324
                0x0000fdf0        0x2 contiki-srf06-cc26xx.a(ext-flash.o)
 .rodata.ttl_values
                0x0000fdf2        0x4 contiki-srf06-cc26xx.a(sicslowpan.o)
 .rodata.unc_llconf
                0x0000fdf6        0x4 contiki-srf06-cc26xx.a(sicslowpan.o)
                0x0000fdf6                unc_llconf
 .rodata.llprefix
                0x0000fdfa        0x2 contiki-srf06-cc26xx.a(sicslowpan.o)
                0x0000fdfa                llprefix
 .rodata.C.62.4819
                0x0000fdfc        0x2 contiki-srf06-cc26xx.a(sicslowpan.o)
 .rodata.unc_mxconf
                0x0000fdfe        0x4 contiki-srf06-cc26xx.a(sicslowpan.o)
                0x0000fdfe                unc_mxconf
 .rodata.unc_ctxconf
                0x0000fe02        0x4 contiki-srf06-cc26xx.a(sicslowpan.o)
                0x0000fe02                unc_ctxconf
 .rodata.linkaddr_null
                0x0000fe06        0x8 contiki-srf06-cc26xx.a(linkaddr.o)
                0x0000fe06                linkaddr_null
 .rodata.C.55.4259
                0x0000fe0e        0x3 contiki-srf06-cc26xx.a(contikimac.o)
 .rodata        0x0000fe11      0x100 /home/user/CodeSourcery/Sourcery_G++_Lite/bin/../lib/gcc/arm-none-eabi/4.3.2/thumb2/libgcc.a(_clz.o)
                0x0000fe11                __clz_tab
                0x0000ff11                _etext = .

.glue_7         0x0000ff14        0x0 load address 0x0000ff11
 .glue_7        0x0000ff14        0x0 obj_srf06-cc26xx/fault-handlers.o
 .glue_7        0x0000ff14        0x0 obj_srf06-cc26xx/ccfg.o
 .glue_7        0x0000ff14        0x0 obj_srf06-cc26xx/startup_gcc.o
 .glue_7        0x0000ff14        0x0 hello-world.co
 .glue_7        0x0000ff14        0x0 contiki-srf06-cc26xx.a(contiki-main.o)
 .glue_7        0x0000ff14        0x0 contiki-srf06-cc26xx.a(sensors.o)
 .glue_7        0x0000ff14        0x0 contiki-srf06-cc26xx.a(leds.o)
 .glue_7        0x0000ff14        0x0 contiki-srf06-cc26xx.a(board.o)
 .glue_7        0x0000ff14        0x0 contiki-srf06-cc26xx.a(launchpad-senso)
 .glue_7        0x0000ff14        0x0 contiki-srf06-cc26xx.a(leds-arch.o)
 .glue_7        0x0000ff14        0x0 contiki-srf06-cc26xx.a(button-sensor.o)
 .glue_7        0x0000ff14        0x0 contiki-srf06-cc26xx.a(ext-flash.o)
 .glue_7        0x0000ff14        0x0 contiki-srf06-cc26xx.a(board-spi.o)
 .glue_7        0x0000ff14        0x0 contiki-srf06-cc26xx.a(prop-mode.o)
 .glue_7        0x0000ff14        0x0 contiki-srf06-cc26xx.a(prop-mode-tx-po)
 .glue_7        0x0000ff14        0x0 contiki-srf06-cc26xx.a(clock.o)
 .glue_7        0x0000ff14        0x0 contiki-srf06-cc26xx.a(rtimer-arch.o)
 .glue_7        0x0000ff14        0x0 contiki-srf06-cc26xx.a(soc-rtc.o)
 .glue_7        0x0000ff14        0x0 contiki-srf06-cc26xx.a(contiki-watchdo)
 .glue_7        0x0000ff14        0x0 contiki-srf06-cc26xx.a(putchar.o)
 .glue_7        0x0000ff14        0x0 contiki-srf06-cc26xx.a(ieee-addr.o)
 .glue_7        0x0000ff14        0x0 contiki-srf06-cc26xx.a(cc26xx-uart.o)
 .glue_7        0x0000ff14        0x0 contiki-srf06-cc26xx.a(lpm.o)
 .glue_7        0x0000ff14        0x0 contiki-srf06-cc26xx.a(gpio-interrupt.)
 .glue_7        0x0000ff14        0x0 contiki-srf06-cc26xx.a(oscillators.o)
 .glue_7        0x0000ff14        0x0 contiki-srf06-cc26xx.a(rf-core.o)
 .glue_7        0x0000ff14        0x0 contiki-srf06-cc26xx.a(rf-ble.o)
 .glue_7        0x0000ff14        0x0 contiki-srf06-cc26xx.a(random.o)
 .glue_7        0x0000ff14        0x0 contiki-srf06-cc26xx.a(soc-trng.o)
 .glue_7        0x0000ff14        0x0 contiki-srf06-cc26xx.a(dbg-printf.o)
 .glue_7        0x0000ff14        0x0 contiki-srf06-cc26xx.a(strformat.o)
 .glue_7        0x0000ff14        0x0 contiki-srf06-cc26xx.a(autostart.o)
 .glue_7        0x0000ff14        0x0 contiki-srf06-cc26xx.a(ctimer.o)
 .glue_7        0x0000ff14        0x0 contiki-srf06-cc26xx.a(energest.o)
 .glue_7        0x0000ff14        0x0 contiki-srf06-cc26xx.a(etimer.o)
 .glue_7        0x0000ff14        0x0 contiki-srf06-cc26xx.a(process.o)
 .glue_7        0x0000ff14        0x0 contiki-srf06-cc26xx.a(rtimer.o)
 .glue_7        0x0000ff14        0x0 contiki-srf06-cc26xx.a(timer.o)
 .glue_7        0x0000ff14        0x0 contiki-srf06-cc26xx.a(serial-line.o)
 .glue_7        0x0000ff14        0x0 contiki-srf06-cc26xx.a(list.o)
 .glue_7        0x0000ff14        0x0 contiki-srf06-cc26xx.a(ringbuf.o)
 .glue_7        0x0000ff14        0x0 contiki-srf06-cc26xx.a(sicslowpan.o)
 .glue_7        0x0000ff14        0x0 contiki-srf06-cc26xx.a(uip6.o)
 .glue_7        0x0000ff14        0x0 contiki-srf06-cc26xx.a(uip-ds6.o)
 .glue_7        0x0000ff14        0x0 contiki-srf06-cc26xx.a(uip-ds6-nbr.o)
 .glue_7        0x0000ff14        0x0 contiki-srf06-cc26xx.a(uip-ds6-route.o)
 .glue_7        0x0000ff14        0x0 contiki-srf06-cc26xx.a(uip-icmp6.o)
 .glue_7        0x0000ff14        0x0 contiki-srf06-cc26xx.a(uip-nd6.o)
 .glue_7        0x0000ff14        0x0 contiki-srf06-cc26xx.a(tcpip.o)
 .glue_7        0x0000ff14        0x0 contiki-srf06-cc26xx.a(uip-debug.o)
 .glue_7        0x0000ff14        0x0 contiki-srf06-cc26xx.a(rpl.o)
 .glue_7        0x0000ff14        0x0 contiki-srf06-cc26xx.a(rpl-dag.o)
 .glue_7        0x0000ff14        0x0 contiki-srf06-cc26xx.a(rpl-ext-header.)
 .glue_7        0x0000ff14        0x0 contiki-srf06-cc26xx.a(rpl-icmp6.o)
 .glue_7        0x0000ff14        0x0 contiki-srf06-cc26xx.a(rpl-mrhof.o)
 .glue_7        0x0000ff14        0x0 contiki-srf06-cc26xx.a(rpl-timers.o)
 .glue_7        0x0000ff14        0x0 contiki-srf06-cc26xx.a(adi.o)
 .glue_7        0x0000ff14        0x0 contiki-srf06-cc26xx.a(aon_rtc.o)
 .glue_7        0x0000ff14        0x0 contiki-srf06-cc26xx.a(chipinfo.o)
 .glue_7        0x0000ff14        0x0 contiki-srf06-cc26xx.a(cpu.o)
 .glue_7        0x0000ff14        0x0 contiki-srf06-cc26xx.a(osc.o)
 .glue_7        0x0000ff14        0x0 contiki-srf06-cc26xx.a(pwr_ctrl.o)
 .glue_7        0x0000ff14        0x0 contiki-srf06-cc26xx.a(rfc.o)
 .glue_7        0x0000ff14        0x0 contiki-srf06-cc26xx.a(setup.o)
 .glue_7        0x0000ff14        0x0 contiki-srf06-cc26xx.a(setup_rom.o)
 .glue_7        0x0000ff14        0x0 contiki-srf06-cc26xx.a(sys_ctrl.o)
 .glue_7        0x0000ff14        0x0 contiki-srf06-cc26xx.a(trng.o)
 .glue_7        0x0000ff14        0x0 contiki-srf06-cc26xx.a(linkaddr.o)
 .glue_7        0x0000ff14        0x0 contiki-srf06-cc26xx.a(link-stats.o)
 .glue_7        0x0000ff14        0x0 contiki-srf06-cc26xx.a(nbr-table.o)
 .glue_7        0x0000ff14        0x0 contiki-srf06-cc26xx.a(netstack.o)
 .glue_7        0x0000ff14        0x0 contiki-srf06-cc26xx.a(packetbuf.o)
 .glue_7        0x0000ff14        0x0 contiki-srf06-cc26xx.a(queuebuf.o)
 .glue_7        0x0000ff14        0x0 contiki-srf06-cc26xx.a(csma.o)
 .glue_7        0x0000ff14        0x0 contiki-srf06-cc26xx.a(framer-802154.o)
 .glue_7        0x0000ff14        0x0 contiki-srf06-cc26xx.a(mac.o)
 .glue_7        0x0000ff14        0x0 contiki-srf06-cc26xx.a(contikimac.o)
 .glue_7        0x0000ff14        0x0 contiki-srf06-cc26xx.a(nullsec.o)
 .glue_7        0x0000ff14        0x0 contiki-srf06-cc26xx.a(smartrf-setting)
 .glue_7        0x0000ff14        0x0 contiki-srf06-cc26xx.a(aux-ctrl.o)
 .glue_7        0x0000ff14        0x0 contiki-srf06-cc26xx.a(stimer.o)
 .glue_7        0x0000ff14        0x0 contiki-srf06-cc26xx.a(memb.o)
 .glue_7        0x0000ff14        0x0 contiki-srf06-cc26xx.a(rpl-nbr-policy.)
 .glue_7        0x0000ff14        0x0 contiki-srf06-cc26xx.a(aon_batmon.o)
 .glue_7        0x0000ff14        0x0 contiki-srf06-cc26xx.a(ddi.o)
 .glue_7        0x0000ff14        0x0 contiki-srf06-cc26xx.a(frame802154.o)
 .glue_7        0x0000ff14        0x0 contiki-srf06-cc26xx.a(mac-sequence.o)
 .glue_7        0x0000ff14        0x0 /home/user/CodeSourcery/Sourcery_G++_Lite/bin/../lib/gcc/arm-none-eabi/4.3.2/thumb2/libgcc.a(_aeabi_uldivmod.o)
 .glue_7        0x0000ff14        0x0 /home/user/CodeSourcery/Sourcery_G++_Lite/bin/../lib/gcc/arm-none-eabi/4.3.2/thumb2/libgcc.a(bpabi.o)
 .glue_7        0x0000ff14        0x0 /home/user/CodeSourcery/Sourcery_G++_Lite/bin/../lib/gcc/arm-none-eabi/4.3.2/thumb2/libgcc.a(_dvmd_tls.o)
 .glue_7        0x0000ff14        0x0 /home/user/CodeSourcery/Sourcery_G++_Lite/bin/../lib/gcc/arm-none-eabi/4.3.2/thumb2/libgcc.a(_divdi3.o)
 .glue_7        0x0000ff14        0x0 /home/user/CodeSourcery/Sourcery_G++_Lite/bin/../lib/gcc/arm-none-eabi/4.3.2/thumb2/libgcc.a(_udivdi3.o)
 .glue_7        0x0000ff14        0x0 /home/user/CodeSourcery/Sourcery_G++_Lite/bin/../lib/gcc/arm-none-eabi/4.3.2/thumb2/libgcc.a(_udivsi3.o)
 .glue_7        0x0000ff14        0x0 /home/user/CodeSourcery/Sourcery_G++_Lite/bin/../lib/gcc/arm-none-eabi/4.3.2/thumb2/libgcc.a(_clz.o)
 .glue_7        0x0000ff14        0x0 /home/user/CodeSourcery/Sourcery_G++_Lite/bin/../lib/gcc/arm-none-eabi/4.3.2/../../../../arm-none-eabi/lib/thumb2/libc.a(lib_a-memcmp.o)
 .glue_7        0x0000ff14        0x0 /home/user/CodeSourcery/Sourcery_G++_Lite/bin/../lib/gcc/arm-none-eabi/4.3.2/../../../../arm-none-eabi/lib/thumb2/libc.a(lib_a-memcpy.o)
 .glue_7        0x0000ff14        0x0 /home/user/CodeSourcery/Sourcery_G++_Lite/bin/../lib/gcc/arm-none-eabi/4.3.2/../../../../arm-none-eabi/lib/thumb2/libc.a(lib_a-memmove.o)
 .glue_7        0x0000ff14        0x0 /home/user/CodeSourcery/Sourcery_G++_Lite/bin/../lib/gcc/arm-none-eabi/4.3.2/../../../../arm-none-eabi/lib/thumb2/libc.a(lib_a-memset.o)
 .glue_7        0x0000ff14        0x0 /home/user/CodeSourcery/Sourcery_G++_Lite/bin/../lib/gcc/arm-none-eabi/4.3.2/../../../../arm-none-eabi/lib/thumb2/libc.a(lib_a-strlen.o)
 .glue_7        0x0000ff14        0x0 /home/user/CodeSourcery/Sourcery_G++_Lite/bin/../lib/gcc/arm-none-eabi/4.3.2/../../../../arm-none-eabi/lib/thumb2/libc.a(lib_a-strncmp.o)

.glue_7t        0x0000ff14        0x0 load address 0x0000ff11
 .glue_7t       0x0000ff14        0x0 obj_srf06-cc26xx/fault-handlers.o
 .glue_7t       0x0000ff14        0x0 obj_srf06-cc26xx/ccfg.o
 .glue_7t       0x0000ff14        0x0 obj_srf06-cc26xx/startup_gcc.o
 .glue_7t       0x0000ff14        0x0 hello-world.co
 .glue_7t       0x0000ff14        0x0 contiki-srf06-cc26xx.a(contiki-main.o)
 .glue_7t       0x0000ff14        0x0 contiki-srf06-cc26xx.a(sensors.o)
 .glue_7t       0x0000ff14        0x0 contiki-srf06-cc26xx.a(leds.o)
 .glue_7t       0x0000ff14        0x0 contiki-srf06-cc26xx.a(board.o)
 .glue_7t       0x0000ff14        0x0 contiki-srf06-cc26xx.a(launchpad-senso)
 .glue_7t       0x0000ff14        0x0 contiki-srf06-cc26xx.a(leds-arch.o)
 .glue_7t       0x0000ff14        0x0 contiki-srf06-cc26xx.a(button-sensor.o)
 .glue_7t       0x0000ff14        0x0 contiki-srf06-cc26xx.a(ext-flash.o)
 .glue_7t       0x0000ff14        0x0 contiki-srf06-cc26xx.a(board-spi.o)
 .glue_7t       0x0000ff14        0x0 contiki-srf06-cc26xx.a(prop-mode.o)
 .glue_7t       0x0000ff14        0x0 contiki-srf06-cc26xx.a(prop-mode-tx-po)
 .glue_7t       0x0000ff14        0x0 contiki-srf06-cc26xx.a(clock.o)
 .glue_7t       0x0000ff14        0x0 contiki-srf06-cc26xx.a(rtimer-arch.o)
 .glue_7t       0x0000ff14        0x0 contiki-srf06-cc26xx.a(soc-rtc.o)
 .glue_7t       0x0000ff14        0x0 contiki-srf06-cc26xx.a(contiki-watchdo)
 .glue_7t       0x0000ff14        0x0 contiki-srf06-cc26xx.a(putchar.o)
 .glue_7t       0x0000ff14        0x0 contiki-srf06-cc26xx.a(ieee-addr.o)
 .glue_7t       0x0000ff14        0x0 contiki-srf06-cc26xx.a(cc26xx-uart.o)
 .glue_7t       0x0000ff14        0x0 contiki-srf06-cc26xx.a(lpm.o)
 .glue_7t       0x0000ff14        0x0 contiki-srf06-cc26xx.a(gpio-interrupt.)
 .glue_7t       0x0000ff14        0x0 contiki-srf06-cc26xx.a(oscillators.o)
 .glue_7t       0x0000ff14        0x0 contiki-srf06-cc26xx.a(rf-core.o)
 .glue_7t       0x0000ff14        0x0 contiki-srf06-cc26xx.a(rf-ble.o)
 .glue_7t       0x0000ff14        0x0 contiki-srf06-cc26xx.a(random.o)
 .glue_7t       0x0000ff14        0x0 contiki-srf06-cc26xx.a(soc-trng.o)
 .glue_7t       0x0000ff14        0x0 contiki-srf06-cc26xx.a(dbg-printf.o)
 .glue_7t       0x0000ff14        0x0 contiki-srf06-cc26xx.a(strformat.o)
 .glue_7t       0x0000ff14        0x0 contiki-srf06-cc26xx.a(autostart.o)
 .glue_7t       0x0000ff14        0x0 contiki-srf06-cc26xx.a(ctimer.o)
 .glue_7t       0x0000ff14        0x0 contiki-srf06-cc26xx.a(energest.o)
 .glue_7t       0x0000ff14        0x0 contiki-srf06-cc26xx.a(etimer.o)
 .glue_7t       0x0000ff14        0x0 contiki-srf06-cc26xx.a(process.o)
 .glue_7t       0x0000ff14        0x0 contiki-srf06-cc26xx.a(rtimer.o)
 .glue_7t       0x0000ff14        0x0 contiki-srf06-cc26xx.a(timer.o)
 .glue_7t       0x0000ff14        0x0 contiki-srf06-cc26xx.a(serial-line.o)
 .glue_7t       0x0000ff14        0x0 contiki-srf06-cc26xx.a(list.o)
 .glue_7t       0x0000ff14        0x0 contiki-srf06-cc26xx.a(ringbuf.o)
 .glue_7t       0x0000ff14        0x0 contiki-srf06-cc26xx.a(sicslowpan.o)
 .glue_7t       0x0000ff14        0x0 contiki-srf06-cc26xx.a(uip6.o)
 .glue_7t       0x0000ff14        0x0 contiki-srf06-cc26xx.a(uip-ds6.o)
 .glue_7t       0x0000ff14        0x0 contiki-srf06-cc26xx.a(uip-ds6-nbr.o)
 .glue_7t       0x0000ff14        0x0 contiki-srf06-cc26xx.a(uip-ds6-route.o)
 .glue_7t       0x0000ff14        0x0 contiki-srf06-cc26xx.a(uip-icmp6.o)
 .glue_7t       0x0000ff14        0x0 contiki-srf06-cc26xx.a(uip-nd6.o)
 .glue_7t       0x0000ff14        0x0 contiki-srf06-cc26xx.a(tcpip.o)
 .glue_7t       0x0000ff14        0x0 contiki-srf06-cc26xx.a(uip-debug.o)
 .glue_7t       0x0000ff14        0x0 contiki-srf06-cc26xx.a(rpl.o)
 .glue_7t       0x0000ff14        0x0 contiki-srf06-cc26xx.a(rpl-dag.o)
 .glue_7t       0x0000ff14        0x0 contiki-srf06-cc26xx.a(rpl-ext-header.)
 .glue_7t       0x0000ff14        0x0 contiki-srf06-cc26xx.a(rpl-icmp6.o)
 .glue_7t       0x0000ff14        0x0 contiki-srf06-cc26xx.a(rpl-mrhof.o)
 .glue_7t       0x0000ff14        0x0 contiki-srf06-cc26xx.a(rpl-timers.o)
 .glue_7t       0x0000ff14        0x0 contiki-srf06-cc26xx.a(adi.o)
 .glue_7t       0x0000ff14        0x0 contiki-srf06-cc26xx.a(aon_rtc.o)
 .glue_7t       0x0000ff14        0x0 contiki-srf06-cc26xx.a(chipinfo.o)
 .glue_7t       0x0000ff14        0x0 contiki-srf06-cc26xx.a(cpu.o)
 .glue_7t       0x0000ff14        0x0 contiki-srf06-cc26xx.a(osc.o)
 .glue_7t       0x0000ff14        0x0 contiki-srf06-cc26xx.a(pwr_ctrl.o)
 .glue_7t       0x0000ff14        0x0 contiki-srf06-cc26xx.a(rfc.o)
 .glue_7t       0x0000ff14        0x0 contiki-srf06-cc26xx.a(setup.o)
 .glue_7t       0x0000ff14        0x0 contiki-srf06-cc26xx.a(setup_rom.o)
 .glue_7t       0x0000ff14        0x0 contiki-srf06-cc26xx.a(sys_ctrl.o)
 .glue_7t       0x0000ff14        0x0 contiki-srf06-cc26xx.a(trng.o)
 .glue_7t       0x0000ff14        0x0 contiki-srf06-cc26xx.a(linkaddr.o)
 .glue_7t       0x0000ff14        0x0 contiki-srf06-cc26xx.a(link-stats.o)
 .glue_7t       0x0000ff14        0x0 contiki-srf06-cc26xx.a(nbr-table.o)
 .glue_7t       0x0000ff14        0x0 contiki-srf06-cc26xx.a(netstack.o)
 .glue_7t       0x0000ff14        0x0 contiki-srf06-cc26xx.a(packetbuf.o)
 .glue_7t       0x0000ff14        0x0 contiki-srf06-cc26xx.a(queuebuf.o)
 .glue_7t       0x0000ff14        0x0 contiki-srf06-cc26xx.a(csma.o)
 .glue_7t       0x0000ff14        0x0 contiki-srf06-cc26xx.a(framer-802154.o)
 .glue_7t       0x0000ff14        0x0 contiki-srf06-cc26xx.a(mac.o)
 .glue_7t       0x0000ff14        0x0 contiki-srf06-cc26xx.a(contikimac.o)
 .glue_7t       0x0000ff14        0x0 contiki-srf06-cc26xx.a(nullsec.o)
 .glue_7t       0x0000ff14        0x0 contiki-srf06-cc26xx.a(smartrf-setting)
 .glue_7t       0x0000ff14        0x0 contiki-srf06-cc26xx.a(aux-ctrl.o)
 .glue_7t       0x0000ff14        0x0 contiki-srf06-cc26xx.a(stimer.o)
 .glue_7t       0x0000ff14        0x0 contiki-srf06-cc26xx.a(memb.o)
 .glue_7t       0x0000ff14        0x0 contiki-srf06-cc26xx.a(rpl-nbr-policy.)
 .glue_7t       0x0000ff14        0x0 contiki-srf06-cc26xx.a(aon_batmon.o)
 .glue_7t       0x0000ff14        0x0 contiki-srf06-cc26xx.a(ddi.o)
 .glue_7t       0x0000ff14        0x0 contiki-srf06-cc26xx.a(frame802154.o)
 .glue_7t       0x0000ff14        0x0 contiki-srf06-cc26xx.a(mac-sequence.o)
 .glue_7t       0x0000ff14        0x0 /home/user/CodeSourcery/Sourcery_G++_Lite/bin/../lib/gcc/arm-none-eabi/4.3.2/thumb2/libgcc.a(_aeabi_uldivmod.o)
 .glue_7t       0x0000ff14        0x0 /home/user/CodeSourcery/Sourcery_G++_Lite/bin/../lib/gcc/arm-none-eabi/4.3.2/thumb2/libgcc.a(bpabi.o)
 .glue_7t       0x0000ff14        0x0 /home/user/CodeSourcery/Sourcery_G++_Lite/bin/../lib/gcc/arm-none-eabi/4.3.2/thumb2/libgcc.a(_dvmd_tls.o)
 .glue_7t       0x0000ff14        0x0 /home/user/CodeSourcery/Sourcery_G++_Lite/bin/../lib/gcc/arm-none-eabi/4.3.2/thumb2/libgcc.a(_divdi3.o)
 .glue_7t       0x0000ff14        0x0 /home/user/CodeSourcery/Sourcery_G++_Lite/bin/../lib/gcc/arm-none-eabi/4.3.2/thumb2/libgcc.a(_udivdi3.o)
 .glue_7t       0x0000ff14        0x0 /home/user/CodeSourcery/Sourcery_G++_Lite/bin/../lib/gcc/arm-none-eabi/4.3.2/thumb2/libgcc.a(_udivsi3.o)
 .glue_7t       0x0000ff14        0x0 /home/user/CodeSourcery/Sourcery_G++_Lite/bin/../lib/gcc/arm-none-eabi/4.3.2/thumb2/libgcc.a(_clz.o)