Archive member included because of file (symbol)

contiki-srf06-cc26xx.a(contiki-main.o)
                              obj_srf06-cc26xx/startup_gcc.o (main)
contiki-srf06-cc26xx.a(sensors.o)
                              contiki-srf06-cc26xx.a(contiki-main.o) (sensors_process)
contiki-srf06-cc26xx.a(leds.o)
                              contiki-srf06-cc26xx.a(contiki-main.o) (leds_off)
contiki-srf06-cc26xx.a(board.o)
                              contiki-srf06-cc26xx.a(contiki-main.o) (board_init)
contiki-srf06-cc26xx.a(launchpad-senso)
                              contiki-srf06-cc26xx.a(sensors.o) (sensors)
contiki-srf06-cc26xx.a(leds-arch.o)
                              contiki-srf06-cc26xx.a(leds.o) (leds_arch_init)
contiki-srf06-cc26xx.a(button-sensor.o)
                              contiki-srf06-cc26xx.a(launchpad-senso) (button_left_sensor)
contiki-srf06-cc26xx.a(ext-flash.o)
                              contiki-srf06-cc26xx.a(board.o) (ext_flash_init)
contiki-srf06-cc26xx.a(board-spi.o)
                              contiki-srf06-cc26xx.a(ext-flash.o) (board_spi_write)
contiki-srf06-cc26xx.a(prop-mode.o)
                              contiki-srf06-cc26xx.a(contiki-main.o) (prop_mode_driver)
contiki-srf06-cc26xx.a(prop-mode-tx-po)
                              contiki-srf06-cc26xx.a(prop-mode.o) (prop_mode_tx_power_779_930)
contiki-srf06-cc26xx.a(clock.o)
                              contiki-srf06-cc26xx.a(contiki-main.o) (clock_init)
contiki-srf06-cc26xx.a(rtimer-arch.o)
                              broadcast-example.co (rtimer_arch_now)
contiki-srf06-cc26xx.a(soc-rtc.o)
                              contiki-srf06-cc26xx.a(rtimer-arch.o) (soc_rtc_schedule_one_shot)
contiki-srf06-cc26xx.a(contiki-watchdo)
                              contiki-srf06-cc26xx.a(contiki-main.o) (watchdog_init)
contiki-srf06-cc26xx.a(putchar.o)
                              broadcast-example.co (putchar)
contiki-srf06-cc26xx.a(ieee-addr.o)
                              contiki-srf06-cc26xx.a(contiki-main.o) (ieee_addr_cpy_to)
contiki-srf06-cc26xx.a(cc26xx-uart.o)
                              contiki-srf06-cc26xx.a(putchar.o) (cc26xx_uart_write_byte)
contiki-srf06-cc26xx.a(lpm.o)
                              contiki-srf06-cc26xx.a(prop-mode.o) (lpm_sleep)
contiki-srf06-cc26xx.a(gpio-interrupt.)
                              contiki-srf06-cc26xx.a(contiki-main.o) (gpio_interrupt_init)
contiki-srf06-cc26xx.a(oscillators.o)
                              contiki-srf06-cc26xx.a(prop-mode.o) (oscillators_request_hf_xosc)
contiki-srf06-cc26xx.a(rf-core.o)
                              contiki-srf06-cc26xx.a(prop-mode.o) (rf_core_is_accessible)
contiki-srf06-cc26xx.a(rf-ble.o)
                              contiki-srf06-cc26xx.a(prop-mode.o) (rf_ble_is_active)
contiki-srf06-cc26xx.a(random.o)
                              contiki-srf06-cc26xx.a(contiki-main.o) (random_init)
contiki-srf06-cc26xx.a(soc-trng.o)
                              contiki-srf06-cc26xx.a(random.o) (soc_trng_init)
contiki-srf06-cc26xx.a(dbg-printf.o)
                              broadcast-example.co (printf)
contiki-srf06-cc26xx.a(strformat.o)
                              contiki-srf06-cc26xx.a(dbg-printf.o) (format_str_v)
contiki-srf06-cc26xx.a(autostart.o)
                              contiki-srf06-cc26xx.a(contiki-main.o) (autostart_start)
contiki-srf06-cc26xx.a(ctimer.o)
                              contiki-srf06-cc26xx.a(contiki-main.o) (ctimer_init)
contiki-srf06-cc26xx.a(energest.o)
                              contiki-srf06-cc26xx.a(contiki-main.o) (energest_init)
contiki-srf06-cc26xx.a(etimer.o)
                              broadcast-example.co (etimer_expired)
contiki-srf06-cc26xx.a(process.o)
                              contiki-srf06-cc26xx.a(sensors.o) (process_alloc_event)
contiki-srf06-cc26xx.a(rtimer.o)
                              contiki-srf06-cc26xx.a(soc-rtc.o) (rtimer_run_next)
contiki-srf06-cc26xx.a(timer.o)
                              contiki-srf06-cc26xx.a(etimer.o) (timer_reset)
contiki-srf06-cc26xx.a(serial-line.o)
                              contiki-srf06-cc26xx.a(contiki-main.o) (serial_line_init)
contiki-srf06-cc26xx.a(list.o)
                              contiki-srf06-cc26xx.a(lpm.o) (list_init)
contiki-srf06-cc26xx.a(ringbuf.o)
                              contiki-srf06-cc26xx.a(serial-line.o) (ringbuf_init)
contiki-srf06-cc26xx.a(sicslowpan.o)
                              contiki-srf06-cc26xx.a(contiki-main.o) (sicslowpan_driver)
contiki-srf06-cc26xx.a(uip6.o)
                              contiki-srf06-cc26xx.a(sicslowpan.o) (uip_aligned_buf)
contiki-srf06-cc26xx.a(uip-ds6.o)
                              contiki-srf06-cc26xx.a(uip6.o) (uip_ds6_if)
contiki-srf06-cc26xx.a(uip-ds6-nbr.o)
                              contiki-srf06-cc26xx.a(sicslowpan.o) (uip_ds6_link_neighbor_callback)
contiki-srf06-cc26xx.a(uip-ds6-route.o)
[...]
Memory Configuration

Name             Origin             Length             Attributes
FLASH            0x00000000         0x0001ffa8         xr
FLASH_CCFG       0x0001ffa8         0x00000058         xr
SRAM             0x20000000         0x00005000         xrw
GPRAM            0x11000000         0x00002000         xrw
*default*        0x00000000         0xffffffff

Linker script and memory map

LOAD obj_srf06-cc26xx/fault-handlers.o
LOAD obj_srf06-cc26xx/ccfg.o
LOAD obj_srf06-cc26xx/startup_gcc.o
LOAD broadcast-example.co
LOAD contiki-srf06-cc26xx.a
LOAD /home/user/CodeSourcery/Sourcery_G++_Lite/bin/../lib/gcc/arm-none-eabi/4.3.2/../../../../arm-none-eabi/lib/thumb2/libm.a
START GROUP
LOAD /home/user/CodeSourcery/Sourcery_G++_Lite/bin/../lib/gcc/arm-none-eabi/4.3.2/thumb2/libgcc.a
LOAD /home/user/CodeSourcery/Sourcery_G++_Lite/bin/../lib/gcc/arm-none-eabi/4.3.2/../../../../arm-none-eabi/lib/thumb2/libc.a
END GROUP
                0x20005000                _estack = 0x20005000
                0x00000000                _Min_Heap_Size = 0x0
                0x00000100                _Min_Stack_Size = 0x100

.text           0x00000000    0x10afd
                0x00000000                _text = .
 *(SORT(.vectors))
 .vectors       0x00000000       0xc8 obj_srf06-cc26xx/startup_gcc.o
                0x00000000                g_pfnVectors
 *(SORT(.text*))
 .text.FaultISR
                0x000000c8       0x1c obj_srf06-cc26xx/fault-handlers.o
                0x000000c8                FaultISR
 .text.NmiSRHandler
                0x000000e4        0x4 obj_srf06-cc26xx/startup_gcc.o
                0x000000e4                NmiSR
 .text.IntDefaultHandler
                0x000000e8        0x4 obj_srf06-cc26xx/startup_gcc.o
                0x000000e8                SSI0IntHandler
                0x000000e8                SWEvent0IntHandler
                0x000000e8                uDMAIntHandler
                0x000000e8                WatchdogIntHandler
                0x000000e8                RFCHardwareIntHandler
                0x000000e8                Timer1BIntHandler
                0x000000e8                I2SIntHandler
                0x000000e8                Timer2BIntHandler
                0x000000e8                Timer2AIntHandler
                0x000000e8                Timer1AIntHandler
                0x000000e8                AONIntHandler
                0x000000e8                AUXSWEvent0IntHandler
                0x000000e8                AUXADCIntHandler
                0x000000e8                PendSVIntHandler
                0x000000e8                AUXSWEvent1IntHandler
                0x000000e8                SVCallIntHandler
                0x000000e8                MPUFaultIntHandler
                0x000000e8                SysTickIntHandler
                0x000000e8                BusFaultIntHandler
                0x000000e8                AONProgIntHandler
                0x000000e8                AUXCompAIntHandler
                0x000000e8                SSI1IntHandler
                0x000000e8                FlashIntHandler
                0x000000e8                uDMAErrIntHandler
                0x000000e8                UsageFaultIntHandler
                0x000000e8                RFCCmdAckIntHandler
                0x000000e8                CryptoIntHandler
                0x000000e8                Timer0AIntHandler
                0x000000e8                I2CIntHandler
                0x000000e8                DebugMonIntHandler
                0x000000e8                Timer0BIntHandler
                0x000000e8                AUXCombEventIntHandler
                0x000000e8                Timer3AIntHandler
                0x000000e8                DynProgIntHandler
                0x000000e8                Timer3BIntHandler
 .text.ResetISR
                0x000000ec       0x54 obj_srf06-cc26xx/startup_gcc.o
                0x000000ec                ResetISR
 .text.board_i2c_wakeup
                0x00000140       0x70 broadcast-example.co
                0x00000140                board_i2c_wakeup
 .text.board_i2c_select
                0x000001b0       0xb4 broadcast-example.co
                0x000001b0                board_i2c_select
 .text.var16    0x00000264       0x2c broadcast-example.co
                0x00000264                var16
 .text.receiver
                0x00000290       0x64 broadcast-example.co
 .text.stats    0x000002f4       0x9c broadcast-example.co
                0x000002f4                stats
 .text.detect   0x00000390      0x198 broadcast-example.co
                0x00000390                detect
 .text.i2c_status
                0x00000528       0x3c broadcast-example.co
 .text.board_i2c_write_read
                0x00000564      0x204 broadcast-example.co
                0x00000564                board_i2c_write_read
 .text.process_thread_broadcast_example_process
                0x00000768      0x198 broadcast-example.co
 .text.fade     0x00000900       0x64 contiki-srf06-cc26xx.a(contiki-main.o)
 .text.main     0x00000964      0x29c contiki-srf06-cc26xx.a(contiki-main.o)
                0x00000964                main
 .text.process_thread_sensors_process
                0x00000c00      0x13c contiki-srf06-cc26xx.a(sensors.o)
 .text.sensors_changed
                0x00000d3c       0x58 contiki-srf06-cc26xx.a(sensors.o)
                0x00000d3c                sensors_changed
 .text.leds_off
                0x00000d94       0x18 contiki-srf06-cc26xx.a(leds.o)
                0x00000d94                leds_off
 .text.leds_on  0x00000dac       0x18 contiki-srf06-cc26xx.a(leds.o)
                0x00000dac                leds_on
 .text.leds_init
                0x00000dc4       0x14 contiki-srf06-cc26xx.a(leds.o)
                0x00000dc4                leds_init
 .text.wakeup_handler
                0x00000dd8       0x20 contiki-srf06-cc26xx.a(board.o)
 .text.board_init
                0x00000df8       0x98 contiki-srf06-cc26xx.a(board.o)
                0x00000df8                board_init
 .text.leds_arch_init
                0x00000e90       0x38 contiki-srf06-cc26xx.a(leds-arch.o)
                0x00000e90                leds_arch_init
 .text.leds_arch_set
                0x00000ec8       0x3c contiki-srf06-cc26xx.a(leds-arch.o)
                0x00000ec8                leds_arch_set
 .text.value_left
                0x00000f04       0x2c contiki-srf06-cc26xx.a(button-sensor.o)
 .text.value_right
                0x00000f30       0x2c contiki-srf06-cc26xx.a(button-sensor.o)
 .text.status_left
                0x00000f5c       0x24 contiki-srf06-cc26xx.a(button-sensor.o)
 .text.status_right
                0x00000f80       0x24 contiki-srf06-cc26xx.a(button-sensor.o)
 .text.config_buttons
                0x00000fa4       0x9c contiki-srf06-cc26xx.a(button-sensor.o)
 .text.config_right
                0x00001040        0xc contiki-srf06-cc26xx.a(button-sensor.o)
 .text.config_left
                0x0000104c        0xc contiki-srf06-cc26xx.a(button-sensor.o)
 .text.button_press_handler
                0x00001058       0x68 contiki-srf06-cc26xx.a(button-sensor.o)
 .text.wait_ready
                0x000010c0       0x70 contiki-srf06-cc26xx.a(ext-flash.o)
 .text.verify_part
                0x00001130       0xa8 contiki-srf06-cc26xx.a(ext-flash.o)
 .text.ext_flash_close
                0x000011d8       0x60 contiki-srf06-cc26xx.a(ext-flash.o)
                0x000011d8                ext_flash_close
 .text.ext_flash_open
                0x00001238       0x70 contiki-srf06-cc26xx.a(ext-flash.o)
                0x00001238                ext_flash_open
 .text.ext_flash_init
                0x000012a8        0xc contiki-srf06-cc26xx.a(ext-flash.o)
                0x000012a8                ext_flash_init
 .text.accessible
                0x000012b4       0x2c contiki-srf06-cc26xx.a(board-spi.o)
 .text.board_spi_write
                0x000012e0       0x48 contiki-srf06-cc26xx.a(board-spi.o)
                0x000012e0                board_spi_write
 .text.board_spi_read
                0x00001328       0x54 contiki-srf06-cc26xx.a(board-spi.o)
                0x00001328                board_spi_read
 .text.board_spi_flush
                0x0000137c       0x28 contiki-srf06-cc26xx.a(board-spi.o)
                0x0000137c                board_spi_flush
 .text.board_spi_open
                0x000013a4       0xdc contiki-srf06-cc26xx.a(board-spi.o)
                0x000013a4                board_spi_open
 .text.board_spi_close
                0x00001480       0x78 contiki-srf06-cc26xx.a(board-spi.o)
                0x00001480                board_spi_close
 .text.get_channel
                0x000014f8       0x50 contiki-srf06-cc26xx.a(prop-mode.o)
 .text.set_channel
                0x00001548       0x54 contiki-srf06-cc26xx.a(prop-mode.o)
 .text.get_object
                0x0000159c        0x4 contiki-srf06-cc26xx.a(prop-mode.o)
 .text.set_object
                0x000015a0        0x4 contiki-srf06-cc26xx.a(prop-mode.o)
 .text.rf_is_on
                0x000015a4       0x1c contiki-srf06-cc26xx.a(prop-mode.o)
 .text.request  0x000015c0       0x10 contiki-srf06-cc26xx.a(prop-mode.o)
 .text.soft_off_prop
                0x000015d0       0x3c contiki-srf06-cc26xx.a(prop-mode.o)
 .text.rx_off_prop
                0x0000160c       0x44 contiki-srf06-cc26xx.a(prop-mode.o)
 .text.prop_div_radio_setup
                0x00001650       0x50 contiki-srf06-cc26xx.a(prop-mode.o)
 .text.prop_fs  0x000016a0       0x34 contiki-srf06-cc26xx.a(prop-mode.o)
 .text.rx_on_prop
                0x000016d4       0x64 contiki-srf06-cc26xx.a(prop-mode.o)
 .text.soft_on_prop
                0x00001738       0x20 contiki-srf06-cc26xx.a(prop-mode.o)
 .text.off      0x00001758       0x28 contiki-srf06-cc26xx.a(prop-mode.o)
 .text.on       0x00001780      0x274 contiki-srf06-cc26xx.a(prop-mode.o)
 .text.set_value
                0x000019f4      0x128 contiki-srf06-cc26xx.a(prop-mode.o)
 .text.get_value
                0x00001b1c      0x14c contiki-srf06-cc26xx.a(prop-mode.o)
 .text.channel_clear
                0x00001c68       0x94 contiki-srf06-cc26xx.a(prop-mode.o)
 .text.receiving_packet
                0x00001cfc       0x18 contiki-srf06-cc26xx.a(prop-mode.o)
 .text.prepare  0x00001d14       0x1c contiki-srf06-cc26xx.a(prop-mode.o)
 .text.pending_packet
                0x00001d30       0x38 contiki-srf06-cc26xx.a(prop-mode.o)
 .text.read_frame
                0x00001d68       0x54 contiki-srf06-cc26xx.a(prop-mode.o)
 .text.transmit
                0x00001dbc       0xa0 contiki-srf06-cc26xx.a(prop-mode.o)
 .text.send     0x00001e5c       0x24 contiki-srf06-cc26xx.a(prop-mode.o)
 .text.init     0x00001e80       0x8c contiki-srf06-cc26xx.a(prop-mode.o)
 .text.power_domain_on
                0x00001f0c       0x20 contiki-srf06-cc26xx.a(clock.o)
 .text.clock_init
                0x00001f2c       0xb8 contiki-srf06-cc26xx.a(clock.o)
                0x00001f2c                clock_init
 .text.clock_time
                0x00001fe4       0x40 contiki-srf06-cc26xx.a(clock.o)
                0x00001fe4                clock_time
 .text.clock_seconds
                0x00002024       0x1c contiki-srf06-cc26xx.a(clock.o)
                0x00002024                clock_seconds
 .text.clock_update
                0x00002040       0x44 contiki-srf06-cc26xx.a(clock.o)
                0x00002040                clock_update
 .text.rtimer_arch_init
                0x00002084        0x4 contiki-srf06-cc26xx.a(rtimer-arch.o)
                0x00002084                rtimer_arch_init
 .text.rtimer_arch_now
                0x00002088        0x8 contiki-srf06-cc26xx.a(rtimer-arch.o)
                0x00002088                rtimer_arch_now
 .text.rtimer_arch_schedule
                0x00002090        0xc contiki-srf06-cc26xx.a(rtimer-arch.o)
                0x00002090                rtimer_arch_schedule
 .text.soc_rtc_schedule_one_shot
                0x0000209c       0x74 contiki-srf06-cc26xx.a(soc-rtc.o)
                0x0000209c                soc_rtc_schedule_one_shot
 .text.soc_rtc_last_isr_time
                0x00002110        0xc contiki-srf06-cc26xx.a(soc-rtc.o)
                0x00002110                soc_rtc_last_isr_time
 .text.AONRTCIntHandler
                0x0000211c       0xac contiki-srf06-cc26xx.a(soc-rtc.o)
                0x0000211c                AONRTCIntHandler
 .text.soc_rtc_init
                0x000021c8       0xb0 contiki-srf06-cc26xx.a(soc-rtc.o)
                0x000021c8                soc_rtc_init
 .text.watchdog_init
                0x00002278       0x20 contiki-srf06-cc26xx.a(contiki-watchdo)
                0x00002278                watchdog_init
 .text.watchdog_periodic
                0x00002298       0x20 contiki-srf06-cc26xx.a(contiki-watchdo)
                0x00002298                watchdog_periodic
 .text.watchdog_start
                0x000022b8       0x74 contiki-srf06-cc26xx.a(contiki-watchdo)
                0x000022b8                watchdog_start
 .text.putchar  0x0000232c       0x10 contiki-srf06-cc26xx.a(putchar.o)
                0x0000232c                putchar
 .text.dbg_send_bytes
                0x0000233c       0x38 contiki-srf06-cc26xx.a(putchar.o)
                0x0000233c                dbg_send_bytes
 .text.puts     0x00002374       0x2c contiki-srf06-cc26xx.a(putchar.o)
                0x00002374                puts
 .text.ieee_addr_cpy_to
                0x000023a0       0x4c contiki-srf06-cc26xx.a(ieee-addr.o)
                0x000023a0                ieee_addr_cpy_to
 .text.power_and_clock
                0x000023ec       0x50 contiki-srf06-cc26xx.a(cc26xx-uart.o)
 .text.accessible
                0x0000243c       0x2c contiki-srf06-cc26xx.a(cc26xx-uart.o)
 .text.enable   0x00002468      0x10c contiki-srf06-cc26xx.a(cc26xx-uart.o)
 .text.cc26xx_uart_write_byte
                0x00002574       0x2c contiki-srf06-cc26xx.a(cc26xx-uart.o)
                0x00002574                cc26xx_uart_write_byte
 .text.cc26xx_uart_busy
                0x000025a0       0x1c contiki-srf06-cc26xx.a(cc26xx-uart.o)
                0x000025a0                cc26xx_uart_busy
 .text.UART0IntHandler
                0x000025bc       0x6c contiki-srf06-cc26xx.a(cc26xx-uart.o)
                0x000025bc                UART0IntHandler
 .text.lpm_drop_handler
                0x00002628       0xe0 contiki-srf06-cc26xx.a(cc26xx-uart.o)
 .text.cc26xx_uart_init
                0x00002708       0x2c contiki-srf06-cc26xx.a(cc26xx-uart.o)
                0x00002708                cc26xx_uart_init
 .text.lpm_sleep
                0x00002734       0x14 contiki-srf06-cc26xx.a(lpm.o)
                0x00002734                lpm_sleep
 .text.lpm_pin_set_default_state
                0x00002748       0x34 contiki-srf06-cc26xx.a(lpm.o)
                0x00002748                lpm_pin_set_default_state
 .text.lpm_init
                0x0000277c       0x24 contiki-srf06-cc26xx.a(lpm.o)
                0x0000277c                lpm_init
 .text.lpm_unregister_module
                0x000027a0       0x14 contiki-srf06-cc26xx.a(lpm.o)
                0x000027a0                lpm_unregister_module
 .text.lpm_register_module
                0x000027b4       0x14 contiki-srf06-cc26xx.a(lpm.o)
                0x000027b4                lpm_register_module
 .text.lpm_drop
                0x000027c8      0x2c8 contiki-srf06-cc26xx.a(lpm.o)
                0x000027c8                lpm_drop
 .text.lpm_shutdown
                0x00002a90      0x1dc contiki-srf06-cc26xx.a(lpm.o)
                0x00002a90                lpm_shutdown
 .text.gpio_interrupt_init
                0x00002c6c       0x28 contiki-srf06-cc26xx.a(gpio-interrupt.)
                0x00002c6c                gpio_interrupt_init
 .text.GPIOIntHandler
                0x00002c94       0x38 contiki-srf06-cc26xx.a(gpio-interrupt.)
                0x00002c94                GPIOIntHandler
 .text.gpio_interrupt_register_handler
                0x00002ccc       0x2c contiki-srf06-cc26xx.a(gpio-interrupt.)
                0x00002ccc                gpio_interrupt_register_handler
 .text.oscillators_request_hf_xosc
                0x00002cf8       0x30 contiki-srf06-cc26xx.a(oscillators.o)
                0x00002cf8                oscillators_request_hf_xosc
 .text.oscillators_select_lf_rcosc
                0x00002d28       0x3c contiki-srf06-cc26xx.a(oscillators.o)
                0x00002d28                oscillators_select_lf_rcosc
 .text.oscillators_select_lf_xosc
                0x00002d64       0x5c contiki-srf06-cc26xx.a(oscillators.o)
                0x00002d64                oscillators_select_lf_xosc
 .text.oscillators_switch_to_hf_rc
                0x00002dc0       0x3c contiki-srf06-cc26xx.a(oscillators.o)
                0x00002dc0                oscillators_switch_to_hf_rc
 .text.oscillators_switch_to_hf_xosc
                0x00002dfc       0x38 contiki-srf06-cc26xx.a(oscillators.o)
                0x00002dfc                oscillators_switch_to_hf_xosc
 .text.rf_core_is_accessible
                0x00002e34       0x10 contiki-srf06-cc26xx.a(rf-core.o)
                0x00002e34                rf_core_is_accessible
 .text.rf_core_wait_cmd_done
                0x00002e44       0x34 contiki-srf06-cc26xx.a(rf-core.o)
                0x00002e44                rf_core_wait_cmd_done
 .text.rf_core_cmd_done_en
                0x00002e78       0x30 contiki-srf06-cc26xx.a(rf-core.o)
                0x00002e78                rf_core_cmd_done_en
 .text.rf_core_cmd_done_dis
                0x00002ea8       0x1c contiki-srf06-cc26xx.a(rf-core.o)
                0x00002ea8                rf_core_cmd_done_dis
 .text.rf_core_get_last_radio_op
                0x00002ec4        0xc contiki-srf06-cc26xx.a(rf-core.o)
                0x00002ec4                rf_core_get_last_radio_op
 .text.rf_core_primary_mode_register
                0x00002ed0        0xc contiki-srf06-cc26xx.a(rf-core.o)
                0x00002ed0                rf_core_primary_mode_register
 .text.process_thread_rf_core_process
                0x00002edc       0x7c contiki-srf06-cc26xx.a(rf-core.o)
 .text.rf_core_setup_interrupts
                0x00002f58       0x80 contiki-srf06-cc26xx.a(rf-core.o)
                0x00002f58                rf_core_setup_interrupts
 .text.rf_core_send_cmd
                0x00002fd8       0xc4 contiki-srf06-cc26xx.a(rf-core.o)
                0x00002fd8                rf_core_send_cmd
 .text.rf_core_power_up
                0x0000309c       0xf0 contiki-srf06-cc26xx.a(rf-core.o)
                0x0000309c                rf_core_power_up
 .text.RFCCPE1IntHandler
                0x0000318c       0x2c contiki-srf06-cc26xx.a(rf-core.o)
                0x0000318c                RFCCPE1IntHandler
 .text.RFCCPE0IntHandler
                0x000031b8       0x88 contiki-srf06-cc26xx.a(rf-core.o)
                0x000031b8                RFCCPE0IntHandler
 .text.rf_core_stop_rat
                0x00003240       0x80 contiki-srf06-cc26xx.a(rf-core.o)
                0x00003240                rf_core_stop_rat
 .text.rf_core_power_down
                0x000032c0      0x104 contiki-srf06-cc26xx.a(rf-core.o)
                0x000032c0                rf_core_power_down
 .text.rf_core_start_rat
                0x000033c4       0x68 contiki-srf06-cc26xx.a(rf-core.o)
                0x000033c4                rf_core_start_rat
 .text.rf_core_set_modesel
                0x0000342c       0x58 contiki-srf06-cc26xx.a(rf-core.o)
                0x0000342c                rf_core_set_modesel
 .text.rf_ble_is_active
                0x00003484        0xc contiki-srf06-cc26xx.a(rf-ble.o)
                0x00003484                rf_ble_is_active
 .text.random_init
                0x00003490        0x8 contiki-srf06-cc26xx.a(random.o)
                0x00003490                random_init
 .text.random_rand
                0x00003498        0xc contiki-srf06-cc26xx.a(random.o)
                0x00003498                random_rand
 .text.power_up
                0x000034a4       0x50 contiki-srf06-cc26xx.a(soc-trng.o)
 .text.request  0x000034f4       0x14 contiki-srf06-cc26xx.a(soc-trng.o)
 .text.process_thread_soc_trng_process
                0x00003508       0xb4 contiki-srf06-cc26xx.a(soc-trng.o)
 .text.soc_trng_init
                0x000035bc       0x28 contiki-srf06-cc26xx.a(soc-trng.o)
                0x000035bc                soc_trng_init
 .text.TRNGIntHandler
                0x000035e4       0x58 contiki-srf06-cc26xx.a(soc-trng.o)
                0x000035e4                TRNGIntHandler
 .text.soc_trng_rand_synchronous
                0x0000363c      0x114 contiki-srf06-cc26xx.a(soc-trng.o)
                0x0000363c                soc_trng_rand_synchronous
 .text.printf   0x00003750       0x24 contiki-srf06-cc26xx.a(dbg-printf.o)
                0x00003750                printf
 .text.write_str
                0x00003774       0x10 contiki-srf06-cc26xx.a(dbg-printf.o)
 .text.fill_space
                0x00003784       0x48 contiki-srf06-cc26xx.a(strformat.o)
 .text.format_str_v
                0x000037cc      0x9ec contiki-srf06-cc26xx.a(strformat.o)
                0x000037cc                format_str_v
 .text.autostart_start
                0x000041b8       0x1c contiki-srf06-cc26xx.a(autostart.o)
                0x000041b8                autostart_start
 .text.process_thread_ctimer_process
                0x000041d4       0xa0 contiki-srf06-cc26xx.a(ctimer.o)
 .text.ctimer_stop
                0x00004274       0x2c contiki-srf06-cc26xx.a(ctimer.o)
                0x00004274                ctimer_stop
 .text.ctimer_restart
                0x000042a0       0x3c contiki-srf06-cc26xx.a(ctimer.o)
                0x000042a0                ctimer_restart
 .text.ctimer_set_with_process
                0x000042dc       0x4c contiki-srf06-cc26xx.a(ctimer.o)
                0x000042dc                ctimer_set_with_process
 .text.ctimer_set
                0x00004328       0x18 contiki-srf06-cc26xx.a(ctimer.o)
                0x00004328                ctimer_set
 .text.ctimer_reset
                0x00004340       0x3c contiki-srf06-cc26xx.a(ctimer.o)
                0x00004340                ctimer_reset
 .text.ctimer_init
                0x0000437c       0x2c contiki-srf06-cc26xx.a(ctimer.o)
                0x0000437c                ctimer_init
 .text.energest_init
                0x000043a8        0x4 contiki-srf06-cc26xx.a(energest.o)
                0x000043a8                energest_init
 .text.etimer_expired
                0x000043ac        0xc contiki-srf06-cc26xx.a(etimer.o)
                0x000043ac                etimer_expired
 .text.etimer_expiration_time
                0x000043b8        0x8 contiki-srf06-cc26xx.a(etimer.o)
                0x000043b8                etimer_expiration_time
 .text.etimer_pending
                0x000043c0       0x14 contiki-srf06-cc26xx.a(etimer.o)
                0x000043c0                etimer_pending
 .text.etimer_next_expiration_time
                0x000043d4       0x18 contiki-srf06-cc26xx.a(etimer.o)
                0x000043d4                etimer_next_expiration_time
 .text.update_time
                0x000043ec       0x54 contiki-srf06-cc26xx.a(etimer.o)
 .text.etimer_stop
                0x00004440       0x3c contiki-srf06-cc26xx.a(etimer.o)
                0x00004440                etimer_stop
 .text.etimer_request_poll
                0x0000447c       0x10 contiki-srf06-cc26xx.a(etimer.o)
                0x0000447c                etimer_request_poll
 .text.process_thread_etimer_process
                0x0000448c       0xd4 contiki-srf06-cc26xx.a(etimer.o)
 .text.add_timer
                0x00004560       0x5c contiki-srf06-cc26xx.a(etimer.o)
 .text.etimer_restart
                0x000045bc       0x10 contiki-srf06-cc26xx.a(etimer.o)
                0x000045bc                etimer_restart
 .text.etimer_reset
                0x000045cc       0x10 contiki-srf06-cc26xx.a(etimer.o)
                0x000045cc                etimer_reset
 .text.etimer_set
                0x000045dc       0x10 contiki-srf06-cc26xx.a(etimer.o)
                0x000045dc                etimer_set
 .text.process_alloc_event
                0x000045ec       0x10 contiki-srf06-cc26xx.a(process.o)
                0x000045ec                process_alloc_event
 .text.call_process
                0x000045fc       0x4c contiki-srf06-cc26xx.a(process.o)
 .text.exit_process
                0x00004648       0xc0 contiki-srf06-cc26xx.a(process.o)
 .text.process_init
                0x00004708       0x3c contiki-srf06-cc26xx.a(process.o)
                0x00004708                process_init
 .text.process_run
                0x00004744      0x10c contiki-srf06-cc26xx.a(process.o)
                0x00004744                process_run
 .text.process_nevents
                0x00004850       0x18 contiki-srf06-cc26xx.a(process.o)
                0x00004850                process_nevents
 .text.process_post
                0x00004868       0x50 contiki-srf06-cc26xx.a(process.o)
                0x00004868                process_post
 .text.process_post_synch
                0x000048b8       0x14 contiki-srf06-cc26xx.a(process.o)
                0x000048b8                process_post_synch
 .text.process_start
                0x000048cc       0x58 contiki-srf06-cc26xx.a(process.o)
                0x000048cc                process_start
 .text.process_poll
                0x00004924       0x1c contiki-srf06-cc26xx.a(process.o)
                0x00004924                process_poll
 .text.rtimer_run_next
                0x00004940       0x24 contiki-srf06-cc26xx.a(rtimer.o)
                0x00004940                rtimer_run_next
 .text.rtimer_set
                0x00004964       0x30 contiki-srf06-cc26xx.a(rtimer.o)
                0x00004964                rtimer_set
 .text.rtimer_init
                0x00004994        0x8 contiki-srf06-cc26xx.a(rtimer.o)
                0x00004994                rtimer_init
 .text.timer_reset
                0x0000499c        0xc contiki-srf06-cc26xx.a(timer.o)
                0x0000499c                timer_reset
 .text.timer_expired
                0x000049a8       0x1c contiki-srf06-cc26xx.a(timer.o)
                0x000049a8                timer_expired
 .text.timer_restart
                0x000049c4        0xc contiki-srf06-cc26xx.a(timer.o)
                0x000049c4                timer_restart
 .text.timer_set
                0x000049d0       0x10 contiki-srf06-cc26xx.a(timer.o)
                0x000049d0                timer_set
 .text.process_thread_serial_line_process
                0x000049e0       0xe4 contiki-srf06-cc26xx.a(serial-line.o)
 .text.serial_line_init
                0x00004ac4       0x28 contiki-srf06-cc26xx.a(serial-line.o)
                0x00004ac4                serial_line_init
 .text.list_init
                0x00004aec        0x8 contiki-srf06-cc26xx.a(list.o)
                0x00004aec                list_init
 .text.list_head
                0x00004af4        0x4 contiki-srf06-cc26xx.a(list.o)
                0x00004af4                list_head
 .text.list_add
                0x00004af8       0x50 contiki-srf06-cc26xx.a(list.o)
                0x00004af8                list_add
 .text.list_push
                0x00004b48       0x40 contiki-srf06-cc26xx.a(list.o)
                0x00004b48                list_push
 .text.list_remove
                0x00004b88       0x2c contiki-srf06-cc26xx.a(list.o)
                0x00004b88                list_remove
 .text.list_length
                0x00004bb4       0x18 contiki-srf06-cc26xx.a(list.o)
                0x00004bb4                list_length
 .text.list_item_next
                0x00004bcc        0x8 contiki-srf06-cc26xx.a(list.o)
                0x00004bcc                list_item_next
 .text.ringbuf_init
                0x00004bd4       0x10 contiki-srf06-cc26xx.a(ringbuf.o)
                0x00004bd4                ringbuf_init
 .text.ringbuf_get
                0x00004be4       0x28 contiki-srf06-cc26xx.a(ringbuf.o)
                0x00004be4                ringbuf_get
 .text.compress_addr_64
                0x00004c0c       0xac contiki-srf06-cc26xx.a(sicslowpan.o)
 .text.store_fragment
                0x00004cb8       0x70 contiki-srf06-cc26xx.a(sicslowpan.o)
 .text.add_fragment
                0x00004d28      0x1f4 contiki-srf06-cc26xx.a(sicslowpan.o)
 .text.uncompress_addr
                0x00004f1c       0xa8 contiki-srf06-cc26xx.a(sicslowpan.o)
 .text.set_packet_attrs
                0x00004fc4       0x48 contiki-srf06-cc26xx.a(sicslowpan.o)
 .text.input    0x0000500c      0x708 contiki-srf06-cc26xx.a(sicslowpan.o)
 .text.sicslowpan_init
                0x00005714       0x28 contiki-srf06-cc26xx.a(sicslowpan.o)
                0x00005714                sicslowpan_init
 .text.addr_context_lookup_by_prefix
                0x0000573c       0x28 contiki-srf06-cc26xx.a(sicslowpan.o)
 .text.send_packet
                0x00005764       0x28 contiki-srf06-cc26xx.a(sicslowpan.o)
 .text.output   0x0000578c      0x830 contiki-srf06-cc26xx.a(sicslowpan.o)
 .text.packet_sent
                0x00005fbc       0x2c contiki-srf06-cc26xx.a(sicslowpan.o)
 .text.uip_add32
                0x00005fe8       0x6c contiki-srf06-cc26xx.a(uip6.o)
                0x00005fe8                uip_add32
 .text.upper_layer_chksum
                0x00006054       0xe0 contiki-srf06-cc26xx.a(uip6.o)
 .text.uip_icmp6chksum
                0x00006134        0xc contiki-srf06-cc26xx.a(uip6.o)
                0x00006134                uip_icmp6chksum
 .text.uip_tcpchksum
                0x00006140        0xc contiki-srf06-cc26xx.a(uip6.o)
                0x00006140                uip_tcpchksum
 .text.uip_udpchksum
                0x0000614c        0xc contiki-srf06-cc26xx.a(uip6.o)
                0x0000614c                uip_udpchksum
 .text.uip_unlisten
                0x00006158       0x30 contiki-srf06-cc26xx.a(uip6.o)
                0x00006158                uip_unlisten
 .text.uip_add_rcv_nxt
                0x00006188       0x38 contiki-srf06-cc26xx.a(uip6.o)
 .text.uip_htonl
                0x000061c0       0x18 contiki-srf06-cc26xx.a(uip6.o)
                0x000061c0                uip_htonl
 .text.ext_hdr_options_process
                0x000061d8       0xc4 contiki-srf06-cc26xx.a(uip6.o)
 .text.uip_udp_new
                0x0000629c       0xa8 contiki-srf06-cc26xx.a(uip6.o)
                0x0000629c                uip_udp_new
 .text.remove_ext_hdr
                0x00006344       0x60 contiki-srf06-cc26xx.a(uip6.o)
                0x00006344                remove_ext_hdr
 .text.uip_process
                0x000063a4     0x121c contiki-srf06-cc26xx.a(uip6.o)
                0x000063a4                uip_process
 .text.uip_init
                0x000075c0       0x64 contiki-srf06-cc26xx.a(uip6.o)
                0x000075c0                uip_init
 .text.uip_ds6_get_link_local
                0x00007624       0x50 contiki-srf06-cc26xx.a(uip-ds6.o)
                0x00007624                uip_ds6_get_link_local
 .text.uip_ds6_select_src
                0x00007674       0xe4 contiki-srf06-cc26xx.a(uip-ds6.o)
                0x00007674                uip_ds6_select_src
 .text.uip_ds6_compute_reachable_time
                0x00007758       0x2c contiki-srf06-cc26xx.a(uip-ds6.o)
                0x00007758                uip_ds6_compute_reachable_time
 .text.uip_ds6_set_addr_iid
                0x00007784       0x18 contiki-srf06-cc26xx.a(uip-ds6.o)
                0x00007784                uip_ds6_set_addr_iid
 .text.uip_ds6_is_addr_onlink
                0x0000779c       0x4c contiki-srf06-cc26xx.a(uip-ds6.o)
                0x0000779c                uip_ds6_is_addr_onlink
 .text.uip_ds6_list_loop
                0x000077e8       0x60 contiki-srf06-cc26xx.a(uip-ds6.o)
                0x000077e8                uip_ds6_list_loop
 .text.uip_ds6_maddr_lookup
                0x00007848       0x30 contiki-srf06-cc26xx.a(uip-ds6.o)
                0x00007848                uip_ds6_maddr_lookup
 .text.uip_ds6_addr_rm
                0x00007878       0x4c contiki-srf06-cc26xx.a(uip-ds6.o)
                0x00007878                uip_ds6_addr_rm
 .text.uip_ds6_maddr_add
                0x000078c4       0x44 contiki-srf06-cc26xx.a(uip-ds6.o)
                0x000078c4                uip_ds6_maddr_add
 .text.uip_ds6_addr_lookup
                0x00007908       0x30 contiki-srf06-cc26xx.a(uip-ds6.o)
                0x00007908                uip_ds6_addr_lookup
 .text.uip_ds6_addr_add
                0x00007938       0xa0 contiki-srf06-cc26xx.a(uip-ds6.o)
                0x00007938                uip_ds6_addr_add
 .text.uip_ds6_prefix_add
                0x000079d8       0x68 contiki-srf06-cc26xx.a(uip-ds6.o)
                0x000079d8                uip_ds6_prefix_add
 .text.uip_ds6_periodic
                0x00007a40       0x60 contiki-srf06-cc26xx.a(uip-ds6.o)
                0x00007a40                uip_ds6_periodic
 .text.uip_ds6_init
                0x00007aa0      0x104 contiki-srf06-cc26xx.a(uip-ds6.o)
                0x00007aa0                uip_ds6_init
 .text.uip_ds6_link_neighbor_callback
                0x00007ba4       0x34 contiki-srf06-cc26xx.a(uip-ds6-nbr.o)
                0x00007ba4                uip_ds6_link_neighbor_callback
 .text.uip_ds6_nbr_ipaddr_from_lladdr
                0x00007bd8       0x14 contiki-srf06-cc26xx.a(uip-ds6-nbr.o)
                0x00007bd8                uip_ds6_nbr_ipaddr_from_lladdr
 .text.uip_ds6_nbr_lookup
                0x00007bec       0x38 contiki-srf06-cc26xx.a(uip-ds6-nbr.o)
                0x00007bec                uip_ds6_nbr_lookup
 .text.uip_ds6_nbr_get_ll
                0x00007c24       0x14 contiki-srf06-cc26xx.a(uip-ds6-nbr.o)
                0x00007c24                uip_ds6_nbr_get_ll
 .text.uip_ds6_nbr_lladdr_from_ipaddr
                0x00007c38       0x1c contiki-srf06-cc26xx.a(uip-ds6-nbr.o)
                0x00007c38                uip_ds6_nbr_lladdr_from_ipaddr
 .text.uip_ds6_nbr_rm
                0x00007c54       0x1c contiki-srf06-cc26xx.a(uip-ds6-nbr.o)
                0x00007c54                uip_ds6_nbr_rm
 .text.uip_ds6_nbr_add
                0x00007c70       0x34 contiki-srf06-cc26xx.a(uip-ds6-nbr.o)
                0x00007c70                uip_ds6_nbr_add
 .text.uip_ds6_neighbors_init
                0x00007ca4       0x20 contiki-srf06-cc26xx.a(uip-ds6-nbr.o)
                0x00007ca4                uip_ds6_neighbors_init
 .text.uip_ds6_route_head
                0x00007cc4       0x10 contiki-srf06-cc26xx.a(uip-ds6-route.o)
                0x00007cc4                uip_ds6_route_head
 .text.uip_ds6_route_next
                0x00007cd4        0xc contiki-srf06-cc26xx.a(uip-ds6-route.o)
                0x00007cd4                uip_ds6_route_next
 .text.uip_ds6_defrt_choose
                0x00007ce0       0x34 contiki-srf06-cc26xx.a(uip-ds6-route.o)
                0x00007ce0                uip_ds6_defrt_choose
 .text.uip_ds6_defrt_lookup
                0x00007d14       0x34 contiki-srf06-cc26xx.a(uip-ds6-route.o)
                0x00007d14                uip_ds6_defrt_lookup
 .text.call_route_callback
                0x00007d48       0x54 contiki-srf06-cc26xx.a(uip-ds6-route.o)
 .text.uip_ds6_defrt_rm
                0x00007d9c       0x54 contiki-srf06-cc26xx.a(uip-ds6-route.o)
                0x00007d9c                uip_ds6_defrt_rm
 .text.uip_ds6_defrt_periodic
                0x00007df0       0x48 contiki-srf06-cc26xx.a(uip-ds6-route.o)
                0x00007df0                uip_ds6_defrt_periodic
 .text.uip_ds6_route_lookup
                0x00007e38       0x90 contiki-srf06-cc26xx.a(uip-ds6-route.o)
                0x00007e38                uip_ds6_route_lookup
 .text.uip_ds6_defrt_add
                0x00007ec8       0x60 contiki-srf06-cc26xx.a(uip-ds6-route.o)
                0x00007ec8                uip_ds6_defrt_add
 .text.uip_ds6_route_is_nexthop
                0x00007f28       0x20 contiki-srf06-cc26xx.a(uip-ds6-route.o)
                0x00007f28                uip_ds6_route_is_nexthop
 .text.uip_ds6_route_nexthop
                0x00007f48       0x1c contiki-srf06-cc26xx.a(uip-ds6-route.o)
                0x00007f48                uip_ds6_route_nexthop
 .text.uip_ds6_route_rm
                0x00007f64       0xb4 contiki-srf06-cc26xx.a(uip-ds6-route.o)
                0x00007f64                uip_ds6_route_rm
 .text.rm_routelist
                0x00008018       0x30 contiki-srf06-cc26xx.a(uip-ds6-route.o)
 .text.rm_routelist_callback
                0x00008048        0x8 contiki-srf06-cc26xx.a(uip-ds6-route.o)
 .text.uip_ds6_route_add
                0x00008050      0x10c contiki-srf06-cc26xx.a(uip-ds6-route.o)
                0x00008050                uip_ds6_route_add
 .text.uip_ds6_route_init
                0x0000815c       0x58 contiki-srf06-cc26xx.a(uip-ds6-route.o)
                0x0000815c                uip_ds6_route_init
 .text.echo_reply_input
                0x000081b4       0xb4 contiki-srf06-cc26xx.a(uip-icmp6.o)
 .text.uip_icmp6_input
                0x00008268       0x44 contiki-srf06-cc26xx.a(uip-icmp6.o)
                0x00008268                uip_icmp6_input
 .text.echo_request_input
                0x000082ac       0xc4 contiki-srf06-cc26xx.a(uip-icmp6.o)
 .text.uip_icmp6_register_input_handler
                0x00008370       0x14 contiki-srf06-cc26xx.a(uip-icmp6.o)
                0x00008370                uip_icmp6_register_input_handler
 .text.uip_icmp6_init
                0x00008384       0x28 contiki-srf06-cc26xx.a(uip-icmp6.o)
                0x00008384                uip_icmp6_init
 .text.uip_icmp6_send
                0x000083ac       0x88 contiki-srf06-cc26xx.a(uip-icmp6.o)
                0x000083ac                uip_icmp6_send
 .text.uip_icmp6_error_output
                0x00008434      0x1b0 contiki-srf06-cc26xx.a(uip-icmp6.o)
                0x00008434                uip_icmp6_error_output
 .text.uip_nd6_init
                0x000085e4       0x10 contiki-srf06-cc26xx.a(uip-nd6.o)
                0x000085e4                uip_nd6_init
 .text.ns_input
                0x000085f4      0x31c contiki-srf06-cc26xx.a(uip-nd6.o)
 .text.process_thread_simple_udp_process
                0x00008910       0xc0 contiki-srf06-cc26xx.a(simple-udp.o)
 .text.simple_udp_register
                0x000089d0       0xa0 contiki-srf06-cc26xx.a(simple-udp.o)
                0x000089d0                simple_udp_register
 .text.simple_udp_sendto
                0x00008a70       0x20 contiki-srf06-cc26xx.a(simple-udp.o)
                0x00008a70                simple_udp_sendto
 .text.tcpip_output
                0x00008a90       0x18 contiki-srf06-cc26xx.a(tcpip.o)
                0x00008a90                tcpip_output
 .text.tcpip_set_outputfunc
                0x00008aa8        0xc contiki-srf06-cc26xx.a(tcpip.o)
                0x00008aa8                tcpip_set_outputfunc
 .text.start_periodic_tcp_timer
                0x00008ab4       0x20 contiki-srf06-cc26xx.a(tcpip.o)
 .text.tcpip_uipcall
                0x00008ad4       0x78 contiki-srf06-cc26xx.a(tcpip.o)
                0x00008ad4                tcpip_uipcall
 .text.tcpip_input
                0x00008b4c       0x2c contiki-srf06-cc26xx.a(tcpip.o)
                0x00008b4c                tcpip_input
 .text.tcpip_icmp6_call
                0x00008b78       0x2c contiki-srf06-cc26xx.a(tcpip.o)
                0x00008b78                tcpip_icmp6_call
 .text.tcpip_ipv6_output
                0x00008ba4       0xc4 contiki-srf06-cc26xx.a(tcpip.o)
                0x00008ba4                tcpip_ipv6_output
 .text.process_thread_tcpip_process
                0x00008c68      0x208 contiki-srf06-cc26xx.a(tcpip.o)
 .text.udp_new  0x00008e70       0x20 contiki-srf06-cc26xx.a(tcpip.o)
                0x00008e70                udp_new
 .text.uip_debug_ipaddr_print
                0x00008e90       0xbc contiki-srf06-cc26xx.a(uip-debug.o)
                0x00008e90                uip_debug_ipaddr_print
 .text.uip_udp_packet_send
                0x00008f4c       0x54 contiki-srf06-cc26xx.a(uip-udp-packet.)
                0x00008f4c                uip_udp_packet_send
 .text.uip_udp_packet_sendto
                0x00008fa0       0x44 contiki-srf06-cc26xx.a(uip-udp-packet.)
                0x00008fa0                uip_udp_packet_sendto
 .text.rpl_get_mode
                0x00008fe4        0xc contiki-srf06-cc26xx.a(rpl.o)
                0x00008fe4                rpl_get_mode
 .text.rpl_init
                0x00008ff0       0x50 contiki-srf06-cc26xx.a(rpl.o)
                0x00008ff0                rpl_init
 .text.rpl_purge_dags
                0x00009040       0x6c contiki-srf06-cc26xx.a(rpl.o)
                0x00009040                rpl_purge_dags
 .text.rpl_ipv6_neighbor_callback
                0x000090ac       0x40 contiki-srf06-cc26xx.a(rpl.o)
                0x000090ac                rpl_ipv6_neighbor_callback
 .text.rpl_link_neighbor_callback
                0x000090ec       0x6c contiki-srf06-cc26xx.a(rpl.o)
                0x000090ec                rpl_link_neighbor_callback
 .text.rpl_add_route
                0x00009158       0x3c contiki-srf06-cc26xx.a(rpl.o)
                0x00009158                rpl_add_route
 .text.rpl_remove_routes_by_nexthop
                0x00009194       0x34 contiki-srf06-cc26xx.a(rpl.o)
                0x00009194                rpl_remove_routes_by_nexthop
 .text.rpl_remove_routes
                0x000091c8       0x34 contiki-srf06-cc26xx.a(rpl.o)
                0x000091c8                rpl_remove_routes
 .text.rpl_purge_routes
                0x000091fc       0x88 contiki-srf06-cc26xx.a(rpl.o)
                0x000091fc                rpl_purge_routes
 .text.rpl_rank_via_parent
                0x00009284       0x20 contiki-srf06-cc26xx.a(rpl-dag.o)
                0x00009284                rpl_rank_via_parent
 .text.rpl_get_any_dag
                0x000092a4       0x18 contiki-srf06-cc26xx.a(rpl-dag.o)
                0x000092a4                rpl_get_any_dag
 .text.rpl_get_instance
                0x000092bc       0x1c contiki-srf06-cc26xx.a(rpl-dag.o)
                0x000092bc                rpl_get_instance
 .text.rpl_repair_root
                0x000092d8       0x74 contiki-srf06-cc26xx.a(rpl-dag.o)
                0x000092d8                rpl_repair_root
 .text.rpl_get_dag
                0x0000934c       0x5c contiki-srf06-cc26xx.a(rpl-dag.o)
                0x0000934c                rpl_get_dag
 .text.find_parent_any_dag_any_instance
                0x000093a8       0x1c contiki-srf06-cc26xx.a(rpl-dag.o)
 .text.rpl_find_parent_any_dag
                0x000093c4       0x20 contiki-srf06-cc26xx.a(rpl-dag.o)
                0x000093c4                rpl_find_parent_any_dag
 .text.rpl_find_parent
                0x000093e4       0x1c contiki-srf06-cc26xx.a(rpl-dag.o)
                0x000093e4                rpl_find_parent
 .text.rpl_get_parent
                0x00009400       0x14 contiki-srf06-cc26xx.a(rpl-dag.o)
                0x00009400                rpl_get_parent
 .text.rpl_set_preferred_parent
                0x00009414       0x28 contiki-srf06-cc26xx.a(rpl-dag.o)
 .text.set_ip_from_prefix
                0x0000943c       0x40 contiki-srf06-cc26xx.a(rpl-dag.o)
 .text.check_prefix
                0x0000947c       0x70 contiki-srf06-cc26xx.a(rpl-dag.o)
 .text.rpl_set_prefix
                0x000094ec       0xa4 contiki-srf06-cc26xx.a(rpl-dag.o)
                0x000094ec                rpl_set_prefix
 .text.rpl_set_default_route
                0x00009590       0x30 contiki-srf06-cc26xx.a(rpl-dag.o)
                0x00009590                rpl_set_default_route
 .text.rpl_nullify_parent
                0x000095c0       0x54 contiki-srf06-cc26xx.a(rpl-dag.o)
                0x000095c0                rpl_nullify_parent
 .text.rpl_local_repair
                0x00009614       0x94 contiki-srf06-cc26xx.a(rpl-dag.o)
                0x00009614                rpl_local_repair
 .text.rpl_remove_parent
                0x000096a8       0x1c contiki-srf06-cc26xx.a(rpl-dag.o)
                0x000096a8                rpl_remove_parent
 .text.remove_parents
                0x000096c4       0x4c contiki-srf06-cc26xx.a(rpl-dag.o)
 .text.nbr_callback
                0x00009710        0x8 contiki-srf06-cc26xx.a(rpl-dag.o)
 .text.rpl_alloc_instance
                0x00009718       0x48 contiki-srf06-cc26xx.a(rpl-dag.o)
                0x00009718                rpl_alloc_instance
 .text.rpl_alloc_dag
                0x00009760       0x64 contiki-srf06-cc26xx.a(rpl-dag.o)
                0x00009760                rpl_alloc_dag
 .text.rpl_free_dag
                0x000097c4       0x40 contiki-srf06-cc26xx.a(rpl-dag.o)
                0x000097c4                rpl_free_dag
 .text.rpl_add_parent
                0x00009804       0x34 contiki-srf06-cc26xx.a(rpl-dag.o)
                0x00009804                rpl_add_parent
 .text.rpl_join_instance
                0x00009838      0x150 contiki-srf06-cc26xx.a(rpl-dag.o)
                0x00009838                rpl_join_instance
 .text.rpl_get_parent_link_stats
                0x00009988       0x18 contiki-srf06-cc26xx.a(rpl-dag.o)
                0x00009988                rpl_get_parent_link_stats
 .text.rpl_parent_is_fresh
                0x000099a0        0xc contiki-srf06-cc26xx.a(rpl-dag.o)
                0x000099a0                rpl_parent_is_fresh
 .text.best_parent
                0x000099ac       0x80 contiki-srf06-cc26xx.a(rpl-dag.o)
 .text.rpl_select_parent
                0x00009a2c       0x54 contiki-srf06-cc26xx.a(rpl-dag.o)
                0x00009a2c                rpl_select_parent
 .text.rpl_parent_is_reachable
                0x00009a80       0x34 contiki-srf06-cc26xx.a(rpl-dag.o)
                0x00009a80                rpl_parent_is_reachable
 .text.rpl_get_parent_ipaddr
                0x00009ab4       0x18 contiki-srf06-cc26xx.a(rpl-dag.o)
                0x00009ab4                rpl_get_parent_ipaddr
 .text.rpl_move_parent
                0x00009acc       0x58 contiki-srf06-cc26xx.a(rpl-dag.o)
                0x00009acc                rpl_move_parent
 .text.rpl_select_dag
                0x00009b24      0x190 contiki-srf06-cc26xx.a(rpl-dag.o)
                0x00009b24                rpl_select_dag
 .text.rpl_process_parent_event
                0x00009cb4       0xa4 contiki-srf06-cc26xx.a(rpl-dag.o)
                0x00009cb4                rpl_process_parent_event
 .text.rpl_recalculate_ranks
                0x00009d58       0x54 contiki-srf06-cc26xx.a(rpl-dag.o)
                0x00009d58                rpl_recalculate_ranks
 .text.rpl_add_dag
                0x00009dac      0x128 contiki-srf06-cc26xx.a(rpl-dag.o)
                0x00009dac                rpl_add_dag
 .text.rpl_process_dio
                0x00009ed4      0x3d4 contiki-srf06-cc26xx.a(rpl-dag.o)
                0x00009ed4                rpl_process_dio
 .text.rpl_dag_init
                0x0000a2a8       0x1c contiki-srf06-cc26xx.a(rpl-dag.o)
                0x0000a2a8                rpl_dag_init
 .text.rpl_remove_header
                0x0000a2c4       0x8c contiki-srf06-cc26xx.a(rpl-ext-header.)
                0x0000a2c4                rpl_remove_header
 .text.update_hbh_header
                0x0000a350       0xe8 contiki-srf06-cc26xx.a(rpl-ext-header.)
 .text.insert_hbh_header
                0x0000a438       0xd0 contiki-srf06-cc26xx.a(rpl-ext-header.)
 .text.rpl_update_header
                0x0000a508       0x78 contiki-srf06-cc26xx.a(rpl-ext-header.)
                0x0000a508                rpl_update_header
 .text.rpl_verify_hbh_header
                0x0000a580      0x10c contiki-srf06-cc26xx.a(rpl-ext-header.)
                0x0000a580                rpl_verify_hbh_header
 .text.dao_ack_input
                0x0000a68c       0x18 contiki-srf06-cc26xx.a(rpl-icmp6.o)
 .text.rpl_icmp6_register_handlers
                0x0000a6a4       0x34 contiki-srf06-cc26xx.a(rpl-icmp6.o)
                0x0000a6a4                rpl_icmp6_register_handlers
 .text.dio_output
                0x0000a6d8      0x30c contiki-srf06-cc26xx.a(rpl-icmp6.o)
                0x0000a6d8                dio_output
 .text.dis_output
                0x0000a9e4       0x60 contiki-srf06-cc26xx.a(rpl-icmp6.o)
                0x0000a9e4                dis_output
 .text.dio_input
                0x0000aa44      0x280 contiki-srf06-cc26xx.a(rpl-icmp6.o)
 .text.dao_output_target
                0x0000acc4      0x100 contiki-srf06-cc26xx.a(rpl-icmp6.o)
                0x0000acc4                dao_output_target
 .text.dao_output
                0x0000adc4       0x9c contiki-srf06-cc26xx.a(rpl-icmp6.o)
                0x0000adc4                dao_output
 .text.rpl_icmp6_update_nbr_table
                0x0000ae60       0x34 contiki-srf06-cc26xx.a(rpl-icmp6.o)
                0x0000ae60                rpl_icmp6_update_nbr_table
 .text.dao_input
                0x0000ae94      0x334 contiki-srf06-cc26xx.a(rpl-icmp6.o)
 .text.dis_input
                0x0000b1c8       0x68 contiki-srf06-cc26xx.a(rpl-icmp6.o)
 .text.reset    0x0000b230        0x4 contiki-srf06-cc26xx.a(rpl-mrhof.o)
 .text.best_dag
                0x0000b234       0x24 contiki-srf06-cc26xx.a(rpl-mrhof.o)
 .text.update_metric_container
                0x0000b258        0x8 contiki-srf06-cc26xx.a(rpl-mrhof.o)
 .text.parent_link_metric
                0x0000b260       0x14 contiki-srf06-cc26xx.a(rpl-mrhof.o)
 .text.parent_path_cost
                0x0000b274       0x30 contiki-srf06-cc26xx.a(rpl-mrhof.o)
 .text.rank_via_parent
                0x0000b2a4       0x34 contiki-srf06-cc26xx.a(rpl-mrhof.o)
 .text.parent_is_acceptable
                0x0000b2d8       0x28 contiki-srf06-cc26xx.a(rpl-mrhof.o)
 .text.best_parent
                0x0000b300       0x74 contiki-srf06-cc26xx.a(rpl-mrhof.o)
 .text.parent_has_usable_link
                0x0000b374       0x14 contiki-srf06-cc26xx.a(rpl-mrhof.o)
 .text.rpl_schedule_unicast_dio_immediately
                0x0000b388       0x18 contiki-srf06-cc26xx.a(rpl-timers.o)
                0x0000b388                rpl_schedule_unicast_dio_immediately
 .text.handle_unicast_dio_timer
                0x0000b3a0       0x18 contiki-srf06-cc26xx.a(rpl-timers.o)
 .text.get_probing_delay
                0x0000b3b8       0x50 contiki-srf06-cc26xx.a(rpl-timers.o)
                0x0000b3b8                get_probing_delay
 .text.rpl_schedule_probing
                0x0000b408       0x20 contiki-srf06-cc26xx.a(rpl-timers.o)
                0x0000b408                rpl_schedule_probing
 .text.new_dio_interval
                0x0000b428       0x68 contiki-srf06-cc26xx.a(rpl-timers.o)
 .text.rpl_reset_dio_timer
                0x0000b490       0x20 contiki-srf06-cc26xx.a(rpl-timers.o)
                0x0000b490                rpl_reset_dio_timer
 .text.rpl_reset_periodic_timer
                0x0000b4b0       0x40 contiki-srf06-cc26xx.a(rpl-timers.o)
                0x0000b4b0                rpl_reset_periodic_timer
 .text.get_probing_target
                0x0000b4f0      0x110 contiki-srf06-cc26xx.a(rpl-timers.o)
                0x0000b4f0                get_probing_target
 .text.handle_probing_timer
                0x0000b600       0x30 contiki-srf06-cc26xx.a(rpl-timers.o)
 .text.set_dao_lifetime_timer
                0x0000b630       0x44 contiki-srf06-cc26xx.a(rpl-timers.o)
 .text.schedule_dao
                0x0000b674       0x50 contiki-srf06-cc26xx.a(rpl-timers.o)
 .text.rpl_schedule_dao
                0x0000b6c4        0xc contiki-srf06-cc26xx.a(rpl-timers.o)
                0x0000b6c4                rpl_schedule_dao
 .text.handle_dio_timer
                0x0000b6d0       0x90 contiki-srf06-cc26xx.a(rpl-timers.o)
 .text.handle_dao_timer
                0x0000b760       0x58 contiki-srf06-cc26xx.a(rpl-timers.o)
 .text.handle_periodic_timer
                0x0000b7b8       0x60 contiki-srf06-cc26xx.a(rpl-timers.o)
 .text.SafeHapiVoid
                0x0000b818       0x30 contiki-srf06-cc26xx.a(adi.o)
                0x0000b818                SafeHapiVoid
 .text.NOROM_AONRTCCurrentCompareValueGet
                0x0000b848       0x28 contiki-srf06-cc26xx.a(aon_rtc.o)
                0x0000b848                NOROM_AONRTCCurrentCompareValueGet
 .text.NOROM_ChipInfo_GetSupportedProtocol_BV
                0x0000b870       0x10 contiki-srf06-cc26xx.a(chipinfo.o)
                0x0000b870                NOROM_ChipInfo_GetSupportedProtocol_BV
 .text.NOROM_ChipInfo_GetChipFamily
                0x0000b880       0x58 contiki-srf06-cc26xx.a(chipinfo.o)
                0x0000b880                NOROM_ChipInfo_GetChipFamily
 .text.NOROM_ChipInfo_GetChipType
                0x0000b8d8       0x30 contiki-srf06-cc26xx.a(chipinfo.o)
                0x0000b8d8                NOROM_ChipInfo_GetChipType
 .text.NOROM_ChipInfo_GetHwRevision
                0x0000b908       0x98 contiki-srf06-cc26xx.a(chipinfo.o)
                0x0000b908                NOROM_ChipInfo_GetHwRevision
 .text.NOROM_ThisCodeIsBuiltForCC13xxHwRev20AndLater_HaltIfViolated
                0x0000b9a0       0x1c contiki-srf06-cc26xx.a(chipinfo.o)
                0x0000b9a0                NOROM_ThisCodeIsBuiltForCC13xxHwRev20AndLater_HaltIfViolated
 .text.NOROM_CPUcpsid
                0x0000b9bc        0x8 contiki-srf06-cc26xx.a(cpu.o)
                0x0000b9bc                NOROM_CPUcpsid
 .text.NOROM_CPUcpsie
                0x0000b9c4        0x8 contiki-srf06-cc26xx.a(cpu.o)
                0x0000b9c4                NOROM_CPUcpsie
 .text.NOROM_CPUdelay
                0x0000b9cc        0x8 contiki-srf06-cc26xx.a(cpu.o)
                0x0000b9cc                NOROM_CPUdelay
 .text.NOROM_OSCClockSourceSet
                0x0000b9d4       0x84 contiki-srf06-cc26xx.a(osc.o)
                0x0000b9d4                NOROM_OSCClockSourceSet
 .text.NOROM_OSCClockSourceGet
                0x0000ba58       0x48 contiki-srf06-cc26xx.a(osc.o)
                0x0000ba58                NOROM_OSCClockSourceGet
 .text.NOROM_PowerCtrlSourceSet
                0x0000baa0       0x38 contiki-srf06-cc26xx.a(pwr_ctrl.o)
                0x0000baa0                NOROM_PowerCtrlSourceSet
 .text.NOROM_RFCRTrim
                0x0000bad8      0x150 contiki-srf06-cc26xx.a(rfc.o)
                0x0000bad8                NOROM_RFCRTrim
 .text.NOROM_RFCAdi3VcoLdoVoltageMode
                0x0000bc28       0x28 contiki-srf06-cc26xx.a(rfc.o)
                0x0000bc28                NOROM_RFCAdi3VcoLdoVoltageMode
 .text.TrimAfterColdResetWakeupFromShutDown
                0x0000bc50      0x10c contiki-srf06-cc26xx.a(setup.o)
 .text.NOROM_SetupTrimDevice
                0x0000bd5c       0xbc contiki-srf06-cc26xx.a(setup.o)
                0x0000bd5c                NOROM_SetupTrimDevice
 .text.NOROM_SetupSetVddrLevel
                0x0000be18       0xa0 contiki-srf06-cc26xx.a(setup_rom.o)
                0x0000be18                NOROM_SetupSetVddrLevel
 .text.NOROM_SetupAfterColdResetWakeupFromShutDownCfg1
                0x0000beb8       0xe4 contiki-srf06-cc26xx.a(setup_rom.o)
                0x0000beb8                NOROM_SetupAfterColdResetWakeupFromShutDownCfg1
 .text.NOROM_SetupGetTrimForAnabypassValue1
                0x0000bf9c       0x74 contiki-srf06-cc26xx.a(setup_rom.o)
                0x0000bf9c                NOROM_SetupGetTrimForAnabypassValue1
 .text.NOROM_SetupGetTrimForAmpcompCtrl
                0x0000c010       0xa0 contiki-srf06-cc26xx.a(setup_rom.o)
                0x0000c010                NOROM_SetupGetTrimForAmpcompCtrl
 .text.NOROM_SetupSetCacheModeAccordingToCcfgSetting
                0x0000c0b0       0x70 contiki-srf06-cc26xx.a(setup_rom.o)
                0x0000c0b0                NOROM_SetupSetCacheModeAccordingToCcfgSetting
 .text.NOROM_SetupAfterColdResetWakeupFromShutDownCfg3
                0x0000c120      0x220 contiki-srf06-cc26xx.a(setup_rom.o)
                0x0000c120                NOROM_SetupAfterColdResetWakeupFromShutDownCfg3
 .text.NOROM_SetupAfterColdResetWakeupFromShutDownCfg2
                0x0000c340      0x268 contiki-srf06-cc26xx.a(setup_rom.o)
                0x0000c340                NOROM_SetupAfterColdResetWakeupFromShutDownCfg2
 .text.NOROM_SysCtrl_DCDC_VoltageConditionalControl
                0x0000c5a8       0x90 contiki-srf06-cc26xx.a(sys_ctrl.o)
                0x0000c5a8                NOROM_SysCtrl_DCDC_VoltageConditionalControl
 .text.NOROM_SysCtrlAdjustRechargeAfterPowerDown
                0x0000c638       0x74 contiki-srf06-cc26xx.a(sys_ctrl.o)
                0x0000c638                NOROM_SysCtrlAdjustRechargeAfterPowerDown
 .text.NOROM_SysCtrlSetRechargeBeforePowerDown
                0x0000c6ac      0x31c contiki-srf06-cc26xx.a(sys_ctrl.o)
                0x0000c6ac                NOROM_SysCtrlSetRechargeBeforePowerDown
 .text.NOROM_TRNGConfigure
                0x0000c9c8       0x48 contiki-srf06-cc26xx.a(trng.o)
                0x0000c9c8                NOROM_TRNGConfigure
 .text.linkaddr_cmp
                0x0000ca10       0x14 contiki-srf06-cc26xx.a(linkaddr.o)
                0x0000ca10                linkaddr_cmp
 .text.linkaddr_copy
                0x0000ca24        0xc contiki-srf06-cc26xx.a(linkaddr.o)
                0x0000ca24                linkaddr_copy
 .text.link_stats_init
                0x0000ca30       0x2c contiki-srf06-cc26xx.a(link-stats.o)
                0x0000ca30                link_stats_init
 .text.periodic
                0x0000ca5c       0x38 contiki-srf06-cc26xx.a(link-stats.o)
 .text.link_stats_from_lladdr
                0x0000ca94       0x14 contiki-srf06-cc26xx.a(link-stats.o)
                0x0000ca94                link_stats_from_lladdr
 .text.link_stats_input_callback
                0x0000caa8       0x68 contiki-srf06-cc26xx.a(link-stats.o)
                0x0000caa8                link_stats_input_callback
 .text.link_stats_is_fresh
                0x0000cb10       0x24 contiki-srf06-cc26xx.a(link-stats.o)
                0x0000cb10                link_stats_is_fresh
 .text.link_stats_packet_sent
                0x0000cb34       0xa0 contiki-srf06-cc26xx.a(link-stats.o)
                0x0000cb34                link_stats_packet_sent
 .text.nbr_get_bit
                0x0000cbd4       0x38 contiki-srf06-cc26xx.a(nbr-table.o)
 .text.nbr_set_bit
                0x0000cc0c       0x60 contiki-srf06-cc26xx.a(nbr-table.o)
 .text.nbr_table_register
                0x0000cc6c       0x2c contiki-srf06-cc26xx.a(nbr-table.o)
                0x0000cc6c                nbr_table_register
 .text.nbr_table_remove
                0x0000cc98       0x30 contiki-srf06-cc26xx.a(nbr-table.o)
                0x0000cc98                nbr_table_remove
 .text.nbr_table_lock
                0x0000ccc8       0x18 contiki-srf06-cc26xx.a(nbr-table.o)
                0x0000ccc8                nbr_table_lock
 .text.nbr_table_unlock
                0x0000cce0       0x18 contiki-srf06-cc26xx.a(nbr-table.o)
                0x0000cce0                nbr_table_unlock
 .text.nbr_table_get_lladdr
                0x0000ccf8       0x40 contiki-srf06-cc26xx.a(nbr-table.o)
                0x0000ccf8                nbr_table_get_lladdr
 .text.index_from_lladdr
                0x0000cd38       0x5c contiki-srf06-cc26xx.a(nbr-table.o)
 .text.nbr_table_get_from_lladdr
                0x0000cd94       0x44 contiki-srf06-cc26xx.a(nbr-table.o)
                0x0000cd94                nbr_table_get_from_lladdr
 .text.nbr_table_next
                0x0000cdd8       0x9c contiki-srf06-cc26xx.a(nbr-table.o)
                0x0000cdd8                nbr_table_next
 .text.nbr_table_head
                0x0000ce74       0x70 contiki-srf06-cc26xx.a(nbr-table.o)
                0x0000ce74                nbr_table_head
 .text.remove_key
                0x0000cee4       0xd0 contiki-srf06-cc26xx.a(nbr-table.o)
 .text.nbr_table_update_lladdr
                0x0000cfb4       0x64 contiki-srf06-cc26xx.a(nbr-table.o)
                0x0000cfb4                nbr_table_update_lladdr
 .text.nbr_table_add_lladdr
                0x0000d018      0x19c contiki-srf06-cc26xx.a(nbr-table.o)
                0x0000d018                nbr_table_add_lladdr
 .text.netstack_init
                0x0000d1b4       0x40 contiki-srf06-cc26xx.a(netstack.o)
                0x0000d1b4                netstack_init
 .text.packetbuf_hdralloc
                0x0000d1f4       0x74 contiki-srf06-cc26xx.a(packetbuf.o)
                0x0000d1f4                packetbuf_hdralloc
 .text.packetbuf_hdrreduce
                0x0000d268       0x30 contiki-srf06-cc26xx.a(packetbuf.o)
                0x0000d268                packetbuf_hdrreduce
 .text.packetbuf_set_datalen
                0x0000d298        0xc contiki-srf06-cc26xx.a(packetbuf.o)
                0x0000d298                packetbuf_set_datalen
 .text.packetbuf_dataptr
                0x0000d2a4       0x2c contiki-srf06-cc26xx.a(packetbuf.o)
                0x0000d2a4                packetbuf_dataptr
 .text.packetbuf_hdrptr
                0x0000d2d0        0xc contiki-srf06-cc26xx.a(packetbuf.o)
                0x0000d2d0                packetbuf_hdrptr
 .text.packetbuf_datalen
                0x0000d2dc        0xc contiki-srf06-cc26xx.a(packetbuf.o)
                0x0000d2dc                packetbuf_datalen
 .text.packetbuf_totlen
                0x0000d2e8       0x28 contiki-srf06-cc26xx.a(packetbuf.o)
                0x0000d2e8                packetbuf_totlen
 .text.packetbuf_set_attr
                0x0000d310       0x10 contiki-srf06-cc26xx.a(packetbuf.o)
                0x0000d310                packetbuf_set_attr
 .text.packetbuf_attr
                0x0000d320       0x10 contiki-srf06-cc26xx.a(packetbuf.o)
                0x0000d320                packetbuf_attr
 .text.packetbuf_addr
                0x0000d330       0x14 contiki-srf06-cc26xx.a(packetbuf.o)
                0x0000d330                packetbuf_addr
 .text.packetbuf_holds_broadcast
                0x0000d344       0x18 contiki-srf06-cc26xx.a(packetbuf.o)
                0x0000d344                packetbuf_holds_broadcast
 .text.packetbuf_set_addr
                0x0000d35c       0x1c contiki-srf06-cc26xx.a(packetbuf.o)
                0x0000d35c                packetbuf_set_addr
 .text.packetbuf_attr_copyfrom
                0x0000d378       0x28 contiki-srf06-cc26xx.a(packetbuf.o)
                0x0000d378                packetbuf_attr_copyfrom
 .text.packetbuf_attr_copyto
                0x0000d3a0       0x24 contiki-srf06-cc26xx.a(packetbuf.o)
                0x0000d3a0                packetbuf_attr_copyto
 .text.packetbuf_copyto
                0x0000d3c4       0x58 contiki-srf06-cc26xx.a(packetbuf.o)
                0x0000d3c4                packetbuf_copyto
 .text.packetbuf_attr_clear
                0x0000d41c       0x38 contiki-srf06-cc26xx.a(packetbuf.o)
                0x0000d41c                packetbuf_attr_clear
 .text.packetbuf_clear
                0x0000d454       0x28 contiki-srf06-cc26xx.a(packetbuf.o)
                0x0000d454                packetbuf_clear
 .text.packetbuf_copyfrom
                0x0000d47c       0x30 contiki-srf06-cc26xx.a(packetbuf.o)
                0x0000d47c                packetbuf_copyfrom
 .text.queuebuf_attr
                0x0000d4ac        0xc contiki-srf06-cc26xx.a(queuebuf.o)
                0x0000d4ac                queuebuf_attr
 .text.queuebuf_to_packetbuf
                0x0000d4b8       0x30 contiki-srf06-cc26xx.a(queuebuf.o)
                0x0000d4b8                queuebuf_to_packetbuf
 .text.queuebuf_free
                0x0000d4e8       0x34 contiki-srf06-cc26xx.a(queuebuf.o)
                0x0000d4e8                queuebuf_free
 .text.queuebuf_update_attr_from_packetbuf
                0x0000d51c       0x10 contiki-srf06-cc26xx.a(queuebuf.o)
                0x0000d51c                queuebuf_update_attr_from_packetbuf
 .text.queuebuf_update_from_packetbuf
                0x0000d52c       0x1c contiki-srf06-cc26xx.a(queuebuf.o)
                0x0000d52c                queuebuf_update_from_packetbuf
 .text.queuebuf_new_from_packetbuf
                0x0000d548       0x50 contiki-srf06-cc26xx.a(queuebuf.o)
                0x0000d548                queuebuf_new_from_packetbuf
 .text.queuebuf_numfree
                0x0000d598       0x10 contiki-srf06-cc26xx.a(queuebuf.o)
                0x0000d598                queuebuf_numfree
 .text.queuebuf_init
                0x0000d5a8       0x1c contiki-srf06-cc26xx.a(queuebuf.o)
                0x0000d5a8                queuebuf_init
 .text.input_packet
                0x0000d5c4       0x10 contiki-srf06-cc26xx.a(csma.o)
 .text.on       0x0000d5d4       0x10 contiki-srf06-cc26xx.a(csma.o)
 .text.off      0x0000d5e4       0x10 contiki-srf06-cc26xx.a(csma.o)
 .text.channel_check_interval
                0x0000d5f4       0x14 contiki-srf06-cc26xx.a(csma.o)
 .text.transmit_packet_list
                0x0000d608       0x28 contiki-srf06-cc26xx.a(csma.o)
 .text.schedule_transmission
                0x0000d630       0x50 contiki-srf06-cc26xx.a(csma.o)
 .text.send_packet
                0x0000d680      0x184 contiki-srf06-cc26xx.a(csma.o)
 .text.tx_done  0x0000d804       0x8c contiki-srf06-cc26xx.a(csma.o)
 .text.packet_sent
                0x0000d890       0xd8 contiki-srf06-cc26xx.a(csma.o)
 .text.init     0x0000d968       0x28 contiki-srf06-cc26xx.a(csma.o)
 .text.parse    0x0000d990       0xa0 contiki-srf06-cc26xx.a(framer-802154.o)
 .text.create_frame
                0x0000da30      0x188 contiki-srf06-cc26xx.a(framer-802154.o)
 .text.create   0x0000dbb8        0xc contiki-srf06-cc26xx.a(framer-802154.o)
 .text.hdr_length
                0x0000dbc4        0xc contiki-srf06-cc26xx.a(framer-802154.o)
 .text.mac_call_sent_callback
                0x0000dbd0       0x10 contiki-srf06-cc26xx.a(mac.o)
                0x0000dbd0                mac_call_sent_callback
 .text.on       0x0000dbe0       0x30 contiki-srf06-cc26xx.a(contikimac.o)
 .text.off      0x0000dc10       0x38 contiki-srf06-cc26xx.a(contikimac.o)
 .text.recv_burst_off
                0x0000dc48       0x14 contiki-srf06-cc26xx.a(contikimac.o)
 .text.turn_off
                0x0000dc5c       0x50 contiki-srf06-cc26xx.a(contikimac.o)
 .text.duty_cycle
                0x0000dcac        0x4 contiki-srf06-cc26xx.a(contikimac.o)
 .text.turn_on  0x0000dcb0       0x48 contiki-srf06-cc26xx.a(contikimac.o)
 .text.schedule_powercycle_fixed
                0x0000dcf8       0x3c contiki-srf06-cc26xx.a(contikimac.o)
 .text.powercycle_wrapper
                0x0000dd34      0x2b8 contiki-srf06-cc26xx.a(contikimac.o)
 .text.init     0x0000dfec       0x4c contiki-srf06-cc26xx.a(contikimac.o)
 .text.input_packet
                0x0000e038      0x140 contiki-srf06-cc26xx.a(contikimac.o)
 .text.send_packet
                0x0000e178      0x224 contiki-srf06-cc26xx.a(contikimac.o)
 .text.qsend_list
                0x0000e39c       0xe8 contiki-srf06-cc26xx.a(contikimac.o)
 .text.qsend_packet
                0x0000e484       0x20 contiki-srf06-cc26xx.a(contikimac.o)
 .text.init     0x0000e4a4        0x4 contiki-srf06-cc26xx.a(nullsec.o)
 .text.input    0x0000e4a8       0x10 contiki-srf06-cc26xx.a(nullsec.o)
 .text.send     0x0000e4b8       0x20 contiki-srf06-cc26xx.a(nullsec.o)
 .text.aux_ctrl_power_down
                0x0000e4d8       0x84 contiki-srf06-cc26xx.a(aux-ctrl.o)
                0x0000e4d8                aux_ctrl_power_down
 .text.aux_ctrl_power_up
                0x0000e55c       0x30 contiki-srf06-cc26xx.a(aux-ctrl.o)
                0x0000e55c                aux_ctrl_power_up
 .text.aux_ctrl_unregister_consumer
                0x0000e58c       0x28 contiki-srf06-cc26xx.a(aux-ctrl.o)
                0x0000e58c                aux_ctrl_unregister_consumer
 .text.aux_ctrl_register_consumer
                0x0000e5b4       0x40 contiki-srf06-cc26xx.a(aux-ctrl.o)
                0x0000e5b4                aux_ctrl_register_consumer
 .text.stimer_expired
                0x0000e5f4       0x24 contiki-srf06-cc26xx.a(stimer.o)
                0x0000e5f4                stimer_expired
 .text.stimer_set
                0x0000e618       0x10 contiki-srf06-cc26xx.a(stimer.o)
                0x0000e618                stimer_set
 .text.memb_alloc
                0x0000e628       0x38 contiki-srf06-cc26xx.a(memb.o)
                0x0000e628                memb_alloc
 .text.memb_free
                0x0000e660       0x48 contiki-srf06-cc26xx.a(memb.o)
                0x0000e660                memb_free
 .text.memb_inmemb
                0x0000e6a8       0x20 contiki-srf06-cc26xx.a(memb.o)
                0x0000e6a8                memb_inmemb
 .text.memb_numfree
                0x0000e6c8       0x20 contiki-srf06-cc26xx.a(memb.o)
                0x0000e6c8                memb_numfree
 .text.memb_init
                0x0000e6e8       0x20 contiki-srf06-cc26xx.a(memb.o)
                0x0000e6e8                memb_init
 .text.update_nbr
                0x0000e708      0x150 contiki-srf06-cc26xx.a(rpl-nbr-policy.)
 .text.find_removable_dao
                0x0000e858       0x38 contiki-srf06-cc26xx.a(rpl-nbr-policy.)
                0x0000e858                find_removable_dao
 .text.find_removable_dis
                0x0000e890       0x24 contiki-srf06-cc26xx.a(rpl-nbr-policy.)
                0x0000e890                find_removable_dis
 .text.handle_periodic_timer
                0x0000e8b4       0x14 contiki-srf06-cc26xx.a(rpl-nbr-policy.)
 .text.find_removable_dio
                0x0000e8c8       0x44 contiki-srf06-cc26xx.a(rpl-nbr-policy.)
                0x0000e8c8                find_removable_dio
 .text.rpl_nbr_policy_find_removable
                0x0000e90c       0x30 contiki-srf06-cc26xx.a(rpl-nbr-policy.)
                0x0000e90c                rpl_nbr_policy_find_removable
 .text.NOROM_AONBatMonTemperatureGetDegC
                0x0000e93c       0x38 contiki-srf06-cc26xx.a(aon_batmon.o)
                0x0000e93c                NOROM_AONBatMonTemperatureGetDegC
 .text.NOROM_DDI32RegWrite
                0x0000e974       0x30 contiki-srf06-cc26xx.a(ddi.o)
                0x0000e974                NOROM_DDI32RegWrite
 .text.frame802154_get_pan_id
                0x0000e9a4        0xc contiki-srf06-cc26xx.a(frame802154.o)
                0x0000e9a4                frame802154_get_pan_id
 .text.frame802154_has_panid
                0x0000e9b0       0xc8 contiki-srf06-cc26xx.a(frame802154.o)
                0x0000e9b0                frame802154_has_panid
 .text.frame802154_is_broadcast_addr
                0x0000ea78       0x24 contiki-srf06-cc26xx.a(frame802154.o)
                0x0000ea78                frame802154_is_broadcast_addr
 .text.frame802154_create_fcf
                0x0000ea9c       0x64 contiki-srf06-cc26xx.a(frame802154.o)
                0x0000ea9c                frame802154_create_fcf
 .text.frame802154_parse_fcf
                0x0000eb00       0x74 contiki-srf06-cc26xx.a(frame802154.o)
                0x0000eb00                frame802154_parse_fcf
 .text.frame802154_parse
                0x0000eb74      0x13c contiki-srf06-cc26xx.a(frame802154.o)
                0x0000eb74                frame802154_parse
 .text.field_len
                0x0000ecb0       0xa0 contiki-srf06-cc26xx.a(frame802154.o)
 .text.frame802154_create
                0x0000ed50       0xcc contiki-srf06-cc26xx.a(frame802154.o)
                0x0000ed50                frame802154_create
 .text.frame802154_hdrlen
                0x0000ee1c       0x34 contiki-srf06-cc26xx.a(frame802154.o)
                0x0000ee1c                frame802154_hdrlen
 .text.mac_sequence_is_duplicate
                0x0000ee50       0x60 contiki-srf06-cc26xx.a(mac-sequence.o)
                0x0000ee50                mac_sequence_is_duplicate
 .text.mac_sequence_register_seqno
                0x0000eeb0       0x6c contiki-srf06-cc26xx.a(mac-sequence.o)
                0x0000eeb0                mac_sequence_register_seqno
 .text          0x0000ef1c       0x2c /home/user/CodeSourcery/Sourcery_G++_Lite/bin/../lib/gcc/arm-none-eabi/4.3.2/thumb2/libgcc.a(_aeabi_uldivmod.o)
                0x0000ef1c                __aeabi_uldivmod
 .text          0x0000ef48       0x60 /home/user/CodeSourcery/Sourcery_G++_Lite/bin/../lib/gcc/arm-none-eabi/4.3.2/thumb2/libgcc.a(bpabi.o)
                0x0000ef48                __gnu_uldivmod_helper
                0x0000ef78                __gnu_ldivmod_helper
 .text          0x0000efa8        0x4 /home/user/CodeSourcery/Sourcery_G++_Lite/bin/../lib/gcc/arm-none-eabi/4.3.2/thumb2/libgcc.a(_dvmd_tls.o)
                0x0000efa8                __aeabi_ldiv0
                0x0000efa8                __aeabi_idiv0
 .text          0x0000efac      0x424 /home/user/CodeSourcery/Sourcery_G++_Lite/bin/../lib/gcc/arm-none-eabi/4.3.2/thumb2/libgcc.a(_divdi3.o)
                0x0000efac                __divdi3
 .text          0x0000f3d0      0x3e4 /home/user/CodeSourcery/Sourcery_G++_Lite/bin/../lib/gcc/arm-none-eabi/4.3.2/thumb2/libgcc.a(_udivdi3.o)
                0x0000f3d0                __udivdi3
 .text          0x0000f7b4       0x8c /home/user/CodeSourcery/Sourcery_G++_Lite/bin/../lib/gcc/arm-none-eabi/4.3.2/thumb2/libgcc.a(_udivsi3.o)
                0x0000f7b4                __udivsi3
                0x0000f7b4                __aeabi_uidiv
                0x0000f82c                __aeabi_uidivmod
 .text          0x0000f840       0x60 /home/user/CodeSourcery/Sourcery_G++_Lite/bin/../lib/gcc/arm-none-eabi/4.3.2/../../../../arm-none-eabi/lib/thumb2/libc.a(lib_a-memcmp.o)
                0x0000f840                memcmp
 .text          0x0000f8a0       0x98 /home/user/CodeSourcery/Sourcery_G++_Lite/bin/../lib/gcc/arm-none-eabi/4.3.2/../../../../arm-none-eabi/lib/thumb2/libc.a(lib_a-memcpy.o)
                0x0000f8a0                memcpy
 .text          0x0000f938       0xc0 /home/user/CodeSourcery/Sourcery_G++_Lite/bin/../lib/gcc/arm-none-eabi/4.3.2/../../../../arm-none-eabi/lib/thumb2/libc.a(lib_a-memmove.o)
                0x0000f938                memmove
 .text          0x0000f9f8       0x88 /home/user/CodeSourcery/Sourcery_G++_Lite/bin/../lib/gcc/arm-none-eabi/4.3.2/../../../../arm-none-eabi/lib/thumb2/libc.a(lib_a-memset.o)
                0x0000f9f8                memset
 .text          0x0000fa80       0x34 /home/user/CodeSourcery/Sourcery_G++_Lite/bin/../lib/gcc/arm-none-eabi/4.3.2/../../../../arm-none-eabi/lib/thumb2/libc.a(lib_a-strlen.o)
                0x0000fa80                strlen
 *(SORT(.rodata*))
 .rodata.autostart_processes
                0x0000fab4        0x8 broadcast-example.co
                0x0000fab4                autostart_processes
 .rodata.str1.4
                0x0000fabc      0x1de broadcast-example.co
                                0x1e0 (size before relaxing)
 *fill*         0x0000fc9a        0x2 00000000
 .rodata.str1.4
                0x0000fc9c       0xe6 contiki-srf06-cc26xx.a(contiki-main.o)
                                 0xe8 (size before relaxing)
 *fill*         0x0000fd82        0x2 00000000
 .rodata.str1.4
                0x0000fd84        0x8 contiki-srf06-cc26xx.a(sensors.o)
 .rodata.C.36.5360
                0x0000fd8c       0x44 contiki-srf06-cc26xx.a(board.o)
 .rodata.str1.4
                0x0000fdd0        0x7 contiki-srf06-cc26xx.a(button-sensor.o)
                                  0x8 (size before relaxing)
 *fill*         0x0000fdd7        0x1 00000000
 .rodata.button_left_sensor
                0x0000fdd8       0x10 contiki-srf06-cc26xx.a(button-sensor.o)
                0x0000fdd8                button_left_sensor
 .rodata.button_right_sensor
                0x0000fde8       0x10 contiki-srf06-cc26xx.a(button-sensor.o)
                0x0000fde8                button_right_sensor
 .rodata.patchImageGenfsk
                0x0000fdf8      0x28c contiki-srf06-cc26xx.a(prop-mode.o)
 .rodata.mode_prop
                0x00010084        0x8 contiki-srf06-cc26xx.a(prop-mode.o)
 .rodata.prop_mode_driver
                0x0001008c       0x38 contiki-srf06-cc26xx.a(prop-mode.o)
                0x0001008c                prop_mode_driver
 .rodata.patchGenfskRfe
                0x000100c4      0x6b4 contiki-srf06-cc26xx.a(prop-mode.o)
 .rodata.prop_mode_tx_power_779_930
                0x00010778       0x88 contiki-srf06-cc26xx.a(prop-mode-tx-po)
                0x00010778                prop_mode_tx_power_779_930
 .rodata.str1.4
                0x00010800       0x46 contiki-srf06-cc26xx.a(rf-core.o)
                                 0x48 (size before relaxing)
 *fill*         0x00010846        0x2 00000000
 .rodata.str1.4
                0x00010848       0x1b contiki-srf06-cc26xx.a(soc-trng.o)
                                 0x1c (size before relaxing)
 *fill*         0x00010863        0x1 00000000
 .rodata.buffer.1223
                0x00010864       0x10 contiki-srf06-cc26xx.a(strformat.o)
 .rodata.buffer.1237
                0x00010874       0x10 contiki-srf06-cc26xx.a(strformat.o)
 .rodata.str1.4
                0x00010884       0x47 contiki-srf06-cc26xx.a(strformat.o)
                                 0x48 (size before relaxing)
 *fill*         0x000108cb        0x1 00000000
 .rodata.str1.4
                0x000108cc        0xf contiki-srf06-cc26xx.a(ctimer.o)
                                 0x10 (size before relaxing)
 *fill*         0x000108db        0x1 00000000
 .rodata.str1.4
                0x000108dc        0xc contiki-srf06-cc26xx.a(etimer.o)
 .rodata.str1.4
                0x000108e8        0xe contiki-srf06-cc26xx.a(serial-line.o)
                                 0x10 (size before relaxing)
 *fill*         0x000108f6        0x2 00000000
 .rodata.sicslowpan_driver
                0x000108f8        0xc contiki-srf06-cc26xx.a(sicslowpan.o)
                0x000108f8                sicslowpan_driver
 .rodata.str1.4
                0x00010904        0xb contiki-srf06-cc26xx.a(sicslowpan.o)
                                  0xc (size before relaxing)
 *fill*         0x0001090f        0x1 00000000
 .rodata.str1.4
                0x00010910       0x13 contiki-srf06-cc26xx.a(simple-udp.o)
                                 0x14 (size before relaxing)
 *fill*         0x00010923        0x1 00000000
 .rodata.str1.4
                0x00010924        0xd contiki-srf06-cc26xx.a(tcpip.o)
                                 0x10 (size before relaxing)
 *fill*         0x00010931        0x3 00000000
 .rodata.str1.4
                0x00010934       0x2b contiki-srf06-cc26xx.a(uip-debug.o)
                                 0x2c (size before relaxing)
 *fill*         0x0001095f        0x1 00000000
 .rodata.packetbuf
                0x00010960        0x4 contiki-srf06-cc26xx.a(packetbuf.o)
 .rodata.str1.4
                0x00010964        0x5 contiki-srf06-cc26xx.a(csma.o)
                                  0x8 (size before relaxing)
 *fill*         0x00010969        0x3 00000000
 .rodata.csma_driver
                0x0001096c       0x1c contiki-srf06-cc26xx.a(csma.o)
                0x0001096c                csma_driver
 .rodata.framer_802154
                0x00010988        0xc contiki-srf06-cc26xx.a(framer-802154.o)
                0x00010988                framer_802154
 .rodata.str1.4
                0x00010994        0xb contiki-srf06-cc26xx.a(contikimac.o)
                                  0xc (size before relaxing)
 *fill*         0x0001099f        0x1 00000000
 .rodata.contikimac_driver
                0x000109a0       0x20 contiki-srf06-cc26xx.a(contikimac.o)
                0x000109a0                contikimac_driver
 .rodata.str1.4
                0x000109c0        0x8 contiki-srf06-cc26xx.a(nullsec.o)
 .rodata.nullsec_driver
                0x000109c8       0x10 contiki-srf06-cc26xx.a(nullsec.o)
                0x000109c8                nullsec_driver
 .rodata.wbuf.5321
                0x000109d8        0x4 contiki-srf06-cc26xx.a(ext-flash.o)
 .rodata.C.39.5324
                0x000109dc        0x2 contiki-srf06-cc26xx.a(ext-flash.o)
 .rodata.ttl_values
                0x000109de        0x4 contiki-srf06-cc26xx.a(sicslowpan.o)
 .rodata.unc_llconf
                0x000109e2        0x4 contiki-srf06-cc26xx.a(sicslowpan.o)
                0x000109e2                unc_llconf
 .rodata.llprefix
                0x000109e6        0x2 contiki-srf06-cc26xx.a(sicslowpan.o)
                0x000109e6                llprefix
 .rodata.C.62.4819
                0x000109e8        0x2 contiki-srf06-cc26xx.a(sicslowpan.o)
 .rodata.unc_mxconf
                0x000109ea        0x4 contiki-srf06-cc26xx.a(sicslowpan.o)
                0x000109ea                unc_mxconf
 .rodata.unc_ctxconf
                0x000109ee        0x4 contiki-srf06-cc26xx.a(sicslowpan.o)
                0x000109ee                unc_ctxconf
 .rodata.linkaddr_null
                0x000109f2        0x8 contiki-srf06-cc26xx.a(linkaddr.o)
                0x000109f2                linkaddr_null
 .rodata.C.55.4259
                0x000109fa        0x3 contiki-srf06-cc26xx.a(contikimac.o)
 .rodata        0x000109fd      0x100 /home/user/CodeSourcery/Sourcery_G++_Lite/bin/../lib/gcc/arm-none-eabi/4.3.2/thumb2/libgcc.a(_clz.o)
                0x000109fd                __clz_tab
                0x00010afd                _etext = .

.glue_7         0x00010b00        0x0 load address 0x00010afd
 .glue_7        0x00010b00        0x0 obj_srf06-cc26xx/fault-handlers.o
 .glue_7        0x00010b00        0x0 obj_srf06-cc26xx/ccfg.o
 .glue_7        0x00010b00        0x0 obj_srf06-cc26xx/startup_gcc.o
 .glue_7        0x00010b00        0x0 broadcast-example.co
 .glue_7        0x00010b00        0x0 contiki-srf06-cc26xx.a(contiki-main.o)
 .glue_7        0x00010b00        0x0 contiki-srf06-cc26xx.a(sensors.o)
 .glue_7        0x00010b00        0x0 contiki-srf06-cc26xx.a(leds.o)
 .glue_7        0x00010b00        0x0 contiki-srf06-cc26xx.a(board.o)
 .glue_7        0x00010b00        0x0 contiki-srf06-cc26xx.a(launchpad-senso)
 .glue_7        0x00010b00        0x0 contiki-srf06-cc26xx.a(leds-arch.o)
 .glue_7        0x00010b00        0x0 contiki-srf06-cc26xx.a(button-sensor.o)
 .glue_7        0x00010b00        0x0 contiki-srf06-cc26xx.a(ext-flash.o)
 .glue_7        0x00010b00        0x0 contiki-srf06-cc26xx.a(board-spi.o)
 .glue_7        0x00010b00        0x0 contiki-srf06-cc26xx.a(prop-mode.o)
 .glue_7        0x00010b00        0x0 contiki-srf06-cc26xx.a(prop-mode-tx-po)
 .glue_7        0x00010b00        0x0 contiki-srf06-cc26xx.a(clock.o)
 .glue_7        0x00010b00        0x0 contiki-srf06-cc26xx.a(rtimer-arch.o)
 .glue_7        0x00010b00        0x0 contiki-srf06-cc26xx.a(soc-rtc.o)
 .glue_7        0x00010b00        0x0 contiki-srf06-cc26xx.a(contiki-watchdo)
 .glue_7        0x00010b00        0x0 contiki-srf06-cc26xx.a(putchar.o)
 .glue_7        0x00010b00        0x0 contiki-srf06-cc26xx.a(ieee-addr.o)
 .glue_7        0x00010b00        0x0 contiki-srf06-cc26xx.a(cc26xx-uart.o)
 .glue_7        0x00010b00        0x0 contiki-srf06-cc26xx.a(lpm.o)
 .glue_7        0x00010b00        0x0 contiki-srf06-cc26xx.a(gpio-interrupt.)
 .glue_7        0x00010b00        0x0 contiki-srf06-cc26xx.a(oscillators.o)
 .glue_7        0x00010b00        0x0 contiki-srf06-cc26xx.a(rf-core.o)
 .glue_7        0x00010b00        0x0 contiki-srf06-cc26xx.a(rf-ble.o)
 .glue_7        0x00010b00        0x0 contiki-srf06-cc26xx.a(random.o)
 .glue_7        0x00010b00        0x0 contiki-srf06-cc26xx.a(soc-trng.o)
 .glue_7        0x00010b00        0x0 contiki-srf06-cc26xx.a(dbg-printf.o)
 .glue_7        0x00010b00        0x0 contiki-srf06-cc26xx.a(strformat.o)
 .glue_7        0x00010b00        0x0 contiki-srf06-cc26xx.a(autostart.o)
 .glue_7        0x00010b00        0x0 contiki-srf06-cc26xx.a(ctimer.o)
 .glue_7        0x00010b00        0x0 contiki-srf06-cc26xx.a(energest.o)
 .glue_7        0x00010b00        0x0 contiki-srf06-cc26xx.a(etimer.o)
 .glue_7        0x00010b00        0x0 contiki-srf06-cc26xx.a(process.o)
 .glue_7        0x00010b00        0x0 contiki-srf06-cc26xx.a(rtimer.o)
 .glue_7        0x00010b00        0x0 contiki-srf06-cc26xx.a(timer.o)
 .glue_7        0x00010b00        0x0 contiki-srf06-cc26xx.a(serial-line.o)
 .glue_7        0x00010b00        0x0 contiki-srf06-cc26xx.a(list.o)
 .glue_7        0x00010b00        0x0 contiki-srf06-cc26xx.a(ringbuf.o)
 .glue_7        0x00010b00        0x0 contiki-srf06-cc26xx.a(sicslowpan.o)
 .glue_7        0x00010b00        0x0 contiki-srf06-cc26xx.a(uip6.o)
 .glue_7        0x00010b00        0x0 contiki-srf06-cc26xx.a(uip-ds6.o)
 .glue_7        0x00010b00        0x0 contiki-srf06-cc26xx.a(uip-ds6-nbr.o)
 .glue_7        0x00010b00        0x0 contiki-srf06-cc26xx.a(uip-ds6-route.o)
 .glue_7        0x00010b00        0x0 contiki-srf06-cc26xx.a(uip-icmp6.o)
 .glue_7        0x00010b00        0x0 contiki-srf06-cc26xx.a(uip-nd6.o)
 .glue_7        0x00010b00        0x0 contiki-srf06-cc26xx.a(simple-udp.o)
 .glue_7        0x00010b00        0x0 contiki-srf06-cc26xx.a(tcpip.o)
 .glue_7        0x00010b00        0x0 contiki-srf06-cc26xx.a(uip-debug.o)
 .glue_7        0x00010b00        0x0 contiki-srf06-cc26xx.a(uip-udp-packet.)
 .glue_7        0x00010b00        0x0 contiki-srf06-cc26xx.a(rpl.o)
 .glue_7        0x00010b00        0x0 contiki-srf06-cc26xx.a(rpl-dag.o)
 .glue_7        0x00010b00        0x0 contiki-srf06-cc26xx.a(rpl-ext-header.)
 .glue_7        0x00010b00        0x0 contiki-srf06-cc26xx.a(rpl-icmp6.o)
 .glue_7        0x00010b00        0x0 contiki-srf06-cc26xx.a(rpl-mrhof.o)
 .glue_7        0x00010b00        0x0 contiki-srf06-cc26xx.a(rpl-timers.o)
 .glue_7        0x00010b00        0x0 contiki-srf06-cc26xx.a(adi.o)
 .glue_7        0x00010b00        0x0 contiki-srf06-cc26xx.a(aon_rtc.o)
 .glue_7        0x00010b00        0x0 contiki-srf06-cc26xx.a(chipinfo.o)
 .glue_7        0x00010b00        0x0 contiki-srf06-cc26xx.a(cpu.o)
 .glue_7        0x00010b00        0x0 contiki-srf06-cc26xx.a(osc.o)
 .glue_7        0x00010b00        0x0 contiki-srf06-cc26xx.a(pwr_ctrl.o)
 .glue_7        0x00010b00        0x0 contiki-srf06-cc26xx.a(rfc.o)
 .glue_7        0x00010b00        0x0 contiki-srf06-cc26xx.a(setup.o)
 .glue_7        0x00010b00        0x0 contiki-srf06-cc26xx.a(setup_rom.o)
 .glue_7        0x00010b00        0x0 contiki-srf06-cc26xx.a(sys_ctrl.o)
 .glue_7        0x00010b00        0x0 contiki-srf06-cc26xx.a(trng.o)
 .glue_7        0x00010b00        0x0 contiki-srf06-cc26xx.a(linkaddr.o)
 .glue_7        0x00010b00        0x0 contiki-srf06-cc26xx.a(link-stats.o)
 .glue_7        0x00010b00        0x0 contiki-srf06-cc26xx.a(nbr-table.o)
 .glue_7        0x00010b00        0x0 contiki-srf06-cc26xx.a(netstack.o)
 .glue_7        0x00010b00        0x0 contiki-srf06-cc26xx.a(packetbuf.o)
 .glue_7        0x00010b00        0x0 contiki-srf06-cc26xx.a(queuebuf.o)
 .glue_7        0x00010b00        0x0 contiki-srf06-cc26xx.a(csma.o)
 .glue_7        0x00010b00        0x0 contiki-srf06-cc26xx.a(framer-802154.o)
 .glue_7        0x00010b00        0x0 contiki-srf06-cc26xx.a(mac.o)
 .glue_7        0x00010b00        0x0 contiki-srf06-cc26xx.a(contikimac.o)
 .glue_7        0x00010b00        0x0 contiki-srf06-cc26xx.a(nullsec.o)
 .glue_7        0x00010b00        0x0 contiki-srf06-cc26xx.a(smartrf-setting)
 .glue_7        0x00010b00        0x0 contiki-srf06-cc26xx.a(aux-ctrl.o)
 .glue_7        0x00010b00        0x0 contiki-srf06-cc26xx.a(stimer.o)
 .glue_7        0x00010b00        0x0 contiki-srf06-cc26xx.a(memb.o)
 .glue_7        0x00010b00        0x0 contiki-srf06-cc26xx.a(rpl-nbr-policy.)
 .glue_7        0x00010b00        0x0 contiki-srf06-cc26xx.a(aon_batmon.o)
 .glue_7        0x00010b00        0x0 contiki-srf06-cc26xx.a(ddi.o)
 .glue_7        0x00010b00        0x0 contiki-srf06-cc26xx.a(frame802154.o)
 .glue_7        0x00010b00        0x0 contiki-srf06-cc26xx.a(mac-sequence.o)
 .glue_7        0x00010b00        0x0 /home/user/CodeSourcery/Sourcery_G++_Lite/bin/../lib/gcc/arm-none-eabi/4.3.2/thumb2/libgcc.a(_aeabi_uldivmod.o)
 .glue_7        0x00010b00        0x0 /home/user/CodeSourcery/Sourcery_G++_Lite/bin/../lib/gcc/arm-none-eabi/4.3.2/thumb2/libgcc.a(bpabi.o)
 .glue_7        0x00010b00        0x0 /home/user/CodeSourcery/Sourcery_G++_Lite/bin/../lib/gcc/arm-none-eabi/4.3.2/thumb2/libgcc.a(_dvmd_tls.o)
 .glue_7        0x00010b00        0x0 /home/user/CodeSourcery/Sourcery_G++_Lite/bin/../lib/gcc/arm-none-eabi/4.3.2/thumb2/libgcc.a(_divdi3.o)
 .glue_7        0x00010b00        0x0 /home/user/CodeSourcery/Sourcery_G++_Lite/bin/../lib/gcc/arm-none-eabi/4.3.2/thumb2/libgcc.a(_udivdi3.o)
 .glue_7        0x00010b00        0x0 /home/user/CodeSourcery/Sourcery_G++_Lite/bin/../lib/gcc/arm-none-eabi/4.3.2/thumb2/libgcc.a(_udivsi3.o)
 .glue_7        0x00010b00        0x0 /home/user/CodeSourcery/Sourcery_G++_Lite/bin/../lib/gcc/arm-none-eabi/4.3.2/thumb2/libgcc.a(_clz.o)
 .glue_7        0x00010b00        0x0 /home/user/CodeSourcery/Sourcery_G++_Lite/bin/../lib/gcc/arm-none-eabi/4.3.2/../../../../arm-none-eabi/lib/thumb2/libc.a(lib_a-memcmp.o)
 .glue_7        0x00010b00        0x0 /home/user/CodeSourcery/Sourcery_G++_Lite/bin/../lib/gcc/arm-none-eabi/4.3.2/../../../../arm-none-eabi/lib/thumb2/libc.a(lib_a-memcpy.o)
 .glue_7        0x00010b00        0x0 /home/user/CodeSourcery/Sourcery_G++_Lite/bin/../lib/gcc/arm-none-eabi/4.3.2/../../../../arm-none-eabi/lib/thumb2/libc.a(lib_a-memmove.o)
 .glue_7        0x00010b00        0x0 /home/user/CodeSourcery/Sourcery_G++_Lite/bin/../lib/gcc/arm-none-eabi/4.3.2/../../../../arm-none-eabi/lib/thumb2/libc.a(lib_a-memset.o)
 .glue_7        0x00010b00        0x0 /home/user/CodeSourcery/Sourcery_G++_Lite/bin/../lib/gcc/arm-none-eabi/4.3.2/../../../../arm-none-eabi/lib/thumb2/libc.a(lib_a-strlen.o)
 .glue_7        0x00010b00        0x0 /home/user/CodeSourcery/Sourcery_G++_Lite/bin/../lib/gcc/arm-none-eabi/4.3.2/../../../../arm-none-eabi/lib/thumb2/libc.a(lib_a-strncmp.o)

.glue_7t        0x00010b00        0x0 load address 0x00010afd
 .glue_7t       0x00010b00        0x0 obj_srf06-cc26xx/fault-handlers.o
 .glue_7t       0x00010b00        0x0 obj_srf06-cc26xx/ccfg.o
 .glue_7t       0x00010b00        0x0 obj_srf06-cc26xx/startup_gcc.o
 .glue_7t       0x00010b00        0x0 broadcast-example.co
 .glue_7t       0x00010b00        0x0 contiki-srf06-cc26xx.a(contiki-main.o)
 .glue_7t       0x00010b00        0x0 contiki-srf06-cc26xx.a(sensors.o)
 .glue_7t       0x00010b00        0x0 contiki-srf06-cc26xx.a(leds.o)
 .glue_7t       0x00010b00        0x0 contiki-srf06-cc26xx.a(board.o)
 .glue_7t       0x00010b00        0x0 contiki-srf06-cc26xx.a(launchpad-senso)
 .glue_7t       0x00010b00        0x0 contiki-srf06-cc26xx.a(leds-arch.o)
 .glue_7t       0x00010b00        0x0 contiki-srf06-cc26xx.a(button-sensor.o)
 .glue_7t       0x00010b00        0x0 contiki-srf06-cc26xx.a(ext-flash.o)
 .glue_7t       0x00010b00        0x0 contiki-srf06-cc26xx.a(board-spi.o)
 .glue_7t       0x00010b00        0x0 contiki-srf06-cc26xx.a(prop-mode.o)
 .glue_7t       0x00010b00        0x0 contiki-srf06-cc26xx.a(prop-mode-tx-po)
 .glue_7t       0x00010b00        0x0 contiki-srf06-cc26xx.a(clock.o)
 .glue_7t       0x00010b00        0x0 contiki-srf06-cc26xx.a(rtimer-arch.o)
 .glue_7t       0x00010b00        0x0 contiki-srf06-cc26xx.a(soc-rtc.o)
 .glue_7t       0x00010b00        0x0 contiki-srf06-cc26xx.a(contiki-watchdo)
 .glue_7t       0x00010b00        0x0 contiki-srf06-cc26xx.a(putchar.o)
 .glue_7t       0x00010b00        0x0 contiki-srf06-cc26xx.a(ieee-addr.o)
 .glue_7t       0x00010b00        0x0 contiki-srf06-cc26xx.a(cc26xx-uart.o)
 .glue_7t       0x00010b00        0x0 contiki-srf06-cc26xx.a(lpm.o)
 .glue_7t       0x00010b00        0x0 contiki-srf06-cc26xx.a(gpio-interrupt.)
 .glue_7t       0x00010b00        0x0 contiki-srf06-cc26xx.a(oscillators.o)
 .glue_7t       0x00010b00        0x0 contiki-srf06-cc26xx.a(rf-core.o)
 .glue_7t       0x00010b00        0x0 contiki-srf06-cc26xx.a(rf-ble.o)
 .glue_7t       0x00010b00        0x0 contiki-srf06-cc26xx.a(random.o)
 .glue_7t       0x00010b00        0x0 contiki-srf06-cc26xx.a(soc-trng.o)
 .glue_7t       0x00010b00        0x0 contiki-srf06-cc26xx.a(dbg-printf.o)
 .glue_7t       0x00010b00        0x0 contiki-srf06-cc26xx.a(strformat.o)
 .glue_7t       0x00010b00        0x0 contiki-srf06-cc26xx.a(autostart.o)
 .glue_7t       0x00010b00        0x0 contiki-srf06-cc26xx.a(ctimer.o)
 .glue_7t       0x00010b00        0x0 contiki-srf06-cc26xx.a(energest.o)
 .glue_7t       0x00010b00        0x0 contiki-srf06-cc26xx.a(etimer.o)
 .glue_7t       0x00010b00        0x0 contiki-srf06-cc26xx.a(process.o)
 .glue_7t       0x00010b00        0x0 contiki-srf06-cc26xx.a(rtimer.o)
 .glue_7t       0x00010b00        0x0 contiki-srf06-cc26xx.a(timer.o)
 .glue_7t       0x00010b00        0x0 contiki-srf06-cc26xx.a(serial-line.o)
 .glue_7t       0x00010b00        0x0 contiki-srf06-cc26xx.a(list.o)
 .glue_7t       0x00010b00        0x0 contiki-srf06-cc26xx.a(ringbuf.o)
 .glue_7t       0x00010b00        0x0 contiki-srf06-cc26xx.a(sicslowpan.o)
 .glue_7t       0x00010b00        0x0 contiki-srf06-cc26xx.a(uip6.o)
 .glue_7t       0x00010b00        0x0 contiki-srf06-cc26xx.a(uip-ds6.o)
 .glue_7t       0x00010b00        0x0 contiki-srf06-cc26xx.a(uip-ds6-nbr.o)
 .glue_7t       0x00010b00        0x0 contiki-srf06-cc26xx.a(uip-ds6-route.o)
 .glue_7t       0x00010b00        0x0 contiki-srf06-cc26xx.a(uip-icmp6.o)
 .glue_7t       0x00010b00        0x0 contiki-srf06-cc26xx.a(uip-nd6.o)
 .glue_7t       0x00010b00        0x0 contiki-srf06-cc26xx.a(simple-udp.o)
 .glue_7t       0x00010b00        0x0 contiki-srf06-cc26xx.a(tcpip.o)
 .glue_7t       0x00010b00        0x0 contiki-srf06-cc26xx.a(uip-debug.o)
 .glue_7t       0x00010b00        0x0 contiki-srf06-cc26xx.a(uip-udp-packet.)
 .glue_7t       0x00010b00        0x0 contiki-srf06-cc26xx.a(rpl.o)
 .glue_7t       0x00010b00        0x0 contiki-srf06-cc26xx.a(rpl-dag.o)
 .glue_7t       0x00010b00        0x0 contiki-srf06-cc26xx.a(rpl-ext-header.)
 .glue_7t       0x00010b00        0x0 contiki-srf06-cc26xx.a(rpl-icmp6.o)
 .glue_7t       0x00010b00        0x0 contiki-srf06-cc26xx.a(rpl-mrhof.o)
 .glue_7t       0x00010b00        0x0 contiki-srf06-cc26xx.a(rpl-timers.o)
 .glue_7t       0x00010b00        0x0 contiki-srf06-cc26xx.a(adi.o)
 .glue_7t       0x00010b00        0x0 contiki-srf06-cc26xx.a(aon_rtc.o)
 .glue_7t       0x00010b00        0x0 contiki-srf06-cc26xx.a(chipinfo.o)
 .glue_7t       0x00010b00        0x0 contiki-srf06-cc26xx.a(cpu.o)
 .glue_7t       0x00010b00        0x0 contiki-srf06-cc26xx.a(osc.o)
 .glue_7t       0x00010b00        0x0 contiki-srf06-cc26xx.a(pwr_ctrl.o)
 .glue_7t       0x00010b00        0x0 contiki-srf06-cc26xx.a(rfc.o)