Archive member included because of file (symbol)

contiki-srf06-cc26xx.a(cmd.o)
                              slip-radio.co (cmd_send)
contiki-srf06-cc26xx.a(packetutils.o)
                              slip-radio.co (packetutils_deserialize_atts)
contiki-srf06-cc26xx.a(contiki-main.o)
                              obj_srf06-cc26xx/startup_gcc.o (main)
contiki-srf06-cc26xx.a(sensors.o)
                              contiki-srf06-cc26xx.a(contiki-main.o) (sensors_process)
contiki-srf06-cc26xx.a(leds.o)
                              contiki-srf06-cc26xx.a(contiki-main.o) (leds_off)
contiki-srf06-cc26xx.a(board.o)
                              contiki-srf06-cc26xx.a(contiki-main.o) (board_init)
contiki-srf06-cc26xx.a(launchpad-senso)
                              contiki-srf06-cc26xx.a(sensors.o) (sensors)
contiki-srf06-cc26xx.a(leds-arch.o)
                              contiki-srf06-cc26xx.a(leds.o) (leds_arch_init)
contiki-srf06-cc26xx.a(button-sensor.o)
                              contiki-srf06-cc26xx.a(launchpad-senso) (button_left_sensor)
contiki-srf06-cc26xx.a(ext-flash.o)
                              contiki-srf06-cc26xx.a(board.o) (ext_flash_init)
contiki-srf06-cc26xx.a(board-spi.o)
                              contiki-srf06-cc26xx.a(ext-flash.o) (board_spi_write)
contiki-srf06-cc26xx.a(prop-mode.o)
                              contiki-srf06-cc26xx.a(contiki-main.o) (prop_mode_driver)
contiki-srf06-cc26xx.a(prop-mode-tx-po)
                              contiki-srf06-cc26xx.a(prop-mode.o) (prop_mode_tx_power_779_930)
contiki-srf06-cc26xx.a(clock.o)
                              contiki-srf06-cc26xx.a(contiki-main.o) (clock_init)
contiki-srf06-cc26xx.a(rtimer-arch.o)
                              contiki-srf06-cc26xx.a(prop-mode.o) (rtimer_arch_now)
contiki-srf06-cc26xx.a(soc-rtc.o)
                              contiki-srf06-cc26xx.a(rtimer-arch.o) (soc_rtc_schedule_one_shot)
contiki-srf06-cc26xx.a(contiki-watchdo)
                              contiki-srf06-cc26xx.a(contiki-main.o) (watchdog_periodic)
contiki-srf06-cc26xx.a(putchar.o)
                              contiki-srf06-cc26xx.a(contiki-main.o) (putchar)
contiki-srf06-cc26xx.a(ieee-addr.o)
                              contiki-srf06-cc26xx.a(contiki-main.o) (ieee_addr_cpy_to)
contiki-srf06-cc26xx.a(slip-arch.o)
                              slip-radio.co (slip_arch_init)
contiki-srf06-cc26xx.a(slip.o)
                              slip-radio.co (slip_set_input_callback)
contiki-srf06-cc26xx.a(cc26xx-uart.o)
                              contiki-srf06-cc26xx.a(putchar.o) (cc26xx_uart_write_byte)
contiki-srf06-cc26xx.a(lpm.o)
                              contiki-srf06-cc26xx.a(prop-mode.o) (lpm_sleep)
contiki-srf06-cc26xx.a(gpio-interrupt.)
                              contiki-srf06-cc26xx.a(contiki-main.o) (gpio_interrupt_init)
contiki-srf06-cc26xx.a(oscillators.o)
                              contiki-srf06-cc26xx.a(prop-mode.o) (oscillators_request_hf_xosc)
contiki-srf06-cc26xx.a(rf-core.o)
                              contiki-srf06-cc26xx.a(prop-mode.o) (rf_core_is_accessible)
contiki-srf06-cc26xx.a(rf-ble.o)
                              contiki-srf06-cc26xx.a(prop-mode.o) (rf_ble_is_active)
contiki-srf06-cc26xx.a(random.o)
                              contiki-srf06-cc26xx.a(contiki-main.o) (random_init)
contiki-srf06-cc26xx.a(soc-trng.o)
                              contiki-srf06-cc26xx.a(random.o) (soc_trng_init)
contiki-srf06-cc26xx.a(dbg-printf.o)
                              slip-radio.co (printf)
contiki-srf06-cc26xx.a(strformat.o)
                              contiki-srf06-cc26xx.a(dbg-printf.o) (format_str_v)
contiki-srf06-cc26xx.a(http-socket.o)
                              slip-radio.co (http_socket_get)
contiki-srf06-cc26xx.a(autostart.o)
                              contiki-srf06-cc26xx.a(contiki-main.o) (autostart_start)
contiki-srf06-cc26xx.a(ctimer.o)
                              contiki-srf06-cc26xx.a(contiki-main.o) (ctimer_init)
contiki-srf06-cc26xx.a(energest.o)
                              contiki-srf06-cc26xx.a(contiki-main.o) (energest_init)
contiki-srf06-cc26xx.a(etimer.o)
                              slip-radio.co (etimer_expired)
contiki-srf06-cc26xx.a(process.o)
                              contiki-srf06-cc26xx.a(sensors.o) (process_alloc_event)
contiki-srf06-cc26xx.a(rtimer.o)
                              contiki-srf06-cc26xx.a(soc-rtc.o) (rtimer_run_next)
contiki-srf06-cc26xx.a(timer.o)
                              contiki-srf06-cc26xx.a(etimer.o) (timer_reset)
contiki-srf06-cc26xx.a(serial-line.o)
                              contiki-srf06-cc26xx.a(contiki-main.o) (serial_line_init)
contiki-srf06-cc26xx.a(list.o)
                              contiki-srf06-cc26xx.a(lpm.o) (list_init)
contiki-srf06-cc26xx.a(ringbuf.o)
                              contiki-srf06-cc26xx.a(serial-line.o) (ringbuf_init)
contiki-srf06-cc26xx.a(uip6.o)
                              slip-radio.co (uip_aligned_buf)
[...]
Memory Configuration

Name             Origin             Length             Attributes
FLASH            0x00000000         0x0001ffa8         xr
FLASH_CCFG       0x0001ffa8         0x00000058         xr
SRAM             0x20000000         0x00005000         xrw
GPRAM            0x11000000         0x00002000         xrw
*default*        0x00000000         0xffffffff

Linker script and memory map

LOAD obj_srf06-cc26xx/fault-handlers.o
LOAD obj_srf06-cc26xx/ccfg.o
LOAD obj_srf06-cc26xx/startup_gcc.o
LOAD slip-radio.co
LOAD obj_srf06-cc26xx/slip-net.o
LOAD obj_srf06-cc26xx/no-framer.o
LOAD contiki-srf06-cc26xx.a
LOAD /home/user/CodeSourcery/Sourcery_G++_Lite/bin/../lib/gcc/arm-none-eabi/4.3.2/../../../../arm-none-eabi/lib/thumb2/libm.a
START GROUP
LOAD /home/user/CodeSourcery/Sourcery_G++_Lite/bin/../lib/gcc/arm-none-eabi/4.3.2/thumb2/libgcc.a
LOAD /home/user/CodeSourcery/Sourcery_G++_Lite/bin/../lib/gcc/arm-none-eabi/4.3.2/../../../../arm-none-eabi/lib/thumb2/libc.a
END GROUP
                0x20005000                _estack = 0x20005000
                0x00000000                _Min_Heap_Size = 0x0
                0x00000100                _Min_Stack_Size = 0x100

.text           0x00000000     0xccdc
                0x00000000                _text = .
 *(SORT(.vectors))
 .vectors       0x00000000       0xc8 obj_srf06-cc26xx/startup_gcc.o
                0x00000000                g_pfnVectors
 *(SORT(.text*))
 .text.FaultISR
                0x000000c8       0x1c obj_srf06-cc26xx/fault-handlers.o
                0x000000c8                FaultISR
 .text.NmiSRHandler
                0x000000e4        0x4 obj_srf06-cc26xx/startup_gcc.o
                0x000000e4                NmiSR
 .text.IntDefaultHandler
                0x000000e8        0x4 obj_srf06-cc26xx/startup_gcc.o
                0x000000e8                SSI0IntHandler
                0x000000e8                SWEvent0IntHandler
                0x000000e8                uDMAIntHandler
                0x000000e8                WatchdogIntHandler
                0x000000e8                RFCHardwareIntHandler
                0x000000e8                Timer1BIntHandler
                0x000000e8                I2SIntHandler
                0x000000e8                Timer2BIntHandler
                0x000000e8                Timer2AIntHandler
                0x000000e8                Timer1AIntHandler
                0x000000e8                AONIntHandler
                0x000000e8                AUXSWEvent0IntHandler
                0x000000e8                AUXADCIntHandler
                0x000000e8                PendSVIntHandler
                0x000000e8                AUXSWEvent1IntHandler
                0x000000e8                SVCallIntHandler
                0x000000e8                MPUFaultIntHandler
                0x000000e8                SysTickIntHandler
                0x000000e8                BusFaultIntHandler
                0x000000e8                AONProgIntHandler
                0x000000e8                AUXCompAIntHandler
                0x000000e8                SSI1IntHandler
                0x000000e8                FlashIntHandler
                0x000000e8                uDMAErrIntHandler
                0x000000e8                UsageFaultIntHandler
                0x000000e8                RFCCmdAckIntHandler
                0x000000e8                CryptoIntHandler
                0x000000e8                Timer0AIntHandler
                0x000000e8                I2CIntHandler
                0x000000e8                DebugMonIntHandler
                0x000000e8                Timer0BIntHandler
                0x000000e8                AUXCombEventIntHandler
                0x000000e8                Timer3AIntHandler
                0x000000e8                DynProgIntHandler
                0x000000e8                Timer3BIntHandler
 .text.ResetISR
                0x000000ec       0x4c obj_srf06-cc26xx/startup_gcc.o
                0x000000ec                ResetISR
 .text.process_thread_http_example_process
                0x00000138       0xbc slip-radio.co
 .text.callback
                0x000001f4       0x64 slip-radio.co
 .text.process_thread_slip_radio_process
                0x00000258       0x80 slip-radio.co
 .text.slip_input_callback
                0x000002d8       0x24 slip-radio.co
 .text.slip_radio_cmd_handler
                0x000002fc       0xd0 slip-radio.co
 .text.packet_sent
                0x000003cc       0x28 slip-radio.co
 .text.slip_radio_cmd_output
                0x000003f4        0x8 slip-radio.co
                0x000003f4                slip_radio_cmd_output
 .text.slipnet_init
                0x000003fc        0x4 obj_srf06-cc26xx/slip-net.o
                0x000003fc                slipnet_init
 .text.slip_send_packet
                0x00000400       0x40 obj_srf06-cc26xx/slip-net.o
                0x00000400                slip_send_packet
 .text.slipnet_input
                0x00000440       0x24 obj_srf06-cc26xx/slip-net.o
                0x00000440                slipnet_input
 .text.hdr_length
                0x00000464        0x4 obj_srf06-cc26xx/no-framer.o
 .text.create   0x00000468        0x4 obj_srf06-cc26xx/no-framer.o
 .text.parse    0x0000046c       0x74 obj_srf06-cc26xx/no-framer.o
 .text.cmd_send
                0x000004e0        0x8 contiki-srf06-cc26xx.a(cmd.o)
                0x000004e0                cmd_send
 .text.cmd_input
                0x000004e8       0x30 contiki-srf06-cc26xx.a(cmd.o)
                0x000004e8                cmd_input
 .text.packetutils_deserialize_atts
                0x00000518       0x40 contiki-srf06-cc26xx.a(packetutils.o)
                0x00000518                packetutils_deserialize_atts
 .text.fade     0x00000558       0x54 contiki-srf06-cc26xx.a(contiki-main.o)
 .text.main     0x000005ac      0x254 contiki-srf06-cc26xx.a(contiki-main.o)
                0x000005ac                main
 .text.get_sensor_index
                0x00000800       0x24 contiki-srf06-cc26xx.a(sensors.o)
 .text.process_thread_sensors_process
                0x00000824       0xdc contiki-srf06-cc26xx.a(sensors.o)
 .text.sensors_changed
                0x00000900       0x24 contiki-srf06-cc26xx.a(sensors.o)
                0x00000900                sensors_changed
 .text.show_leds
                0x00000924       0x10 contiki-srf06-cc26xx.a(leds.o)
 .text.leds_off
                0x00000934       0x14 contiki-srf06-cc26xx.a(leds.o)
                0x00000934                leds_off
 .text.leds_on  0x00000948       0x14 contiki-srf06-cc26xx.a(leds.o)
                0x00000948                leds_on
 .text.leds_init
                0x0000095c       0x14 contiki-srf06-cc26xx.a(leds.o)
                0x0000095c                leds_init
 .text.wakeup_handler
                0x00000970       0x20 contiki-srf06-cc26xx.a(board.o)
 .text.board_init
                0x00000990       0x84 contiki-srf06-cc26xx.a(board.o)
                0x00000990                board_init
 .text.GPIO_setDio
                0x00000a14       0x10 contiki-srf06-cc26xx.a(leds-arch.o)
 .text.GPIO_clearMultiDio
                0x00000a24        0xc contiki-srf06-cc26xx.a(leds-arch.o)
 .text.leds_arch_init
                0x00000a30       0x30 contiki-srf06-cc26xx.a(leds-arch.o)
                0x00000a30                leds_arch_init
 .text.leds_arch_set
                0x00000a60       0x2c contiki-srf06-cc26xx.a(leds-arch.o)
                0x00000a60                leds_arch_set
 .text.GPIO_readDio
                0x00000a8c       0x10 contiki-srf06-cc26xx.a(button-sensor.o)
 .text.GPIO_clearEventDio
                0x00000a9c       0x10 contiki-srf06-cc26xx.a(button-sensor.o)
 .text.status   0x00000aac       0x20 contiki-srf06-cc26xx.a(button-sensor.o)
 .text.value_left
                0x00000acc       0x28 contiki-srf06-cc26xx.a(button-sensor.o)
 .text.value_right
                0x00000af4       0x28 contiki-srf06-cc26xx.a(button-sensor.o)
 .text.status_left
                0x00000b1c        0xc contiki-srf06-cc26xx.a(button-sensor.o)
 .text.status_right
                0x00000b28        0xc contiki-srf06-cc26xx.a(button-sensor.o)
 .text.config_buttons
                0x00000b34       0x70 contiki-srf06-cc26xx.a(button-sensor.o)
 .text.config_right
                0x00000ba4        0xc contiki-srf06-cc26xx.a(button-sensor.o)
 .text.config_left
                0x00000bb0        0xc contiki-srf06-cc26xx.a(button-sensor.o)
 .text.button_press_handler
                0x00000bbc       0x5c contiki-srf06-cc26xx.a(button-sensor.o)
 .text.select_on_bus
                0x00000c18       0x10 contiki-srf06-cc26xx.a(ext-flash.o)
 .text.deselect
                0x00000c28       0x10 contiki-srf06-cc26xx.a(ext-flash.o)
 .text.wait_ready
                0x00000c38       0x48 contiki-srf06-cc26xx.a(ext-flash.o)
 .text.verify_part
                0x00000c80       0x70 contiki-srf06-cc26xx.a(ext-flash.o)
 .text.ext_flash_close
                0x00000cf0       0x3c contiki-srf06-cc26xx.a(ext-flash.o)
                0x00000cf0                ext_flash_close
 .text.ext_flash_open
                0x00000d2c       0x50 contiki-srf06-cc26xx.a(ext-flash.o)
                0x00000d2c                ext_flash_open
 .text.ext_flash_init
                0x00000d7c        0xc contiki-srf06-cc26xx.a(ext-flash.o)
                0x00000d7c                ext_flash_init
 .text.PRCMLoadSet
                0x00000d88        0xc contiki-srf06-cc26xx.a(board-spi.o)
 .text.PRCMLoadGet
                0x00000d94       0x10 contiki-srf06-cc26xx.a(board-spi.o)
 .text.accessible
                0x00000da4       0x28 contiki-srf06-cc26xx.a(board-spi.o)
 .text.board_spi_write
                0x00000dcc       0x3c contiki-srf06-cc26xx.a(board-spi.o)
                0x00000dcc                board_spi_write
 .text.board_spi_read
                0x00000e08       0x44 contiki-srf06-cc26xx.a(board-spi.o)
                0x00000e08                board_spi_read
 .text.board_spi_flush
                0x00000e4c       0x20 contiki-srf06-cc26xx.a(board-spi.o)
                0x00000e4c                board_spi_flush
 .text.board_spi_open
                0x00000e6c       0xac contiki-srf06-cc26xx.a(board-spi.o)
                0x00000e6c                board_spi_open
 .text.board_spi_close
                0x00000f18       0x64 contiki-srf06-cc26xx.a(board-spi.o)
                0x00000f18                board_spi_close
 .text.get_channel
                0x00000f7c       0x30 contiki-srf06-cc26xx.a(prop-mode.o)
 .text.set_channel
                0x00000fac       0x3c contiki-srf06-cc26xx.a(prop-mode.o)
 .text.get_tx_power_array_last_element
                0x00000fe8       0x24 contiki-srf06-cc26xx.a(prop-mode.o)
 .text.get_object
                0x0000100c        0x4 contiki-srf06-cc26xx.a(prop-mode.o)
 .text.set_object
                0x00001010        0x4 contiki-srf06-cc26xx.a(prop-mode.o)
 .text.rf_is_on
                0x00001014       0x1c contiki-srf06-cc26xx.a(prop-mode.o)
 .text.request  0x00001030       0x10 contiki-srf06-cc26xx.a(prop-mode.o)
 .text.soft_off_prop
                0x00001040       0x2c contiki-srf06-cc26xx.a(prop-mode.o)
 .text.rx_off_prop
                0x0000106c       0x3c contiki-srf06-cc26xx.a(prop-mode.o)
 .text.prop_div_radio_setup
                0x000010a8       0x48 contiki-srf06-cc26xx.a(prop-mode.o)
 .text.prop_fs  0x000010f0       0x28 contiki-srf06-cc26xx.a(prop-mode.o)
 .text.rx_on_prop
                0x00001118       0x5c contiki-srf06-cc26xx.a(prop-mode.o)
 .text.soft_on_prop
                0x00001174       0x20 contiki-srf06-cc26xx.a(prop-mode.o)
 .text.off      0x00001194       0x28 contiki-srf06-cc26xx.a(prop-mode.o)
 .text.on       0x000011bc      0x1ec contiki-srf06-cc26xx.a(prop-mode.o)
 .text.set_value
                0x000013a8       0xdc contiki-srf06-cc26xx.a(prop-mode.o)
 .text.get_value
                0x00001484       0xd8 contiki-srf06-cc26xx.a(prop-mode.o)
 .text.channel_clear
                0x0000155c       0x70 contiki-srf06-cc26xx.a(prop-mode.o)
 .text.receiving_packet
                0x000015cc       0x18 contiki-srf06-cc26xx.a(prop-mode.o)
 .text.prepare  0x000015e4       0x1c contiki-srf06-cc26xx.a(prop-mode.o)
 .text.pending_packet
                0x00001600       0x2c contiki-srf06-cc26xx.a(prop-mode.o)
 .text.read_frame
                0x0000162c       0x4c contiki-srf06-cc26xx.a(prop-mode.o)
 .text.transmit
                0x00001678       0x8c contiki-srf06-cc26xx.a(prop-mode.o)
 .text.send     0x00001704       0x10 contiki-srf06-cc26xx.a(prop-mode.o)
 .text.init     0x00001714       0x7c contiki-srf06-cc26xx.a(prop-mode.o)
 .text.PRCMLoadSet
                0x00001790        0xc contiki-srf06-cc26xx.a(clock.o)
 .text.PRCMLoadGet
                0x0000179c       0x10 contiki-srf06-cc26xx.a(clock.o)
 .text.power_domain_on
                0x000017ac       0x20 contiki-srf06-cc26xx.a(clock.o)
 .text.clock_init
                0x000017cc       0x8c contiki-srf06-cc26xx.a(clock.o)
                0x000017cc                clock_init
 .text.update_clock_variable
                0x00001858       0x30 contiki-srf06-cc26xx.a(clock.o)
 .text.clock_time
                0x00001888       0x14 contiki-srf06-cc26xx.a(clock.o)
                0x00001888                clock_time
 .text.clock_seconds
                0x0000189c       0x18 contiki-srf06-cc26xx.a(clock.o)
                0x0000189c                clock_seconds
 .text.clock_update
                0x000018b4       0x14 contiki-srf06-cc26xx.a(clock.o)
                0x000018b4                clock_update
 .text.rtimer_arch_init
                0x000018c8        0x4 contiki-srf06-cc26xx.a(rtimer-arch.o)
                0x000018c8                rtimer_arch_init
 .text.rtimer_arch_now
                0x000018cc        0x8 contiki-srf06-cc26xx.a(rtimer-arch.o)
                0x000018cc                rtimer_arch_now
 .text.rtimer_arch_schedule
                0x000018d4        0xc contiki-srf06-cc26xx.a(rtimer-arch.o)
                0x000018d4                rtimer_arch_schedule
 .text.AONRTCEventClear
                0x000018e0       0x30 contiki-srf06-cc26xx.a(soc-rtc.o)
 .text.AONRTCEventGet
                0x00001910       0x34 contiki-srf06-cc26xx.a(soc-rtc.o)
 .text.AONRTCChannelEnable
                0x00001944       0x34 contiki-srf06-cc26xx.a(soc-rtc.o)
 .text.AONRTCChannelDisable
                0x00001978       0x34 contiki-srf06-cc26xx.a(soc-rtc.o)
 .text.AONRTCCompareValueSet
                0x000019ac       0x2c contiki-srf06-cc26xx.a(soc-rtc.o)
 .text.soc_rtc_schedule_one_shot
                0x000019d8       0x1c contiki-srf06-cc26xx.a(soc-rtc.o)
                0x000019d8                soc_rtc_schedule_one_shot
 .text.soc_rtc_last_isr_time
                0x000019f4        0xc contiki-srf06-cc26xx.a(soc-rtc.o)
                0x000019f4                soc_rtc_last_isr_time
 .text.AONRTCIntHandler
                0x00001a00       0x70 contiki-srf06-cc26xx.a(soc-rtc.o)
                0x00001a00                AONRTCIntHandler
 .text.soc_rtc_init
                0x00001a70       0x94 contiki-srf06-cc26xx.a(soc-rtc.o)
                0x00001a70                soc_rtc_init
 .text.WatchdogReloadSet
                0x00001b04        0xc contiki-srf06-cc26xx.a(contiki-watchdo)
 .text.watchdog_periodic
                0x00001b10       0x18 contiki-srf06-cc26xx.a(contiki-watchdo)
                0x00001b10                watchdog_periodic
 .text.unlock_config
                0x00001b28       0x2c contiki-srf06-cc26xx.a(contiki-watchdo)
 .text.lock_config
                0x00001b54       0x20 contiki-srf06-cc26xx.a(contiki-watchdo)
 .text.watchdog_start
                0x00001b74       0x20 contiki-srf06-cc26xx.a(contiki-watchdo)
                0x00001b74                watchdog_start
 .text.watchdog_init
                0x00001b94       0x14 contiki-srf06-cc26xx.a(contiki-watchdo)
                0x00001b94                watchdog_init
 .text.putchar  0x00001ba8       0x10 contiki-srf06-cc26xx.a(putchar.o)
                0x00001ba8                putchar
 .text.dbg_send_bytes
                0x00001bb8       0x2c contiki-srf06-cc26xx.a(putchar.o)
                0x00001bb8                dbg_send_bytes
 .text.puts     0x00001be4       0x2c contiki-srf06-cc26xx.a(putchar.o)
                0x00001be4                puts
 .text.ieee_addr_cpy_to
                0x00001c10       0x3c contiki-srf06-cc26xx.a(ieee-addr.o)
                0x00001c10                ieee_addr_cpy_to
 .text.slip_arch_init
                0x00001c4c       0x10 contiki-srf06-cc26xx.a(slip-arch.o)
                0x00001c4c                slip_arch_init
 .text.slip_arch_writeb
                0x00001c5c        0x8 contiki-srf06-cc26xx.a(slip-arch.o)
                0x00001c5c                slip_arch_writeb
 .text.slip_set_input_callback
                0x00001c64        0xc contiki-srf06-cc26xx.a(slip.o)
                0x00001c64                slip_set_input_callback
 .text.process_thread_slip_process
                0x00001c70      0x1c8 contiki-srf06-cc26xx.a(slip.o)
 .text.slip_input_byte
                0x00001e38       0xa8 contiki-srf06-cc26xx.a(slip.o)
                0x00001e38                slip_input_byte
 .text.PRCMLoadSet
                0x00001ee0        0xc contiki-srf06-cc26xx.a(cc26xx-uart.o)
 .text.PRCMLoadGet
                0x00001eec       0x10 contiki-srf06-cc26xx.a(cc26xx-uart.o)
 .text.UARTBusy
                0x00001efc        0x8 contiki-srf06-cc26xx.a(cc26xx-uart.o)
 .text.UARTIntClear
                0x00001f04        0x4 contiki-srf06-cc26xx.a(cc26xx-uart.o)
 .text.power_and_clock
                0x00001f08       0x38 contiki-srf06-cc26xx.a(cc26xx-uart.o)
 .text.accessible
                0x00001f40       0x28 contiki-srf06-cc26xx.a(cc26xx-uart.o)
 .text.disable_interrupts
                0x00001f68       0x34 contiki-srf06-cc26xx.a(cc26xx-uart.o)
 .text.enable   0x00001f9c       0xbc contiki-srf06-cc26xx.a(cc26xx-uart.o)
 .text.cc26xx_uart_write_byte
                0x00002058       0x24 contiki-srf06-cc26xx.a(cc26xx-uart.o)
                0x00002058                cc26xx_uart_write_byte
 .text.cc26xx_uart_set_input
                0x0000207c       0x58 contiki-srf06-cc26xx.a(cc26xx-uart.o)
                0x0000207c                cc26xx_uart_set_input
 .text.cc26xx_uart_busy
                0x000020d4       0x18 contiki-srf06-cc26xx.a(cc26xx-uart.o)
                0x000020d4                cc26xx_uart_busy
 .text.UART0IntHandler
                0x000020ec       0x50 contiki-srf06-cc26xx.a(cc26xx-uart.o)
                0x000020ec                UART0IntHandler
 .text.lpm_drop_handler
                0x0000213c       0x8c contiki-srf06-cc26xx.a(cc26xx-uart.o)
 .text.cc26xx_uart_init
                0x000021c8       0x24 contiki-srf06-cc26xx.a(cc26xx-uart.o)
                0x000021c8                cc26xx_uart_init
 .text.PRCMCacheRetentionDisable
                0x000021ec       0x10 contiki-srf06-cc26xx.a(lpm.o)
 .text.GPIO_setOutputEnableDio
                0x000021fc       0x10 contiki-srf06-cc26xx.a(lpm.o)
 .text.AONIOCFreezeEnable
                0x0000220c        0xc contiki-srf06-cc26xx.a(lpm.o)
 .text.AONRTCEventClear
                0x00002218       0x30 contiki-srf06-cc26xx.a(lpm.o)
 .text.AONWUCMcuPowerDownConfig
                0x00002248       0x14 contiki-srf06-cc26xx.a(lpm.o)
 .text.AONWUCMcuSRamConfig
                0x0000225c       0x14 contiki-srf06-cc26xx.a(lpm.o)
 .text.AONWUCDomainPowerDownEnable
                0x00002270       0x14 contiki-srf06-cc26xx.a(lpm.o)
 .text.AONWUCJtagPowerOff
                0x00002284        0xc contiki-srf06-cc26xx.a(lpm.o)
 .text.lpm_sleep
                0x00002290       0x14 contiki-srf06-cc26xx.a(lpm.o)
                0x00002290                lpm_sleep
 .text.lpm_pin_set_default_state
                0x000022a4       0x28 contiki-srf06-cc26xx.a(lpm.o)
                0x000022a4                lpm_pin_set_default_state
 .text.lpm_init
                0x000022cc       0x20 contiki-srf06-cc26xx.a(lpm.o)
                0x000022cc                lpm_init
 .text.lpm_unregister_module
                0x000022ec       0x10 contiki-srf06-cc26xx.a(lpm.o)
                0x000022ec                lpm_unregister_module
 .text.lpm_register_module
                0x000022fc       0x10 contiki-srf06-cc26xx.a(lpm.o)
                0x000022fc                lpm_register_module
 .text.IntMasterDisable
                0x0000230c       0x10 contiki-srf06-cc26xx.a(lpm.o)
 .text.IntMasterEnable
                0x0000231c       0x10 contiki-srf06-cc26xx.a(lpm.o)
 .text.lpm_drop
                0x0000232c      0x208 contiki-srf06-cc26xx.a(lpm.o)
                0x0000232c                lpm_drop
 .text.lpm_shutdown
                0x00002534      0x174 contiki-srf06-cc26xx.a(lpm.o)
                0x00002534                lpm_shutdown
 .text.gpio_interrupt_init
                0x000026a8       0x24 contiki-srf06-cc26xx.a(gpio-interrupt.)
                0x000026a8                gpio_interrupt_init
 .text.GPIOIntHandler
                0x000026cc       0x30 contiki-srf06-cc26xx.a(gpio-interrupt.)
                0x000026cc                GPIOIntHandler
 .text.gpio_interrupt_register_handler
                0x000026fc       0x28 contiki-srf06-cc26xx.a(gpio-interrupt.)
                0x000026fc                gpio_interrupt_register_handler
 .text.oscillators_request_hf_xosc
                0x00002724       0x2c contiki-srf06-cc26xx.a(oscillators.o)
                0x00002724                oscillators_request_hf_xosc
 .text.oscillators_select_lf_rcosc
                0x00002750       0x34 contiki-srf06-cc26xx.a(oscillators.o)
                0x00002750                oscillators_select_lf_rcosc
 .text.oscillators_select_lf_xosc
                0x00002784       0x50 contiki-srf06-cc26xx.a(oscillators.o)
                0x00002784                oscillators_select_lf_xosc
 .text.OSCHfSourceSwitch
                0x000027d4       0x10 contiki-srf06-cc26xx.a(oscillators.o)
 .text.oscillators_switch_to_hf_rc
                0x000027e4       0x2c contiki-srf06-cc26xx.a(oscillators.o)
                0x000027e4                oscillators_switch_to_hf_rc
 .text.oscillators_switch_to_hf_xosc
                0x00002810       0x28 contiki-srf06-cc26xx.a(oscillators.o)
                0x00002810                oscillators_switch_to_hf_xosc
 .text.PRCMLoadSet
                0x00002838        0xc contiki-srf06-cc26xx.a(rf-core.o)
 .text.PRCMLoadGet
                0x00002844       0x10 contiki-srf06-cc26xx.a(rf-core.o)
 .text.rf_core_is_accessible
                0x00002854       0x10 contiki-srf06-cc26xx.a(rf-core.o)
                0x00002854                rf_core_is_accessible
 .text.rf_core_wait_cmd_done
                0x00002864       0x30 contiki-srf06-cc26xx.a(rf-core.o)
                0x00002864                rf_core_wait_cmd_done
 .text.rf_core_cmd_done_en
                0x00002894       0x24 contiki-srf06-cc26xx.a(rf-core.o)
                0x00002894                rf_core_cmd_done_en
 .text.rf_core_cmd_done_dis
                0x000028b8       0x18 contiki-srf06-cc26xx.a(rf-core.o)
                0x000028b8                rf_core_cmd_done_dis
 .text.rf_core_get_last_radio_op
                0x000028d0        0xc contiki-srf06-cc26xx.a(rf-core.o)
                0x000028d0                rf_core_get_last_radio_op
 .text.rf_core_primary_mode_register
                0x000028dc        0xc contiki-srf06-cc26xx.a(rf-core.o)
                0x000028dc                rf_core_primary_mode_register
 .text.process_thread_rf_core_process
                0x000028e8       0x5c contiki-srf06-cc26xx.a(rf-core.o)
 .text.IntMasterDisable
                0x00002944       0x10 contiki-srf06-cc26xx.a(rf-core.o)
 .text.IntMasterEnable
                0x00002954       0x10 contiki-srf06-cc26xx.a(rf-core.o)
 .text.rf_core_setup_interrupts
                0x00002964       0x60 contiki-srf06-cc26xx.a(rf-core.o)
                0x00002964                rf_core_setup_interrupts
 .text.rf_core_send_cmd
                0x000029c4       0x9c contiki-srf06-cc26xx.a(rf-core.o)
                0x000029c4                rf_core_send_cmd
 .text.rf_core_power_up
                0x00002a60       0xbc contiki-srf06-cc26xx.a(rf-core.o)
                0x00002a60                rf_core_power_up
 .text.RFCCPE1IntHandler
                0x00002b1c       0x20 contiki-srf06-cc26xx.a(rf-core.o)
                0x00002b1c                RFCCPE1IntHandler
 .text.RFCCPE0IntHandler
                0x00002b3c       0x54 contiki-srf06-cc26xx.a(rf-core.o)
                0x00002b3c                RFCCPE0IntHandler
 .text.rf_core_init_radio_op
                0x00002b90       0x20 contiki-srf06-cc26xx.a(rf-core.o)
                0x00002b90                rf_core_init_radio_op
 .text.rf_core_stop_rat
                0x00002bb0       0x48 contiki-srf06-cc26xx.a(rf-core.o)
                0x00002bb0                rf_core_stop_rat
 .text.rf_core_power_down
                0x00002bf8       0xb8 contiki-srf06-cc26xx.a(rf-core.o)
                0x00002bf8                rf_core_power_down
 .text.rf_core_start_rat
                0x00002cb0       0x40 contiki-srf06-cc26xx.a(rf-core.o)
                0x00002cb0                rf_core_start_rat
 .text.rf_core_set_modesel
                0x00002cf0       0x3c contiki-srf06-cc26xx.a(rf-core.o)
                0x00002cf0                rf_core_set_modesel
 .text.rf_ble_is_active
                0x00002d2c        0xc contiki-srf06-cc26xx.a(rf-ble.o)
                0x00002d2c                rf_ble_is_active
 .text.random_init
                0x00002d38        0x8 contiki-srf06-cc26xx.a(random.o)
                0x00002d38                random_init
 .text.random_rand
                0x00002d40        0xc contiki-srf06-cc26xx.a(random.o)
                0x00002d40                random_rand
 .text.PRCMLoadSet
                0x00002d4c        0xc contiki-srf06-cc26xx.a(soc-trng.o)
 .text.PRCMLoadGet
                0x00002d58       0x10 contiki-srf06-cc26xx.a(soc-trng.o)
 .text.TRNGEnable
                0x00002d68        0xc contiki-srf06-cc26xx.a(soc-trng.o)
 .text.TRNGDisable
                0x00002d74        0xc contiki-srf06-cc26xx.a(soc-trng.o)
 .text.accessible
                0x00002d80       0x28 contiki-srf06-cc26xx.a(soc-trng.o)
 .text.power_up
                0x00002da8       0x38 contiki-srf06-cc26xx.a(soc-trng.o)
 .text.reset_synchronous
                0x00002de0       0x14 contiki-srf06-cc26xx.a(soc-trng.o)
 .text.request  0x00002df4       0x14 contiki-srf06-cc26xx.a(soc-trng.o)
 .text.read_number
                0x00002e08       0x28 contiki-srf06-cc26xx.a(soc-trng.o)
 .text.process_thread_soc_trng_process
                0x00002e30       0x70 contiki-srf06-cc26xx.a(soc-trng.o)
 .text.soc_trng_init
                0x00002ea0       0x24 contiki-srf06-cc26xx.a(soc-trng.o)
                0x00002ea0                soc_trng_init
 .text.TRNGIntHandler
                0x00002ec4       0x48 contiki-srf06-cc26xx.a(soc-trng.o)
                0x00002ec4                TRNGIntHandler
 .text.IntMasterDisable
                0x00002f0c       0x10 contiki-srf06-cc26xx.a(soc-trng.o)
 .text.IntMasterEnable
                0x00002f1c       0x10 contiki-srf06-cc26xx.a(soc-trng.o)
 .text.soc_trng_rand_synchronous
                0x00002f2c       0xa4 contiki-srf06-cc26xx.a(soc-trng.o)
                0x00002f2c                soc_trng_rand_synchronous
 .text.printf   0x00002fd0       0x20 contiki-srf06-cc26xx.a(dbg-printf.o)
                0x00002fd0                printf
 .text.write_str
                0x00002ff0       0x10 contiki-srf06-cc26xx.a(dbg-printf.o)
 .text.parse_uint
                0x00003000       0x24 contiki-srf06-cc26xx.a(strformat.o)
 .text.output_uint_hex
                0x00003024       0x48 contiki-srf06-cc26xx.a(strformat.o)
 .text.fill_space
                0x0000306c       0x38 contiki-srf06-cc26xx.a(strformat.o)
 .text.format_str_v
                0x000030a4      0x6c8 contiki-srf06-cc26xx.a(strformat.o)
                0x000030a4                format_str_v
 .text.call_callback
                0x0000376c       0x18 contiki-srf06-cc26xx.a(http-socket.o)
 .text.parse_url
                0x00003784       0xf4 contiki-srf06-cc26xx.a(http-socket.o)
 .text.start_request
                0x00003878       0xbc contiki-srf06-cc26xx.a(http-socket.o)
 .text.removesocket
                0x00003934       0x20 contiki-srf06-cc26xx.a(http-socket.o)
 .text.process_thread_http_socket_process
                0x00003954       0xc8 contiki-srf06-cc26xx.a(http-socket.o)
 .text.initialize_socket
                0x00003a1c       0x4c contiki-srf06-cc26xx.a(http-socket.o)
 .text.http_socket_get
                0x00003a68       0x4c contiki-srf06-cc26xx.a(http-socket.o)
                0x00003a68                http_socket_get
 .text.start_timeout_timer
                0x00003ab4       0x2c contiki-srf06-cc26xx.a(http-socket.o)
 .text.event    0x00003ae0      0x280 contiki-srf06-cc26xx.a(http-socket.o)
 .text.input    0x00003d60      0x594 contiki-srf06-cc26xx.a(http-socket.o)
 .text.http_socket_init
                0x000042f4       0x48 contiki-srf06-cc26xx.a(http-socket.o)
                0x000042f4                http_socket_init
 .text.autostart_start
                0x0000433c       0x18 contiki-srf06-cc26xx.a(autostart.o)
                0x0000433c                autostart_start
 .text.process_thread_ctimer_process
                0x00004354       0x8c contiki-srf06-cc26xx.a(ctimer.o)
 .text.ctimer_stop
                0x000043e0       0x28 contiki-srf06-cc26xx.a(ctimer.o)
                0x000043e0                ctimer_stop
 .text.ctimer_set_with_process
                0x00004408       0x44 contiki-srf06-cc26xx.a(ctimer.o)
                0x00004408                ctimer_set_with_process
 .text.ctimer_set
                0x0000444c       0x14 contiki-srf06-cc26xx.a(ctimer.o)
                0x0000444c                ctimer_set
 .text.ctimer_reset
                0x00004460       0x34 contiki-srf06-cc26xx.a(ctimer.o)
                0x00004460                ctimer_reset
 .text.ctimer_init
                0x00004494       0x24 contiki-srf06-cc26xx.a(ctimer.o)
                0x00004494                ctimer_init
 .text.energest_init
                0x000044b8        0x4 contiki-srf06-cc26xx.a(energest.o)
                0x000044b8                energest_init
 .text.etimer_expired
                0x000044bc        0xc contiki-srf06-cc26xx.a(etimer.o)
                0x000044bc                etimer_expired
 .text.etimer_pending
                0x000044c8       0x10 contiki-srf06-cc26xx.a(etimer.o)
                0x000044c8                etimer_pending
 .text.etimer_next_expiration_time
                0x000044d8       0x14 contiki-srf06-cc26xx.a(etimer.o)
                0x000044d8                etimer_next_expiration_time
 .text.update_time
                0x000044ec       0x44 contiki-srf06-cc26xx.a(etimer.o)
 .text.etimer_stop
                0x00004530       0x34 contiki-srf06-cc26xx.a(etimer.o)
                0x00004530                etimer_stop
 .text.etimer_request_poll
                0x00004564       0x10 contiki-srf06-cc26xx.a(etimer.o)
                0x00004564                etimer_request_poll
 .text.process_thread_etimer_process
                0x00004574       0xa0 contiki-srf06-cc26xx.a(etimer.o)
 .text.add_timer
                0x00004614       0x40 contiki-srf06-cc26xx.a(etimer.o)
 .text.etimer_restart
                0x00004654       0x10 contiki-srf06-cc26xx.a(etimer.o)
                0x00004654                etimer_restart
 .text.etimer_reset
                0x00004664       0x10 contiki-srf06-cc26xx.a(etimer.o)
                0x00004664                etimer_reset
 .text.etimer_set
                0x00004674       0x10 contiki-srf06-cc26xx.a(etimer.o)
                0x00004674                etimer_set
 .text.process_alloc_event
                0x00004684       0x10 contiki-srf06-cc26xx.a(process.o)
                0x00004684                process_alloc_event
 .text.process_init
                0x00004694       0x30 contiki-srf06-cc26xx.a(process.o)
                0x00004694                process_init
 .text.process_nevents
                0x000046c4       0x14 contiki-srf06-cc26xx.a(process.o)
                0x000046c4                process_nevents
 .text.process_post
                0x000046d8       0x48 contiki-srf06-cc26xx.a(process.o)
                0x000046d8                process_post
 .text.process_poll
                0x00004720       0x1c contiki-srf06-cc26xx.a(process.o)
                0x00004720                process_poll
 .text.process_is_running
                0x0000473c        0xc contiki-srf06-cc26xx.a(process.o)
                0x0000473c                process_is_running
 .text.exit_process
                0x00004748       0x8c contiki-srf06-cc26xx.a(process.o)
 .text.call_process
                0x000047d4       0x40 contiki-srf06-cc26xx.a(process.o)
 .text.process_post_synch
                0x00004814       0x14 contiki-srf06-cc26xx.a(process.o)
                0x00004814                process_post_synch
 .text.process_start
                0x00004828       0x30 contiki-srf06-cc26xx.a(process.o)
                0x00004828                process_start
 .text.do_poll  0x00004858       0x34 contiki-srf06-cc26xx.a(process.o)
 .text.process_run
                0x0000488c       0x90 contiki-srf06-cc26xx.a(process.o)
                0x0000488c                process_run
 .text.process_exit
                0x0000491c       0x10 contiki-srf06-cc26xx.a(process.o)
                0x0000491c                process_exit
 .text.rtimer_run_next
                0x0000492c       0x24 contiki-srf06-cc26xx.a(rtimer.o)
                0x0000492c                rtimer_run_next
 .text.rtimer_set
                0x00004950       0x24 contiki-srf06-cc26xx.a(rtimer.o)
                0x00004950                rtimer_set
 .text.rtimer_init
                0x00004974        0x8 contiki-srf06-cc26xx.a(rtimer.o)
                0x00004974                rtimer_init
 .text.timer_reset
                0x0000497c        0xc contiki-srf06-cc26xx.a(timer.o)
                0x0000497c                timer_reset
 .text.timer_expired
                0x00004988       0x1c contiki-srf06-cc26xx.a(timer.o)
                0x00004988                timer_expired
 .text.timer_restart
                0x000049a4        0xc contiki-srf06-cc26xx.a(timer.o)
                0x000049a4                timer_restart
 .text.timer_set
                0x000049b0       0x10 contiki-srf06-cc26xx.a(timer.o)
                0x000049b0                timer_set
 .text.process_thread_serial_line_process
                0x000049c0       0xa8 contiki-srf06-cc26xx.a(serial-line.o)
 .text.serial_line_init
                0x00004a68       0x24 contiki-srf06-cc26xx.a(serial-line.o)
                0x00004a68                serial_line_init
 .text.list_init
                0x00004a8c        0x8 contiki-srf06-cc26xx.a(list.o)
                0x00004a8c                list_init
 .text.list_head
                0x00004a94        0x4 contiki-srf06-cc26xx.a(list.o)
                0x00004a94                list_head
 .text.list_tail
                0x00004a98       0x10 contiki-srf06-cc26xx.a(list.o)
                0x00004a98                list_tail
 .text.list_remove
                0x00004aa8       0x28 contiki-srf06-cc26xx.a(list.o)
                0x00004aa8                list_remove
 .text.list_push
                0x00004ad0       0x14 contiki-srf06-cc26xx.a(list.o)
                0x00004ad0                list_push
 .text.list_add
                0x00004ae4       0x20 contiki-srf06-cc26xx.a(list.o)
                0x00004ae4                list_add
 .text.list_length
                0x00004b04       0x10 contiki-srf06-cc26xx.a(list.o)
                0x00004b04                list_length
 .text.list_item_next
                0x00004b14        0x8 contiki-srf06-cc26xx.a(list.o)
                0x00004b14                list_item_next
 .text.ringbuf_init
                0x00004b1c       0x10 contiki-srf06-cc26xx.a(ringbuf.o)
                0x00004b1c                ringbuf_init
 .text.ringbuf_get
                0x00004b2c       0x28 contiki-srf06-cc26xx.a(ringbuf.o)
                0x00004b2c                ringbuf_get
 .text.uip_add32
                0x00004b54       0x60 contiki-srf06-cc26xx.a(uip6.o)
                0x00004b54                uip_add32
 .text.chksum   0x00004bb4       0x38 contiki-srf06-cc26xx.a(uip6.o)
 .text.uip_unlisten
                0x00004bec       0x24 contiki-srf06-cc26xx.a(uip6.o)
                0x00004bec                uip_unlisten
 .text.uip_add_rcv_nxt
                0x00004c10       0x34 contiki-srf06-cc26xx.a(uip6.o)
 .text.uip_htons
                0x00004c44        0xc contiki-srf06-cc26xx.a(uip6.o)
                0x00004c44                uip_htons
 .text.uip_connect
                0x00004c50       0xd8 contiki-srf06-cc26xx.a(uip6.o)
                0x00004c50                uip_connect
 .text.upper_layer_chksum
                0x00004d28       0x50 contiki-srf06-cc26xx.a(uip6.o)
 .text.uip_udpchksum
                0x00004d78        0xc contiki-srf06-cc26xx.a(uip6.o)
                0x00004d78                uip_udpchksum
 .text.uip_tcpchksum
                0x00004d84        0xc contiki-srf06-cc26xx.a(uip6.o)
                0x00004d84                uip_tcpchksum
 .text.uip_icmp6chksum
                0x00004d90        0xc contiki-srf06-cc26xx.a(uip6.o)
                0x00004d90                uip_icmp6chksum
 .text.uip_htonl
                0x00004d9c       0x18 contiki-srf06-cc26xx.a(uip6.o)
                0x00004d9c                uip_htonl
 .text.uip_send
                0x00004db4       0x48 contiki-srf06-cc26xx.a(uip6.o)
                0x00004db4                uip_send
 .text.ext_hdr_options_process
                0x00004dfc       0xa0 contiki-srf06-cc26xx.a(uip6.o)
 .text.uip_udp_new
                0x00004e9c       0x90 contiki-srf06-cc26xx.a(uip6.o)
                0x00004e9c                uip_udp_new
 .text.remove_ext_hdr
                0x00004f2c       0x58 contiki-srf06-cc26xx.a(uip6.o)
                0x00004f2c                remove_ext_hdr
 .text.uip_process
                0x00004f84      0xc6c contiki-srf06-cc26xx.a(uip6.o)
                0x00004f84                uip_process
 .text.uip_init
                0x00005bf0       0x60 contiki-srf06-cc26xx.a(uip6.o)
                0x00005bf0                uip_init
 .text.uip_ds6_prefix_rm
                0x00005c50        0x8 contiki-srf06-cc26xx.a(uip-ds6.o)
                0x00005c50                uip_ds6_prefix_rm
 .text.uip_ds6_get_link_local
                0x00005c58       0x44 contiki-srf06-cc26xx.a(uip-ds6.o)
                0x00005c58                uip_ds6_get_link_local
 .text.uip_ds6_maddr_rm
                0x00005c9c        0x8 contiki-srf06-cc26xx.a(uip-ds6.o)
                0x00005c9c                uip_ds6_maddr_rm
 .text.get_match_length
                0x00005ca4       0x44 contiki-srf06-cc26xx.a(uip-ds6.o)
                0x00005ca4                get_match_length
 .text.uip_ds6_select_src
                0x00005ce8       0x98 contiki-srf06-cc26xx.a(uip-ds6.o)
                0x00005ce8                uip_ds6_select_src
 .text.uip_ds6_compute_reachable_time
                0x00005d80       0x28 contiki-srf06-cc26xx.a(uip-ds6.o)
                0x00005d80                uip_ds6_compute_reachable_time
 .text.uip_ds6_send_rs
                0x00005da8       0x38 contiki-srf06-cc26xx.a(uip-ds6.o)
                0x00005da8                uip_ds6_send_rs
 .text.uip_ds6_set_addr_iid
                0x00005de0       0x18 contiki-srf06-cc26xx.a(uip-ds6.o)
                0x00005de0                uip_ds6_set_addr_iid
 .text.uip_ds6_is_addr_onlink
                0x00005df8       0x40 contiki-srf06-cc26xx.a(uip-ds6.o)
                0x00005df8                uip_ds6_is_addr_onlink
 .text.uip_ds6_list_loop
                0x00005e38       0x48 contiki-srf06-cc26xx.a(uip-ds6.o)
                0x00005e38                uip_ds6_list_loop
 .text.uip_ds6_maddr_lookup
                0x00005e80       0x28 contiki-srf06-cc26xx.a(uip-ds6.o)
                0x00005e80                uip_ds6_maddr_lookup
 .text.uip_ds6_addr_rm
                0x00005ea8       0x48 contiki-srf06-cc26xx.a(uip-ds6.o)
                0x00005ea8                uip_ds6_addr_rm
 .text.uip_ds6_maddr_add
                0x00005ef0       0x3c contiki-srf06-cc26xx.a(uip-ds6.o)
                0x00005ef0                uip_ds6_maddr_add
 .text.uip_ds6_addr_lookup
                0x00005f2c       0x28 contiki-srf06-cc26xx.a(uip-ds6.o)
                0x00005f2c                uip_ds6_addr_lookup
 .text.uip_ds6_addr_add
                0x00005f54       0x98 contiki-srf06-cc26xx.a(uip-ds6.o)
                0x00005f54                uip_ds6_addr_add
 .text.uip_ds6_prefix_lookup
                0x00005fec       0x28 contiki-srf06-cc26xx.a(uip-ds6.o)
                0x00005fec                uip_ds6_prefix_lookup
 .text.uip_ds6_prefix_add
                0x00006014       0x68 contiki-srf06-cc26xx.a(uip-ds6.o)
                0x00006014                uip_ds6_prefix_add
 .text.uip_ds6_periodic
                0x0000607c       0x90 contiki-srf06-cc26xx.a(uip-ds6.o)
                0x0000607c                uip_ds6_periodic
 .text.uip_ds6_init
                0x0000610c       0xd0 contiki-srf06-cc26xx.a(uip-ds6.o)
                0x0000610c                uip_ds6_init
 .text.uip_ds6_nbr_ll_lookup
                0x000061dc       0x14 contiki-srf06-cc26xx.a(uip-ds6-nbr.o)
                0x000061dc                uip_ds6_nbr_ll_lookup
 .text.uip_ds6_nbr_ipaddr_from_lladdr
                0x000061f0        0x8 contiki-srf06-cc26xx.a(uip-ds6-nbr.o)
                0x000061f0                uip_ds6_nbr_ipaddr_from_lladdr
 .text.uip_ds6_nbr_lookup
                0x000061f8       0x38 contiki-srf06-cc26xx.a(uip-ds6-nbr.o)
                0x000061f8                uip_ds6_nbr_lookup
 .text.uip_ds6_nbr_refresh_reachable_state
                0x00006230       0x20 contiki-srf06-cc26xx.a(uip-ds6-nbr.o)
                0x00006230                uip_ds6_nbr_refresh_reachable_state
 .text.uip_ds6_nbr_get_ll
                0x00006250       0x14 contiki-srf06-cc26xx.a(uip-ds6-nbr.o)
                0x00006250                uip_ds6_nbr_get_ll
 .text.uip_ds6_nbr_rm
                0x00006264       0x18 contiki-srf06-cc26xx.a(uip-ds6-nbr.o)
                0x00006264                uip_ds6_nbr_rm
 .text.uip_ds6_neighbor_periodic
                0x0000627c       0xec contiki-srf06-cc26xx.a(uip-ds6-nbr.o)
                0x0000627c                uip_ds6_neighbor_periodic
 .text.uip_ds6_nbr_add
                0x00006368       0x58 contiki-srf06-cc26xx.a(uip-ds6-nbr.o)
                0x00006368                uip_ds6_nbr_add
 .text.uip_ds6_neighbors_init
                0x000063c0       0x1c contiki-srf06-cc26xx.a(uip-ds6-nbr.o)
                0x000063c0                uip_ds6_neighbors_init
 .text.uip_ds6_route_head
                0x000063dc       0x10 contiki-srf06-cc26xx.a(uip-ds6-route.o)
                0x000063dc                uip_ds6_route_head
 .text.uip_ds6_route_next
                0x000063ec        0xc contiki-srf06-cc26xx.a(uip-ds6-route.o)
                0x000063ec                uip_ds6_route_next
 .text.uip_ds6_defrt_choose
                0x000063f8       0x30 contiki-srf06-cc26xx.a(uip-ds6-route.o)
                0x000063f8                uip_ds6_defrt_choose
 .text.uip_ds6_defrt_lookup
                0x00006428       0x2c contiki-srf06-cc26xx.a(uip-ds6-route.o)
                0x00006428                uip_ds6_defrt_lookup
 .text.call_route_callback
                0x00006454       0x4c contiki-srf06-cc26xx.a(uip-ds6-route.o)
 .text.uip_ds6_defrt_rm
                0x000064a0       0x44 contiki-srf06-cc26xx.a(uip-ds6-route.o)
                0x000064a0                uip_ds6_defrt_rm
 .text.uip_ds6_defrt_periodic
                0x000064e4       0x34 contiki-srf06-cc26xx.a(uip-ds6-route.o)
                0x000064e4                uip_ds6_defrt_periodic
 .text.uip_ds6_route_lookup
                0x00006518       0x6c contiki-srf06-cc26xx.a(uip-ds6-route.o)
                0x00006518                uip_ds6_route_lookup
 .text.uip_ds6_defrt_add
                0x00006584       0x54 contiki-srf06-cc26xx.a(uip-ds6-route.o)
                0x00006584                uip_ds6_defrt_add
 .text.uip_ds6_route_nexthop
                0x000065d8       0x1c contiki-srf06-cc26xx.a(uip-ds6-route.o)
                0x000065d8                uip_ds6_route_nexthop
 .text.uip_ds6_route_rm
                0x000065f4       0x9c contiki-srf06-cc26xx.a(uip-ds6-route.o)
                0x000065f4                uip_ds6_route_rm
 .text.rm_routelist
                0x00006690       0x2c contiki-srf06-cc26xx.a(uip-ds6-route.o)
 .text.rm_routelist_callback
                0x000066bc        0x8 contiki-srf06-cc26xx.a(uip-ds6-route.o)
 .text.uip_ds6_route_init
                0x000066c4       0x48 contiki-srf06-cc26xx.a(uip-ds6-route.o)
                0x000066c4                uip_ds6_route_init
 .text.echo_reply_input
                0x0000670c       0x98 contiki-srf06-cc26xx.a(uip-icmp6.o)
 .text.uip_icmp6_input
                0x000067a4       0x3c contiki-srf06-cc26xx.a(uip-icmp6.o)
                0x000067a4                uip_icmp6_input
 .text.echo_request_input
                0x000067e0       0xb8 contiki-srf06-cc26xx.a(uip-icmp6.o)
 .text.uip_icmp6_register_input_handler
                0x00006898       0x10 contiki-srf06-cc26xx.a(uip-icmp6.o)
                0x00006898                uip_icmp6_register_input_handler
 .text.uip_icmp6_init
                0x000068a8       0x18 contiki-srf06-cc26xx.a(uip-icmp6.o)
                0x000068a8                uip_icmp6_init
 .text.uip_icmp6_error_output
                0x000068c0      0x15c contiki-srf06-cc26xx.a(uip-icmp6.o)
                0x000068c0                uip_icmp6_error_output
 .text.uip_nd6_init
                0x00006a1c       0x24 contiki-srf06-cc26xx.a(uip-nd6.o)
                0x00006a1c                uip_nd6_init
 .text.extract_lladdr_from_llao_aligned
                0x00006a40       0x20 contiki-srf06-cc26xx.a(uip-nd6.o)
 .text.na_input
                0x00006a60      0x190 contiki-srf06-cc26xx.a(uip-nd6.o)
 .text.create_llao
                0x00006bf0       0x28 contiki-srf06-cc26xx.a(uip-nd6.o)
 .text.ns_input
                0x00006c18      0x23c contiki-srf06-cc26xx.a(uip-nd6.o)
 .text.ra_input
                0x00006e54      0x384 contiki-srf06-cc26xx.a(uip-nd6.o)
                0x00006e54                ra_input
 .text.uip_nd6_rs_output
                0x000071d8       0xc0 contiki-srf06-cc26xx.a(uip-nd6.o)
                0x000071d8                uip_nd6_rs_output
 .text.uip_nd6_ns_output
                0x00007298      0x130 contiki-srf06-cc26xx.a(uip-nd6.o)
                0x00007298                uip_nd6_ns_output
 .text.ip64_addr_4to6
                0x000073c8       0x28 contiki-srf06-cc26xx.a(ip64-addr.o)
                0x000073c8                ip64_addr_4to6
 .text.dns_name_isequal
                0x000073f0       0xa0 contiki-srf06-cc26xx.a(resolv.o)
 .text.skip_name
                0x00007490       0x1c contiki-srf06-cc26xx.a(resolv.o)
 .text.encode_name
                0x000074ac       0x38 contiki-srf06-cc26xx.a(resolv.o)
 .text.mdns_announce_requested
                0x000074e4        0xc contiki-srf06-cc26xx.a(resolv.o)
 .text.mdns_write_announce_records
                0x000074f0       0x98 contiki-srf06-cc26xx.a(resolv.o)
 .text.mdns_prep_host_announce_packet
                0x00007588       0x78 contiki-srf06-cc26xx.a(resolv.o)
 .text.start_name_collision_check
                0x00007600       0x20 contiki-srf06-cc26xx.a(resolv.o)
 .text.resolv_found
                0x00007620       0xd0 contiki-srf06-cc26xx.a(resolv.o)
 .text.try_next_server
                0x000076f0       0x20 contiki-srf06-cc26xx.a(resolv.o)
 .text.remove_trailing_dots
                0x00007710       0x44 contiki-srf06-cc26xx.a(resolv.o)
 .text.resolv_lookup
                0x00007754       0x6c contiki-srf06-cc26xx.a(resolv.o)
                0x00007754                resolv_lookup
 .text.resolv_set_hostname
                0x000077c0       0x48 contiki-srf06-cc26xx.a(resolv.o)
                0x000077c0                resolv_set_hostname
 .text.process_thread_resolv_process
                0x00007808      0x5c0 contiki-srf06-cc26xx.a(resolv.o)
 .text.resolv_query
                0x00007dc8      0x118 contiki-srf06-cc26xx.a(resolv.o)
                0x00007dc8                resolv_query
 .text.process_thread_mdns_probe_process
                0x00007ee0       0xa4 contiki-srf06-cc26xx.a(resolv.o)
 .text.tcpip_output
                0x00007f84       0x14 contiki-srf06-cc26xx.a(tcpip.o)
                0x00007f84                tcpip_output
 .text.tcp_attach
                0x00007f98       0x10 contiki-srf06-cc26xx.a(tcpip.o)
                0x00007f98                tcp_attach
 .text.start_periodic_tcp_timer
                0x00007fa8       0x18 contiki-srf06-cc26xx.a(tcpip.o)
 .text.tcpip_uipcall
                0x00007fc0       0x70 contiki-srf06-cc26xx.a(tcpip.o)
                0x00007fc0                tcpip_uipcall
 .text.tcpip_input
                0x00008030       0x24 contiki-srf06-cc26xx.a(tcpip.o)
                0x00008030                tcpip_input
 .text.tcpip_icmp6_call
                0x00008054       0x24 contiki-srf06-cc26xx.a(tcpip.o)
                0x00008054                tcpip_icmp6_call
 .text.tcpip_poll_tcp
                0x00008078       0x14 contiki-srf06-cc26xx.a(tcpip.o)
                0x00008078                tcpip_poll_tcp
 .text.tcpip_poll_udp
                0x0000808c       0x14 contiki-srf06-cc26xx.a(tcpip.o)
                0x0000808c                tcpip_poll_udp
 .text.tcpip_ipv6_output
                0x000080a0      0x11c contiki-srf06-cc26xx.a(tcpip.o)
                0x000080a0                tcpip_ipv6_output
 .text.process_thread_tcpip_process
                0x000081bc      0x1d0 contiki-srf06-cc26xx.a(tcpip.o)
 .text.udp_new  0x0000838c       0x1c contiki-srf06-cc26xx.a(tcpip.o)
                0x0000838c                udp_new
 .text.tcp_connect
                0x000083a8       0x20 contiki-srf06-cc26xx.a(tcpip.o)
                0x000083a8                tcp_connect
 .text.call_event
                0x000083c8       0x10 contiki-srf06-cc26xx.a(tcp-socket.o)
 .text.relisten
                0x000083d8       0x14 contiki-srf06-cc26xx.a(tcp-socket.o)
 .text.tcp_socket_close
                0x000083ec       0x18 contiki-srf06-cc26xx.a(tcp-socket.o)
                0x000083ec                tcp_socket_close
 .text.newdata  0x00008404       0x48 contiki-srf06-cc26xx.a(tcp-socket.o)
 .text.senddata
                0x0000844c       0x28 contiki-srf06-cc26xx.a(tcp-socket.o)
 .text.process_thread_tcp_socket_process
                0x00008474      0x200 contiki-srf06-cc26xx.a(tcp-socket.o)
 .text.tcp_socket_send
                0x00008674       0x3c contiki-srf06-cc26xx.a(tcp-socket.o)
                0x00008674                tcp_socket_send
 .text.tcp_socket_send_str
                0x000086b0       0x18 contiki-srf06-cc26xx.a(tcp-socket.o)
                0x000086b0                tcp_socket_send_str
 .text.tcp_socket_connect
                0x000086c8       0x4c contiki-srf06-cc26xx.a(tcp-socket.o)
                0x000086c8                tcp_socket_connect
 .text.tcp_socket_register
                0x00008714       0x6c contiki-srf06-cc26xx.a(tcp-socket.o)
                0x00008714                tcp_socket_register
 .text.uip_debug_ipaddr_print
                0x00008780       0x94 contiki-srf06-cc26xx.a(uip-debug.o)
                0x00008780                uip_debug_ipaddr_print
 .text.uiplib_ip4addrconv
                0x00008814       0x60 contiki-srf06-cc26xx.a(uiplib.o)
                0x00008814                uiplib_ip4addrconv
 .text.uiplib_ip6addrconv
                0x00008874       0xd4 contiki-srf06-cc26xx.a(uiplib.o)
                0x00008874                uiplib_ip6addrconv
 .text.uip_nameserver_update
                0x00008948       0x20 contiki-srf06-cc26xx.a(uip-nameserver.)
                0x00008948                uip_nameserver_update
 .text.uip_nameserver_get
                0x00008968       0x10 contiki-srf06-cc26xx.a(uip-nameserver.)
                0x00008968                uip_nameserver_get
 .text.uip_udp_packet_send
                0x00008978       0x38 contiki-srf06-cc26xx.a(uip-udp-packet.)
                0x00008978                uip_udp_packet_send
 .text.uip_udp_packet_sendto
                0x000089b0       0x44 contiki-srf06-cc26xx.a(uip-udp-packet.)
                0x000089b0                uip_udp_packet_sendto
 .text.SafeHapiVoid
                0x000089f4       0x24 contiki-srf06-cc26xx.a(adi.o)
                0x000089f4                SafeHapiVoid
 .text.NOROM_AONRTCCurrentCompareValueGet
                0x00008a18       0x20 contiki-srf06-cc26xx.a(aon_rtc.o)
                0x00008a18                NOROM_AONRTCCurrentCompareValueGet
 .text.ChipInfo_GetDeviceIdHwRevCode
                0x00008a38        0xc contiki-srf06-cc26xx.a(chipinfo.o)
 .text.NOROM_ChipInfo_GetSupportedProtocol_BV
                0x00008a44       0x10 contiki-srf06-cc26xx.a(chipinfo.o)
                0x00008a44                NOROM_ChipInfo_GetSupportedProtocol_BV
 .text.NOROM_ChipInfo_GetChipFamily
                0x00008a54       0x4c contiki-srf06-cc26xx.a(chipinfo.o)
                0x00008a54                NOROM_ChipInfo_GetChipFamily
 .text.NOROM_ChipInfo_GetChipType
                0x00008aa0       0x2c contiki-srf06-cc26xx.a(chipinfo.o)
                0x00008aa0                NOROM_ChipInfo_GetChipType
 .text.NOROM_ChipInfo_GetHwRevision
                0x00008acc       0x70 contiki-srf06-cc26xx.a(chipinfo.o)
                0x00008acc                NOROM_ChipInfo_GetHwRevision
 .text.NOROM_ThisCodeIsBuiltForCC13xxHwRev20AndLater_HaltIfViolated
                0x00008b3c       0x1c contiki-srf06-cc26xx.a(chipinfo.o)
                0x00008b3c                NOROM_ThisCodeIsBuiltForCC13xxHwRev20AndLater_HaltIfViolated
 .text.NOROM_CPUcpsid
                0x00008b58        0x8 contiki-srf06-cc26xx.a(cpu.o)
                0x00008b58                NOROM_CPUcpsid
 .text.NOROM_CPUcpsie
                0x00008b60        0x8 contiki-srf06-cc26xx.a(cpu.o)
                0x00008b60                NOROM_CPUcpsie
 .text.NOROM_OSCClockSourceSet
                0x00008b68       0x60 contiki-srf06-cc26xx.a(osc.o)
                0x00008b68                NOROM_OSCClockSourceSet
 .text.NOROM_OSCClockSourceGet
                0x00008bc8       0x34 contiki-srf06-cc26xx.a(osc.o)
                0x00008bc8                NOROM_OSCClockSourceGet
 .text.NOROM_PowerCtrlSourceSet
                0x00008bfc       0x2c contiki-srf06-cc26xx.a(pwr_ctrl.o)
                0x00008bfc                NOROM_PowerCtrlSourceSet
 .text.NOROM_RFCRTrim
                0x00008c28       0xf8 contiki-srf06-cc26xx.a(rfc.o)
                0x00008c28                NOROM_RFCRTrim
 .text.NOROM_RFCAdi3VcoLdoVoltageMode
                0x00008d20       0x20 contiki-srf06-cc26xx.a(rfc.o)
                0x00008d20                NOROM_RFCAdi3VcoLdoVoltageMode
 .text.TrimAfterColdResetWakeupFromShutDown
                0x00008d40       0xdc contiki-srf06-cc26xx.a(setup.o)
 .text.NOROM_SetupTrimDevice
                0x00008e1c       0xa4 contiki-srf06-cc26xx.a(setup.o)
                0x00008e1c                NOROM_SetupTrimDevice
 .text.SetupSignExtendVddrTrimValue
                0x00008ec0        0x8 contiki-srf06-cc26xx.a(setup_rom.o)
 .text.NOROM_SetupSetVddrLevel
                0x00008ec8       0x78 contiki-srf06-cc26xx.a(setup_rom.o)
                0x00008ec8                NOROM_SetupSetVddrLevel
 .text.NOROM_SetupAfterColdResetWakeupFromShutDownCfg1
                0x00008f40       0xac contiki-srf06-cc26xx.a(setup_rom.o)
                0x00008f40                NOROM_SetupAfterColdResetWakeupFromShutDownCfg1
 .text.NOROM_SetupGetTrimForAnabypassValue1
                0x00008fec       0x64 contiki-srf06-cc26xx.a(setup_rom.o)
                0x00008fec                NOROM_SetupGetTrimForAnabypassValue1
 .text.NOROM_SetupGetTrimForRcOscLfRtuneCtuneTrim
                0x00009050       0x18 contiki-srf06-cc26xx.a(setup_rom.o)
                0x00009050                NOROM_SetupGetTrimForRcOscLfRtuneCtuneTrim
 .text.NOROM_SetupGetTrimForXoscHfIbiastherm
                0x00009068       0x10 contiki-srf06-cc26xx.a(setup_rom.o)
                0x00009068                NOROM_SetupGetTrimForXoscHfIbiastherm
 .text.NOROM_SetupGetTrimForAmpcompTh2
                0x00009078       0x10 contiki-srf06-cc26xx.a(setup_rom.o)
                0x00009078                NOROM_SetupGetTrimForAmpcompTh2
 .text.NOROM_SetupGetTrimForAmpcompTh1
                0x00009088       0x14 contiki-srf06-cc26xx.a(setup_rom.o)
                0x00009088                NOROM_SetupGetTrimForAmpcompTh1
 .text.NOROM_SetupGetTrimForAmpcompCtrl
                0x0000909c       0x68 contiki-srf06-cc26xx.a(setup_rom.o)
                0x0000909c                NOROM_SetupGetTrimForAmpcompCtrl
 .text.NOROM_SetupGetTrimForDblrLoopFilterResetVoltage
                0x00009104       0x18 contiki-srf06-cc26xx.a(setup_rom.o)
                0x00009104                NOROM_SetupGetTrimForDblrLoopFilterResetVoltage
 .text.NOROM_SetupGetTrimForAdcShModeEn
                0x0000911c       0x18 contiki-srf06-cc26xx.a(setup_rom.o)
                0x0000911c                NOROM_SetupGetTrimForAdcShModeEn
 .text.NOROM_SetupGetTrimForAdcShVbufEn
                0x00009134       0x18 contiki-srf06-cc26xx.a(setup_rom.o)
                0x00009134                NOROM_SetupGetTrimForAdcShVbufEn
 .text.NOROM_SetupGetTrimForXoscHfCtl
                0x0000914c       0x28 contiki-srf06-cc26xx.a(setup_rom.o)
                0x0000914c                NOROM_SetupGetTrimForXoscHfCtl
 .text.NOROM_SetupGetTrimForXoscHfFastStart
                0x00009174       0x10 contiki-srf06-cc26xx.a(setup_rom.o)
                0x00009174                NOROM_SetupGetTrimForXoscHfFastStart
 .text.NOROM_SetupGetTrimForRadcExtCfg
                0x00009184       0x30 contiki-srf06-cc26xx.a(setup_rom.o)
                0x00009184                NOROM_SetupGetTrimForRadcExtCfg
 .text.NOROM_SetupGetTrimForRcOscLfIBiasTrim
                0x000091b4       0x18 contiki-srf06-cc26xx.a(setup_rom.o)
                0x000091b4                NOROM_SetupGetTrimForRcOscLfIBiasTrim
 .text.NOROM_SetupGetTrimForXoscLfRegulatorAndCmirrwrRatio
                0x000091cc       0x18 contiki-srf06-cc26xx.a(setup_rom.o)
                0x000091cc                NOROM_SetupGetTrimForXoscLfRegulatorAndCmirrwrRatio
 .text.NOROM_SetupSetCacheModeAccordingToCcfgSetting
                0x000091e4       0x64 contiki-srf06-cc26xx.a(setup_rom.o)
                0x000091e4                NOROM_SetupSetCacheModeAccordingToCcfgSetting
 .text.NOROM_SetupSetAonRtcSubSecInc
                0x00009248       0x38 contiki-srf06-cc26xx.a(setup_rom.o)
                0x00009248                NOROM_SetupSetAonRtcSubSecInc
 .text.NOROM_SetupAfterColdResetWakeupFromShutDownCfg3
                0x00009280      0x15c contiki-srf06-cc26xx.a(setup_rom.o)
                0x00009280                NOROM_SetupAfterColdResetWakeupFromShutDownCfg3
 .text.NOROM_SetupAfterColdResetWakeupFromShutDownCfg2
                0x000093dc      0x10c contiki-srf06-cc26xx.a(setup_rom.o)
                0x000093dc                NOROM_SetupAfterColdResetWakeupFromShutDownCfg2
 .text.SetupSignExtendVddrTrimValue
                0x000094e8        0x8 contiki-srf06-cc26xx.a(sys_ctrl.o)
 .text.NOROM_SysCtrl_DCDC_VoltageConditionalControl
                0x000094f0       0x7c contiki-srf06-cc26xx.a(sys_ctrl.o)
                0x000094f0                NOROM_SysCtrl_DCDC_VoltageConditionalControl
 .text.NOROM_SysCtrlAdjustRechargeAfterPowerDown
                0x0000956c       0x64 contiki-srf06-cc26xx.a(sys_ctrl.o)
                0x0000956c                NOROM_SysCtrlAdjustRechargeAfterPowerDown
 .text.NOROM_SysCtrlSetRechargeBeforePowerDown
                0x000095d0      0x230 contiki-srf06-cc26xx.a(sys_ctrl.o)
                0x000095d0                NOROM_SysCtrlSetRechargeBeforePowerDown
 .text.NOROM_TRNGConfigure
                0x00009800       0x3c contiki-srf06-cc26xx.a(trng.o)
                0x00009800                NOROM_TRNGConfigure
 .text.linkaddr_cmp
                0x0000983c       0x14 contiki-srf06-cc26xx.a(linkaddr.o)
                0x0000983c                linkaddr_cmp
 .text.linkaddr_copy
                0x00009850        0xc contiki-srf06-cc26xx.a(linkaddr.o)
                0x00009850                linkaddr_copy
 .text.link_stats_init
                0x0000985c       0x28 contiki-srf06-cc26xx.a(link-stats.o)
                0x0000985c                link_stats_init
 .text.periodic
                0x00009884       0x2c contiki-srf06-cc26xx.a(link-stats.o)
 .text.key_from_index
                0x000098b0       0x1c contiki-srf06-cc26xx.a(nbr-table.o)
 .text.item_from_index
                0x000098cc       0x18 contiki-srf06-cc26xx.a(nbr-table.o)
 .text.index_from_key
                0x000098e4       0x20 contiki-srf06-cc26xx.a(nbr-table.o)
 .text.index_from_item
                0x00009904       0x18 contiki-srf06-cc26xx.a(nbr-table.o)
 .text.item_from_key
                0x0000991c       0x14 contiki-srf06-cc26xx.a(nbr-table.o)
 .text.key_from_item
                0x00009930        0xc contiki-srf06-cc26xx.a(nbr-table.o)
 .text.nbr_get_bit
                0x0000993c       0x28 contiki-srf06-cc26xx.a(nbr-table.o)
 .text.nbr_set_bit
                0x00009964       0x40 contiki-srf06-cc26xx.a(nbr-table.o)
 .text.nbr_table_register
                0x000099a4       0x28 contiki-srf06-cc26xx.a(nbr-table.o)
                0x000099a4                nbr_table_register
 .text.nbr_table_remove
                0x000099cc       0x2c contiki-srf06-cc26xx.a(nbr-table.o)
                0x000099cc                nbr_table_remove
 .text.nbr_table_get_lladdr
                0x000099f8       0x10 contiki-srf06-cc26xx.a(nbr-table.o)
                0x000099f8                nbr_table_get_lladdr
 .text.index_from_lladdr
                0x00009a08       0x40 contiki-srf06-cc26xx.a(nbr-table.o)
 .text.nbr_table_get_from_lladdr
                0x00009a48       0x2c contiki-srf06-cc26xx.a(nbr-table.o)
                0x00009a48                nbr_table_get_from_lladdr
 .text.nbr_table_next
                0x00009a74       0x34 contiki-srf06-cc26xx.a(nbr-table.o)
                0x00009a74                nbr_table_next
 .text.nbr_table_head
                0x00009aa8       0x38 contiki-srf06-cc26xx.a(nbr-table.o)
                0x00009aa8                nbr_table_head
 .text.remove_key
                0x00009ae0       0x60 contiki-srf06-cc26xx.a(nbr-table.o)
 .text.nbr_table_update_lladdr
                0x00009b40       0x48 contiki-srf06-cc26xx.a(nbr-table.o)
                0x00009b40                nbr_table_update_lladdr
 .text.nbr_table_add_lladdr
                0x00009b88       0xd8 contiki-srf06-cc26xx.a(nbr-table.o)
                0x00009b88                nbr_table_add_lladdr
 .text.netstack_init
                0x00009c60       0x38 contiki-srf06-cc26xx.a(netstack.o)
                0x00009c60                netstack_init
 .text.packetbuf_set_datalen
                0x00009c98        0xc contiki-srf06-cc26xx.a(packetbuf.o)
                0x00009c98                packetbuf_set_datalen
 .text.packetbuf_hdrptr
                0x00009ca4        0xc contiki-srf06-cc26xx.a(packetbuf.o)
                0x00009ca4                packetbuf_hdrptr
 .text.packetbuf_datalen
                0x00009cb0        0xc contiki-srf06-cc26xx.a(packetbuf.o)
                0x00009cb0                packetbuf_datalen
 .text.packetbuf_hdrlen
                0x00009cbc       0x18 contiki-srf06-cc26xx.a(packetbuf.o)
                0x00009cbc                packetbuf_hdrlen
 .text.packetbuf_dataptr
                0x00009cd4       0x14 contiki-srf06-cc26xx.a(packetbuf.o)
                0x00009cd4                packetbuf_dataptr
 .text.packetbuf_totlen
                0x00009ce8       0x14 contiki-srf06-cc26xx.a(packetbuf.o)
                0x00009ce8                packetbuf_totlen
 .text.packetbuf_set_attr
                0x00009cfc       0x10 contiki-srf06-cc26xx.a(packetbuf.o)
                0x00009cfc                packetbuf_set_attr
 .text.packetbuf_attr
                0x00009d0c        0xc contiki-srf06-cc26xx.a(packetbuf.o)
                0x00009d0c                packetbuf_attr
 .text.packetbuf_addr
                0x00009d18       0x10 contiki-srf06-cc26xx.a(packetbuf.o)
                0x00009d18                packetbuf_addr
 .text.packetbuf_holds_broadcast
                0x00009d28       0x14 contiki-srf06-cc26xx.a(packetbuf.o)
                0x00009d28                packetbuf_holds_broadcast
 .text.packetbuf_set_addr
                0x00009d3c       0x18 contiki-srf06-cc26xx.a(packetbuf.o)
                0x00009d3c                packetbuf_set_addr
 .text.packetbuf_attr_copyfrom
                0x00009d54       0x24 contiki-srf06-cc26xx.a(packetbuf.o)
                0x00009d54                packetbuf_attr_copyfrom
 .text.packetbuf_attr_copyto
                0x00009d78       0x20 contiki-srf06-cc26xx.a(packetbuf.o)
                0x00009d78                packetbuf_attr_copyto
 .text.packetbuf_copyto
                0x00009d98       0x44 contiki-srf06-cc26xx.a(packetbuf.o)
                0x00009d98                packetbuf_copyto
 .text.packetbuf_attr_clear
                0x00009ddc       0x30 contiki-srf06-cc26xx.a(packetbuf.o)
                0x00009ddc                packetbuf_attr_clear
 .text.packetbuf_clear
                0x00009e0c       0x24 contiki-srf06-cc26xx.a(packetbuf.o)
                0x00009e0c                packetbuf_clear
 .text.packetbuf_copyfrom
                0x00009e30       0x2c contiki-srf06-cc26xx.a(packetbuf.o)
                0x00009e30                packetbuf_copyfrom
 .text.queuebuf_to_packetbuf
                0x00009e5c       0x2c contiki-srf06-cc26xx.a(queuebuf.o)
                0x00009e5c                queuebuf_to_packetbuf
 .text.queuebuf_update_from_packetbuf
                0x00009e88       0x1c contiki-srf06-cc26xx.a(queuebuf.o)
                0x00009e88                queuebuf_update_from_packetbuf
 .text.queuebuf_init
                0x00009ea4       0x18 contiki-srf06-cc26xx.a(queuebuf.o)
                0x00009ea4                queuebuf_init
 .text.frame802154_has_panid
                0x00009ebc       0xc0 contiki-srf06-cc26xx.a(frame802154.o)
                0x00009ebc                frame802154_has_panid
 .text.frame802154_parse_fcf
                0x00009f7c       0x64 contiki-srf06-cc26xx.a(frame802154.o)
                0x00009f7c                frame802154_parse_fcf
 .text.frame802154_parse
                0x00009fe0      0x110 contiki-srf06-cc26xx.a(frame802154.o)
                0x00009fe0                frame802154_parse
 .text.send_packet
                0x0000a0f0       0x10 contiki-srf06-cc26xx.a(nullmac.o)
 .text.packet_input
                0x0000a100       0x10 contiki-srf06-cc26xx.a(nullmac.o)
 .text.on       0x0000a110       0x10 contiki-srf06-cc26xx.a(nullmac.o)
 .text.off      0x0000a120       0x10 contiki-srf06-cc26xx.a(nullmac.o)
 .text.channel_check_interval
                0x0000a130        0x4 contiki-srf06-cc26xx.a(nullmac.o)
 .text.init     0x0000a134        0x4 contiki-srf06-cc26xx.a(nullmac.o)
 .text.on       0x0000a138       0x28 contiki-srf06-cc26xx.a(contikimac.o)
 .text.off      0x0000a160       0x30 contiki-srf06-cc26xx.a(contikimac.o)
 .text.powercycle_turn_radio_off
                0x0000a190       0x1c contiki-srf06-cc26xx.a(contikimac.o)
 .text.recv_burst_off
                0x0000a1ac       0x14 contiki-srf06-cc26xx.a(contikimac.o)
 .text.turn_off
                0x0000a1c0       0x34 contiki-srf06-cc26xx.a(contikimac.o)
 .text.duty_cycle
                0x0000a1f4        0x4 contiki-srf06-cc26xx.a(contikimac.o)
 .text.turn_on  0x0000a1f8       0x3c contiki-srf06-cc26xx.a(contikimac.o)
 .text.schedule_powercycle_fixed
                0x0000a234       0x34 contiki-srf06-cc26xx.a(contikimac.o)
 .text.powercycle_wrapper
                0x0000a268      0x1dc contiki-srf06-cc26xx.a(contikimac.o)
 .text.init     0x0000a444       0x3c contiki-srf06-cc26xx.a(contikimac.o)
 .text.input_packet
                0x0000a480      0x114 contiki-srf06-cc26xx.a(contikimac.o)
 .text.send_packet
                0x0000a594      0x1d4 contiki-srf06-cc26xx.a(contikimac.o)
 .text.qsend_list
                0x0000a768       0xd8 contiki-srf06-cc26xx.a(contikimac.o)
 .text.qsend_packet
                0x0000a840       0x20 contiki-srf06-cc26xx.a(contikimac.o)
 .text.init     0x0000a860        0x4 contiki-srf06-cc26xx.a(nullsec.o)
 .text.input    0x0000a864       0x10 contiki-srf06-cc26xx.a(nullsec.o)
 .text.send     0x0000a874       0x20 contiki-srf06-cc26xx.a(nullsec.o)
 .text.AONWUCAuxPowerDownConfig
                0x0000a894       0x14 contiki-srf06-cc26xx.a(aux-ctrl.o)
 .text.AONWUCAuxWakeupEvent
                0x0000a8a8        0xc contiki-srf06-cc26xx.a(aux-ctrl.o)
 .text.aux_ctrl_power_down
                0x0000a8b4       0x5c contiki-srf06-cc26xx.a(aux-ctrl.o)
                0x0000a8b4                aux_ctrl_power_down
 .text.aux_ctrl_power_up
                0x0000a910       0x24 contiki-srf06-cc26xx.a(aux-ctrl.o)
                0x0000a910                aux_ctrl_power_up
 .text.IntMasterDisable
                0x0000a934       0x10 contiki-srf06-cc26xx.a(aux-ctrl.o)
 .text.IntMasterEnable
                0x0000a944       0x10 contiki-srf06-cc26xx.a(aux-ctrl.o)
 .text.aux_ctrl_unregister_consumer
                0x0000a954       0x24 contiki-srf06-cc26xx.a(aux-ctrl.o)
                0x0000a954                aux_ctrl_unregister_consumer
 .text.aux_ctrl_register_consumer
                0x0000a978       0x40 contiki-srf06-cc26xx.a(aux-ctrl.o)
                0x0000a978                aux_ctrl_register_consumer
 .text.sprintf  0x0000a9b8       0x30 contiki-srf06-cc26xx.a(dbg-sprintf.o)
                0x0000a9b8                sprintf
 .text.buffer_str
                0x0000a9e8       0x18 contiki-srf06-cc26xx.a(dbg-sprintf.o)
 .text.stimer_remaining
                0x0000aa00       0x10 contiki-srf06-cc26xx.a(stimer.o)
                0x0000aa00                stimer_remaining
 .text.stimer_expired
                0x0000aa10       0x20 contiki-srf06-cc26xx.a(stimer.o)
                0x0000aa10                stimer_expired
 .text.stimer_set
                0x0000aa30       0x10 contiki-srf06-cc26xx.a(stimer.o)
                0x0000aa30                stimer_set
 .text.memb_alloc
                0x0000aa40       0x2c contiki-srf06-cc26xx.a(memb.o)
                0x0000aa40                memb_alloc
 .text.memb_free
                0x0000aa6c       0x30 contiki-srf06-cc26xx.a(memb.o)
                0x0000aa6c                memb_free
 .text.memb_inmemb
                0x0000aa9c       0x20 contiki-srf06-cc26xx.a(memb.o)
                0x0000aa9c                memb_inmemb
 .text.memb_init
                0x0000aabc       0x20 contiki-srf06-cc26xx.a(memb.o)
                0x0000aabc                memb_init
 .text.NOROM_AONBatMonTemperatureGetDegC
                0x0000aadc       0x30 contiki-srf06-cc26xx.a(aon_batmon.o)
                0x0000aadc                NOROM_AONBatMonTemperatureGetDegC
 .text.AuxAdiDdiSafeWrite
                0x0000ab0c       0x40 contiki-srf06-cc26xx.a(ddi.o)
 .text.NOROM_DDI32RegWrite
                0x0000ab4c       0x10 contiki-srf06-cc26xx.a(ddi.o)
                0x0000ab4c                NOROM_DDI32RegWrite
 .text.mac_call_sent_callback
                0x0000ab5c       0x10 contiki-srf06-cc26xx.a(mac.o)
                0x0000ab5c                mac_call_sent_callback
 .text.mac_sequence_is_duplicate
                0x0000ab6c       0x50 contiki-srf06-cc26xx.a(mac-sequence.o)
                0x0000ab6c                mac_sequence_is_duplicate
 .text.mac_sequence_register_seqno
                0x0000abbc       0x74 contiki-srf06-cc26xx.a(mac-sequence.o)
                0x0000abbc                mac_sequence_register_seqno
 .text          0x0000ac30       0x2c /home/user/CodeSourcery/Sourcery_G++_Lite/bin/../lib/gcc/arm-none-eabi/4.3.2/thumb2/libgcc.a(_aeabi_uldivmod.o)
                0x0000ac30                __aeabi_uldivmod
 .text          0x0000ac5c       0x60 /home/user/CodeSourcery/Sourcery_G++_Lite/bin/../lib/gcc/arm-none-eabi/4.3.2/thumb2/libgcc.a(bpabi.o)
                0x0000ac5c                __gnu_uldivmod_helper
                0x0000ac8c                __gnu_ldivmod_helper
 .text          0x0000acbc        0x4 /home/user/CodeSourcery/Sourcery_G++_Lite/bin/../lib/gcc/arm-none-eabi/4.3.2/thumb2/libgcc.a(_dvmd_tls.o)
                0x0000acbc                __aeabi_ldiv0
                0x0000acbc                __aeabi_idiv0
 .text          0x0000acc0      0x424 /home/user/CodeSourcery/Sourcery_G++_Lite/bin/../lib/gcc/arm-none-eabi/4.3.2/thumb2/libgcc.a(_divdi3.o)
                0x0000acc0                __divdi3
 .text          0x0000b0e4      0x3e4 /home/user/CodeSourcery/Sourcery_G++_Lite/bin/../lib/gcc/arm-none-eabi/4.3.2/thumb2/libgcc.a(_udivdi3.o)
                0x0000b0e4                __udivdi3
 .text          0x0000b4c8       0x8c /home/user/CodeSourcery/Sourcery_G++_Lite/bin/../lib/gcc/arm-none-eabi/4.3.2/thumb2/libgcc.a(_udivsi3.o)
                0x0000b4c8                __udivsi3
                0x0000b4c8                __aeabi_uidiv
                0x0000b540                __aeabi_uidivmod
 .text          0x0000b554       0x80 /home/user/CodeSourcery/Sourcery_G++_Lite/bin/../lib/gcc/arm-none-eabi/4.3.2/../../../../arm-none-eabi/lib/thumb2/libc.a(lib_a-memchr.o)
                0x0000b554                memchr
 .text          0x0000b5d4       0x60 /home/user/CodeSourcery/Sourcery_G++_Lite/bin/../lib/gcc/arm-none-eabi/4.3.2/../../../../arm-none-eabi/lib/thumb2/libc.a(lib_a-memcmp.o)
                0x0000b5d4                memcmp
 .text          0x0000b634       0x98 /home/user/CodeSourcery/Sourcery_G++_Lite/bin/../lib/gcc/arm-none-eabi/4.3.2/../../../../arm-none-eabi/lib/thumb2/libc.a(lib_a-memcpy.o)
                0x0000b634                memcpy
 .text          0x0000b6cc       0xc0 /home/user/CodeSourcery/Sourcery_G++_Lite/bin/../lib/gcc/arm-none-eabi/4.3.2/../../../../arm-none-eabi/lib/thumb2/libc.a(lib_a-memmove.o)
                0x0000b6cc                memmove
 .text          0x0000b78c       0x88 /home/user/CodeSourcery/Sourcery_G++_Lite/bin/../lib/gcc/arm-none-eabi/4.3.2/../../../../arm-none-eabi/lib/thumb2/libc.a(lib_a-memset.o)
                0x0000b78c                memset
 .text          0x0000b814       0x80 /home/user/CodeSourcery/Sourcery_G++_Lite/bin/../lib/gcc/arm-none-eabi/4.3.2/../../../../arm-none-eabi/lib/thumb2/libc.a(lib_a-strcasecmp.o)
                0x0000b814                strcasecmp
 .text          0x0000b894       0x50 /home/user/CodeSourcery/Sourcery_G++_Lite/bin/../lib/gcc/arm-none-eabi/4.3.2/../../../../arm-none-eabi/lib/thumb2/libc.a(lib_a-strcmp.o)
                0x0000b894                strcmp
 .text          0x0000b8e4       0x34 /home/user/CodeSourcery/Sourcery_G++_Lite/bin/../lib/gcc/arm-none-eabi/4.3.2/../../../../arm-none-eabi/lib/thumb2/libc.a(lib_a-strlen.o)
                0x0000b8e4                strlen
 .text          0x0000b918       0x88 /home/user/CodeSourcery/Sourcery_G++_Lite/bin/../lib/gcc/arm-none-eabi/4.3.2/../../../../arm-none-eabi/lib/thumb2/libc.a(lib_a-strncasecmp.o)
                0x0000b918                strncasecmp
 .text          0x0000b9a0       0x58 /home/user/CodeSourcery/Sourcery_G++_Lite/bin/../lib/gcc/arm-none-eabi/4.3.2/../../../../arm-none-eabi/lib/thumb2/libc.a(lib_a-strncat.o)
                0x0000b9a0                strncat
 .text          0x0000b9f8       0x88 /home/user/CodeSourcery/Sourcery_G++_Lite/bin/../lib/gcc/arm-none-eabi/4.3.2/../../../../arm-none-eabi/lib/thumb2/libc.a(lib_a-strncmp.o)
                0x0000b9f8                strncmp
 .text          0x0000ba80       0x84 /home/user/CodeSourcery/Sourcery_G++_Lite/bin/../lib/gcc/arm-none-eabi/4.3.2/../../../../arm-none-eabi/lib/thumb2/libc.a(lib_a-strncpy.o)
                0x0000ba80                strncpy
 *(SORT(.rodata*))
 .rodata.cmd_handlers
                0x0000bb04        0x8 slip-radio.co
                0x0000bb04                cmd_handlers
 .rodata.autostart_processes
                0x0000bb0c        0xc slip-radio.co
                0x0000bb0c                autostart_processes
 .rodata.slipnet_driver
                0x0000bb18        0xc obj_srf06-cc26xx/slip-net.o
                0x0000bb18                slipnet_driver
 .rodata.no_framer
                0x0000bb24        0xc obj_srf06-cc26xx/no-framer.o
                0x0000bb24                no_framer
 .rodata.C.36.5360
                0x0000bb30       0x44 contiki-srf06-cc26xx.a(board.o)
 .rodata.button_left_sensor
                0x0000bb74       0x10 contiki-srf06-cc26xx.a(button-sensor.o)
                0x0000bb74                button_left_sensor
 .rodata.button_right_sensor
                0x0000bb84       0x10 contiki-srf06-cc26xx.a(button-sensor.o)
                0x0000bb84                button_right_sensor
 .rodata.patchImageGenfsk
                0x0000bb94      0x28c contiki-srf06-cc26xx.a(prop-mode.o)
 .rodata.mode_prop
                0x0000be20        0x8 contiki-srf06-cc26xx.a(prop-mode.o)
 .rodata.prop_mode_driver
                0x0000be28       0x38 contiki-srf06-cc26xx.a(prop-mode.o)
                0x0000be28                prop_mode_driver
 .rodata.patchGenfskRfe
                0x0000be60      0x6b4 contiki-srf06-cc26xx.a(prop-mode.o)
 .rodata.prop_mode_tx_power_779_930
                0x0000c514       0x88 contiki-srf06-cc26xx.a(prop-mode-tx-po)
                0x0000c514                prop_mode_tx_power_779_930
 .rodata.packetbuf
                0x0000c59c        0x4 contiki-srf06-cc26xx.a(packetbuf.o)
 .rodata.nullmac_driver
                0x0000c5a0       0x1c contiki-srf06-cc26xx.a(nullmac.o)
                0x0000c5a0                nullmac_driver
 .rodata.contikimac_driver
                0x0000c5bc       0x20 contiki-srf06-cc26xx.a(contikimac.o)
                0x0000c5bc                contikimac_driver
 .rodata.nullsec_driver
                0x0000c5dc       0x10 contiki-srf06-cc26xx.a(nullsec.o)
                0x0000c5dc                nullsec_driver
 .rodata.resolv_mdns_addr
                0x0000c5ec       0x10 contiki-srf06-cc26xx.a(resolv.o)
 .rodata.nsec_record.3646
                0x0000c5fc       0x12 contiki-srf06-cc26xx.a(resolv.o)
 .rodata.str1.1
                0x0000c60e      0x10f slip-radio.co
 .rodata.str1.1
                0x0000c71d        0x8 obj_srf06-cc26xx/slip-net.o
 .rodata.str1.1
                0x0000c725       0x11 contiki-srf06-cc26xx.a(cmd.o)
 .rodata.str1.1
                0x0000c736       0xd8 contiki-srf06-cc26xx.a(contiki-main.o)
 .rodata.str1.1
                0x0000c80e        0x8 contiki-srf06-cc26xx.a(sensors.o)
 .rodata.str1.1
                0x0000c816        0x7 contiki-srf06-cc26xx.a(button-sensor.o)
 .rodata.wbuf.5321
                0x0000c81d        0x4 contiki-srf06-cc26xx.a(ext-flash.o)
 .rodata.C.39.5324
                0x0000c821        0x2 contiki-srf06-cc26xx.a(ext-flash.o)
 .rodata.str1.1
                0x0000c823        0xc contiki-srf06-cc26xx.a(slip.o)
 .rodata.str1.1
                0x0000c82f       0x44 contiki-srf06-cc26xx.a(rf-core.o)
 .rodata.str1.1
                0x0000c873       0x1b contiki-srf06-cc26xx.a(soc-trng.o)
 .rodata.buffer.1223
                0x0000c88e       0x10 contiki-srf06-cc26xx.a(strformat.o)
 .rodata.str1.1
                0x0000c89e       0x33 contiki-srf06-cc26xx.a(strformat.o)
                                 0x37 (size before relaxing)
 .rodata.buffer.1237
                0x0000c8d1       0x10 contiki-srf06-cc26xx.a(strformat.o)
 .rodata.str1.1
                0x0000c8e1      0x13c contiki-srf06-cc26xx.a(http-socket.o)
                                0x14a (size before relaxing)
 .rodata.str1.1
                0x0000ca1d        0xf contiki-srf06-cc26xx.a(ctimer.o)
 .rodata.str1.1
                0x0000ca2c        0xc contiki-srf06-cc26xx.a(etimer.o)
 .rodata.str1.1
                0x0000ca38        0xe contiki-srf06-cc26xx.a(serial-line.o)
 .rodata.str1.1
                0x0000ca46       0x27 contiki-srf06-cc26xx.a(resolv.o)
                                 0x2d (size before relaxing)
 .rodata.str1.1
                0x0000ca6d        0xd contiki-srf06-cc26xx.a(tcpip.o)
 .rodata.str1.1
                0x0000ca7a       0x13 contiki-srf06-cc26xx.a(tcp-socket.o)
 .rodata.str1.1
                0x0000ca8d       0x28 contiki-srf06-cc26xx.a(uip-debug.o)
 .rodata.linkaddr_null
                0x0000cab5        0x8 contiki-srf06-cc26xx.a(linkaddr.o)
                0x0000cab5                linkaddr_null
 .rodata.str1.1
                0x0000cabd        0x8 contiki-srf06-cc26xx.a(nullmac.o)
 .rodata.str1.1
                0x0000cac5        0xb contiki-srf06-cc26xx.a(contikimac.o)
 .rodata.C.55.4252
                0x0000cad0        0x3 contiki-srf06-cc26xx.a(contikimac.o)
 .rodata.str1.1
                0x0000cad3        0x8 contiki-srf06-cc26xx.a(nullsec.o)
 .rodata        0x0000cadb      0x100 /home/user/CodeSourcery/Sourcery_G++_Lite/bin/../lib/gcc/arm-none-eabi/4.3.2/thumb2/libgcc.a(_clz.o)
                0x0000cadb                __clz_tab
 .rodata        0x0000cbdb      0x101 /home/user/CodeSourcery/Sourcery_G++_Lite/bin/../lib/gcc/arm-none-eabi/4.3.2/../../../../arm-none-eabi/lib/thumb2/libc.a(lib_a-ctype_.o)
                0x0000cbdb                _ctype_
                0x0000ccdc                _etext = .

.glue_7         0x0000ccdc        0x0
 .glue_7        0x0000ccdc        0x0 obj_srf06-cc26xx/fault-handlers.o
 .glue_7        0x0000ccdc        0x0 obj_srf06-cc26xx/ccfg.o
 .glue_7        0x0000ccdc        0x0 obj_srf06-cc26xx/startup_gcc.o
 .glue_7        0x0000ccdc        0x0 slip-radio.co
 .glue_7        0x0000ccdc        0x0 obj_srf06-cc26xx/slip-net.o
 .glue_7        0x0000ccdc        0x0 obj_srf06-cc26xx/no-framer.o
 .glue_7        0x0000ccdc        0x0 contiki-srf06-cc26xx.a(cmd.o)
 .glue_7        0x0000ccdc        0x0 contiki-srf06-cc26xx.a(packetutils.o)
 .glue_7        0x0000ccdc        0x0 contiki-srf06-cc26xx.a(contiki-main.o)
 .glue_7        0x0000ccdc        0x0 contiki-srf06-cc26xx.a(sensors.o)
 .glue_7        0x0000ccdc        0x0 contiki-srf06-cc26xx.a(leds.o)
 .glue_7        0x0000ccdc        0x0 contiki-srf06-cc26xx.a(board.o)
 .glue_7        0x0000ccdc        0x0 contiki-srf06-cc26xx.a(launchpad-senso)
 .glue_7        0x0000ccdc        0x0 contiki-srf06-cc26xx.a(leds-arch.o)
 .glue_7        0x0000ccdc        0x0 contiki-srf06-cc26xx.a(button-sensor.o)
 .glue_7        0x0000ccdc        0x0 contiki-srf06-cc26xx.a(ext-flash.o)
 .glue_7        0x0000ccdc        0x0 contiki-srf06-cc26xx.a(board-spi.o)
 .glue_7        0x0000ccdc        0x0 contiki-srf06-cc26xx.a(prop-mode.o)
 .glue_7        0x0000ccdc        0x0 contiki-srf06-cc26xx.a(prop-mode-tx-po)
 .glue_7        0x0000ccdc        0x0 contiki-srf06-cc26xx.a(clock.o)
 .glue_7        0x0000ccdc        0x0 contiki-srf06-cc26xx.a(rtimer-arch.o)
 .glue_7        0x0000ccdc        0x0 contiki-srf06-cc26xx.a(soc-rtc.o)
 .glue_7        0x0000ccdc        0x0 contiki-srf06-cc26xx.a(contiki-watchdo)
 .glue_7        0x0000ccdc        0x0 contiki-srf06-cc26xx.a(putchar.o)
 .glue_7        0x0000ccdc        0x0 contiki-srf06-cc26xx.a(ieee-addr.o)
 .glue_7        0x0000ccdc        0x0 contiki-srf06-cc26xx.a(slip-arch.o)
 .glue_7        0x0000ccdc        0x0 contiki-srf06-cc26xx.a(slip.o)
 .glue_7        0x0000ccdc        0x0 contiki-srf06-cc26xx.a(cc26xx-uart.o)
 .glue_7        0x0000ccdc        0x0 contiki-srf06-cc26xx.a(lpm.o)
 .glue_7        0x0000ccdc        0x0 contiki-srf06-cc26xx.a(gpio-interrupt.)
 .glue_7        0x0000ccdc        0x0 contiki-srf06-cc26xx.a(oscillators.o)
 .glue_7        0x0000ccdc        0x0 contiki-srf06-cc26xx.a(rf-core.o)
 .glue_7        0x0000ccdc        0x0 contiki-srf06-cc26xx.a(rf-ble.o)
 .glue_7        0x0000ccdc        0x0 contiki-srf06-cc26xx.a(random.o)
 .glue_7        0x0000ccdc        0x0 contiki-srf06-cc26xx.a(soc-trng.o)
 .glue_7        0x0000ccdc        0x0 contiki-srf06-cc26xx.a(dbg-printf.o)
 .glue_7        0x0000ccdc        0x0 contiki-srf06-cc26xx.a(strformat.o)
 .glue_7        0x0000ccdc        0x0 contiki-srf06-cc26xx.a(http-socket.o)
 .glue_7        0x0000ccdc        0x0 contiki-srf06-cc26xx.a(autostart.o)
 .glue_7        0x0000ccdc        0x0 contiki-srf06-cc26xx.a(ctimer.o)
 .glue_7        0x0000ccdc        0x0 contiki-srf06-cc26xx.a(energest.o)
 .glue_7        0x0000ccdc        0x0 contiki-srf06-cc26xx.a(etimer.o)
 .glue_7        0x0000ccdc        0x0 contiki-srf06-cc26xx.a(process.o)
 .glue_7        0x0000ccdc        0x0 contiki-srf06-cc26xx.a(rtimer.o)
 .glue_7        0x0000ccdc        0x0 contiki-srf06-cc26xx.a(timer.o)
 .glue_7        0x0000ccdc        0x0 contiki-srf06-cc26xx.a(serial-line.o)
 .glue_7        0x0000ccdc        0x0 contiki-srf06-cc26xx.a(list.o)
 .glue_7        0x0000ccdc        0x0 contiki-srf06-cc26xx.a(ringbuf.o)
 .glue_7        0x0000ccdc        0x0 contiki-srf06-cc26xx.a(uip6.o)
 .glue_7        0x0000ccdc        0x0 contiki-srf06-cc26xx.a(uip-ds6.o)
 .glue_7        0x0000ccdc        0x0 contiki-srf06-cc26xx.a(uip-ds6-nbr.o)
 .glue_7        0x0000ccdc        0x0 contiki-srf06-cc26xx.a(uip-ds6-route.o)
 .glue_7        0x0000ccdc        0x0 contiki-srf06-cc26xx.a(uip-icmp6.o)
 .glue_7        0x0000ccdc        0x0 contiki-srf06-cc26xx.a(uip-nd6.o)
 .glue_7        0x0000ccdc        0x0 contiki-srf06-cc26xx.a(ip64-addr.o)
 .glue_7        0x0000ccdc        0x0 contiki-srf06-cc26xx.a(resolv.o)
 .glue_7        0x0000ccdc        0x0 contiki-srf06-cc26xx.a(tcpip.o)
 .glue_7        0x0000ccdc        0x0 contiki-srf06-cc26xx.a(tcp-socket.o)
 .glue_7        0x0000ccdc        0x0 contiki-srf06-cc26xx.a(uip-debug.o)
 .glue_7        0x0000ccdc        0x0 contiki-srf06-cc26xx.a(uiplib.o)
 .glue_7        0x0000ccdc        0x0 contiki-srf06-cc26xx.a(uip-nameserver.)
 .glue_7        0x0000ccdc        0x0 contiki-srf06-cc26xx.a(uip-udp-packet.)
 .glue_7        0x0000ccdc        0x0 contiki-srf06-cc26xx.a(adi.o)
 .glue_7        0x0000ccdc        0x0 contiki-srf06-cc26xx.a(aon_rtc.o)
 .glue_7        0x0000ccdc        0x0 contiki-srf06-cc26xx.a(chipinfo.o)
 .glue_7        0x0000ccdc        0x0 contiki-srf06-cc26xx.a(cpu.o)
 .glue_7        0x0000ccdc        0x0 contiki-srf06-cc26xx.a(osc.o)
 .glue_7        0x0000ccdc        0x0 contiki-srf06-cc26xx.a(pwr_ctrl.o)
 .glue_7        0x0000ccdc        0x0 contiki-srf06-cc26xx.a(rfc.o)
 .glue_7        0x0000ccdc        0x0 contiki-srf06-cc26xx.a(setup.o)
 .glue_7        0x0000ccdc        0x0 contiki-srf06-cc26xx.a(setup_rom.o)
 .glue_7        0x0000ccdc        0x0 contiki-srf06-cc26xx.a(sys_ctrl.o)
 .glue_7        0x0000ccdc        0x0 contiki-srf06-cc26xx.a(trng.o)
 .glue_7        0x0000ccdc        0x0 contiki-srf06-cc26xx.a(linkaddr.o)
 .glue_7        0x0000ccdc        0x0 contiki-srf06-cc26xx.a(link-stats.o)
 .glue_7        0x0000ccdc        0x0 contiki-srf06-cc26xx.a(nbr-table.o)
 .glue_7        0x0000ccdc        0x0 contiki-srf06-cc26xx.a(netstack.o)
 .glue_7        0x0000ccdc        0x0 contiki-srf06-cc26xx.a(packetbuf.o)
 .glue_7        0x0000ccdc        0x0 contiki-srf06-cc26xx.a(queuebuf.o)
 .glue_7        0x0000ccdc        0x0 contiki-srf06-cc26xx.a(frame802154.o)
 .glue_7        0x0000ccdc        0x0 contiki-srf06-cc26xx.a(nullmac.o)
 .glue_7        0x0000ccdc        0x0 contiki-srf06-cc26xx.a(contikimac.o)
 .glue_7        0x0000ccdc        0x0 contiki-srf06-cc26xx.a(nullsec.o)
 .glue_7        0x0000ccdc        0x0 contiki-srf06-cc26xx.a(smartrf-setting)
 .glue_7        0x0000ccdc        0x0 contiki-srf06-cc26xx.a(aux-ctrl.o)
 .glue_7        0x0000ccdc        0x0 contiki-srf06-cc26xx.a(dbg-sprintf.o)
 .glue_7        0x0000ccdc        0x0 contiki-srf06-cc26xx.a(stimer.o)
 .glue_7        0x0000ccdc        0x0 contiki-srf06-cc26xx.a(memb.o)
 .glue_7        0x0000ccdc        0x0 contiki-srf06-cc26xx.a(aon_batmon.o)
 .glue_7        0x0000ccdc        0x0 contiki-srf06-cc26xx.a(ddi.o)
 .glue_7        0x0000ccdc        0x0 contiki-srf06-cc26xx.a(mac.o)
 .glue_7        0x0000ccdc        0x0 contiki-srf06-cc26xx.a(mac-sequence.o)
 .glue_7        0x0000ccdc        0x0 /home/user/CodeSourcery/Sourcery_G++_Lite/bin/../lib/gcc/arm-none-eabi/4.3.2/thumb2/libgcc.a(_aeabi_uldivmod.o)
 .glue_7        0x0000ccdc        0x0 /home/user/CodeSourcery/Sourcery_G++_Lite/bin/../lib/gcc/arm-none-eabi/4.3.2/thumb2/libgcc.a(bpabi.o)
 .glue_7        0x0000ccdc        0x0 /home/user/CodeSourcery/Sourcery_G++_Lite/bin/../lib/gcc/arm-none-eabi/4.3.2/thumb2/libgcc.a(_dvmd_tls.o)
 .glue_7        0x0000ccdc        0x0 /home/user/CodeSourcery/Sourcery_G++_Lite/bin/../lib/gcc/arm-none-eabi/4.3.2/thumb2/libgcc.a(_divdi3.o)
 .glue_7        0x0000ccdc        0x0 /home/user/CodeSourcery/Sourcery_G++_Lite/bin/../lib/gcc/arm-none-eabi/4.3.2/thumb2/libgcc.a(_udivdi3.o)
 .glue_7        0x0000ccdc        0x0 /home/user/CodeSourcery/Sourcery_G++_Lite/bin/../lib/gcc/arm-none-eabi/4.3.2/thumb2/libgcc.a(_udivsi3.o)
 .glue_7        0x0000ccdc        0x0 /home/user/CodeSourcery/Sourcery_G++_Lite/bin/../lib/gcc/arm-none-eabi/4.3.2/thumb2/libgcc.a(_clz.o)
 .glue_7        0x0000ccdc        0x0 /home/user/CodeSourcery/Sourcery_G++_Lite/bin/../lib/gcc/arm-none-eabi/4.3.2/../../../../arm-none-eabi/lib/thumb2/libc.a(lib_a-ctype_.o)
 .glue_7        0x0000ccdc        0x0 /home/user/CodeSourcery/Sourcery_G++_Lite/bin/../lib/gcc/arm-none-eabi/4.3.2/../../../../arm-none-eabi/lib/thumb2/libc.a(lib_a-memchr.o)
 .glue_7        0x0000ccdc        0x0 /home/user/CodeSourcery/Sourcery_G++_Lite/bin/../lib/gcc/arm-none-eabi/4.3.2/../../../../arm-none-eabi/lib/thumb2/libc.a(lib_a-memcmp.o)
 .glue_7        0x0000ccdc        0x0 /home/user/CodeSourcery/Sourcery_G++_Lite/bin/../lib/gcc/arm-none-eabi/4.3.2/../../../../arm-none-eabi/lib/thumb2/libc.a(lib_a-memcpy.o)
 .glue_7        0x0000ccdc        0x0 /home/user/CodeSourcery/Sourcery_G++_Lite/bin/../lib/gcc/arm-none-eabi/4.3.2/../../../../arm-none-eabi/lib/thumb2/libc.a(lib_a-memmove.o)
 .glue_7        0x0000ccdc        0x0 /home/user/CodeSourcery/Sourcery_G++_Lite/bin/../lib/gcc/arm-none-eabi/4.3.2/../../../../arm-none-eabi/lib/thumb2/libc.a(lib_a-memset.o)
 .glue_7        0x0000ccdc        0x0 /home/user/CodeSourcery/Sourcery_G++_Lite/bin/../lib/gcc/arm-none-eabi/4.3.2/../../../../arm-none-eabi/lib/thumb2/libc.a(lib_a-strcasecmp.o)
 .glue_7        0x0000ccdc        0x0 /home/user/CodeSourcery/Sourcery_G++_Lite/bin/../lib/gcc/arm-none-eabi/4.3.2/../../../../arm-none-eabi/lib/thumb2/libc.a(lib_a-strcmp.o)
 .glue_7        0x0000ccdc        0x0 /home/user/CodeSourcery/Sourcery_G++_Lite/bin/../lib/gcc/arm-none-eabi/4.3.2/../../../../arm-none-eabi/lib/thumb2/libc.a(lib_a-strlen.o)
 .glue_7        0x0000ccdc        0x0 /home/user/CodeSourcery/Sourcery_G++_Lite/bin/../lib/gcc/arm-none-eabi/4.3.2/../../../../arm-none-eabi/lib/thumb2/libc.a(lib_a-strncasecmp.o)
 .glue_7        0x0000ccdc        0x0 /home/user/CodeSourcery/Sourcery_G++_Lite/bin/../lib/gcc/arm-none-eabi/4.3.2/../../../../arm-none-eabi/lib/thumb2/libc.a(lib_a-strncat.o)
 .glue_7        0x0000ccdc        0x0 /home/user/CodeSourcery/Sourcery_G++_Lite/bin/../lib/gcc/arm-none-eabi/4.3.2/../../../../arm-none-eabi/lib/thumb2/libc.a(lib_a-strncmp.o)
 .glue_7        0x0000ccdc        0x0 /home/user/CodeSourcery/Sourcery_G++_Lite/bin/../lib/gcc/arm-none-eabi/4.3.2/../../../../arm-none-eabi/lib/thumb2/libc.a(lib_a-strncpy.o)

.glue_7t        0x0000ccdc        0x0
 .glue_7t       0x0000ccdc        0x0 obj_srf06-cc26xx/fault-handlers.o
 .glue_7t       0x0000ccdc        0x0 obj_srf06-cc26xx/ccfg.o
 .glue_7t       0x0000ccdc        0x0 obj_srf06-cc26xx/startup_gcc.o
 .glue_7t       0x0000ccdc        0x0 slip-radio.co
 .glue_7t       0x0000ccdc        0x0 obj_srf06-cc26xx/slip-net.o
 .glue_7t       0x0000ccdc        0x0 obj_srf06-cc26xx/no-framer.o
 .glue_7t       0x0000ccdc        0x0 contiki-srf06-cc26xx.a(cmd.o)
 .glue_7t       0x0000ccdc        0x0 contiki-srf06-cc26xx.a(packetutils.o)
 .glue_7t       0x0000ccdc        0x0 contiki-srf06-cc26xx.a(contiki-main.o)
 .glue_7t       0x0000ccdc        0x0 contiki-srf06-cc26xx.a(sensors.o)
 .glue_7t       0x0000ccdc        0x0 contiki-srf06-cc26xx.a(leds.o)
 .glue_7t       0x0000ccdc        0x0 contiki-srf06-cc26xx.a(board.o)
 .glue_7t       0x0000ccdc        0x0 contiki-srf06-cc26xx.a(launchpad-senso)
 .glue_7t       0x0000ccdc        0x0 contiki-srf06-cc26xx.a(leds-arch.o)
 .glue_7t       0x0000ccdc        0x0 contiki-srf06-cc26xx.a(button-sensor.o)
 .glue_7t       0x0000ccdc        0x0 contiki-srf06-cc26xx.a(ext-flash.o)
 .glue_7t       0x0000ccdc        0x0 contiki-srf06-cc26xx.a(board-spi.o)
 .glue_7t       0x0000ccdc        0x0 contiki-srf06-cc26xx.a(prop-mode.o)
 .glue_7t       0x0000ccdc        0x0 contiki-srf06-cc26xx.a(prop-mode-tx-po)
 .glue_7t       0x0000ccdc        0x0 contiki-srf06-cc26xx.a(clock.o)
 .glue_7t       0x0000ccdc        0x0 contiki-srf06-cc26xx.a(rtimer-arch.o)
 .glue_7t       0x0000ccdc        0x0 contiki-srf06-cc26xx.a(soc-rtc.o)
 .glue_7t       0x0000ccdc        0x0 contiki-srf06-cc26xx.a(contiki-watchdo)
 .glue_7t       0x0000ccdc        0x0 contiki-srf06-cc26xx.a(putchar.o)
 .glue_7t       0x0000ccdc        0x0 contiki-srf06-cc26xx.a(ieee-addr.o)
 .glue_7t       0x0000ccdc        0x0 contiki-srf06-cc26xx.a(slip-arch.o)
 .glue_7t       0x0000ccdc        0x0 contiki-srf06-cc26xx.a(slip.o)
 .glue_7t       0x0000ccdc        0x0 contiki-srf06-cc26xx.a(cc26xx-uart.o)
 .glue_7t       0x0000ccdc        0x0 contiki-srf06-cc26xx.a(lpm.o)
 .glue_7t       0x0000ccdc        0x0 contiki-srf06-cc26xx.a(gpio-interrupt.)
 .glue_7t       0x0000ccdc        0x0 contiki-srf06-cc26xx.a(oscillators.o)
 .glue_7t       0x0000ccdc        0x0 contiki-srf06-cc26xx.a(rf-core.o)