Archive member included to satisfy reference by file (symbol)

contiki-srf06-cc26xx.a(contiki-main.o)
                              obj_srf06-cc26xx/startup_gcc.o (main)
contiki-srf06-cc26xx.a(sensors.o)
                              contiki-srf06-cc26xx.a(contiki-main.o) (sensors_process)
contiki-srf06-cc26xx.a(leds.o)
                              contiki-srf06-cc26xx.a(contiki-main.o) (leds_init)
contiki-srf06-cc26xx.a(board.o)
                              contiki-srf06-cc26xx.a(contiki-main.o) (board_init)
contiki-srf06-cc26xx.a(launchpad-senso)
                              contiki-srf06-cc26xx.a(sensors.o) (sensors_flags)
contiki-srf06-cc26xx.a(leds-arch.o)
                              contiki-srf06-cc26xx.a(leds.o) (leds_arch_init)
contiki-srf06-cc26xx.a(button-sensor.o)
                              contiki-srf06-cc26xx.a(launchpad-senso) (button_right_sensor)
contiki-srf06-cc26xx.a(ext-flash.o)
                              contiki-srf06-cc26xx.a(board.o) (ext_flash_init)
contiki-srf06-cc26xx.a(board-spi.o)
                              contiki-srf06-cc26xx.a(ext-flash.o) (board_spi_write)
contiki-srf06-cc26xx.a(prop-mode.o)
                              contiki-srf06-cc26xx.a(contiki-main.o) (prop_mode_driver)
contiki-srf06-cc26xx.a(prop-mode-tx-po)
                              contiki-srf06-cc26xx.a(prop-mode.o) (prop_mode_tx_power_779_930)
contiki-srf06-cc26xx.a(clock.o)
                              contiki-srf06-cc26xx.a(contiki-main.o) (clock_init)
contiki-srf06-cc26xx.a(rtimer-arch.o)
                              udp-client.co (rtimer_arch_now)
contiki-srf06-cc26xx.a(soc-rtc.o)
                              contiki-srf06-cc26xx.a(contiki-main.o) (soc_rtc_init)
contiki-srf06-cc26xx.a(contiki-watchdo)
                              contiki-srf06-cc26xx.a(contiki-main.o) (watchdog_init)
contiki-srf06-cc26xx.a(putchar.o)
                              udp-client.co (putchar)
contiki-srf06-cc26xx.a(ieee-addr.o)
                              contiki-srf06-cc26xx.a(contiki-main.o) (ieee_addr_cpy_to)
contiki-srf06-cc26xx.a(cc26xx-uart.o)
                              contiki-srf06-cc26xx.a(contiki-main.o) (cc26xx_uart_init)
contiki-srf06-cc26xx.a(lpm.o)
                              contiki-srf06-cc26xx.a(button-sensor.o) (lpm_shutdown)
contiki-srf06-cc26xx.a(gpio-interrupt.)
                              contiki-srf06-cc26xx.a(button-sensor.o) (gpio_interrupt_register_handler)
contiki-srf06-cc26xx.a(oscillators.o)
                              contiki-srf06-cc26xx.a(contiki-main.o) (oscillators_select_lf_xosc)
contiki-srf06-cc26xx.a(rf-core.o)
                              contiki-srf06-cc26xx.a(prop-mode.o) (rf_core_is_accessible)
contiki-srf06-cc26xx.a(rf-ble.o)
                              contiki-srf06-cc26xx.a(prop-mode.o) (rf_ble_is_active)
contiki-srf06-cc26xx.a(random.o)
                              contiki-srf06-cc26xx.a(contiki-main.o) (random_init)
contiki-srf06-cc26xx.a(soc-trng.o)
                              contiki-srf06-cc26xx.a(random.o) (soc_trng_rand_synchronous)
contiki-srf06-cc26xx.a(dbg-printf.o)
                              udp-client.co (printf)
contiki-srf06-cc26xx.a(dbg-sprintf.o)
                              udp-client.co (sprintf)
contiki-srf06-cc26xx.a(strformat.o)
                              contiki-srf06-cc26xx.a(dbg-printf.o) (format_str_v)
contiki-srf06-cc26xx.a(timer.o)
                              contiki-srf06-cc26xx.a(button-sensor.o) (timer_set)
contiki-srf06-cc26xx.a(rtimer.o)
                              contiki-srf06-cc26xx.a(contiki-main.o) (rtimer_init)
contiki-srf06-cc26xx.a(process.o)
                              contiki-srf06-cc26xx.a(sensors.o) (process_alloc_event)
contiki-srf06-cc26xx.a(etimer.o)
                              contiki-srf06-cc26xx.a(clock.o) (etimer_request_poll)
contiki-srf06-cc26xx.a(ctimer.o)
                              contiki-srf06-cc26xx.a(contiki-main.o) (ctimer_init)
contiki-srf06-cc26xx.a(energest.o)
                              contiki-srf06-cc26xx.a(contiki-main.o) (energest_init)
contiki-srf06-cc26xx.a(autostart.o)
                              contiki-srf06-cc26xx.a(contiki-main.o) (autostart_start)
contiki-srf06-cc26xx.a(serial-line.o)
                              contiki-srf06-cc26xx.a(contiki-main.o) (serial_line_init)
contiki-srf06-cc26xx.a(ringbuf.o)
                              contiki-srf06-cc26xx.a(serial-line.o) (ringbuf_init)
contiki-srf06-cc26xx.a(list.o)
                              contiki-srf06-cc26xx.a(lpm.o) (list_init)
contiki-srf06-cc26xx.a(sicslowpan.o)
                              contiki-srf06-cc26xx.a(contiki-main.o) (sicslowpan_driver)
contiki-srf06-cc26xx.a(uip-ds6-nbr.o)
                              contiki-srf06-cc26xx.a(sicslowpan.o) (uip_ds6_link_neighbor_callback)
contiki-srf06-cc26xx.a(uip6.o)
                              contiki-srf06-cc26xx.a(sicslowpan.o) (uip_aligned_buf)
[...]
Memory Configuration

Name             Origin             Length             Attributes
FLASH            0x00000000         0x0001ffa8         xr
FLASH_CCFG       0x0001ffa8         0x00000058         xr
SRAM             0x20000000         0x00005000         xrw
GPRAM            0x11000000         0x00002000         xrw
*default*        0x00000000         0xffffffff

Linker script and memory map

LOAD obj_srf06-cc26xx/fault-handlers.o
LOAD obj_srf06-cc26xx/ccfg.o
LOAD obj_srf06-cc26xx/startup_gcc.o
LOAD udp-client.co
LOAD contiki-srf06-cc26xx.a
LOAD c:/program files (x86)/gnu tools arm embedded/7 2017-q4-major/bin/../lib/gcc/arm-none-eabi/7.2.1/../../../../arm-none-eabi/lib/thumb/v7-m\libm.a
START GROUP
LOAD c:/program files (x86)/gnu tools arm embedded/7 2017-q4-major/bin/../lib/gcc/arm-none-eabi/7.2.1/thumb/v7-m\libgcc.a
LOAD c:/program files (x86)/gnu tools arm embedded/7 2017-q4-major/bin/../lib/gcc/arm-none-eabi/7.2.1/../../../../arm-none-eabi/lib/thumb/v7-m\libc.a
END GROUP
                0x20005000                _estack = (ORIGIN (SRAM) + LENGTH (SRAM))
                0x00000000                _Min_Heap_Size = 0x0
                0x00000100                _Min_Stack_Size = 0x100

.text           0x00000000    0x10791
                0x00000000                _text = .
 *(SORT_BY_ALIGNMENT(.vectors))
 .vectors       0x00000000       0xc8 obj_srf06-cc26xx/startup_gcc.o
                0x00000000                g_pfnVectors
 *(SORT_BY_ALIGNMENT(.text*))
 .text.FaultISR
                0x000000c8       0x18 obj_srf06-cc26xx/fault-handlers.o
                0x000000c8                FaultISR
 .text.NmiSRHandler
                0x000000e0        0x4 obj_srf06-cc26xx/startup_gcc.o
                0x000000e0                NmiSR
 .text.IntDefaultHandler
                0x000000e4        0x4 obj_srf06-cc26xx/startup_gcc.o
                0x000000e4                SSI0IntHandler
                0x000000e4                SWEvent0IntHandler
                0x000000e4                uDMAIntHandler
                0x000000e4                WatchdogIntHandler
                0x000000e4                RFCHardwareIntHandler
                0x000000e4                Timer1BIntHandler
                0x000000e4                I2SIntHandler
                0x000000e4                Timer2BIntHandler
                0x000000e4                Timer2AIntHandler
                0x000000e4                Timer1AIntHandler
                0x000000e4                AONIntHandler
                0x000000e4                AUXSWEvent0IntHandler
                0x000000e4                AUXADCIntHandler
                0x000000e4                PendSVIntHandler
                0x000000e4                AUXSWEvent1IntHandler
                0x000000e4                SVCallIntHandler
                0x000000e4                MPUFaultIntHandler
                0x000000e4                SysTickIntHandler
                0x000000e4                BusFaultIntHandler
                0x000000e4                AONProgIntHandler
                0x000000e4                AUXCompAIntHandler
                0x000000e4                SSI1IntHandler
                0x000000e4                FlashIntHandler
                0x000000e4                uDMAErrIntHandler
                0x000000e4                UsageFaultIntHandler
                0x000000e4                RFCCmdAckIntHandler
                0x000000e4                CryptoIntHandler
                0x000000e4                Timer0AIntHandler
                0x000000e4                I2CIntHandler
                0x000000e4                DebugMonIntHandler
                0x000000e4                Timer0BIntHandler
                0x000000e4                AUXCombEventIntHandler
                0x000000e4                Timer3AIntHandler
                0x000000e4                DynProgIntHandler
                0x000000e4                Timer3BIntHandler
 .text.ResetISR
                0x000000e8       0x58 obj_srf06-cc26xx/startup_gcc.o
                0x000000e8                ResetISR
 .text.i2c_status
                0x00000140       0x34 udp-client.co
 .text.accessible
                0x00000174       0x24 udp-client.co
 .text.board_i2c_wakeup
                0x00000198       0x5c udp-client.co
                0x00000198                board_i2c_wakeup
 .text.board_i2c_write_read
                0x000001f4      0x1a4 udp-client.co
                0x000001f4                board_i2c_write_read
 .text.board_i2c_select
                0x00000398       0x84 udp-client.co
                0x00000398                board_i2c_select
 .text.detect   0x0000041c      0x188 udp-client.co
                0x0000041c                detect
 .text.stats    0x000005a4       0xa4 udp-client.co
                0x000005a4                stats
 .text.process_thread_udp_client_process
                0x00000648      0x3a4 udp-client.co
 .text.fade     0x000009ec       0x64 contiki-srf06-cc26xx.a(contiki-main.o)
 .text.startup.main
                0x00000a50      0x24c contiki-srf06-cc26xx.a(contiki-main.o)
                0x00000a50                main
 .text.process_thread_sensors_process
                0x00000c9c       0xf0 contiki-srf06-cc26xx.a(sensors.o)
 .text.sensors_changed
                0x00000d8c       0x4c contiki-srf06-cc26xx.a(sensors.o)
                0x00000d8c                sensors_changed
 .text.leds_init
                0x00000dd8       0x14 contiki-srf06-cc26xx.a(leds.o)
                0x00000dd8                leds_init
 .text.leds_on  0x00000dec       0x14 contiki-srf06-cc26xx.a(leds.o)
                0x00000dec                leds_on
 .text.leds_off
                0x00000e00       0x14 contiki-srf06-cc26xx.a(leds.o)
                0x00000e00                leds_off
 .text.wakeup_handler
                0x00000e14       0x20 contiki-srf06-cc26xx.a(board.o)
 .text.board_init
                0x00000e34       0x8c contiki-srf06-cc26xx.a(board.o)
                0x00000e34                board_init
 .text.leds_arch_init
                0x00000ec0       0x34 contiki-srf06-cc26xx.a(leds-arch.o)
                0x00000ec0                leds_arch_init
 .text.leds_arch_set
                0x00000ef4       0x2c contiki-srf06-cc26xx.a(leds-arch.o)
                0x00000ef4                leds_arch_set
 .text.status_left
                0x00000f20       0x20 contiki-srf06-cc26xx.a(button-sensor.o)
 .text.status_right
                0x00000f40       0x20 contiki-srf06-cc26xx.a(button-sensor.o)
 .text.value_left
                0x00000f60       0x24 contiki-srf06-cc26xx.a(button-sensor.o)
 .text.value_right
                0x00000f84       0x18 contiki-srf06-cc26xx.a(button-sensor.o)
 .text.config_buttons
                0x00000f9c       0x84 contiki-srf06-cc26xx.a(button-sensor.o)
 .text.config_left
                0x00001020        0xc contiki-srf06-cc26xx.a(button-sensor.o)
 .text.config_right
                0x0000102c        0xc contiki-srf06-cc26xx.a(button-sensor.o)
 .text.button_press_handler
                0x00001038       0x64 contiki-srf06-cc26xx.a(button-sensor.o)
 .text.verify_part
                0x0000109c       0x80 contiki-srf06-cc26xx.a(ext-flash.o)
 .text.wait_ready
                0x0000111c       0x58 contiki-srf06-cc26xx.a(ext-flash.o)
 .text.power_down
                0x00001174       0x50 contiki-srf06-cc26xx.a(ext-flash.o)
 .text.ext_flash_open
                0x000011c4       0x60 contiki-srf06-cc26xx.a(ext-flash.o)
                0x000011c4                ext_flash_open
 .text.ext_flash_init
                0x00001224       0x14 contiki-srf06-cc26xx.a(ext-flash.o)
                0x00001224                ext_flash_init
 .text.accessible
                0x00001238       0x24 contiki-srf06-cc26xx.a(board-spi.o)
 .text.board_spi_write
                0x0000125c       0x40 contiki-srf06-cc26xx.a(board-spi.o)
                0x0000125c                board_spi_write
 .text.board_spi_read
                0x0000129c       0x4c contiki-srf06-cc26xx.a(board-spi.o)
                0x0000129c                board_spi_read
 .text.board_spi_flush
                0x000012e8       0x24 contiki-srf06-cc26xx.a(board-spi.o)
                0x000012e8                board_spi_flush
 .text.board_spi_open
                0x0000130c       0xb8 contiki-srf06-cc26xx.a(board-spi.o)
                0x0000130c                board_spi_open
 .text.board_spi_close
                0x000013c4       0x70 contiki-srf06-cc26xx.a(board-spi.o)
                0x000013c4                board_spi_close
 .text.get_object
                0x00001434        0x4 contiki-srf06-cc26xx.a(prop-mode.o)
 .text.request  0x00001438       0x20 contiki-srf06-cc26xx.a(prop-mode.o)
 .text.soft_off_prop
                0x00001458       0x3c contiki-srf06-cc26xx.a(prop-mode.o)
 .text.rx_on_prop
                0x00001494       0x70 contiki-srf06-cc26xx.a(prop-mode.o)
 .text.prepare  0x00001504       0x1c contiki-srf06-cc26xx.a(prop-mode.o)
 .text.pending_packet
                0x00001520       0x38 contiki-srf06-cc26xx.a(prop-mode.o)
 .text.read_frame
                0x00001558       0x50 contiki-srf06-cc26xx.a(prop-mode.o)
 .text.rx_off_prop
                0x000015a8       0x4c contiki-srf06-cc26xx.a(prop-mode.o)
 .text.prop_div_radio_setup
                0x000015f4       0x50 contiki-srf06-cc26xx.a(prop-mode.o)
 .text.prop_fs  0x00001644       0x34 contiki-srf06-cc26xx.a(prop-mode.o)
 .text.soft_on_prop.part.3
                0x00001678       0x18 contiki-srf06-cc26xx.a(prop-mode.o)
 .text.soft_on_prop
                0x00001690       0x18 contiki-srf06-cc26xx.a(prop-mode.o)
 .text.off.part.4
                0x000016a8       0x1c contiki-srf06-cc26xx.a(prop-mode.o)
 .text.off      0x000016c4       0x14 contiki-srf06-cc26xx.a(prop-mode.o)
 .text.on       0x000016d8      0x228 contiki-srf06-cc26xx.a(prop-mode.o)
 .text.set_value
                0x00001900      0x1b0 contiki-srf06-cc26xx.a(prop-mode.o)
 .text.get_value
                0x00001ab0      0x178 contiki-srf06-cc26xx.a(prop-mode.o)
 .text.transmit
                0x00001c28       0xb0 contiki-srf06-cc26xx.a(prop-mode.o)
 .text.send     0x00001cd8       0x24 contiki-srf06-cc26xx.a(prop-mode.o)
 .text.channel_clear.part.6
                0x00001cfc       0x7c contiki-srf06-cc26xx.a(prop-mode.o)
 .text.channel_clear
                0x00001d78       0x14 contiki-srf06-cc26xx.a(prop-mode.o)
 .text.receiving_packet
                0x00001d8c       0x30 contiki-srf06-cc26xx.a(prop-mode.o)
 .text.init     0x00001dbc       0x8c contiki-srf06-cc26xx.a(prop-mode.o)
 .text.set_object
                0x00001e48        0x4 contiki-srf06-cc26xx.a(prop-mode.o)
 .text.power_domain_on
                0x00001e4c       0x20 contiki-srf06-cc26xx.a(clock.o)
 .text.clock_init
                0x00001e6c       0x9c contiki-srf06-cc26xx.a(clock.o)
                0x00001e6c                clock_init
 .text.clock_time
                0x00001f08       0x34 contiki-srf06-cc26xx.a(clock.o)
                0x00001f08                clock_time
 .text.clock_update
                0x00001f3c       0x3c contiki-srf06-cc26xx.a(clock.o)
                0x00001f3c                clock_update
 .text.clock_seconds
                0x00001f78       0x18 contiki-srf06-cc26xx.a(clock.o)
                0x00001f78                clock_seconds
 .text.rtimer_arch_init
                0x00001f90        0x4 contiki-srf06-cc26xx.a(rtimer-arch.o)
                0x00001f90                rtimer_arch_init
 .text.rtimer_arch_schedule
                0x00001f94        0x8 contiki-srf06-cc26xx.a(rtimer-arch.o)
                0x00001f94                rtimer_arch_schedule
 .text.rtimer_arch_now
                0x00001f9c        0x4 contiki-srf06-cc26xx.a(rtimer-arch.o)
                0x00001f9c                rtimer_arch_now
 .text.soc_rtc_init
                0x00001fa0       0xa0 contiki-srf06-cc26xx.a(soc-rtc.o)
                0x00001fa0                soc_rtc_init
 .text.soc_rtc_schedule_one_shot
                0x00002040       0x6c contiki-srf06-cc26xx.a(soc-rtc.o)
                0x00002040                soc_rtc_schedule_one_shot
 .text.soc_rtc_last_isr_time
                0x000020ac        0xc contiki-srf06-cc26xx.a(soc-rtc.o)
                0x000020ac                soc_rtc_last_isr_time
 .text.AONRTCIntHandler
                0x000020b8       0x88 contiki-srf06-cc26xx.a(soc-rtc.o)
                0x000020b8                AONRTCIntHandler
 .text.watchdog_init
                0x00002140       0x1c contiki-srf06-cc26xx.a(contiki-watchdo)
                0x00002140                watchdog_init
 .text.watchdog_start
                0x0000215c       0x68 contiki-srf06-cc26xx.a(contiki-watchdo)
                0x0000215c                watchdog_start
 .text.watchdog_periodic
                0x000021c4       0x1c contiki-srf06-cc26xx.a(contiki-watchdo)
                0x000021c4                watchdog_periodic
 .text.putchar  0x000021e0       0x10 contiki-srf06-cc26xx.a(putchar.o)
                0x000021e0                putchar
 .text.puts     0x000021f0       0x30 contiki-srf06-cc26xx.a(putchar.o)
                0x000021f0                puts
 .text.dbg_send_bytes
                0x00002220       0x40 contiki-srf06-cc26xx.a(putchar.o)
                0x00002220                dbg_send_bytes
 .text.ieee_addr_cpy_to
                0x00002260       0x3c contiki-srf06-cc26xx.a(ieee-addr.o)
                0x00002260                ieee_addr_cpy_to
 .text.power_and_clock
                0x0000229c       0x40 contiki-srf06-cc26xx.a(cc26xx-uart.o)
 .text.enable   0x000022dc       0xf0 contiki-srf06-cc26xx.a(cc26xx-uart.o)
 .text.accessible
                0x000023cc       0x24 contiki-srf06-cc26xx.a(cc26xx-uart.o)
 .text.lpm_drop_handler
                0x000023f0       0xc4 contiki-srf06-cc26xx.a(cc26xx-uart.o)
 .text.cc26xx_uart_init
                0x000024b4       0x28 contiki-srf06-cc26xx.a(cc26xx-uart.o)
                0x000024b4                cc26xx_uart_init
 .text.cc26xx_uart_write_byte
                0x000024dc       0x28 contiki-srf06-cc26xx.a(cc26xx-uart.o)
                0x000024dc                cc26xx_uart_write_byte
 .text.cc26xx_uart_busy
                0x00002504       0x18 contiki-srf06-cc26xx.a(cc26xx-uart.o)
                0x00002504                cc26xx_uart_busy
 .text.UART0IntHandler
                0x0000251c       0x54 contiki-srf06-cc26xx.a(cc26xx-uart.o)
                0x0000251c                UART0IntHandler
 .text.lpm_shutdown
                0x00002570      0x188 contiki-srf06-cc26xx.a(lpm.o)
                0x00002570                lpm_shutdown
 .text.lpm_sleep
                0x000026f8       0x14 contiki-srf06-cc26xx.a(lpm.o)
                0x000026f8                lpm_sleep
 .text.lpm_drop
                0x0000270c      0x250 contiki-srf06-cc26xx.a(lpm.o)
                0x0000270c                lpm_drop
 .text.lpm_register_module
                0x0000295c        0xc contiki-srf06-cc26xx.a(lpm.o)
                0x0000295c                lpm_register_module
 .text.lpm_unregister_module
                0x00002968        0xc contiki-srf06-cc26xx.a(lpm.o)
                0x00002968                lpm_unregister_module
 .text.lpm_init
                0x00002974       0x20 contiki-srf06-cc26xx.a(lpm.o)
                0x00002974                lpm_init
 .text.lpm_pin_set_default_state
                0x00002994       0x2c contiki-srf06-cc26xx.a(lpm.o)
                0x00002994                lpm_pin_set_default_state
 .text.gpio_interrupt_register_handler
                0x000029c0       0x2c contiki-srf06-cc26xx.a(gpio-interrupt.)
                0x000029c0                gpio_interrupt_register_handler
 .text.gpio_interrupt_init
                0x000029ec       0x24 contiki-srf06-cc26xx.a(gpio-interrupt.)
                0x000029ec                gpio_interrupt_init
 .text.GPIOIntHandler
                0x00002a10       0x30 contiki-srf06-cc26xx.a(gpio-interrupt.)
                0x00002a10                GPIOIntHandler
 .text.oscillators_select_lf_xosc
                0x00002a40       0x54 contiki-srf06-cc26xx.a(oscillators.o)
                0x00002a40                oscillators_select_lf_xosc
 .text.oscillators_select_lf_rcosc
                0x00002a94       0x3c contiki-srf06-cc26xx.a(oscillators.o)
                0x00002a94                oscillators_select_lf_rcosc
 .text.oscillators_request_hf_xosc
                0x00002ad0       0x30 contiki-srf06-cc26xx.a(oscillators.o)
                0x00002ad0                oscillators_request_hf_xosc
 .text.oscillators_switch_to_hf_xosc
                0x00002b00       0x34 contiki-srf06-cc26xx.a(oscillators.o)
                0x00002b00                oscillators_switch_to_hf_xosc
 .text.oscillators_switch_to_hf_rc
                0x00002b34       0x38 contiki-srf06-cc26xx.a(oscillators.o)
                0x00002b34                oscillators_switch_to_hf_rc
 .text.process_thread_rf_core_process
                0x00002b6c       0x58 contiki-srf06-cc26xx.a(rf-core.o)
 .text.rf_core_is_accessible
                0x00002bc4       0x10 contiki-srf06-cc26xx.a(rf-core.o)
                0x00002bc4                rf_core_is_accessible
 .text.rf_core_send_cmd
                0x00002bd4       0x98 contiki-srf06-cc26xx.a(rf-core.o)
                0x00002bd4                rf_core_send_cmd
 .text.rf_core_wait_cmd_done
                0x00002c6c       0x30 contiki-srf06-cc26xx.a(rf-core.o)
                0x00002c6c                rf_core_wait_cmd_done
 .text.rf_core_power_up
                0x00002c9c       0xcc contiki-srf06-cc26xx.a(rf-core.o)
                0x00002c9c                rf_core_power_up
 .text.rf_core_start_rat
                0x00002d68       0x78 contiki-srf06-cc26xx.a(rf-core.o)
                0x00002d68                rf_core_start_rat
 .text.rf_core_stop_rat
                0x00002de0       0x8c contiki-srf06-cc26xx.a(rf-core.o)
                0x00002de0                rf_core_stop_rat
 .text.rf_core_power_down
                0x00002e6c       0xfc contiki-srf06-cc26xx.a(rf-core.o)
                0x00002e6c                rf_core_power_down
 .text.rf_core_set_modesel
                0x00002f68       0x44 contiki-srf06-cc26xx.a(rf-core.o)
                0x00002f68                rf_core_set_modesel
 .text.rf_core_setup_interrupts
                0x00002fac       0x70 contiki-srf06-cc26xx.a(rf-core.o)
                0x00002fac                rf_core_setup_interrupts
 .text.rf_core_cmd_done_en
                0x0000301c       0x28 contiki-srf06-cc26xx.a(rf-core.o)
                0x0000301c                rf_core_cmd_done_en
 .text.rf_core_cmd_done_dis
                0x00003044       0x18 contiki-srf06-cc26xx.a(rf-core.o)
                0x00003044                rf_core_cmd_done_dis
 .text.rf_core_get_last_radio_op
                0x0000305c        0xc contiki-srf06-cc26xx.a(rf-core.o)
                0x0000305c                rf_core_get_last_radio_op
 .text.rf_core_primary_mode_register
                0x00003068        0xc contiki-srf06-cc26xx.a(rf-core.o)
                0x00003068                rf_core_primary_mode_register
 .text.RFCCPE1IntHandler
                0x00003074       0x28 contiki-srf06-cc26xx.a(rf-core.o)
                0x00003074                RFCCPE1IntHandler
 .text.RFCCPE0IntHandler
                0x0000309c       0x5c contiki-srf06-cc26xx.a(rf-core.o)
                0x0000309c                RFCCPE0IntHandler
 .text.rf_ble_is_active
                0x000030f8        0xc contiki-srf06-cc26xx.a(rf-ble.o)
                0x000030f8                rf_ble_is_active
 .text.random_rand
                0x00003104        0xc contiki-srf06-cc26xx.a(random.o)
                0x00003104                random_rand
 .text.random_init
                0x00003110        0x4 contiki-srf06-cc26xx.a(random.o)
                0x00003110                random_init
 .text.power_up
                0x00003114       0x40 contiki-srf06-cc26xx.a(soc-trng.o)
 .text.request  0x00003154       0x14 contiki-srf06-cc26xx.a(soc-trng.o)
 .text.process_thread_soc_trng_process
                0x00003168       0x94 contiki-srf06-cc26xx.a(soc-trng.o)
 .text.accessible
                0x000031fc       0x24 contiki-srf06-cc26xx.a(soc-trng.o)
 .text.soc_trng_rand_synchronous
                0x00003220       0xcc contiki-srf06-cc26xx.a(soc-trng.o)
                0x00003220                soc_trng_rand_synchronous
 .text.TRNGIntHandler
                0x000032ec       0x50 contiki-srf06-cc26xx.a(soc-trng.o)
                0x000032ec                TRNGIntHandler
 .text.soc_trng_init
                0x0000333c       0x28 contiki-srf06-cc26xx.a(soc-trng.o)
                0x0000333c                soc_trng_init
 .text.write_str
                0x00003364       0x14 contiki-srf06-cc26xx.a(dbg-printf.o)
 .text.printf   0x00003378       0x24 contiki-srf06-cc26xx.a(dbg-printf.o)
                0x00003378                printf
 .text.buffer_str
                0x0000339c       0x18 contiki-srf06-cc26xx.a(dbg-sprintf.o)
 .text.sprintf  0x000033b4       0x34 contiki-srf06-cc26xx.a(dbg-sprintf.o)
                0x000033b4                sprintf
 .text.fill_space
                0x000033e8       0x40 contiki-srf06-cc26xx.a(strformat.o)
 .text.format_str_v
                0x00003428      0x928 contiki-srf06-cc26xx.a(strformat.o)
                0x00003428                format_str_v
 .text.timer_set
                0x00003d50       0x10 contiki-srf06-cc26xx.a(timer.o)
                0x00003d50                timer_set
 .text.timer_reset
                0x00003d60        0xc contiki-srf06-cc26xx.a(timer.o)
                0x00003d60                timer_reset
 .text.timer_restart
                0x00003d6c        0xc contiki-srf06-cc26xx.a(timer.o)
                0x00003d6c                timer_restart
 .text.timer_expired
                0x00003d78       0x1c contiki-srf06-cc26xx.a(timer.o)
                0x00003d78                timer_expired
 .text.rtimer_init
                0x00003d94        0x4 contiki-srf06-cc26xx.a(rtimer.o)
                0x00003d94                rtimer_init
 .text.rtimer_set
                0x00003d98       0x30 contiki-srf06-cc26xx.a(rtimer.o)
                0x00003d98                rtimer_set
 .text.rtimer_run_next
                0x00003dc8       0x28 contiki-srf06-cc26xx.a(rtimer.o)
                0x00003dc8                rtimer_run_next
 .text.exit_process
                0x00003df0       0x9c contiki-srf06-cc26xx.a(process.o)
 .text.call_process.part.0
                0x00003e8c       0x38 contiki-srf06-cc26xx.a(process.o)
 .text.do_poll  0x00003ec4       0x38 contiki-srf06-cc26xx.a(process.o)
 .text.process_alloc_event
                0x00003efc       0x10 contiki-srf06-cc26xx.a(process.o)
                0x00003efc                process_alloc_event
 .text.process_start
                0x00003f0c       0x48 contiki-srf06-cc26xx.a(process.o)
                0x00003f0c                process_start
 .text.process_exit
                0x00003f54        0xc contiki-srf06-cc26xx.a(process.o)
                0x00003f54                process_exit
 .text.process_init
                0x00003f60       0x34 contiki-srf06-cc26xx.a(process.o)
                0x00003f60                process_init
 .text.process_run
                0x00003f94       0xa4 contiki-srf06-cc26xx.a(process.o)
                0x00003f94                process_run
 .text.process_nevents
                0x00004038       0x14 contiki-srf06-cc26xx.a(process.o)
                0x00004038                process_nevents
 .text.process_post
                0x0000404c       0x40 contiki-srf06-cc26xx.a(process.o)
                0x0000404c                process_post
 .text.process_post_synch
                0x0000408c       0x18 contiki-srf06-cc26xx.a(process.o)
                0x0000408c                process_post_synch
 .text.process_poll
                0x000040a4       0x1c contiki-srf06-cc26xx.a(process.o)
                0x000040a4                process_poll
 .text.update_time.part.0
                0x000040c0       0x3c contiki-srf06-cc26xx.a(etimer.o)
 .text.process_thread_etimer_process
                0x000040fc       0xdc contiki-srf06-cc26xx.a(etimer.o)
 .text.add_timer
                0x000041d8       0x54 contiki-srf06-cc26xx.a(etimer.o)
 .text.etimer_request_poll
                0x0000422c        0xc contiki-srf06-cc26xx.a(etimer.o)
                0x0000422c                etimer_request_poll
 .text.etimer_set
                0x00004238       0x14 contiki-srf06-cc26xx.a(etimer.o)
                0x00004238                etimer_set
 .text.etimer_reset
                0x0000424c       0x14 contiki-srf06-cc26xx.a(etimer.o)
                0x0000424c                etimer_reset
 .text.etimer_restart
                0x00004260       0x14 contiki-srf06-cc26xx.a(etimer.o)
                0x00004260                etimer_restart
 .text.etimer_expired
                0x00004274        0xc contiki-srf06-cc26xx.a(etimer.o)
                0x00004274                etimer_expired
 .text.etimer_expiration_time
                0x00004280        0x8 contiki-srf06-cc26xx.a(etimer.o)
                0x00004280                etimer_expiration_time
 .text.etimer_pending
                0x00004288       0x10 contiki-srf06-cc26xx.a(etimer.o)
                0x00004288                etimer_pending
 .text.etimer_next_expiration_time
                0x00004298       0x14 contiki-srf06-cc26xx.a(etimer.o)
                0x00004298                etimer_next_expiration_time
 .text.etimer_stop
                0x000042ac       0x50 contiki-srf06-cc26xx.a(etimer.o)
                0x000042ac                etimer_stop
 .text.process_thread_ctimer_process
                0x000042fc       0x94 contiki-srf06-cc26xx.a(ctimer.o)
 .text.ctimer_init
                0x00004390       0x28 contiki-srf06-cc26xx.a(ctimer.o)
                0x00004390                ctimer_init
 .text.ctimer_set_with_process
                0x000043b8       0x4c contiki-srf06-cc26xx.a(ctimer.o)
                0x000043b8                ctimer_set_with_process
 .text.ctimer_set
                0x00004404       0x18 contiki-srf06-cc26xx.a(ctimer.o)
                0x00004404                ctimer_set
 .text.ctimer_reset
                0x0000441c       0x38 contiki-srf06-cc26xx.a(ctimer.o)
                0x0000441c                ctimer_reset
 .text.ctimer_restart
                0x00004454       0x38 contiki-srf06-cc26xx.a(ctimer.o)
                0x00004454                ctimer_restart
 .text.ctimer_stop
                0x0000448c       0x34 contiki-srf06-cc26xx.a(ctimer.o)
                0x0000448c                ctimer_stop
 .text.energest_init
                0x000044c0        0x4 contiki-srf06-cc26xx.a(energest.o)
                0x000044c0                energest_init
 .text.autostart_start
                0x000044c4       0x18 contiki-srf06-cc26xx.a(autostart.o)
                0x000044c4                autostart_start
 .text.process_thread_serial_line_process
                0x000044dc       0xa4 contiki-srf06-cc26xx.a(serial-line.o)
 .text.serial_line_init
                0x00004580       0x24 contiki-srf06-cc26xx.a(serial-line.o)
                0x00004580                serial_line_init
 .text.ringbuf_init
                0x000045a4       0x10 contiki-srf06-cc26xx.a(ringbuf.o)
                0x000045a4                ringbuf_init
 .text.ringbuf_get
                0x000045b4       0x24 contiki-srf06-cc26xx.a(ringbuf.o)
                0x000045b4                ringbuf_get
 .text.list_init
                0x000045d8        0x8 contiki-srf06-cc26xx.a(list.o)
                0x000045d8                list_init
 .text.list_head
                0x000045e0        0x4 contiki-srf06-cc26xx.a(list.o)
                0x000045e0                list_head
 .text.list_add
                0x000045e4       0x4c contiki-srf06-cc26xx.a(list.o)
                0x000045e4                list_add
 .text.list_push
                0x00004630       0x40 contiki-srf06-cc26xx.a(list.o)
                0x00004630                list_push
 .text.list_remove
                0x00004670       0x38 contiki-srf06-cc26xx.a(list.o)
                0x00004670                list_remove
 .text.list_length
                0x000046a8       0x14 contiki-srf06-cc26xx.a(list.o)
                0x000046a8                list_length
 .text.list_item_next
                0x000046bc        0x8 contiki-srf06-cc26xx.a(list.o)
                0x000046bc                list_item_next
 .text.sicslowpan_init
                0x000046c4       0x1c contiki-srf06-cc26xx.a(sicslowpan.o)
                0x000046c4                sicslowpan_init
 .text.compress_addr_64
                0x000046e0       0x98 contiki-srf06-cc26xx.a(sicslowpan.o)
 .text.set_packet_attrs
                0x00004778       0x50 contiki-srf06-cc26xx.a(sicslowpan.o)
 .text.addr_context_lookup_by_prefix
                0x000047c8       0x40 contiki-srf06-cc26xx.a(sicslowpan.o)
 .text.send_packet
                0x00004808       0x24 contiki-srf06-cc26xx.a(sicslowpan.o)
 .text.packet_sent
                0x0000482c       0x28 contiki-srf06-cc26xx.a(sicslowpan.o)
 .text.store_fragment
                0x00004854       0x74 contiki-srf06-cc26xx.a(sicslowpan.o)
 .text.add_fragment
                0x000048c8      0x1bc contiki-srf06-cc26xx.a(sicslowpan.o)
 .text.uncompress_addr
                0x00004a84       0xc0 contiki-srf06-cc26xx.a(sicslowpan.o)
 .text.input    0x00004b44      0x5fc contiki-srf06-cc26xx.a(sicslowpan.o)
 .text.output   0x00005140      0x738 contiki-srf06-cc26xx.a(sicslowpan.o)
 .text.uip_ds6_nbr_rm.part.0
                0x00005878       0x1c contiki-srf06-cc26xx.a(uip-ds6-nbr.o)
 .text.uip_ds6_nbr_rm
                0x00005894        0x8 contiki-srf06-cc26xx.a(uip-ds6-nbr.o)
                0x00005894                uip_ds6_nbr_rm
 .text.uip_ds6_neighbors_init
                0x0000589c       0x1c contiki-srf06-cc26xx.a(uip-ds6-nbr.o)
                0x0000589c                uip_ds6_neighbors_init
 .text.uip_ds6_nbr_add
                0x000058b8       0x58 contiki-srf06-cc26xx.a(uip-ds6-nbr.o)
                0x000058b8                uip_ds6_nbr_add
 .text.uip_ds6_nbr_get_ll
                0x00005910       0x10 contiki-srf06-cc26xx.a(uip-ds6-nbr.o)
                0x00005910                uip_ds6_nbr_get_ll
 .text.uip_ds6_nbr_lookup
                0x00005920       0x34 contiki-srf06-cc26xx.a(uip-ds6-nbr.o)
                0x00005920                uip_ds6_nbr_lookup
 .text.uip_ds6_nbr_ipaddr_from_lladdr
                0x00005954       0x10 contiki-srf06-cc26xx.a(uip-ds6-nbr.o)
                0x00005954                uip_ds6_nbr_ipaddr_from_lladdr
 .text.uip_ds6_nbr_lladdr_from_ipaddr
                0x00005964       0x1c contiki-srf06-cc26xx.a(uip-ds6-nbr.o)
                0x00005964                uip_ds6_nbr_lladdr_from_ipaddr
 .text.uip_ds6_link_neighbor_callback
                0x00005980       0x34 contiki-srf06-cc26xx.a(uip-ds6-nbr.o)
                0x00005980                uip_ds6_link_neighbor_callback
 .text.uip_ds6_neighbor_periodic
                0x000059b4      0x13c contiki-srf06-cc26xx.a(uip-ds6-nbr.o)
                0x000059b4                uip_ds6_neighbor_periodic
 .text.uip_ds6_nbr_refresh_reachable_state
                0x00005af0       0x24 contiki-srf06-cc26xx.a(uip-ds6-nbr.o)
                0x00005af0                uip_ds6_nbr_refresh_reachable_state
 .text.chksum   0x00005b14       0x58 contiki-srf06-cc26xx.a(uip6.o)
 .text.upper_layer_chksum
                0x00005b6c       0x54 contiki-srf06-cc26xx.a(uip6.o)
 .text.ext_hdr_options_process
                0x00005bc0       0xd0 contiki-srf06-cc26xx.a(uip6.o)
 .text.uip_add32
                0x00005c90       0x58 contiki-srf06-cc26xx.a(uip6.o)
                0x00005c90                uip_add32
 .text.unlikely.uip_add_rcv_nxt
                0x00005ce8       0x2c contiki-srf06-cc26xx.a(uip6.o)
 .text.uip_icmp6chksum
                0x00005d14        0x8 contiki-srf06-cc26xx.a(uip6.o)
                0x00005d14                uip_icmp6chksum
 .text.uip_init
                0x00005d1c       0x5c contiki-srf06-cc26xx.a(uip6.o)
                0x00005d1c                uip_init
 .text.remove_ext_hdr
                0x00005d78       0x54 contiki-srf06-cc26xx.a(uip6.o)
                0x00005d78                remove_ext_hdr
 .text.uip_udp_new
                0x00005dcc       0x94 contiki-srf06-cc26xx.a(uip6.o)
                0x00005dcc                uip_udp_new
 .text.uip_unlisten
                0x00005e60       0x28 contiki-srf06-cc26xx.a(uip6.o)
                0x00005e60                uip_unlisten
 .text.uip_process
                0x00005e88      0xf58 contiki-srf06-cc26xx.a(uip6.o)
                0x00005e88                uip_process
 .text.uip_htons
                0x00006de0        0x8 contiki-srf06-cc26xx.a(uip6.o)
                0x00006de0                uip_htons
 .text.uip_htonl
                0x00006de8       0x1c contiki-srf06-cc26xx.a(uip6.o)
                0x00006de8                uip_htonl
 .text.call_route_callback
                0x00006e04       0x54 contiki-srf06-cc26xx.a(uip-ds6-route.o)
 .text.uip_ds6_route_init
                0x00006e58       0x4c contiki-srf06-cc26xx.a(uip-ds6-route.o)
                0x00006e58                uip_ds6_route_init
 .text.uip_ds6_route_nexthop
                0x00006ea4       0x1c contiki-srf06-cc26xx.a(uip-ds6-route.o)
                0x00006ea4                uip_ds6_route_nexthop
 .text.uip_ds6_route_rm.part.0
                0x00006ec0       0x9c contiki-srf06-cc26xx.a(uip-ds6-route.o)
 .text.rm_routelist
                0x00006f5c       0x3c contiki-srf06-cc26xx.a(uip-ds6-route.o)
 .text.rm_routelist_callback
                0x00006f98        0x4 contiki-srf06-cc26xx.a(uip-ds6-route.o)
 .text.uip_ds6_route_head
                0x00006f9c        0xc contiki-srf06-cc26xx.a(uip-ds6-route.o)
                0x00006f9c                uip_ds6_route_head
 .text.uip_ds6_route_next
                0x00006fa8        0x8 contiki-srf06-cc26xx.a(uip-ds6-route.o)
                0x00006fa8                uip_ds6_route_next
 .text.uip_ds6_route_is_nexthop
                0x00006fb0       0x20 contiki-srf06-cc26xx.a(uip-ds6-route.o)
                0x00006fb0                uip_ds6_route_is_nexthop
 .text.uip_ds6_route_lookup
                0x00006fd0       0x78 contiki-srf06-cc26xx.a(uip-ds6-route.o)
                0x00006fd0                uip_ds6_route_lookup
 .text.uip_ds6_route_add
                0x00007048      0x114 contiki-srf06-cc26xx.a(uip-ds6-route.o)
                0x00007048                uip_ds6_route_add
 .text.uip_ds6_route_rm
                0x0000715c        0xc contiki-srf06-cc26xx.a(uip-ds6-route.o)
                0x0000715c                uip_ds6_route_rm
 .text.uip_ds6_defrt_rm
                0x00007168       0x48 contiki-srf06-cc26xx.a(uip-ds6-route.o)
                0x00007168                uip_ds6_defrt_rm
 .text.uip_ds6_defrt_lookup
                0x000071b0       0x38 contiki-srf06-cc26xx.a(uip-ds6-route.o)
                0x000071b0                uip_ds6_defrt_lookup
 .text.uip_ds6_defrt_add
                0x000071e8       0x5c contiki-srf06-cc26xx.a(uip-ds6-route.o)
                0x000071e8                uip_ds6_defrt_add
 .text.uip_ds6_defrt_choose
                0x00007244       0x34 contiki-srf06-cc26xx.a(uip-ds6-route.o)
                0x00007244                uip_ds6_defrt_choose
 .text.uip_ds6_defrt_periodic
                0x00007278       0x44 contiki-srf06-cc26xx.a(uip-ds6-route.o)
                0x00007278                uip_ds6_defrt_periodic
 .text.uip_ds6_list_loop
                0x000072bc       0x58 contiki-srf06-cc26xx.a(uip-ds6.o)
                0x000072bc                uip_ds6_list_loop
 .text.uip_ds6_prefix_add
                0x00007314       0x6c contiki-srf06-cc26xx.a(uip-ds6.o)
                0x00007314                uip_ds6_prefix_add
 .text.uip_ds6_is_addr_onlink
                0x00007380       0x40 contiki-srf06-cc26xx.a(uip-ds6.o)
                0x00007380                uip_ds6_is_addr_onlink
 .text.uip_ds6_addr_lookup
                0x000073c0       0x2c contiki-srf06-cc26xx.a(uip-ds6.o)
                0x000073c0                uip_ds6_addr_lookup
 .text.uip_ds6_get_link_local
                0x000073ec       0x54 contiki-srf06-cc26xx.a(uip-ds6.o)
                0x000073ec                uip_ds6_get_link_local
 .text.uip_ds6_maddr_add
                0x00007440       0x50 contiki-srf06-cc26xx.a(uip-ds6.o)
                0x00007440                uip_ds6_maddr_add
 .text.uip_ds6_addr_add
                0x00007490       0xa0 contiki-srf06-cc26xx.a(uip-ds6.o)
                0x00007490                uip_ds6_addr_add
 .text.uip_ds6_maddr_lookup
                0x00007530       0x2c contiki-srf06-cc26xx.a(uip-ds6.o)
                0x00007530                uip_ds6_maddr_lookup
 .text.uip_ds6_addr_rm.part.0
                0x0000755c       0x40 contiki-srf06-cc26xx.a(uip-ds6.o)
 .text.uip_ds6_addr_rm
                0x0000759c        0x8 contiki-srf06-cc26xx.a(uip-ds6.o)
                0x0000759c                uip_ds6_addr_rm
 .text.uip_ds6_periodic
                0x000075a4       0x5c contiki-srf06-cc26xx.a(uip-ds6.o)
                0x000075a4                uip_ds6_periodic
 .text.uip_ds6_select_src
                0x00007600      0x114 contiki-srf06-cc26xx.a(uip-ds6.o)
                0x00007600                uip_ds6_select_src
 .text.uip_ds6_set_addr_iid
                0x00007714       0x14 contiki-srf06-cc26xx.a(uip-ds6.o)
                0x00007714                uip_ds6_set_addr_iid
 .text.uip_ds6_compute_reachable_time
                0x00007728       0x2c contiki-srf06-cc26xx.a(uip-ds6.o)
                0x00007728                uip_ds6_compute_reachable_time
 .text.uip_ds6_init
                0x00007754       0xe0 contiki-srf06-cc26xx.a(uip-ds6.o)
                0x00007754                uip_ds6_init
 .text.echo_reply_input
                0x00007834       0xb0 contiki-srf06-cc26xx.a(uip-icmp6.o)
 .text.echo_request_input
                0x000078e4       0xb8 contiki-srf06-cc26xx.a(uip-icmp6.o)
 .text.uip_icmp6_input
                0x0000799c       0x3c contiki-srf06-cc26xx.a(uip-icmp6.o)
                0x0000799c                uip_icmp6_input
 .text.uip_icmp6_register_input_handler
                0x000079d8        0xc contiki-srf06-cc26xx.a(uip-icmp6.o)
                0x000079d8                uip_icmp6_register_input_handler
 .text.uip_icmp6_error_output
                0x000079e4      0x16c contiki-srf06-cc26xx.a(uip-icmp6.o)
                0x000079e4                uip_icmp6_error_output
 .text.uip_icmp6_send
                0x00007b50       0x8c contiki-srf06-cc26xx.a(uip-icmp6.o)
                0x00007b50                uip_icmp6_send
 .text.uip_icmp6_init
                0x00007bdc       0x24 contiki-srf06-cc26xx.a(uip-icmp6.o)
                0x00007bdc                uip_icmp6_init
 .text.uip_debug_ipaddr_print
                0x00007c00       0xc4 contiki-srf06-cc26xx.a(uip-debug.o)
                0x00007c00                uip_debug_ipaddr_print
 .text.uiplib_ip6addrconv
                0x00007cc4       0xcc contiki-srf06-cc26xx.a(uiplib.o)
                0x00007cc4                uiplib_ip6addrconv
 .text.mdns_write_announce_records
                0x00007d90       0xf4 contiki-srf06-cc26xx.a(resolv.o)
 .text.mdns_prep_host_announce_packet
                0x00007e84       0xbc contiki-srf06-cc26xx.a(resolv.o)
 .text.dns_name_isequal
                0x00007f40       0xb4 contiki-srf06-cc26xx.a(resolv.o)
 .text.remove_trailing_dots
                0x00007ff4       0x44 contiki-srf06-cc26xx.a(resolv.o)
 .text.resolv_found
                0x00008038       0xf4 contiki-srf06-cc26xx.a(resolv.o)
 .text.resolv_set_hostname
                0x0000812c       0x60 contiki-srf06-cc26xx.a(resolv.o)
                0x0000812c                resolv_set_hostname
 .text.process_thread_resolv_process
                0x0000818c      0x7f8 contiki-srf06-cc26xx.a(resolv.o)
 .text.resolv_query
                0x00008984      0x140 contiki-srf06-cc26xx.a(resolv.o)
                0x00008984                resolv_query
 .text.process_thread_mdns_probe_process
                0x00008ac4       0xac contiki-srf06-cc26xx.a(resolv.o)
 .text.resolv_lookup
                0x00008b70       0x80 contiki-srf06-cc26xx.a(resolv.o)
                0x00008b70                resolv_lookup
 .text.start_periodic_tcp_timer
                0x00008bf0       0x1c contiki-srf06-cc26xx.a(tcpip.o)
 .text.tcpip_set_outputfunc
                0x00008c0c        0xc contiki-srf06-cc26xx.a(tcpip.o)
                0x00008c0c                tcpip_set_outputfunc
 .text.udp_new  0x00008c18       0x18 contiki-srf06-cc26xx.a(tcpip.o)
                0x00008c18                udp_new
 .text.tcpip_icmp6_call
                0x00008c30       0x28 contiki-srf06-cc26xx.a(tcpip.o)
                0x00008c30                tcpip_icmp6_call
 .text.tcpip_input
                0x00008c58       0x24 contiki-srf06-cc26xx.a(tcpip.o)
                0x00008c58                tcpip_input
 .text.tcpip_ipv6_output
                0x00008c7c      0x148 contiki-srf06-cc26xx.a(tcpip.o)
                0x00008c7c                tcpip_ipv6_output
 .text.process_thread_tcpip_process
                0x00008dc4      0x1c8 contiki-srf06-cc26xx.a(tcpip.o)
 .text.tcpip_poll_udp
                0x00008f8c       0x10 contiki-srf06-cc26xx.a(tcpip.o)
                0x00008f8c                tcpip_poll_udp
 .text.tcpip_uipcall
                0x00008f9c       0x70 contiki-srf06-cc26xx.a(tcpip.o)
                0x00008f9c                tcpip_uipcall
 .text.uip_udp_packet_send
                0x0000900c       0x3c contiki-srf06-cc26xx.a(uip-udp-packet.)
                0x0000900c                uip_udp_packet_send
 .text.uip_udp_packet_sendto
                0x00009048       0x48 contiki-srf06-cc26xx.a(uip-udp-packet.)
                0x00009048                uip_udp_packet_sendto
 .text.rpl_get_mode
                0x00009090        0xc contiki-srf06-cc26xx.a(rpl.o)
                0x00009090                rpl_get_mode
 .text.rpl_purge_routes
                0x0000909c       0x80 contiki-srf06-cc26xx.a(rpl.o)
                0x0000909c                rpl_purge_routes
 .text.rpl_remove_routes
                0x0000911c       0x24 contiki-srf06-cc26xx.a(rpl.o)
                0x0000911c                rpl_remove_routes
 .text.rpl_remove_routes_by_nexthop
                0x00009140       0x34 contiki-srf06-cc26xx.a(rpl.o)
                0x00009140                rpl_remove_routes_by_nexthop
 .text.rpl_add_route
                0x00009174       0x38 contiki-srf06-cc26xx.a(rpl.o)
                0x00009174                rpl_add_route
 .text.rpl_link_neighbor_callback
                0x000091ac       0x48 contiki-srf06-cc26xx.a(rpl.o)
                0x000091ac                rpl_link_neighbor_callback
 .text.rpl_ipv6_neighbor_callback
                0x000091f4       0x30 contiki-srf06-cc26xx.a(rpl.o)
                0x000091f4                rpl_ipv6_neighbor_callback
 .text.rpl_purge_dags
                0x00009224       0x5c contiki-srf06-cc26xx.a(rpl.o)
                0x00009224                rpl_purge_dags
 .text.rpl_init
                0x00009280       0x34 contiki-srf06-cc26xx.a(rpl.o)
                0x00009280                rpl_init
 .text.update_hbh_header
                0x000092b4       0xd0 contiki-srf06-cc26xx.a(rpl-ext-header.)
 .text.insert_hbh_header.isra.0
                0x00009384       0xa8 contiki-srf06-cc26xx.a(rpl-ext-header.)
 .text.rpl_verify_hbh_header
                0x0000942c       0xe8 contiki-srf06-cc26xx.a(rpl-ext-header.)
                0x0000942c                rpl_verify_hbh_header
 .text.rpl_remove_header
                0x00009514       0x78 contiki-srf06-cc26xx.a(rpl-ext-header.)
                0x00009514                rpl_remove_header
 .text.rpl_update_header
                0x0000958c       0x74 contiki-srf06-cc26xx.a(rpl-ext-header.)
                0x0000958c                rpl_update_header
 .text.new_dio_interval
                0x00009600       0x60 contiki-srf06-cc26xx.a(rpl-timers.o)
 .text.handle_periodic_timer
                0x00009660       0x60 contiki-srf06-cc26xx.a(rpl-timers.o)
 .text.handle_unicast_dio_timer
                0x000096c0       0x1c contiki-srf06-cc26xx.a(rpl-timers.o)
 .text.handle_dio_timer
                0x000096dc       0x8c contiki-srf06-cc26xx.a(rpl-timers.o)
 .text.set_dao_lifetime_timer.part.1
                0x00009768       0x40 contiki-srf06-cc26xx.a(rpl-timers.o)
 .text.schedule_dao
                0x000097a8       0x5c contiki-srf06-cc26xx.a(rpl-timers.o)
 .text.handle_dao_timer
                0x00009804       0x64 contiki-srf06-cc26xx.a(rpl-timers.o)
 .text.rpl_reset_periodic_timer
                0x00009868       0x3c contiki-srf06-cc26xx.a(rpl-timers.o)
                0x00009868                rpl_reset_periodic_timer
 .text.rpl_reset_dio_timer
                0x000098a4       0x1c contiki-srf06-cc26xx.a(rpl-timers.o)
                0x000098a4                rpl_reset_dio_timer
 .text.rpl_schedule_dao
                0x000098c0        0x8 contiki-srf06-cc26xx.a(rpl-timers.o)
                0x000098c0                rpl_schedule_dao
 .text.rpl_schedule_unicast_dio_immediately
                0x000098c8       0x14 contiki-srf06-cc26xx.a(rpl-timers.o)
                0x000098c8                rpl_schedule_unicast_dio_immediately
 .text.get_probing_delay
                0x000098dc       0x4c contiki-srf06-cc26xx.a(rpl-timers.o)
                0x000098dc                get_probing_delay
 .text.get_probing_target
                0x00009928       0xd8 contiki-srf06-cc26xx.a(rpl-timers.o)
                0x00009928                get_probing_target
 .text.rpl_schedule_probing
                0x00009a00       0x20 contiki-srf06-cc26xx.a(rpl-timers.o)
                0x00009a00                rpl_schedule_probing
 .text.handle_probing_timer
                0x00009a20       0x34 contiki-srf06-cc26xx.a(rpl-timers.o)
 .text.rpl_set_preferred_parent
                0x00009a54       0x2c contiki-srf06-cc26xx.a(rpl-dag.o)
 .text.set_ip_from_prefix
                0x00009a80       0x24 contiki-srf06-cc26xx.a(rpl-dag.o)
 .text.check_prefix
                0x00009aa4       0x7c contiki-srf06-cc26xx.a(rpl-dag.o)
 .text.find_parent_any_dag_any_instance
                0x00009b20       0x1c contiki-srf06-cc26xx.a(rpl-dag.o)
 .text.lollipop_greater_than
                0x00009b3c       0x3c contiki-srf06-cc26xx.a(rpl-dag.o)
 .text.rpl_get_nbr
                0x00009b78       0x28 contiki-srf06-cc26xx.a(rpl-dag.o)
                0x00009b78                rpl_get_nbr
 .text.rpl_dag_init
                0x00009ba0       0x14 contiki-srf06-cc26xx.a(rpl-dag.o)
                0x00009ba0                rpl_dag_init
 .text.rpl_get_parent
                0x00009bb4       0x10 contiki-srf06-cc26xx.a(rpl-dag.o)
                0x00009bb4                rpl_get_parent
 .text.rpl_rank_via_parent
                0x00009bc4       0x1c contiki-srf06-cc26xx.a(rpl-dag.o)
                0x00009bc4                rpl_rank_via_parent
 .text.rpl_get_parent_ipaddr
                0x00009be0       0x18 contiki-srf06-cc26xx.a(rpl-dag.o)
                0x00009be0                rpl_get_parent_ipaddr
 .text.rpl_get_parent_link_stats
                0x00009bf8       0x18 contiki-srf06-cc26xx.a(rpl-dag.o)
                0x00009bf8                rpl_get_parent_link_stats
 .text.best_parent
                0x00009c10       0xa4 contiki-srf06-cc26xx.a(rpl-dag.o)
 .text.rpl_parent_is_fresh
                0x00009cb4       0x10 contiki-srf06-cc26xx.a(rpl-dag.o)
                0x00009cb4                rpl_parent_is_fresh
 .text.rpl_parent_is_reachable
                0x00009cc4       0x4c contiki-srf06-cc26xx.a(rpl-dag.o)
                0x00009cc4                rpl_parent_is_reachable
 .text.rpl_repair_root
                0x00009d10       0x54 contiki-srf06-cc26xx.a(rpl-dag.o)
                0x00009d10                rpl_repair_root
 .text.rpl_set_prefix
                0x00009d64       0x9c contiki-srf06-cc26xx.a(rpl-dag.o)
                0x00009d64                rpl_set_prefix
 .text.rpl_set_default_route
                0x00009e00       0x30 contiki-srf06-cc26xx.a(rpl-dag.o)
                0x00009e00                rpl_set_default_route
 .text.rpl_alloc_instance
                0x00009e30       0x34 contiki-srf06-cc26xx.a(rpl-dag.o)
                0x00009e30                rpl_alloc_instance
 .text.rpl_alloc_dag
                0x00009e64       0x5c contiki-srf06-cc26xx.a(rpl-dag.o)
                0x00009e64                rpl_alloc_dag
 .text.rpl_add_parent
                0x00009ec0       0x30 contiki-srf06-cc26xx.a(rpl-dag.o)
                0x00009ec0                rpl_add_parent
 .text.rpl_join_instance.part.6
                0x00009ef0      0x150 contiki-srf06-cc26xx.a(rpl-dag.o)
 .text.rpl_find_parent
                0x0000a040       0x18 contiki-srf06-cc26xx.a(rpl-dag.o)
                0x0000a040                rpl_find_parent
 .text.rpl_find_parent_any_dag
                0x0000a058       0x20 contiki-srf06-cc26xx.a(rpl-dag.o)
                0x0000a058                rpl_find_parent_any_dag
 .text.rpl_select_parent
                0x0000a078       0x58 contiki-srf06-cc26xx.a(rpl-dag.o)
                0x0000a078                rpl_select_parent
 .text.rpl_select_dag
                0x0000a0d0      0x170 contiki-srf06-cc26xx.a(rpl-dag.o)
                0x0000a0d0                rpl_select_dag
 .text.rpl_nullify_parent
                0x0000a240       0x58 contiki-srf06-cc26xx.a(rpl-dag.o)
                0x0000a240                rpl_nullify_parent
 .text.nbr_callback
                0x0000a298       0x1c contiki-srf06-cc26xx.a(rpl-dag.o)
 .text.remove_parents.constprop.9
                0x0000a2b4       0x48 contiki-srf06-cc26xx.a(rpl-dag.o)
 .text.rpl_free_dag
                0x0000a2fc       0x48 contiki-srf06-cc26xx.a(rpl-dag.o)
                0x0000a2fc                rpl_free_dag
 .text.rpl_move_parent
                0x0000a344       0x58 contiki-srf06-cc26xx.a(rpl-dag.o)
                0x0000a344                rpl_move_parent
 .text.rpl_get_dag
                0x0000a39c       0x58 contiki-srf06-cc26xx.a(rpl-dag.o)
                0x0000a39c                rpl_get_dag
 .text.rpl_get_any_dag
                0x0000a3f4       0x18 contiki-srf06-cc26xx.a(rpl-dag.o)
                0x0000a3f4                rpl_get_any_dag
 .text.rpl_get_instance
                0x0000a40c       0x1c contiki-srf06-cc26xx.a(rpl-dag.o)
                0x0000a40c                rpl_get_instance
 .text.rpl_local_repair
                0x0000a428       0x80 contiki-srf06-cc26xx.a(rpl-dag.o)
                0x0000a428                rpl_local_repair
 .text.rpl_process_parent_event
                0x0000a4a8       0xa0 contiki-srf06-cc26xx.a(rpl-dag.o)
                0x0000a4a8                rpl_process_parent_event
 .text.rpl_add_dag
                0x0000a548      0x14c contiki-srf06-cc26xx.a(rpl-dag.o)
                0x0000a548                rpl_add_dag
 .text.rpl_recalculate_ranks
                0x0000a694       0x50 contiki-srf06-cc26xx.a(rpl-dag.o)
                0x0000a694                rpl_recalculate_ranks
 .text.rpl_process_dio
                0x0000a6e4      0x314 contiki-srf06-cc26xx.a(rpl-dag.o)
                0x0000a6e4                rpl_process_dio
 .text.NOROM_OSCClockSourceSet
                0x0000a9f8       0x5c contiki-srf06-cc26xx.a(osc.o)
                0x0000a9f8                NOROM_OSCClockSourceSet
 .text.NOROM_OSCClockSourceGet
                0x0000aa54       0x2c contiki-srf06-cc26xx.a(osc.o)
                0x0000aa54                NOROM_OSCClockSourceGet
 .text.NOROM_AONRTCCurrentCompareValueGet
                0x0000aa80       0x24 contiki-srf06-cc26xx.a(aon_rtc.o)
                0x0000aa80                NOROM_AONRTCCurrentCompareValueGet
 .text.NOROM_AONBatMonTemperatureGetDegC
                0x0000aaa4       0x30 contiki-srf06-cc26xx.a(aon_batmon.o)
                0x0000aaa4                NOROM_AONBatMonTemperatureGetDegC
 .text.NOROM_CPUcpsid
                0x0000aad4        0x8 contiki-srf06-cc26xx.a(cpu.o)
                0x0000aad4                NOROM_CPUcpsid
 .text.NOROM_CPUcpsie
                0x0000aadc        0x8 contiki-srf06-cc26xx.a(cpu.o)
                0x0000aadc                NOROM_CPUcpsie
 .text.NOROM_CPUdelay
                0x0000aae4        0x8 contiki-srf06-cc26xx.a(cpu.o)
                0x0000aae4                NOROM_CPUdelay
 .text.NOROM_ChipInfo_GetSupportedProtocol_BV
                0x0000aaec       0x10 contiki-srf06-cc26xx.a(chipinfo.o)
                0x0000aaec                NOROM_ChipInfo_GetSupportedProtocol_BV
 .text.NOROM_ChipInfo_GetChipFamily
                0x0000aafc       0x4c contiki-srf06-cc26xx.a(chipinfo.o)
                0x0000aafc                NOROM_ChipInfo_GetChipFamily
 .text.NOROM_ChipInfo_GetChipType
                0x0000ab48       0x30 contiki-srf06-cc26xx.a(chipinfo.o)
                0x0000ab48                NOROM_ChipInfo_GetChipType
 .text.NOROM_ChipInfo_GetHwRevision
                0x0000ab78       0x6c contiki-srf06-cc26xx.a(chipinfo.o)
                0x0000ab78                NOROM_ChipInfo_GetHwRevision
 .text.NOROM_ThisCodeIsBuiltForCC13xxHwRev20AndLater_HaltIfViolated
                0x0000abe4       0x18 contiki-srf06-cc26xx.a(chipinfo.o)
                0x0000abe4                NOROM_ThisCodeIsBuiltForCC13xxHwRev20AndLater_HaltIfViolated
 .text.NOROM_SysCtrlSetRechargeBeforePowerDown
                0x0000abfc      0x274 contiki-srf06-cc26xx.a(sys_ctrl.o)
                0x0000abfc                NOROM_SysCtrlSetRechargeBeforePowerDown
 .text.NOROM_SysCtrlAdjustRechargeAfterPowerDown
                0x0000ae70       0x64 contiki-srf06-cc26xx.a(sys_ctrl.o)
                0x0000ae70                NOROM_SysCtrlAdjustRechargeAfterPowerDown
 .text.NOROM_SysCtrl_DCDC_VoltageConditionalControl
                0x0000aed4       0x7c contiki-srf06-cc26xx.a(sys_ctrl.o)
                0x0000aed4                NOROM_SysCtrl_DCDC_VoltageConditionalControl
 .text.NOROM_RFCRTrim
                0x0000af50      0x134 contiki-srf06-cc26xx.a(rfc.o)
                0x0000af50                NOROM_RFCRTrim
 .text.NOROM_RFCAdi3VcoLdoVoltageMode
                0x0000b084       0x20 contiki-srf06-cc26xx.a(rfc.o)
                0x0000b084                NOROM_RFCAdi3VcoLdoVoltageMode
 .text.SafeHapiVoid
                0x0000b0a4       0x28 contiki-srf06-cc26xx.a(adi.o)
                0x0000b0a4                SafeHapiVoid
 .text.NOROM_TRNGConfigure
                0x0000b0cc       0x38 contiki-srf06-cc26xx.a(trng.o)
                0x0000b0cc                NOROM_TRNGConfigure
 .text.NOROM_PowerCtrlSourceSet
                0x0000b104       0x30 contiki-srf06-cc26xx.a(pwr_ctrl.o)
                0x0000b104                NOROM_PowerCtrlSourceSet
 .text.TrimAfterColdResetWakeupFromShutDown
                0x0000b134       0xd8 contiki-srf06-cc26xx.a(setup.o)
 .text.NOROM_SetupTrimDevice
                0x0000b20c       0xa0 contiki-srf06-cc26xx.a(setup.o)
                0x0000b20c                NOROM_SetupTrimDevice
 .text.periodic
                0x0000b2ac       0x30 contiki-srf06-cc26xx.a(link-stats.o)
 .text.link_stats_from_lladdr
                0x0000b2dc        0xc contiki-srf06-cc26xx.a(link-stats.o)
                0x0000b2dc                link_stats_from_lladdr
 .text.link_stats_is_fresh
                0x0000b2e8       0x28 contiki-srf06-cc26xx.a(link-stats.o)
                0x0000b2e8                link_stats_is_fresh
 .text.link_stats_packet_sent
                0x0000b310       0xcc contiki-srf06-cc26xx.a(link-stats.o)
                0x0000b310                link_stats_packet_sent
 .text.link_stats_input_callback
                0x0000b3dc       0x5c contiki-srf06-cc26xx.a(link-stats.o)
                0x0000b3dc                link_stats_input_callback
 .text.link_stats_init
                0x0000b438       0x28 contiki-srf06-cc26xx.a(link-stats.o)
                0x0000b438                link_stats_init
 .text.linkaddr_copy
                0x0000b460        0xc contiki-srf06-cc26xx.a(linkaddr.o)
                0x0000b460                linkaddr_copy
 .text.linkaddr_cmp
                0x0000b46c       0x10 contiki-srf06-cc26xx.a(linkaddr.o)
                0x0000b46c                linkaddr_cmp
 .text.netstack_init
                0x0000b47c       0x38 contiki-srf06-cc26xx.a(netstack.o)
                0x0000b47c                netstack_init
 .text.packetbuf_copyto
                0x0000b4b4       0x50 contiki-srf06-cc26xx.a(packetbuf.o)
                0x0000b4b4                packetbuf_copyto
 .text.packetbuf_hdralloc
                0x0000b504       0x60 contiki-srf06-cc26xx.a(packetbuf.o)
                0x0000b504                packetbuf_hdralloc
 .text.packetbuf_hdrreduce
                0x0000b564       0x2c contiki-srf06-cc26xx.a(packetbuf.o)
                0x0000b564                packetbuf_hdrreduce
 .text.packetbuf_set_datalen
                0x0000b590        0xc contiki-srf06-cc26xx.a(packetbuf.o)
                0x0000b590                packetbuf_set_datalen
 .text.packetbuf_dataptr
                0x0000b59c       0x20 contiki-srf06-cc26xx.a(packetbuf.o)
                0x0000b59c                packetbuf_dataptr
 .text.packetbuf_hdrptr
                0x0000b5bc        0x8 contiki-srf06-cc26xx.a(packetbuf.o)
                0x0000b5bc                packetbuf_hdrptr
 .text.packetbuf_datalen
                0x0000b5c4        0xc contiki-srf06-cc26xx.a(packetbuf.o)
                0x0000b5c4                packetbuf_datalen
 .text.packetbuf_totlen
                0x0000b5d0       0x24 contiki-srf06-cc26xx.a(packetbuf.o)
                0x0000b5d0                packetbuf_totlen
 .text.packetbuf_attr_clear
                0x0000b5f4       0x34 contiki-srf06-cc26xx.a(packetbuf.o)
                0x0000b5f4                packetbuf_attr_clear
 .text.packetbuf_clear
                0x0000b628       0x20 contiki-srf06-cc26xx.a(packetbuf.o)
                0x0000b628                packetbuf_clear
 .text.packetbuf_copyfrom
                0x0000b648       0x40 contiki-srf06-cc26xx.a(packetbuf.o)
                0x0000b648                packetbuf_copyfrom
 .text.packetbuf_attr_copyto
                0x0000b688       0x44 contiki-srf06-cc26xx.a(packetbuf.o)
                0x0000b688                packetbuf_attr_copyto
 .text.packetbuf_attr_copyfrom
                0x0000b6cc       0x44 contiki-srf06-cc26xx.a(packetbuf.o)
                0x0000b6cc                packetbuf_attr_copyfrom
 .text.packetbuf_set_attr
                0x0000b710       0x10 contiki-srf06-cc26xx.a(packetbuf.o)
                0x0000b710                packetbuf_set_attr
 .text.packetbuf_attr
                0x0000b720        0xc contiki-srf06-cc26xx.a(packetbuf.o)
                0x0000b720                packetbuf_attr
 .text.packetbuf_set_addr
                0x0000b72c       0x18 contiki-srf06-cc26xx.a(packetbuf.o)
                0x0000b72c                packetbuf_set_addr
 .text.packetbuf_addr
                0x0000b744       0x10 contiki-srf06-cc26xx.a(packetbuf.o)
                0x0000b744                packetbuf_addr
 .text.packetbuf_holds_broadcast
                0x0000b754       0x10 contiki-srf06-cc26xx.a(packetbuf.o)
                0x0000b754                packetbuf_holds_broadcast
 .text.index_from_lladdr
                0x0000b764       0x50 contiki-srf06-cc26xx.a(nbr-table.o)
 .text.remove_key
                0x0000b7b4       0x90 contiki-srf06-cc26xx.a(nbr-table.o)
 .text.nbr_table_register
                0x0000b844       0x2c contiki-srf06-cc26xx.a(nbr-table.o)
                0x0000b844                nbr_table_register
 .text.nbr_table_next
                0x0000b870       0x70 contiki-srf06-cc26xx.a(nbr-table.o)
                0x0000b870                nbr_table_next
 .text.nbr_table_head
                0x0000b8e0       0x58 contiki-srf06-cc26xx.a(nbr-table.o)
                0x0000b8e0                nbr_table_head
 .text.nbr_table_add_lladdr
                0x0000b938      0x150 contiki-srf06-cc26xx.a(nbr-table.o)
                0x0000b938                nbr_table_add_lladdr
 .text.nbr_table_get_from_lladdr
                0x0000ba88       0x38 contiki-srf06-cc26xx.a(nbr-table.o)
                0x0000ba88                nbr_table_get_from_lladdr
 .text.nbr_table_remove
                0x0000bac0       0x5c contiki-srf06-cc26xx.a(nbr-table.o)
                0x0000bac0                nbr_table_remove
 .text.nbr_table_lock
                0x0000bb1c       0x34 contiki-srf06-cc26xx.a(nbr-table.o)
                0x0000bb1c                nbr_table_lock
 .text.nbr_table_unlock
                0x0000bb50       0x38 contiki-srf06-cc26xx.a(nbr-table.o)
                0x0000bb50                nbr_table_unlock
 .text.nbr_table_get_lladdr
                0x0000bb88       0x30 contiki-srf06-cc26xx.a(nbr-table.o)
                0x0000bb88                nbr_table_get_lladdr
 .text.nbr_table_update_lladdr
                0x0000bbb8       0x58 contiki-srf06-cc26xx.a(nbr-table.o)
                0x0000bbb8                nbr_table_update_lladdr
 .text.queuebuf_init
                0x0000bc10       0x1c contiki-srf06-cc26xx.a(queuebuf.o)
                0x0000bc10                queuebuf_init
 .text.queuebuf_numfree
                0x0000bc2c        0xc contiki-srf06-cc26xx.a(queuebuf.o)
                0x0000bc2c                queuebuf_numfree
 .text.queuebuf_new_from_packetbuf
                0x0000bc38       0x44 contiki-srf06-cc26xx.a(queuebuf.o)
                0x0000bc38                queuebuf_new_from_packetbuf
 .text.queuebuf_update_attr_from_packetbuf
                0x0000bc7c        0xc contiki-srf06-cc26xx.a(queuebuf.o)
                0x0000bc7c                queuebuf_update_attr_from_packetbuf
 .text.queuebuf_update_from_packetbuf
                0x0000bc88       0x1c contiki-srf06-cc26xx.a(queuebuf.o)
                0x0000bc88                queuebuf_update_from_packetbuf
 .text.queuebuf_free
                0x0000bca4       0x2c contiki-srf06-cc26xx.a(queuebuf.o)
                0x0000bca4                queuebuf_free
 .text.queuebuf_to_packetbuf
                0x0000bcd0       0x30 contiki-srf06-cc26xx.a(queuebuf.o)
                0x0000bcd0                queuebuf_to_packetbuf
 .text.queuebuf_attr
                0x0000bd00        0xc contiki-srf06-cc26xx.a(queuebuf.o)
                0x0000bd00                queuebuf_attr
 .text.input_packet
                0x0000bd0c        0xc contiki-srf06-cc26xx.a(csma.o)
 .text.on       0x0000bd18        0xc contiki-srf06-cc26xx.a(csma.o)
 .text.off      0x0000bd24        0xc contiki-srf06-cc26xx.a(csma.o)
 .text.channel_check_interval
                0x0000bd30       0x10 contiki-srf06-cc26xx.a(csma.o)
 .text.schedule_transmission
                0x0000bd40       0x4c contiki-srf06-cc26xx.a(csma.o)
 .text.send_packet
                0x0000bd8c      0x150 contiki-srf06-cc26xx.a(csma.o)
 .text.init     0x0000bedc       0x24 contiki-srf06-cc26xx.a(csma.o)
 .text.transmit_packet_list
                0x0000bf00       0x34 contiki-srf06-cc26xx.a(csma.o)
 .text.tx_done  0x0000bf34       0x8c contiki-srf06-cc26xx.a(csma.o)
 .text.packet_sent
                0x0000bfc0       0xe4 contiki-srf06-cc26xx.a(csma.o)
 .text.parse    0x0000c0a4       0xa0 contiki-srf06-cc26xx.a(framer-802154.o)
 .text.create_frame.isra.0
                0x0000c144      0x144 contiki-srf06-cc26xx.a(framer-802154.o)
 .text.create   0x0000c288        0x8 contiki-srf06-cc26xx.a(framer-802154.o)
 .text.hdr_length
                0x0000c290        0x8 contiki-srf06-cc26xx.a(framer-802154.o)
 .text.duty_cycle
                0x0000c298        0x4 contiki-srf06-cc26xx.a(contikimac.o)
 .text.init     0x0000c29c       0x40 contiki-srf06-cc26xx.a(contikimac.o)
 .text.on.part.0
                0x0000c2dc       0x14 contiki-srf06-cc26xx.a(contikimac.o)
 .text.off      0x0000c2f0       0x38 contiki-srf06-cc26xx.a(contikimac.o)
 .text.recv_burst_off
                0x0000c328       0x14 contiki-srf06-cc26xx.a(contikimac.o)
 .text.input_packet
                0x0000c33c      0x14c contiki-srf06-cc26xx.a(contikimac.o)
 .text.powercycle_turn_radio_off.part.2
                0x0000c488       0x10 contiki-srf06-cc26xx.a(contikimac.o)
 .text.turn_off
                0x0000c498       0x48 contiki-srf06-cc26xx.a(contikimac.o)
 .text.turn_on  0x0000c4e0       0x44 contiki-srf06-cc26xx.a(contikimac.o)
 .text.schedule_powercycle_fixed.part.5
                0x0000c524       0x30 contiki-srf06-cc26xx.a(contikimac.o)
 .text.send_packet.isra.7
                0x0000c554      0x258 contiki-srf06-cc26xx.a(contikimac.o)
 .text.qsend_packet
                0x0000c7ac       0x24 contiki-srf06-cc26xx.a(contikimac.o)
 .text.qsend_list
                0x0000c7d0       0xf4 contiki-srf06-cc26xx.a(contikimac.o)
 .text.powercycle_wrapper
                0x0000c8c4      0x278 contiki-srf06-cc26xx.a(contikimac.o)
 .text.init     0x0000cb3c        0x4 contiki-srf06-cc26xx.a(nullsec.o)
 .text.input    0x0000cb40        0xc contiki-srf06-cc26xx.a(nullsec.o)
 .text.send     0x0000cb4c       0x20 contiki-srf06-cc26xx.a(nullsec.o)
 .text.aux_ctrl_power_up
                0x0000cb6c       0x28 contiki-srf06-cc26xx.a(aux-ctrl.o)
                0x0000cb6c                aux_ctrl_power_up
 .text.aux_ctrl_register_consumer
                0x0000cb94       0x40 contiki-srf06-cc26xx.a(aux-ctrl.o)
                0x0000cb94                aux_ctrl_register_consumer
 .text.aux_ctrl_power_down
                0x0000cbd4       0x6c contiki-srf06-cc26xx.a(aux-ctrl.o)
                0x0000cbd4                aux_ctrl_power_down
 .text.aux_ctrl_unregister_consumer
                0x0000cc40       0x28 contiki-srf06-cc26xx.a(aux-ctrl.o)
                0x0000cc40                aux_ctrl_unregister_consumer
 .text.stimer_set
                0x0000cc68       0x10 contiki-srf06-cc26xx.a(stimer.o)
                0x0000cc68                stimer_set
 .text.stimer_expired
                0x0000cc78       0x20 contiki-srf06-cc26xx.a(stimer.o)
                0x0000cc78                stimer_expired
 .text.memb_init
                0x0000cc98       0x24 contiki-srf06-cc26xx.a(memb.o)
                0x0000cc98                memb_init
 .text.memb_alloc
                0x0000ccbc       0x3c contiki-srf06-cc26xx.a(memb.o)
                0x0000ccbc                memb_alloc
 .text.memb_free
                0x0000ccf8       0x3c contiki-srf06-cc26xx.a(memb.o)
                0x0000ccf8                memb_free
 .text.memb_inmemb
                0x0000cd34       0x1c contiki-srf06-cc26xx.a(memb.o)
                0x0000cd34                memb_inmemb
 .text.memb_numfree
                0x0000cd50       0x20 contiki-srf06-cc26xx.a(memb.o)
                0x0000cd50                memb_numfree
 .text.na_input
                0x0000cd70      0x1ac contiki-srf06-cc26xx.a(uip-nd6.o)
 .text.ns_input
                0x0000cf1c      0x278 contiki-srf06-cc26xx.a(uip-nd6.o)
 .text.uip_nd6_ns_output
                0x0000d194      0x13c contiki-srf06-cc26xx.a(uip-nd6.o)
                0x0000d194                uip_nd6_ns_output
 .text.uip_nd6_init
                0x0000d2d0       0x1c contiki-srf06-cc26xx.a(uip-nd6.o)
                0x0000d2d0                uip_nd6_init
 .text.uip_nameserver_get
                0x0000d2ec       0x10 contiki-srf06-cc26xx.a(uip-nameserver.)
                0x0000d2ec                uip_nameserver_get
 .text.dao_ack_input
                0x0000d2fc       0x14 contiki-srf06-cc26xx.a(rpl-icmp6.o)
 .text.dao_output_target_seq
                0x0000d310      0x118 contiki-srf06-cc26xx.a(rpl-icmp6.o)
 .text.dio_input
                0x0000d428      0x29c contiki-srf06-cc26xx.a(rpl-icmp6.o)
 .text.rpl_icmp6_update_nbr_table
                0x0000d6c4       0x38 contiki-srf06-cc26xx.a(rpl-icmp6.o)
                0x0000d6c4                rpl_icmp6_update_nbr_table
 .text.dao_input
                0x0000d6fc      0x2d8 contiki-srf06-cc26xx.a(rpl-icmp6.o)
 .text.dis_output
                0x0000d9d4       0x40 contiki-srf06-cc26xx.a(rpl-icmp6.o)
                0x0000d9d4                dis_output
 .text.dio_output
                0x0000da14      0x29c contiki-srf06-cc26xx.a(rpl-icmp6.o)
                0x0000da14                dio_output
 .text.dis_input
                0x0000dcb0       0x54 contiki-srf06-cc26xx.a(rpl-icmp6.o)
 .text.dao_output
                0x0000dd04       0x88 contiki-srf06-cc26xx.a(rpl-icmp6.o)
                0x0000dd04                dao_output
 .text.dao_output_target
                0x0000dd8c        0xc contiki-srf06-cc26xx.a(rpl-icmp6.o)
                0x0000dd8c                dao_output_target
 .text.rpl_icmp6_register_handlers
                0x0000dd98       0x30 contiki-srf06-cc26xx.a(rpl-icmp6.o)
                0x0000dd98                rpl_icmp6_register_handlers
 .text.reset    0x0000ddc8        0x4 contiki-srf06-cc26xx.a(rpl-mrhof.o)
 .text.update_metric_container
                0x0000ddcc        0x8 contiki-srf06-cc26xx.a(rpl-mrhof.o)
 .text.parent_link_metric
                0x0000ddd4       0x14 contiki-srf06-cc26xx.a(rpl-mrhof.o)
 .text.parent_has_usable_link
                0x0000dde8       0x18 contiki-srf06-cc26xx.a(rpl-mrhof.o)
 .text.best_dag
                0x0000de00       0x30 contiki-srf06-cc26xx.a(rpl-mrhof.o)
 .text.parent_path_cost
                0x0000de30       0x4c contiki-srf06-cc26xx.a(rpl-mrhof.o)
 .text.rank_via_parent
                0x0000de7c       0x3c contiki-srf06-cc26xx.a(rpl-mrhof.o)
 .text.parent_is_acceptable
                0x0000deb8       0x34 contiki-srf06-cc26xx.a(rpl-mrhof.o)
 .text.best_parent
                0x0000deec       0x68 contiki-srf06-cc26xx.a(rpl-mrhof.o)
 .text.update_nbr
                0x0000df54      0x10c contiki-srf06-cc26xx.a(rpl-nbr-policy.)
 .text.handle_periodic_timer
                0x0000e060       0x14 contiki-srf06-cc26xx.a(rpl-nbr-policy.)
 .text.find_removable_dio
                0x0000e074       0x3c contiki-srf06-cc26xx.a(rpl-nbr-policy.)
                0x0000e074                find_removable_dio
 .text.rpl_nbr_policy_find_removable
                0x0000e0b0       0x60 contiki-srf06-cc26xx.a(rpl-nbr-policy.)
                0x0000e0b0                rpl_nbr_policy_find_removable
 .text.NOROM_SetupGetTrimForXoscHfCtl.part.4
                0x0000e110       0x20 contiki-srf06-cc26xx.a(setup_rom.o)
 .text.NOROM_SetupGetTrimForRadcExtCfg.part.5
                0x0000e130       0x1c contiki-srf06-cc26xx.a(setup_rom.o)
 .text.NOROM_SetupSetVddrLevel
                0x0000e14c       0x90 contiki-srf06-cc26xx.a(setup_rom.o)
                0x0000e14c                NOROM_SetupSetVddrLevel
 .text.NOROM_SetupAfterColdResetWakeupFromShutDownCfg1
                0x0000e1dc       0xb4 contiki-srf06-cc26xx.a(setup_rom.o)
                0x0000e1dc                NOROM_SetupAfterColdResetWakeupFromShutDownCfg1
 .text.NOROM_SetupAfterColdResetWakeupFromShutDownCfg3
                0x0000e290      0x1a0 contiki-srf06-cc26xx.a(setup_rom.o)
                0x0000e290                NOROM_SetupAfterColdResetWakeupFromShutDownCfg3
 .text.NOROM_SetupGetTrimForAnabypassValue1
                0x0000e430       0x64 contiki-srf06-cc26xx.a(setup_rom.o)
                0x0000e430                NOROM_SetupGetTrimForAnabypassValue1
 .text.NOROM_SetupGetTrimForAmpcompCtrl
                0x0000e494       0x58 contiki-srf06-cc26xx.a(setup_rom.o)
                0x0000e494                NOROM_SetupGetTrimForAmpcompCtrl
 .text.NOROM_SetupAfterColdResetWakeupFromShutDownCfg2
                0x0000e4ec      0x198 contiki-srf06-cc26xx.a(setup_rom.o)
                0x0000e4ec                NOROM_SetupAfterColdResetWakeupFromShutDownCfg2
 .text.NOROM_SetupSetCacheModeAccordingToCcfgSetting
                0x0000e684       0x6c contiki-srf06-cc26xx.a(setup_rom.o)
                0x0000e684                NOROM_SetupSetCacheModeAccordingToCcfgSetting
 .text.NOROM_DDI32RegWrite
                0x0000e6f0       0x2c contiki-srf06-cc26xx.a(ddi.o)
                0x0000e6f0                NOROM_DDI32RegWrite
 .text.mac_call_sent_callback
                0x0000e71c       0x18 contiki-srf06-cc26xx.a(mac.o)
                0x0000e71c                mac_call_sent_callback
 .text.frame802154_get_pan_id
                0x0000e734        0xc contiki-srf06-cc26xx.a(frame802154.o)
                0x0000e734                frame802154_get_pan_id
 .text.frame802154_has_panid
                0x0000e740       0xd0 contiki-srf06-cc26xx.a(frame802154.o)
                0x0000e740                frame802154_has_panid
 .text.field_len
                0x0000e810       0x88 contiki-srf06-cc26xx.a(frame802154.o)
 .text.frame802154_is_broadcast_addr
                0x0000e898       0x20 contiki-srf06-cc26xx.a(frame802154.o)
                0x0000e898                frame802154_is_broadcast_addr
 .text.frame802154_hdrlen
                0x0000e8b8       0x34 contiki-srf06-cc26xx.a(frame802154.o)
                0x0000e8b8                frame802154_hdrlen
 .text.frame802154_create_fcf
                0x0000e8ec       0x64 contiki-srf06-cc26xx.a(frame802154.o)
                0x0000e8ec                frame802154_create_fcf
 .text.frame802154_create
                0x0000e950       0xa8 contiki-srf06-cc26xx.a(frame802154.o)
                0x0000e950                frame802154_create
 .text.frame802154_parse_fcf
                0x0000e9f8       0x44 contiki-srf06-cc26xx.a(frame802154.o)
                0x0000e9f8                frame802154_parse_fcf
 .text.frame802154_parse
                0x0000ea3c      0x13c contiki-srf06-cc26xx.a(frame802154.o)
                0x0000ea3c                frame802154_parse
 .text.mac_sequence_is_duplicate
                0x0000eb78       0x50 contiki-srf06-cc26xx.a(mac-sequence.o)
                0x0000eb78                mac_sequence_is_duplicate
 .text.mac_sequence_register_seqno
                0x0000ebc8       0x6c contiki-srf06-cc26xx.a(mac-sequence.o)
                0x0000ebc8                mac_sequence_register_seqno
 .text          0x0000ec34       0x30 c:/program files (x86)/gnu tools arm embedded/7 2017-q4-major/bin/../lib/gcc/arm-none-eabi/7.2.1/thumb/v7-m\libgcc.a(_aeabi_uldivmod.o)
                0x0000ec34                __aeabi_uldivmod
 .text          0x0000ec64      0x2d0 c:/program files (x86)/gnu tools arm embedded/7 2017-q4-major/bin/../lib/gcc/arm-none-eabi/7.2.1/thumb/v7-m\libgcc.a(_udivmoddi4.o)
                0x0000ec64                __udivmoddi4
 .text          0x0000ef34        0x4 c:/program files (x86)/gnu tools arm embedded/7 2017-q4-major/bin/../lib/gcc/arm-none-eabi/7.2.1/thumb/v7-m\libgcc.a(_dvmd_tls.o)
                0x0000ef34                __aeabi_idiv0
                0x0000ef34                __aeabi_ldiv0
 .text.__locale_ctype_ptr
                0x0000ef38       0x1c c:/program files (x86)/gnu tools arm embedded/7 2017-q4-major/bin/../lib/gcc/arm-none-eabi/7.2.1/../../../../arm-none-eabi/lib/thumb/v7-m\libc.a(lib_a-locale.o)
                0x0000ef38                __locale_ctype_ptr
 .text.__ascii_mbtowc
                0x0000ef54       0x2c c:/program files (x86)/gnu tools arm embedded/7 2017-q4-major/bin/../lib/gcc/arm-none-eabi/7.2.1/../../../../arm-none-eabi/lib/thumb/v7-m\libc.a(lib_a-mbtowc_r.o)
                0x0000ef54                __ascii_mbtowc
 .text.memcmp   0x0000ef80       0x64 c:/program files (x86)/gnu tools arm embedded/7 2017-q4-major/bin/../lib/gcc/arm-none-eabi/7.2.1/../../../../arm-none-eabi/lib/thumb/v7-m\libc.a(lib_a-memcmp.o)
                0x0000ef80                memcmp
 .text          0x0000efe4       0xec c:/program files (x86)/gnu tools arm embedded/7 2017-q4-major/bin/../lib/gcc/arm-none-eabi/7.2.1/../../../../arm-none-eabi/lib/thumb/v7-m\libc.a(lib_a-memcpy.o)
                0x0000efe4                memcpy
 .text.memmove  0x0000f0d0       0xc4 c:/program files (x86)/gnu tools arm embedded/7 2017-q4-major/bin/../lib/gcc/arm-none-eabi/7.2.1/../../../../arm-none-eabi/lib/thumb/v7-m\libc.a(lib_a-memmove.o)
                0x0000f0d0                memmove
 .text.memset   0x0000f194       0x94 c:/program files (x86)/gnu tools arm embedded/7 2017-q4-major/bin/../lib/gcc/arm-none-eabi/7.2.1/../../../../arm-none-eabi/lib/thumb/v7-m\libc.a(lib_a-memset.o)
                0x0000f194                memset
 .text.strcasecmp
                0x0000f228       0x44 c:/program files (x86)/gnu tools arm embedded/7 2017-q4-major/bin/../lib/gcc/arm-none-eabi/7.2.1/../../../../arm-none-eabi/lib/thumb/v7-m\libc.a(lib_a-strcasecmp.o)
                0x0000f228                strcasecmp
 .text          0x0000f26c      0x1bc c:/program files (x86)/gnu tools arm embedded/7 2017-q4-major/bin/../lib/gcc/arm-none-eabi/7.2.1/../../../../arm-none-eabi/lib/thumb/v7-m\libc.a(lib_a-strcmp.o)
                0x0000f26c                strcmp
 .text.strlen   0x0000f428       0x5c c:/program files (x86)/gnu tools arm embedded/7 2017-q4-major/bin/../lib/gcc/arm-none-eabi/7.2.1/../../../../arm-none-eabi/lib/thumb/v7-m\libc.a(lib_a-strlen-stub.o)
                0x0000f428                strlen
 .text.strncasecmp
                0x0000f484       0x5c c:/program files (x86)/gnu tools arm embedded/7 2017-q4-major/bin/../lib/gcc/arm-none-eabi/7.2.1/../../../../arm-none-eabi/lib/thumb/v7-m\libc.a(lib_a-strncasecmp.o)
                0x0000f484                strncasecmp
 .text.strncat  0x0000f4e0       0x5c c:/program files (x86)/gnu tools arm embedded/7 2017-q4-major/bin/../lib/gcc/arm-none-eabi/7.2.1/../../../../arm-none-eabi/lib/thumb/v7-m\libc.a(lib_a-strncat.o)
                0x0000f4e0                strncat
 .text.strncpy  0x0000f53c       0x64 c:/program files (x86)/gnu tools arm embedded/7 2017-q4-major/bin/../lib/gcc/arm-none-eabi/7.2.1/../../../../arm-none-eabi/lib/thumb/v7-m\libc.a(lib_a-strncpy.o)
                0x0000f53c                strncpy
 .text.__ascii_wctomb
                0x0000f5a0       0x18 c:/program files (x86)/gnu tools arm embedded/7 2017-q4-major/bin/../lib/gcc/arm-none-eabi/7.2.1/../../../../arm-none-eabi/lib/thumb/v7-m\libc.a(lib_a-wctomb_r.o)
                0x0000f5a0                __ascii_wctomb
 *(SORT_BY_ALIGNMENT(.rodata*))
 .rodata.autostart_processes
                0x0000f5b8        0xc udp-client.co
                0x0000f5b8                autostart_processes
 .rodata.detect.str1.4
                0x0000f5c4       0xe0 udp-client.co
 .rodata.process_thread_udp_client_process.str1.4
                0x0000f6a4      0x1d4 udp-client.co
 .rodata.stats.str1.4
                0x0000f878       0x51 udp-client.co
 *fill*         0x0000f8c9        0x3 00000000
 .rodata.str1.4
                0x0000f8cc       0x1f udp-client.co
 *fill*         0x0000f8eb        0x1 00000000
 .rodata.main.str1.4
                0x0000f8ec       0xe2 contiki-srf06-cc26xx.a(contiki-main.o)
 *fill*         0x0000f9ce        0x2 00000000
 .rodata.str1.4
                0x0000f9d0        0x8 contiki-srf06-cc26xx.a(sensors.o)
 .rodata        0x0000f9d8       0x44 contiki-srf06-cc26xx.a(board.o)
 .rodata.button_left_sensor
                0x0000fa1c       0x10 contiki-srf06-cc26xx.a(button-sensor.o)
                0x0000fa1c                button_left_sensor
 .rodata.button_right_sensor
                0x0000fa2c       0x10 contiki-srf06-cc26xx.a(button-sensor.o)
                0x0000fa2c                button_right_sensor
 .rodata.str1.4
                0x0000fa3c        0x7 contiki-srf06-cc26xx.a(button-sensor.o)
 *fill*         0x0000fa43        0x1 00000000
 .rodata        0x0000fa44        0x4 contiki-srf06-cc26xx.a(ext-flash.o)
 .rodata.mode_prop
                0x0000fa48        0x8 contiki-srf06-cc26xx.a(prop-mode.o)
 .rodata.patchGenfskRfe
                0x0000fa50      0x6b4 contiki-srf06-cc26xx.a(prop-mode.o)
 .rodata.patchImageGenfsk
                0x00010104      0x28c contiki-srf06-cc26xx.a(prop-mode.o)
 .rodata.prop_mode_driver
                0x00010390       0x38 contiki-srf06-cc26xx.a(prop-mode.o)
                0x00010390                prop_mode_driver
 .rodata.prop_mode_tx_power_779_930
                0x000103c8       0x88 contiki-srf06-cc26xx.a(prop-mode-tx-po)
                0x000103c8                prop_mode_tx_power_779_930
 .rodata.RFCCPE0IntHandler.str1.4
                0x00010450       0x2a contiki-srf06-cc26xx.a(rf-core.o)
 *fill*         0x0001047a        0x2 00000000
 .rodata.str1.4
                0x0001047c       0x1a contiki-srf06-cc26xx.a(rf-core.o)
 *fill*         0x00010496        0x2 00000000
 .rodata.str1.4
                0x00010498       0x1b contiki-srf06-cc26xx.a(soc-trng.o)
 *fill*         0x000104b3        0x1 00000000
 .rodata.buffer.4041
                0x000104b4       0x10 contiki-srf06-cc26xx.a(strformat.o)
 .rodata.buffer.4050
                0x000104c4       0x10 contiki-srf06-cc26xx.a(strformat.o)
 .rodata.format_str_v.str1.4
                0x000104d4       0x42 contiki-srf06-cc26xx.a(strformat.o)
                                 0x46 (size before relaxing)
 *fill*         0x00010516        0x2 00000000
 .rodata.str1.4
                0x00010518        0xc contiki-srf06-cc26xx.a(etimer.o)
 .rodata.str1.4
                0x00010524        0xf contiki-srf06-cc26xx.a(ctimer.o)
 *fill*         0x00010533        0x1 00000000
 .rodata.str1.4
                0x00010534        0xe contiki-srf06-cc26xx.a(serial-line.o)
 *fill*         0x00010542        0x2 00000000
 .rodata        0x00010544        0x2 contiki-srf06-cc26xx.a(sicslowpan.o)
 *fill*         0x00010546        0x2 00000000
 .rodata.llprefix
                0x00010548        0x2 contiki-srf06-cc26xx.a(sicslowpan.o)
                0x00010548                llprefix
 *fill*         0x0001054a        0x2 00000000
 .rodata.sicslowpan_driver
                0x0001054c        0xc contiki-srf06-cc26xx.a(sicslowpan.o)
                0x0001054c                sicslowpan_driver
 .rodata.str1.4
                0x00010558        0xb contiki-srf06-cc26xx.a(sicslowpan.o)
 *fill*         0x00010563        0x1 00000000
 .rodata.ttl_values
                0x00010564        0x4 contiki-srf06-cc26xx.a(sicslowpan.o)
 .rodata.unc_ctxconf
                0x00010568        0x4 contiki-srf06-cc26xx.a(sicslowpan.o)
                0x00010568                unc_ctxconf
 .rodata.unc_llconf
                0x0001056c        0x4 contiki-srf06-cc26xx.a(sicslowpan.o)
                0x0001056c                unc_llconf
 .rodata.unc_mxconf
                0x00010570        0x4 contiki-srf06-cc26xx.a(sicslowpan.o)
                0x00010570                unc_mxconf
 .rodata.uip_debug_ipaddr_print.str1.4
                0x00010574       0x2b contiki-srf06-cc26xx.a(uip-debug.o)
 *fill*         0x0001059f        0x1 00000000
 .rodata.nsec_record.6511
                0x000105a0       0x12 contiki-srf06-cc26xx.a(resolv.o)
 *fill*         0x000105b2        0x2 00000000
 .rodata.process_thread_resolv_process.str1.4
                0x000105b4        0x8 contiki-srf06-cc26xx.a(resolv.o)
 .rodata.resolv_found.str1.4
                0x000105bc        0x7 contiki-srf06-cc26xx.a(resolv.o)
 *fill*         0x000105c3        0x1 00000000
 .rodata.resolv_mdns_addr
                0x000105c4       0x10 contiki-srf06-cc26xx.a(resolv.o)
 .rodata.resolv_query.str1.4
                0x000105d4        0x6 contiki-srf06-cc26xx.a(resolv.o)
 *fill*         0x000105da        0x2 00000000
 .rodata.str1.4
                0x000105dc       0x19 contiki-srf06-cc26xx.a(resolv.o)
 *fill*         0x000105f5        0x3 00000000
 .rodata.str1.4
                0x000105f8        0xd contiki-srf06-cc26xx.a(tcpip.o)
 *fill*         0x00010605        0x3 00000000
 .rodata.linkaddr_null
                0x00010608        0x8 contiki-srf06-cc26xx.a(linkaddr.o)
                0x00010608                linkaddr_null
 .rodata.csma_driver
                0x00010610       0x1c contiki-srf06-cc26xx.a(csma.o)
                0x00010610                csma_driver
 .rodata.str1.4
                0x0001062c        0x5 contiki-srf06-cc26xx.a(csma.o)
 *fill*         0x00010631        0x3 00000000
 .rodata.framer_802154
                0x00010634        0xc contiki-srf06-cc26xx.a(framer-802154.o)
                0x00010634                framer_802154
 .rodata.contikimac_driver
                0x00010640       0x20 contiki-srf06-cc26xx.a(contikimac.o)
                0x00010640                contikimac_driver
 .rodata.str1.4
                0x00010660        0xb contiki-srf06-cc26xx.a(contikimac.o)
 *fill*         0x0001066b        0x1 00000000
 .rodata.nullsec_driver
                0x0001066c       0x10 contiki-srf06-cc26xx.a(nullsec.o)
                0x0001066c                nullsec_driver
 .rodata.str1.4
                0x0001067c        0x8 contiki-srf06-cc26xx.a(nullsec.o)
 .rodata._setlocale_r.str1.4
                0x00010684        0xa c:/program files (x86)/gnu tools arm embedded/7 2017-q4-major/bin/../lib/gcc/arm-none-eabi/7.2.1/../../../../arm-none-eabi/lib/thumb/v7-m\libc.a(lib_a-locale.o)
                                  0xd (size before relaxing)
 .rodata.str1.4
                0x0001068e        0xc c:/program files (x86)/gnu tools arm embedded/7 2017-q4-major/bin/../lib/gcc/arm-none-eabi/7.2.1/../../../../arm-none-eabi/lib/thumb/v7-m\libc.a(lib_a-locale.o)
                                  0x2 (size before relaxing)
 *fill*         0x0001068e        0x2 00000000
 .rodata._ctype_
                0x00010690      0x101 c:/program files (x86)/gnu tools arm embedded/7 2017-q4-major/bin/../lib/gcc/arm-none-eabi/7.2.1/../../../../arm-none-eabi/lib/thumb/v7-m\libc.a(lib_a-ctype_.o)
                0x00010690                _ctype_
                0x00010791                _etext = .

.glue_7         0x00010794        0x0
 .glue_7        0x00010794        0x0 linker stubs

.glue_7t        0x00010794        0x0
 .glue_7t       0x00010794        0x0 linker stubs

.vfp11_veneer   0x00010794        0x0
 .vfp11_veneer  0x00010794        0x0 linker stubs

.v4_bx          0x00010794        0x0
 .v4_bx         0x00010794        0x0 linker stubs

.iplt           0x00010794        0x0
 .iplt          0x00010794        0x0 obj_srf06-cc26xx/startup_gcc.o

.data           0x20000000      0x8e2 load address 0x00010791
                0x20000000                _data = .
 *(SORT_BY_ALIGNMENT(vtable))
 *(SORT_BY_ALIGNMENT(.data*))
 .data.impure_data
                0x20000000      0x428 c:/program files (x86)/gnu tools arm embedded/7 2017-q4-major/bin/../lib/gcc/arm-none-eabi/7.2.1/../../../../arm-none-eabi/lib/thumb/v7-m\libc.a(lib_a-impure.o)
 .data.controlTime
                0x20000428        0x4 udp-client.co
                0x20000428                controlTime
 .data.httpTime
                0x2000042c        0x4 udp-client.co
                0x2000042c                httpTime
 .data.motionTime
                0x20000430        0x4 udp-client.co
                0x20000430                motionTime
 .data.udp_client_process
                0x20000434       0x10 udp-client.co
                0x20000434                udp_client_process
 .data.sensors_process
                0x20000444       0x10 contiki-srf06-cc26xx.a(sensors.o)
                0x20000444                sensors_process
 .data.launchpad_module
                0x20000454       0x14 contiki-srf06-cc26xx.a(board.o)
 .data.sensors  0x20000468        0xc contiki-srf06-cc26xx.a(launchpad-senso)
                0x20000468                sensors
 .data.prop_lpm_module
                0x20000474       0x14 contiki-srf06-cc26xx.a(prop-mode.o)
 .data.tx_power_current
                0x20000488        0x4 contiki-srf06-cc26xx.a(prop-mode.o)
                0x20000488                tx_power_current
 .data.uart_module
                0x2000048c       0x14 contiki-srf06-cc26xx.a(cc26xx-uart.o)
 .data.rf_core_process
                0x200004a0       0x10 contiki-srf06-cc26xx.a(rf-core.o)
                0x200004a0                rf_core_process
 .data.rng_module
                0x200004b0       0x14 contiki-srf06-cc26xx.a(soc-trng.o)
 .data.soc_trng_process
                0x200004c4       0x10 contiki-srf06-cc26xx.a(soc-trng.o)
                0x200004c4                soc_trng_process
 .data.ctxt     0x200004d4        0x8 contiki-srf06-cc26xx.a(dbg-printf.o)
 .data.etimer_process
                0x200004dc       0x10 contiki-srf06-cc26xx.a(etimer.o)
                0x200004dc                etimer_process
 .data.ctimer_process
                0x200004ec       0x10 contiki-srf06-cc26xx.a(ctimer.o)
                0x200004ec                ctimer_process
 .data.serial_line_process
                0x200004fc       0x10 contiki-srf06-cc26xx.a(serial-line.o)
                0x200004fc                serial_line_process
 .data.ds6_neighbors
                0x2000050c        0x4 contiki-srf06-cc26xx.a(uip-ds6-nbr.o)
                0x2000050c                ds6_neighbors
 .data.ds6_neighbors_struct
                0x20000510       0x10 contiki-srf06-cc26xx.a(uip-ds6-nbr.o)
 .data.defaultroutermemb
                0x20000520        0xc contiki-srf06-cc26xx.a(uip-ds6-route.o)
 .data.nbr_routes
                0x2000052c        0x4 contiki-srf06-cc26xx.a(uip-ds6-route.o)
                0x2000052c                nbr_routes
 .data.nbr_routes_struct
                0x20000530       0x10 contiki-srf06-cc26xx.a(uip-ds6-route.o)
 .data.neighborroutememb
                0x20000540        0xc contiki-srf06-cc26xx.a(uip-ds6-route.o)
 .data.routememb
                0x2000054c        0xc contiki-srf06-cc26xx.a(uip-ds6-route.o)
 .data.echo_reply_handler
                0x20000558        0xc contiki-srf06-cc26xx.a(uip-icmp6.o)
 .data.echo_request_handler
                0x20000564        0xc contiki-srf06-cc26xx.a(uip-icmp6.o)
 .data.mdns_probe_process
                0x20000570       0x10 contiki-srf06-cc26xx.a(resolv.o)
                0x20000570                mdns_probe_process
 .data.resolv_process
                0x20000580       0x10 contiki-srf06-cc26xx.a(resolv.o)
                0x20000580                resolv_process
 .data.tcpip_process
                0x20000590       0x10 contiki-srf06-cc26xx.a(tcpip.o)
                0x20000590                tcpip_process
 .data.rpl_parents
                0x200005a0        0x4 contiki-srf06-cc26xx.a(rpl-dag.o)
                0x200005a0                rpl_parents
 .data.rpl_parents_struct
                0x200005a4       0x10 contiki-srf06-cc26xx.a(rpl-dag.o)
 .data.link_stats_struct
                0x200005b4       0x10 contiki-srf06-cc26xx.a(link-stats.o)
 .data.neighbor_addr_mem
                0x200005c4        0xc contiki-srf06-cc26xx.a(nbr-table.o)
 .data.bufmem   0x200005d0        0xc contiki-srf06-cc26xx.a(queuebuf.o)
 .data.buframmem
                0x200005dc        0xc contiki-srf06-cc26xx.a(queuebuf.o)
 .data.metadata_memb
                0x200005e8        0xc contiki-srf06-cc26xx.a(csma.o)
 .data.neighbor_memb
                0x200005f4        0xc contiki-srf06-cc26xx.a(csma.o)
 .data.packet_memb
                0x20000600        0xc contiki-srf06-cc26xx.a(csma.o)
 .data.overrides
                0x2000060c       0x60 contiki-srf06-cc26xx.a(smartrf-setting)
 .data.smartrf_settings_cmd_fs
                0x2000066c       0x18 contiki-srf06-cc26xx.a(smartrf-setting)
                0x2000066c                smartrf_settings_cmd_fs
 .data.smartrf_settings_cmd_prop_radio_div_setup
                0x20000684       0x28 contiki-srf06-cc26xx.a(smartrf-setting)
                0x20000684                smartrf_settings_cmd_prop_radio_div_setup
 .data.smartrf_settings_cmd_prop_rx_adv
                0x200006ac       0x30 contiki-srf06-cc26xx.a(smartrf-setting)
                0x200006ac                smartrf_settings_cmd_prop_rx_adv
 .data.smartrf_settings_cmd_prop_tx_adv
                0x200006dc       0x20 contiki-srf06-cc26xx.a(smartrf-setting)
                0x200006dc                smartrf_settings_cmd_prop_tx_adv
 .data.na_input_handler
                0x200006fc        0xc contiki-srf06-cc26xx.a(uip-nd6.o)
 .data.ns_input_handler
                0x20000708        0xc contiki-srf06-cc26xx.a(uip-nd6.o)
 .data.dao_ack_handler
                0x20000714        0xc contiki-srf06-cc26xx.a(rpl-icmp6.o)
 .data.dao_handler
                0x20000720        0xc contiki-srf06-cc26xx.a(rpl-icmp6.o)
 .data.dio_handler
                0x2000072c        0xc contiki-srf06-cc26xx.a(rpl-icmp6.o)
 .data.dis_handler
                0x20000738        0xc contiki-srf06-cc26xx.a(rpl-icmp6.o)
 .data.rpl_mrhof