Archive member included to satisfy reference by file (symbol)

contiki-srf06-cc26xx.a(contiki-main.o)
                              obj_srf06-cc26xx/startup_gcc.o (main)
contiki-srf06-cc26xx.a(sensors.o)
                              contiki-srf06-cc26xx.a(contiki-main.o) (sensors_process)
contiki-srf06-cc26xx.a(leds.o)
                              contiki-srf06-cc26xx.a(contiki-main.o) (leds_init)
contiki-srf06-cc26xx.a(board.o)
                              contiki-srf06-cc26xx.a(contiki-main.o) (board_init)
contiki-srf06-cc26xx.a(launchpad-senso)
                              contiki-srf06-cc26xx.a(sensors.o) (sensors_flags)
contiki-srf06-cc26xx.a(leds-arch.o)
                              contiki-srf06-cc26xx.a(leds.o) (leds_arch_init)
contiki-srf06-cc26xx.a(button-sensor.o)
                              contiki-srf06-cc26xx.a(launchpad-senso) (button_right_sensor)
contiki-srf06-cc26xx.a(ext-flash.o)
                              contiki-srf06-cc26xx.a(board.o) (ext_flash_init)
contiki-srf06-cc26xx.a(board-spi.o)
                              contiki-srf06-cc26xx.a(ext-flash.o) (board_spi_write)
contiki-srf06-cc26xx.a(prop-mode.o)
                              contiki-srf06-cc26xx.a(contiki-main.o) (prop_mode_driver)
contiki-srf06-cc26xx.a(prop-mode-tx-po)
                              contiki-srf06-cc26xx.a(prop-mode.o) (prop_mode_tx_power_779_930)
contiki-srf06-cc26xx.a(clock.o)
                              contiki-srf06-cc26xx.a(contiki-main.o) (clock_init)
contiki-srf06-cc26xx.a(rtimer-arch.o)
                              contiki-srf06-cc26xx.a(prop-mode.o) (rtimer_arch_now)
contiki-srf06-cc26xx.a(soc-rtc.o)
                              contiki-srf06-cc26xx.a(contiki-main.o) (soc_rtc_init)
contiki-srf06-cc26xx.a(contiki-watchdo)
                              contiki-srf06-cc26xx.a(contiki-main.o) (watchdog_init)
contiki-srf06-cc26xx.a(putchar.o)
                              udp-client.co (putchar)
contiki-srf06-cc26xx.a(ieee-addr.o)
                              contiki-srf06-cc26xx.a(contiki-main.o) (ieee_addr_cpy_to)
contiki-srf06-cc26xx.a(cc26xx-uart.o)
                              contiki-srf06-cc26xx.a(contiki-main.o) (cc26xx_uart_init)
contiki-srf06-cc26xx.a(lpm.o)
                              contiki-srf06-cc26xx.a(button-sensor.o) (lpm_shutdown)
contiki-srf06-cc26xx.a(gpio-interrupt.)
                              contiki-srf06-cc26xx.a(button-sensor.o) (gpio_interrupt_register_handler)
contiki-srf06-cc26xx.a(oscillators.o)
                              contiki-srf06-cc26xx.a(contiki-main.o) (oscillators_select_lf_xosc)
contiki-srf06-cc26xx.a(rf-core.o)
                              contiki-srf06-cc26xx.a(prop-mode.o) (rf_core_is_accessible)
contiki-srf06-cc26xx.a(rf-ble.o)
                              contiki-srf06-cc26xx.a(prop-mode.o) (rf_ble_is_active)
contiki-srf06-cc26xx.a(random.o)
                              contiki-srf06-cc26xx.a(contiki-main.o) (random_init)
contiki-srf06-cc26xx.a(soc-trng.o)
                              contiki-srf06-cc26xx.a(random.o) (soc_trng_rand_synchronous)
contiki-srf06-cc26xx.a(dbg-printf.o)
                              udp-client.co (printf)
contiki-srf06-cc26xx.a(dbg-sprintf.o)
                              udp-client.co (sprintf)
contiki-srf06-cc26xx.a(strformat.o)
                              contiki-srf06-cc26xx.a(dbg-printf.o) (format_str_v)
contiki-srf06-cc26xx.a(timer.o)
                              contiki-srf06-cc26xx.a(button-sensor.o) (timer_set)
contiki-srf06-cc26xx.a(rtimer.o)
                              contiki-srf06-cc26xx.a(contiki-main.o) (rtimer_init)
contiki-srf06-cc26xx.a(process.o)
                              contiki-srf06-cc26xx.a(sensors.o) (process_alloc_event)
contiki-srf06-cc26xx.a(etimer.o)
                              contiki-srf06-cc26xx.a(clock.o) (etimer_request_poll)
contiki-srf06-cc26xx.a(ctimer.o)
                              contiki-srf06-cc26xx.a(contiki-main.o) (ctimer_init)
contiki-srf06-cc26xx.a(energest.o)
                              contiki-srf06-cc26xx.a(contiki-main.o) (energest_init)
contiki-srf06-cc26xx.a(autostart.o)
                              contiki-srf06-cc26xx.a(contiki-main.o) (autostart_start)
contiki-srf06-cc26xx.a(serial-line.o)
                              contiki-srf06-cc26xx.a(contiki-main.o) (serial_line_init)
contiki-srf06-cc26xx.a(ringbuf.o)
                              contiki-srf06-cc26xx.a(serial-line.o) (ringbuf_init)
contiki-srf06-cc26xx.a(list.o)
                              contiki-srf06-cc26xx.a(lpm.o) (list_init)
contiki-srf06-cc26xx.a(sicslowpan.o)
                              contiki-srf06-cc26xx.a(contiki-main.o) (sicslowpan_driver)
contiki-srf06-cc26xx.a(uip-ds6-nbr.o)
                              contiki-srf06-cc26xx.a(sicslowpan.o) (uip_ds6_link_neighbor_callback)
contiki-srf06-cc26xx.a(uip6.o)
[...]
Memory Configuration

Name             Origin             Length             Attributes
FLASH            0x00000000         0x0001ffa8         xr
FLASH_CCFG       0x0001ffa8         0x00000058         xr
SRAM             0x20000000         0x00005000         xrw
GPRAM            0x11000000         0x00002000         xrw
*default*        0x00000000         0xffffffff

Linker script and memory map

LOAD obj_srf06-cc26xx/fault-handlers.o
LOAD obj_srf06-cc26xx/ccfg.o
LOAD obj_srf06-cc26xx/startup_gcc.o
LOAD udp-client.co
LOAD contiki-srf06-cc26xx.a
LOAD c:/program files (x86)/gnu tools arm embedded/7 2017-q4-major/bin/../lib/gcc/arm-none-eabi/7.2.1/../../../../arm-none-eabi/lib/thumb/v7-m\libm.a
START GROUP
LOAD c:/program files (x86)/gnu tools arm embedded/7 2017-q4-major/bin/../lib/gcc/arm-none-eabi/7.2.1/thumb/v7-m\libgcc.a
LOAD c:/program files (x86)/gnu tools arm embedded/7 2017-q4-major/bin/../lib/gcc/arm-none-eabi/7.2.1/../../../../arm-none-eabi/lib/thumb/v7-m\libc.a
END GROUP
                0x20005000                _estack = (ORIGIN (SRAM) + LENGTH (SRAM))
                0x00000000                _Min_Heap_Size = 0x0
                0x00000100                _Min_Stack_Size = 0x100

.text           0x00000000     0xffc9
                0x00000000                _text = .
 *(SORT_BY_ALIGNMENT(.vectors))
 .vectors       0x00000000       0xc8 obj_srf06-cc26xx/startup_gcc.o
                0x00000000                g_pfnVectors
 *(SORT_BY_ALIGNMENT(.text*))
 .text.FaultISR
                0x000000c8       0x18 obj_srf06-cc26xx/fault-handlers.o
                0x000000c8                FaultISR
 .text.NmiSRHandler
                0x000000e0        0x4 obj_srf06-cc26xx/startup_gcc.o
                0x000000e0                NmiSR
 .text.IntDefaultHandler
                0x000000e4        0x4 obj_srf06-cc26xx/startup_gcc.o
                0x000000e4                SSI0IntHandler
                0x000000e4                SWEvent0IntHandler
                0x000000e4                uDMAIntHandler
                0x000000e4                WatchdogIntHandler
                0x000000e4                RFCHardwareIntHandler
                0x000000e4                Timer1BIntHandler
                0x000000e4                I2SIntHandler
                0x000000e4                Timer2BIntHandler
                0x000000e4                Timer2AIntHandler
                0x000000e4                Timer1AIntHandler
                0x000000e4                AONIntHandler
                0x000000e4                AUXSWEvent0IntHandler
                0x000000e4                AUXADCIntHandler
                0x000000e4                PendSVIntHandler
                0x000000e4                AUXSWEvent1IntHandler
                0x000000e4                SVCallIntHandler
                0x000000e4                MPUFaultIntHandler
                0x000000e4                SysTickIntHandler
                0x000000e4                BusFaultIntHandler
                0x000000e4                AONProgIntHandler
                0x000000e4                AUXCompAIntHandler
                0x000000e4                SSI1IntHandler
                0x000000e4                FlashIntHandler
                0x000000e4                uDMAErrIntHandler
                0x000000e4                UsageFaultIntHandler
                0x000000e4                RFCCmdAckIntHandler
                0x000000e4                CryptoIntHandler
                0x000000e4                Timer0AIntHandler
                0x000000e4                I2CIntHandler
                0x000000e4                DebugMonIntHandler
                0x000000e4                Timer0BIntHandler
                0x000000e4                AUXCombEventIntHandler
                0x000000e4                Timer3AIntHandler
                0x000000e4                DynProgIntHandler
                0x000000e4                Timer3BIntHandler
 .text.ResetISR
                0x000000e8       0x58 obj_srf06-cc26xx/startup_gcc.o
                0x000000e8                ResetISR
 .text.process_thread_udp_client_process
                0x00000140      0x278 udp-client.co
 .text.fade     0x000003b8       0x64 contiki-srf06-cc26xx.a(contiki-main.o)
 .text.startup.main
                0x0000041c      0x24c contiki-srf06-cc26xx.a(contiki-main.o)
                0x0000041c                main
 .text.process_thread_sensors_process
                0x00000668       0xf0 contiki-srf06-cc26xx.a(sensors.o)
 .text.sensors_changed
                0x00000758       0x4c contiki-srf06-cc26xx.a(sensors.o)
                0x00000758                sensors_changed
 .text.leds_init
                0x000007a4       0x14 contiki-srf06-cc26xx.a(leds.o)
                0x000007a4                leds_init
 .text.leds_on  0x000007b8       0x14 contiki-srf06-cc26xx.a(leds.o)
                0x000007b8                leds_on
 .text.leds_off
                0x000007cc       0x14 contiki-srf06-cc26xx.a(leds.o)
                0x000007cc                leds_off
 .text.wakeup_handler
                0x000007e0       0x20 contiki-srf06-cc26xx.a(board.o)
 .text.board_init
                0x00000800       0x8c contiki-srf06-cc26xx.a(board.o)
                0x00000800                board_init
 .text.leds_arch_init
                0x0000088c       0x34 contiki-srf06-cc26xx.a(leds-arch.o)
                0x0000088c                leds_arch_init
 .text.leds_arch_set
                0x000008c0       0x2c contiki-srf06-cc26xx.a(leds-arch.o)
                0x000008c0                leds_arch_set
 .text.status_left
                0x000008ec       0x20 contiki-srf06-cc26xx.a(button-sensor.o)
 .text.status_right
                0x0000090c       0x20 contiki-srf06-cc26xx.a(button-sensor.o)
 .text.value_left
                0x0000092c       0x24 contiki-srf06-cc26xx.a(button-sensor.o)
 .text.value_right
                0x00000950       0x18 contiki-srf06-cc26xx.a(button-sensor.o)
 .text.config_buttons
                0x00000968       0x84 contiki-srf06-cc26xx.a(button-sensor.o)
 .text.config_left
                0x000009ec        0xc contiki-srf06-cc26xx.a(button-sensor.o)
 .text.config_right
                0x000009f8        0xc contiki-srf06-cc26xx.a(button-sensor.o)
 .text.button_press_handler
                0x00000a04       0x64 contiki-srf06-cc26xx.a(button-sensor.o)
 .text.verify_part
                0x00000a68       0x80 contiki-srf06-cc26xx.a(ext-flash.o)
 .text.wait_ready
                0x00000ae8       0x58 contiki-srf06-cc26xx.a(ext-flash.o)
 .text.power_down
                0x00000b40       0x50 contiki-srf06-cc26xx.a(ext-flash.o)
 .text.ext_flash_open
                0x00000b90       0x60 contiki-srf06-cc26xx.a(ext-flash.o)
                0x00000b90                ext_flash_open
 .text.ext_flash_init
                0x00000bf0       0x14 contiki-srf06-cc26xx.a(ext-flash.o)
                0x00000bf0                ext_flash_init
 .text.accessible
                0x00000c04       0x24 contiki-srf06-cc26xx.a(board-spi.o)
 .text.board_spi_write
                0x00000c28       0x40 contiki-srf06-cc26xx.a(board-spi.o)
                0x00000c28                board_spi_write
 .text.board_spi_read
                0x00000c68       0x4c contiki-srf06-cc26xx.a(board-spi.o)
                0x00000c68                board_spi_read
 .text.board_spi_flush
                0x00000cb4       0x24 contiki-srf06-cc26xx.a(board-spi.o)
                0x00000cb4                board_spi_flush
 .text.board_spi_open
                0x00000cd8       0xb8 contiki-srf06-cc26xx.a(board-spi.o)
                0x00000cd8                board_spi_open
 .text.board_spi_close
                0x00000d90       0x70 contiki-srf06-cc26xx.a(board-spi.o)
                0x00000d90                board_spi_close
 .text.get_object
                0x00000e00        0x4 contiki-srf06-cc26xx.a(prop-mode.o)
 .text.request  0x00000e04       0x20 contiki-srf06-cc26xx.a(prop-mode.o)
 .text.soft_off_prop
                0x00000e24       0x3c contiki-srf06-cc26xx.a(prop-mode.o)
 .text.rx_on_prop
                0x00000e60       0x70 contiki-srf06-cc26xx.a(prop-mode.o)
 .text.prepare  0x00000ed0       0x1c contiki-srf06-cc26xx.a(prop-mode.o)
 .text.pending_packet
                0x00000eec       0x38 contiki-srf06-cc26xx.a(prop-mode.o)
 .text.read_frame
                0x00000f24       0x50 contiki-srf06-cc26xx.a(prop-mode.o)
 .text.rx_off_prop
                0x00000f74       0x4c contiki-srf06-cc26xx.a(prop-mode.o)
 .text.prop_div_radio_setup
                0x00000fc0       0x50 contiki-srf06-cc26xx.a(prop-mode.o)
 .text.prop_fs  0x00001010       0x34 contiki-srf06-cc26xx.a(prop-mode.o)
 .text.soft_on_prop.part.3
                0x00001044       0x18 contiki-srf06-cc26xx.a(prop-mode.o)
 .text.soft_on_prop
                0x0000105c       0x18 contiki-srf06-cc26xx.a(prop-mode.o)
 .text.off.part.4
                0x00001074       0x1c contiki-srf06-cc26xx.a(prop-mode.o)
 .text.off      0x00001090       0x14 contiki-srf06-cc26xx.a(prop-mode.o)
 .text.on       0x000010a4      0x228 contiki-srf06-cc26xx.a(prop-mode.o)
 .text.set_value
                0x000012cc      0x1b0 contiki-srf06-cc26xx.a(prop-mode.o)
 .text.get_value
                0x0000147c      0x178 contiki-srf06-cc26xx.a(prop-mode.o)
 .text.transmit
                0x000015f4       0xb0 contiki-srf06-cc26xx.a(prop-mode.o)
 .text.send     0x000016a4       0x24 contiki-srf06-cc26xx.a(prop-mode.o)
 .text.channel_clear.part.6
                0x000016c8       0x7c contiki-srf06-cc26xx.a(prop-mode.o)
 .text.channel_clear
                0x00001744       0x14 contiki-srf06-cc26xx.a(prop-mode.o)
 .text.receiving_packet
                0x00001758       0x30 contiki-srf06-cc26xx.a(prop-mode.o)
 .text.init     0x00001788       0x8c contiki-srf06-cc26xx.a(prop-mode.o)
 .text.set_object
                0x00001814        0x4 contiki-srf06-cc26xx.a(prop-mode.o)
 .text.power_domain_on
                0x00001818       0x20 contiki-srf06-cc26xx.a(clock.o)
 .text.clock_init
                0x00001838       0x9c contiki-srf06-cc26xx.a(clock.o)
                0x00001838                clock_init
 .text.clock_time
                0x000018d4       0x34 contiki-srf06-cc26xx.a(clock.o)
                0x000018d4                clock_time
 .text.clock_update
                0x00001908       0x3c contiki-srf06-cc26xx.a(clock.o)
                0x00001908                clock_update
 .text.clock_seconds
                0x00001944       0x18 contiki-srf06-cc26xx.a(clock.o)
                0x00001944                clock_seconds
 .text.rtimer_arch_init
                0x0000195c        0x4 contiki-srf06-cc26xx.a(rtimer-arch.o)
                0x0000195c                rtimer_arch_init
 .text.rtimer_arch_schedule
                0x00001960        0x8 contiki-srf06-cc26xx.a(rtimer-arch.o)
                0x00001960                rtimer_arch_schedule
 .text.rtimer_arch_now
                0x00001968        0x4 contiki-srf06-cc26xx.a(rtimer-arch.o)
                0x00001968                rtimer_arch_now
 .text.soc_rtc_init
                0x0000196c       0xa0 contiki-srf06-cc26xx.a(soc-rtc.o)
                0x0000196c                soc_rtc_init
 .text.soc_rtc_schedule_one_shot
                0x00001a0c       0x6c contiki-srf06-cc26xx.a(soc-rtc.o)
                0x00001a0c                soc_rtc_schedule_one_shot
 .text.soc_rtc_last_isr_time
                0x00001a78        0xc contiki-srf06-cc26xx.a(soc-rtc.o)
                0x00001a78                soc_rtc_last_isr_time
 .text.AONRTCIntHandler
                0x00001a84       0x88 contiki-srf06-cc26xx.a(soc-rtc.o)
                0x00001a84                AONRTCIntHandler
 .text.watchdog_init
                0x00001b0c       0x1c contiki-srf06-cc26xx.a(contiki-watchdo)
                0x00001b0c                watchdog_init
 .text.watchdog_start
                0x00001b28       0x68 contiki-srf06-cc26xx.a(contiki-watchdo)
                0x00001b28                watchdog_start
 .text.watchdog_periodic
                0x00001b90       0x1c contiki-srf06-cc26xx.a(contiki-watchdo)
                0x00001b90                watchdog_periodic
 .text.putchar  0x00001bac       0x10 contiki-srf06-cc26xx.a(putchar.o)
                0x00001bac                putchar
 .text.puts     0x00001bbc       0x30 contiki-srf06-cc26xx.a(putchar.o)
                0x00001bbc                puts
 .text.dbg_send_bytes
                0x00001bec       0x40 contiki-srf06-cc26xx.a(putchar.o)
                0x00001bec                dbg_send_bytes
 .text.ieee_addr_cpy_to
                0x00001c2c       0x3c contiki-srf06-cc26xx.a(ieee-addr.o)
                0x00001c2c                ieee_addr_cpy_to
 .text.power_and_clock
                0x00001c68       0x40 contiki-srf06-cc26xx.a(cc26xx-uart.o)
 .text.enable   0x00001ca8       0xf0 contiki-srf06-cc26xx.a(cc26xx-uart.o)
 .text.accessible
                0x00001d98       0x24 contiki-srf06-cc26xx.a(cc26xx-uart.o)
 .text.lpm_drop_handler
                0x00001dbc       0xc4 contiki-srf06-cc26xx.a(cc26xx-uart.o)
 .text.cc26xx_uart_init
                0x00001e80       0x28 contiki-srf06-cc26xx.a(cc26xx-uart.o)
                0x00001e80                cc26xx_uart_init
 .text.cc26xx_uart_write_byte
                0x00001ea8       0x28 contiki-srf06-cc26xx.a(cc26xx-uart.o)
                0x00001ea8                cc26xx_uart_write_byte
 .text.cc26xx_uart_busy
                0x00001ed0       0x18 contiki-srf06-cc26xx.a(cc26xx-uart.o)
                0x00001ed0                cc26xx_uart_busy
 .text.UART0IntHandler
                0x00001ee8       0x54 contiki-srf06-cc26xx.a(cc26xx-uart.o)
                0x00001ee8                UART0IntHandler
 .text.lpm_shutdown
                0x00001f3c      0x188 contiki-srf06-cc26xx.a(lpm.o)
                0x00001f3c                lpm_shutdown
 .text.lpm_sleep
                0x000020c4       0x14 contiki-srf06-cc26xx.a(lpm.o)
                0x000020c4                lpm_sleep
 .text.lpm_drop
                0x000020d8      0x250 contiki-srf06-cc26xx.a(lpm.o)
                0x000020d8                lpm_drop
 .text.lpm_register_module
                0x00002328        0xc contiki-srf06-cc26xx.a(lpm.o)
                0x00002328                lpm_register_module
 .text.lpm_unregister_module
                0x00002334        0xc contiki-srf06-cc26xx.a(lpm.o)
                0x00002334                lpm_unregister_module
 .text.lpm_init
                0x00002340       0x20 contiki-srf06-cc26xx.a(lpm.o)
                0x00002340                lpm_init
 .text.lpm_pin_set_default_state
                0x00002360       0x2c contiki-srf06-cc26xx.a(lpm.o)
                0x00002360                lpm_pin_set_default_state
 .text.gpio_interrupt_register_handler
                0x0000238c       0x2c contiki-srf06-cc26xx.a(gpio-interrupt.)
                0x0000238c                gpio_interrupt_register_handler
 .text.gpio_interrupt_init
                0x000023b8       0x24 contiki-srf06-cc26xx.a(gpio-interrupt.)
                0x000023b8                gpio_interrupt_init
 .text.GPIOIntHandler
                0x000023dc       0x30 contiki-srf06-cc26xx.a(gpio-interrupt.)
                0x000023dc                GPIOIntHandler
 .text.oscillators_select_lf_xosc
                0x0000240c       0x54 contiki-srf06-cc26xx.a(oscillators.o)
                0x0000240c                oscillators_select_lf_xosc
 .text.oscillators_select_lf_rcosc
                0x00002460       0x3c contiki-srf06-cc26xx.a(oscillators.o)
                0x00002460                oscillators_select_lf_rcosc
 .text.oscillators_request_hf_xosc
                0x0000249c       0x30 contiki-srf06-cc26xx.a(oscillators.o)
                0x0000249c                oscillators_request_hf_xosc
 .text.oscillators_switch_to_hf_xosc
                0x000024cc       0x34 contiki-srf06-cc26xx.a(oscillators.o)
                0x000024cc                oscillators_switch_to_hf_xosc
 .text.oscillators_switch_to_hf_rc
                0x00002500       0x38 contiki-srf06-cc26xx.a(oscillators.o)
                0x00002500                oscillators_switch_to_hf_rc
 .text.process_thread_rf_core_process
                0x00002538       0x58 contiki-srf06-cc26xx.a(rf-core.o)
 .text.rf_core_is_accessible
                0x00002590       0x10 contiki-srf06-cc26xx.a(rf-core.o)
                0x00002590                rf_core_is_accessible
 .text.rf_core_send_cmd
                0x000025a0       0x98 contiki-srf06-cc26xx.a(rf-core.o)
                0x000025a0                rf_core_send_cmd
 .text.rf_core_wait_cmd_done
                0x00002638       0x30 contiki-srf06-cc26xx.a(rf-core.o)
                0x00002638                rf_core_wait_cmd_done
 .text.rf_core_power_up
                0x00002668       0xcc contiki-srf06-cc26xx.a(rf-core.o)
                0x00002668                rf_core_power_up
 .text.rf_core_start_rat
                0x00002734       0x78 contiki-srf06-cc26xx.a(rf-core.o)
                0x00002734                rf_core_start_rat
 .text.rf_core_stop_rat
                0x000027ac       0x8c contiki-srf06-cc26xx.a(rf-core.o)
                0x000027ac                rf_core_stop_rat
 .text.rf_core_power_down
                0x00002838       0xfc contiki-srf06-cc26xx.a(rf-core.o)
                0x00002838                rf_core_power_down
 .text.rf_core_set_modesel
                0x00002934       0x44 contiki-srf06-cc26xx.a(rf-core.o)
                0x00002934                rf_core_set_modesel
 .text.rf_core_setup_interrupts
                0x00002978       0x70 contiki-srf06-cc26xx.a(rf-core.o)
                0x00002978                rf_core_setup_interrupts
 .text.rf_core_cmd_done_en
                0x000029e8       0x28 contiki-srf06-cc26xx.a(rf-core.o)
                0x000029e8                rf_core_cmd_done_en
 .text.rf_core_cmd_done_dis
                0x00002a10       0x18 contiki-srf06-cc26xx.a(rf-core.o)
                0x00002a10                rf_core_cmd_done_dis
 .text.rf_core_get_last_radio_op
                0x00002a28        0xc contiki-srf06-cc26xx.a(rf-core.o)
                0x00002a28                rf_core_get_last_radio_op
 .text.rf_core_primary_mode_register
                0x00002a34        0xc contiki-srf06-cc26xx.a(rf-core.o)
                0x00002a34                rf_core_primary_mode_register
 .text.RFCCPE1IntHandler
                0x00002a40       0x28 contiki-srf06-cc26xx.a(rf-core.o)
                0x00002a40                RFCCPE1IntHandler
 .text.RFCCPE0IntHandler
                0x00002a68       0x5c contiki-srf06-cc26xx.a(rf-core.o)
                0x00002a68                RFCCPE0IntHandler
 .text.rf_ble_is_active
                0x00002ac4        0xc contiki-srf06-cc26xx.a(rf-ble.o)
                0x00002ac4                rf_ble_is_active
 .text.random_rand
                0x00002ad0        0xc contiki-srf06-cc26xx.a(random.o)
                0x00002ad0                random_rand
 .text.random_init
                0x00002adc        0x4 contiki-srf06-cc26xx.a(random.o)
                0x00002adc                random_init
 .text.power_up
                0x00002ae0       0x40 contiki-srf06-cc26xx.a(soc-trng.o)
 .text.request  0x00002b20       0x14 contiki-srf06-cc26xx.a(soc-trng.o)
 .text.process_thread_soc_trng_process
                0x00002b34       0x94 contiki-srf06-cc26xx.a(soc-trng.o)
 .text.accessible
                0x00002bc8       0x24 contiki-srf06-cc26xx.a(soc-trng.o)
 .text.soc_trng_rand_synchronous
                0x00002bec       0xcc contiki-srf06-cc26xx.a(soc-trng.o)
                0x00002bec                soc_trng_rand_synchronous
 .text.TRNGIntHandler
                0x00002cb8       0x50 contiki-srf06-cc26xx.a(soc-trng.o)
                0x00002cb8                TRNGIntHandler
 .text.soc_trng_init
                0x00002d08       0x28 contiki-srf06-cc26xx.a(soc-trng.o)
                0x00002d08                soc_trng_init
 .text.write_str
                0x00002d30       0x14 contiki-srf06-cc26xx.a(dbg-printf.o)
 .text.printf   0x00002d44       0x24 contiki-srf06-cc26xx.a(dbg-printf.o)
                0x00002d44                printf
 .text.buffer_str
                0x00002d68       0x18 contiki-srf06-cc26xx.a(dbg-sprintf.o)
 .text.sprintf  0x00002d80       0x34 contiki-srf06-cc26xx.a(dbg-sprintf.o)
                0x00002d80                sprintf
 .text.fill_space
                0x00002db4       0x40 contiki-srf06-cc26xx.a(strformat.o)
 .text.format_str_v
                0x00002df4      0x928 contiki-srf06-cc26xx.a(strformat.o)
                0x00002df4                format_str_v
 .text.timer_set
                0x0000371c       0x10 contiki-srf06-cc26xx.a(timer.o)
                0x0000371c                timer_set
 .text.timer_reset
                0x0000372c        0xc contiki-srf06-cc26xx.a(timer.o)
                0x0000372c                timer_reset
 .text.timer_restart
                0x00003738        0xc contiki-srf06-cc26xx.a(timer.o)
                0x00003738                timer_restart
 .text.timer_expired
                0x00003744       0x1c contiki-srf06-cc26xx.a(timer.o)
                0x00003744                timer_expired
 .text.rtimer_init
                0x00003760        0x4 contiki-srf06-cc26xx.a(rtimer.o)
                0x00003760                rtimer_init
 .text.rtimer_set
                0x00003764       0x30 contiki-srf06-cc26xx.a(rtimer.o)
                0x00003764                rtimer_set
 .text.rtimer_run_next
                0x00003794       0x28 contiki-srf06-cc26xx.a(rtimer.o)
                0x00003794                rtimer_run_next
 .text.exit_process
                0x000037bc       0x9c contiki-srf06-cc26xx.a(process.o)
 .text.call_process.part.0
                0x00003858       0x38 contiki-srf06-cc26xx.a(process.o)
 .text.do_poll  0x00003890       0x38 contiki-srf06-cc26xx.a(process.o)
 .text.process_alloc_event
                0x000038c8       0x10 contiki-srf06-cc26xx.a(process.o)
                0x000038c8                process_alloc_event
 .text.process_start
                0x000038d8       0x48 contiki-srf06-cc26xx.a(process.o)
                0x000038d8                process_start
 .text.process_exit
                0x00003920        0xc contiki-srf06-cc26xx.a(process.o)
                0x00003920                process_exit
 .text.process_init
                0x0000392c       0x34 contiki-srf06-cc26xx.a(process.o)
                0x0000392c                process_init
 .text.process_run
                0x00003960       0xa4 contiki-srf06-cc26xx.a(process.o)
                0x00003960                process_run
 .text.process_nevents
                0x00003a04       0x14 contiki-srf06-cc26xx.a(process.o)
                0x00003a04                process_nevents
 .text.process_post
                0x00003a18       0x40 contiki-srf06-cc26xx.a(process.o)
                0x00003a18                process_post
 .text.process_post_synch
                0x00003a58       0x18 contiki-srf06-cc26xx.a(process.o)
                0x00003a58                process_post_synch
 .text.process_poll
                0x00003a70       0x1c contiki-srf06-cc26xx.a(process.o)
                0x00003a70                process_poll
 .text.update_time.part.0
                0x00003a8c       0x3c contiki-srf06-cc26xx.a(etimer.o)
 .text.process_thread_etimer_process
                0x00003ac8       0xdc contiki-srf06-cc26xx.a(etimer.o)
 .text.add_timer
                0x00003ba4       0x54 contiki-srf06-cc26xx.a(etimer.o)
 .text.etimer_request_poll
                0x00003bf8        0xc contiki-srf06-cc26xx.a(etimer.o)
                0x00003bf8                etimer_request_poll
 .text.etimer_set
                0x00003c04       0x14 contiki-srf06-cc26xx.a(etimer.o)
                0x00003c04                etimer_set
 .text.etimer_reset
                0x00003c18       0x14 contiki-srf06-cc26xx.a(etimer.o)
                0x00003c18                etimer_reset
 .text.etimer_restart
                0x00003c2c       0x14 contiki-srf06-cc26xx.a(etimer.o)
                0x00003c2c                etimer_restart
 .text.etimer_expired
                0x00003c40        0xc contiki-srf06-cc26xx.a(etimer.o)
                0x00003c40                etimer_expired
 .text.etimer_expiration_time
                0x00003c4c        0x8 contiki-srf06-cc26xx.a(etimer.o)
                0x00003c4c                etimer_expiration_time
 .text.etimer_pending
                0x00003c54       0x10 contiki-srf06-cc26xx.a(etimer.o)
                0x00003c54                etimer_pending
 .text.etimer_next_expiration_time
                0x00003c64       0x14 contiki-srf06-cc26xx.a(etimer.o)
                0x00003c64                etimer_next_expiration_time
 .text.etimer_stop
                0x00003c78       0x50 contiki-srf06-cc26xx.a(etimer.o)
                0x00003c78                etimer_stop
 .text.process_thread_ctimer_process
                0x00003cc8       0x94 contiki-srf06-cc26xx.a(ctimer.o)
 .text.ctimer_init
                0x00003d5c       0x28 contiki-srf06-cc26xx.a(ctimer.o)
                0x00003d5c                ctimer_init
 .text.ctimer_set_with_process
                0x00003d84       0x4c contiki-srf06-cc26xx.a(ctimer.o)
                0x00003d84                ctimer_set_with_process
 .text.ctimer_set
                0x00003dd0       0x18 contiki-srf06-cc26xx.a(ctimer.o)
                0x00003dd0                ctimer_set
 .text.ctimer_reset
                0x00003de8       0x38 contiki-srf06-cc26xx.a(ctimer.o)
                0x00003de8                ctimer_reset
 .text.ctimer_restart
                0x00003e20       0x38 contiki-srf06-cc26xx.a(ctimer.o)
                0x00003e20                ctimer_restart
 .text.ctimer_stop
                0x00003e58       0x34 contiki-srf06-cc26xx.a(ctimer.o)
                0x00003e58                ctimer_stop
 .text.energest_init
                0x00003e8c        0x4 contiki-srf06-cc26xx.a(energest.o)
                0x00003e8c                energest_init
 .text.autostart_start
                0x00003e90       0x18 contiki-srf06-cc26xx.a(autostart.o)
                0x00003e90                autostart_start
 .text.process_thread_serial_line_process
                0x00003ea8       0xa4 contiki-srf06-cc26xx.a(serial-line.o)
 .text.serial_line_init
                0x00003f4c       0x24 contiki-srf06-cc26xx.a(serial-line.o)
                0x00003f4c                serial_line_init
 .text.ringbuf_init
                0x00003f70       0x10 contiki-srf06-cc26xx.a(ringbuf.o)
                0x00003f70                ringbuf_init
 .text.ringbuf_get
                0x00003f80       0x24 contiki-srf06-cc26xx.a(ringbuf.o)
                0x00003f80                ringbuf_get
 .text.list_init
                0x00003fa4        0x8 contiki-srf06-cc26xx.a(list.o)
                0x00003fa4                list_init
 .text.list_head
                0x00003fac        0x4 contiki-srf06-cc26xx.a(list.o)
                0x00003fac                list_head
 .text.list_add
                0x00003fb0       0x4c contiki-srf06-cc26xx.a(list.o)
                0x00003fb0                list_add
 .text.list_push
                0x00003ffc       0x40 contiki-srf06-cc26xx.a(list.o)
                0x00003ffc                list_push
 .text.list_remove
                0x0000403c       0x38 contiki-srf06-cc26xx.a(list.o)
                0x0000403c                list_remove
 .text.list_length
                0x00004074       0x14 contiki-srf06-cc26xx.a(list.o)
                0x00004074                list_length
 .text.list_item_next
                0x00004088        0x8 contiki-srf06-cc26xx.a(list.o)
                0x00004088                list_item_next
 .text.sicslowpan_init
                0x00004090       0x1c contiki-srf06-cc26xx.a(sicslowpan.o)
                0x00004090                sicslowpan_init
 .text.compress_addr_64
                0x000040ac       0x98 contiki-srf06-cc26xx.a(sicslowpan.o)
 .text.set_packet_attrs
                0x00004144       0x50 contiki-srf06-cc26xx.a(sicslowpan.o)
 .text.addr_context_lookup_by_prefix
                0x00004194       0x40 contiki-srf06-cc26xx.a(sicslowpan.o)
 .text.send_packet
                0x000041d4       0x24 contiki-srf06-cc26xx.a(sicslowpan.o)
 .text.packet_sent
                0x000041f8       0x28 contiki-srf06-cc26xx.a(sicslowpan.o)
 .text.store_fragment
                0x00004220       0x74 contiki-srf06-cc26xx.a(sicslowpan.o)
 .text.add_fragment
                0x00004294      0x1bc contiki-srf06-cc26xx.a(sicslowpan.o)
 .text.uncompress_addr
                0x00004450       0xc0 contiki-srf06-cc26xx.a(sicslowpan.o)
 .text.input    0x00004510      0x5fc contiki-srf06-cc26xx.a(sicslowpan.o)
 .text.output   0x00004b0c      0x738 contiki-srf06-cc26xx.a(sicslowpan.o)
 .text.uip_ds6_nbr_rm.part.0
                0x00005244       0x1c contiki-srf06-cc26xx.a(uip-ds6-nbr.o)
 .text.uip_ds6_nbr_rm
                0x00005260        0x8 contiki-srf06-cc26xx.a(uip-ds6-nbr.o)
                0x00005260                uip_ds6_nbr_rm
 .text.uip_ds6_neighbors_init
                0x00005268       0x1c contiki-srf06-cc26xx.a(uip-ds6-nbr.o)
                0x00005268                uip_ds6_neighbors_init
 .text.uip_ds6_nbr_add
                0x00005284       0x58 contiki-srf06-cc26xx.a(uip-ds6-nbr.o)
                0x00005284                uip_ds6_nbr_add
 .text.uip_ds6_nbr_get_ll
                0x000052dc       0x10 contiki-srf06-cc26xx.a(uip-ds6-nbr.o)
                0x000052dc                uip_ds6_nbr_get_ll
 .text.uip_ds6_nbr_lookup
                0x000052ec       0x34 contiki-srf06-cc26xx.a(uip-ds6-nbr.o)
                0x000052ec                uip_ds6_nbr_lookup
 .text.uip_ds6_nbr_ipaddr_from_lladdr
                0x00005320       0x10 contiki-srf06-cc26xx.a(uip-ds6-nbr.o)
                0x00005320                uip_ds6_nbr_ipaddr_from_lladdr
 .text.uip_ds6_nbr_lladdr_from_ipaddr
                0x00005330       0x1c contiki-srf06-cc26xx.a(uip-ds6-nbr.o)
                0x00005330                uip_ds6_nbr_lladdr_from_ipaddr
 .text.uip_ds6_link_neighbor_callback
                0x0000534c       0x34 contiki-srf06-cc26xx.a(uip-ds6-nbr.o)
                0x0000534c                uip_ds6_link_neighbor_callback
 .text.uip_ds6_neighbor_periodic
                0x00005380      0x13c contiki-srf06-cc26xx.a(uip-ds6-nbr.o)
                0x00005380                uip_ds6_neighbor_periodic
 .text.uip_ds6_nbr_refresh_reachable_state
                0x000054bc       0x24 contiki-srf06-cc26xx.a(uip-ds6-nbr.o)
                0x000054bc                uip_ds6_nbr_refresh_reachable_state
 .text.chksum   0x000054e0       0x58 contiki-srf06-cc26xx.a(uip6.o)
 .text.upper_layer_chksum
                0x00005538       0x54 contiki-srf06-cc26xx.a(uip6.o)
 .text.ext_hdr_options_process
                0x0000558c       0xd0 contiki-srf06-cc26xx.a(uip6.o)
 .text.uip_add32
                0x0000565c       0x58 contiki-srf06-cc26xx.a(uip6.o)
                0x0000565c                uip_add32
 .text.unlikely.uip_add_rcv_nxt
                0x000056b4       0x2c contiki-srf06-cc26xx.a(uip6.o)
 .text.uip_icmp6chksum
                0x000056e0        0x8 contiki-srf06-cc26xx.a(uip6.o)
                0x000056e0                uip_icmp6chksum
 .text.uip_init
                0x000056e8       0x5c contiki-srf06-cc26xx.a(uip6.o)
                0x000056e8                uip_init
 .text.remove_ext_hdr
                0x00005744       0x54 contiki-srf06-cc26xx.a(uip6.o)
                0x00005744                remove_ext_hdr
 .text.uip_udp_new
                0x00005798       0x94 contiki-srf06-cc26xx.a(uip6.o)
                0x00005798                uip_udp_new
 .text.uip_unlisten
                0x0000582c       0x28 contiki-srf06-cc26xx.a(uip6.o)
                0x0000582c                uip_unlisten
 .text.uip_process
                0x00005854      0xf58 contiki-srf06-cc26xx.a(uip6.o)
                0x00005854                uip_process
 .text.uip_htons
                0x000067ac        0x8 contiki-srf06-cc26xx.a(uip6.o)
                0x000067ac                uip_htons
 .text.uip_htonl
                0x000067b4       0x1c contiki-srf06-cc26xx.a(uip6.o)
                0x000067b4                uip_htonl
 .text.call_route_callback
                0x000067d0       0x54 contiki-srf06-cc26xx.a(uip-ds6-route.o)
 .text.uip_ds6_route_init
                0x00006824       0x4c contiki-srf06-cc26xx.a(uip-ds6-route.o)
                0x00006824                uip_ds6_route_init
 .text.uip_ds6_route_nexthop
                0x00006870       0x1c contiki-srf06-cc26xx.a(uip-ds6-route.o)
                0x00006870                uip_ds6_route_nexthop
 .text.uip_ds6_route_rm.part.0
                0x0000688c       0x9c contiki-srf06-cc26xx.a(uip-ds6-route.o)
 .text.rm_routelist
                0x00006928       0x3c contiki-srf06-cc26xx.a(uip-ds6-route.o)
 .text.rm_routelist_callback
                0x00006964        0x4 contiki-srf06-cc26xx.a(uip-ds6-route.o)
 .text.uip_ds6_route_head
                0x00006968        0xc contiki-srf06-cc26xx.a(uip-ds6-route.o)
                0x00006968                uip_ds6_route_head
 .text.uip_ds6_route_next
                0x00006974        0x8 contiki-srf06-cc26xx.a(uip-ds6-route.o)
                0x00006974                uip_ds6_route_next
 .text.uip_ds6_route_is_nexthop
                0x0000697c       0x20 contiki-srf06-cc26xx.a(uip-ds6-route.o)
                0x0000697c                uip_ds6_route_is_nexthop
 .text.uip_ds6_route_lookup
                0x0000699c       0x78 contiki-srf06-cc26xx.a(uip-ds6-route.o)
                0x0000699c                uip_ds6_route_lookup
 .text.uip_ds6_route_add
                0x00006a14      0x114 contiki-srf06-cc26xx.a(uip-ds6-route.o)
                0x00006a14                uip_ds6_route_add
 .text.uip_ds6_route_rm
                0x00006b28        0xc contiki-srf06-cc26xx.a(uip-ds6-route.o)
                0x00006b28                uip_ds6_route_rm
 .text.uip_ds6_defrt_rm
                0x00006b34       0x48 contiki-srf06-cc26xx.a(uip-ds6-route.o)
                0x00006b34                uip_ds6_defrt_rm
 .text.uip_ds6_defrt_lookup
                0x00006b7c       0x38 contiki-srf06-cc26xx.a(uip-ds6-route.o)
                0x00006b7c                uip_ds6_defrt_lookup
 .text.uip_ds6_defrt_add
                0x00006bb4       0x5c contiki-srf06-cc26xx.a(uip-ds6-route.o)
                0x00006bb4                uip_ds6_defrt_add
 .text.uip_ds6_defrt_choose
                0x00006c10       0x34 contiki-srf06-cc26xx.a(uip-ds6-route.o)
                0x00006c10                uip_ds6_defrt_choose
 .text.uip_ds6_defrt_periodic
                0x00006c44       0x44 contiki-srf06-cc26xx.a(uip-ds6-route.o)
                0x00006c44                uip_ds6_defrt_periodic
 .text.uip_ds6_list_loop
                0x00006c88       0x58 contiki-srf06-cc26xx.a(uip-ds6.o)
                0x00006c88                uip_ds6_list_loop
 .text.uip_ds6_prefix_add
                0x00006ce0       0x6c contiki-srf06-cc26xx.a(uip-ds6.o)
                0x00006ce0                uip_ds6_prefix_add
 .text.uip_ds6_is_addr_onlink
                0x00006d4c       0x40 contiki-srf06-cc26xx.a(uip-ds6.o)
                0x00006d4c                uip_ds6_is_addr_onlink
 .text.uip_ds6_addr_lookup
                0x00006d8c       0x2c contiki-srf06-cc26xx.a(uip-ds6.o)
                0x00006d8c                uip_ds6_addr_lookup
 .text.uip_ds6_get_link_local
                0x00006db8       0x54 contiki-srf06-cc26xx.a(uip-ds6.o)
                0x00006db8                uip_ds6_get_link_local
 .text.uip_ds6_maddr_add
                0x00006e0c       0x50 contiki-srf06-cc26xx.a(uip-ds6.o)
                0x00006e0c                uip_ds6_maddr_add
 .text.uip_ds6_addr_add
                0x00006e5c       0xa0 contiki-srf06-cc26xx.a(uip-ds6.o)
                0x00006e5c                uip_ds6_addr_add
 .text.uip_ds6_maddr_lookup
                0x00006efc       0x2c contiki-srf06-cc26xx.a(uip-ds6.o)
                0x00006efc                uip_ds6_maddr_lookup
 .text.uip_ds6_addr_rm.part.0
                0x00006f28       0x40 contiki-srf06-cc26xx.a(uip-ds6.o)
 .text.uip_ds6_addr_rm
                0x00006f68        0x8 contiki-srf06-cc26xx.a(uip-ds6.o)
                0x00006f68                uip_ds6_addr_rm
 .text.uip_ds6_periodic
                0x00006f70       0x5c contiki-srf06-cc26xx.a(uip-ds6.o)
                0x00006f70                uip_ds6_periodic
 .text.uip_ds6_select_src
                0x00006fcc      0x114 contiki-srf06-cc26xx.a(uip-ds6.o)
                0x00006fcc                uip_ds6_select_src
 .text.uip_ds6_set_addr_iid
                0x000070e0       0x14 contiki-srf06-cc26xx.a(uip-ds6.o)
                0x000070e0                uip_ds6_set_addr_iid
 .text.uip_ds6_compute_reachable_time
                0x000070f4       0x2c contiki-srf06-cc26xx.a(uip-ds6.o)
                0x000070f4                uip_ds6_compute_reachable_time
 .text.uip_ds6_init
                0x00007120       0xe0 contiki-srf06-cc26xx.a(uip-ds6.o)
                0x00007120                uip_ds6_init
 .text.echo_reply_input
                0x00007200       0xb0 contiki-srf06-cc26xx.a(uip-icmp6.o)
 .text.echo_request_input
                0x000072b0       0xb8 contiki-srf06-cc26xx.a(uip-icmp6.o)
 .text.uip_icmp6_input
                0x00007368       0x3c contiki-srf06-cc26xx.a(uip-icmp6.o)
                0x00007368                uip_icmp6_input
 .text.uip_icmp6_register_input_handler
                0x000073a4        0xc contiki-srf06-cc26xx.a(uip-icmp6.o)
                0x000073a4                uip_icmp6_register_input_handler
 .text.uip_icmp6_error_output
                0x000073b0      0x16c contiki-srf06-cc26xx.a(uip-icmp6.o)
                0x000073b0                uip_icmp6_error_output
 .text.uip_icmp6_send
                0x0000751c       0x8c contiki-srf06-cc26xx.a(uip-icmp6.o)
                0x0000751c                uip_icmp6_send
 .text.uip_icmp6_init
                0x000075a8       0x24 contiki-srf06-cc26xx.a(uip-icmp6.o)
                0x000075a8                uip_icmp6_init
 .text.uip_debug_ipaddr_print
                0x000075cc       0xc4 contiki-srf06-cc26xx.a(uip-debug.o)
                0x000075cc                uip_debug_ipaddr_print
 .text.uiplib_ip6addrconv
                0x00007690       0xcc contiki-srf06-cc26xx.a(uiplib.o)
                0x00007690                uiplib_ip6addrconv
 .text.mdns_write_announce_records
                0x0000775c       0xf4 contiki-srf06-cc26xx.a(resolv.o)
 .text.mdns_prep_host_announce_packet
                0x00007850       0xbc contiki-srf06-cc26xx.a(resolv.o)
 .text.dns_name_isequal
                0x0000790c       0xb4 contiki-srf06-cc26xx.a(resolv.o)
 .text.remove_trailing_dots
                0x000079c0       0x44 contiki-srf06-cc26xx.a(resolv.o)
 .text.resolv_found
                0x00007a04       0xf4 contiki-srf06-cc26xx.a(resolv.o)
 .text.resolv_set_hostname
                0x00007af8       0x60 contiki-srf06-cc26xx.a(resolv.o)
                0x00007af8                resolv_set_hostname
 .text.process_thread_resolv_process
                0x00007b58      0x7f8 contiki-srf06-cc26xx.a(resolv.o)
 .text.resolv_query
                0x00008350      0x140 contiki-srf06-cc26xx.a(resolv.o)
                0x00008350                resolv_query
 .text.process_thread_mdns_probe_process
                0x00008490       0xac contiki-srf06-cc26xx.a(resolv.o)
 .text.resolv_lookup
                0x0000853c       0x80 contiki-srf06-cc26xx.a(resolv.o)
                0x0000853c                resolv_lookup
 .text.start_periodic_tcp_timer
                0x000085bc       0x1c contiki-srf06-cc26xx.a(tcpip.o)
 .text.tcpip_set_outputfunc
                0x000085d8        0xc contiki-srf06-cc26xx.a(tcpip.o)
                0x000085d8                tcpip_set_outputfunc
 .text.udp_new  0x000085e4       0x18 contiki-srf06-cc26xx.a(tcpip.o)
                0x000085e4                udp_new
 .text.tcpip_icmp6_call
                0x000085fc       0x28 contiki-srf06-cc26xx.a(tcpip.o)
                0x000085fc                tcpip_icmp6_call
 .text.tcpip_input
                0x00008624       0x24 contiki-srf06-cc26xx.a(tcpip.o)
                0x00008624                tcpip_input
 .text.tcpip_ipv6_output
                0x00008648      0x148 contiki-srf06-cc26xx.a(tcpip.o)
                0x00008648                tcpip_ipv6_output
 .text.process_thread_tcpip_process
                0x00008790      0x1c8 contiki-srf06-cc26xx.a(tcpip.o)
 .text.tcpip_poll_udp
                0x00008958       0x10 contiki-srf06-cc26xx.a(tcpip.o)
                0x00008958                tcpip_poll_udp
 .text.tcpip_uipcall
                0x00008968       0x70 contiki-srf06-cc26xx.a(tcpip.o)
                0x00008968                tcpip_uipcall
 .text.uip_udp_packet_send
                0x000089d8       0x3c contiki-srf06-cc26xx.a(uip-udp-packet.)
                0x000089d8                uip_udp_packet_send
 .text.uip_udp_packet_sendto
                0x00008a14       0x48 contiki-srf06-cc26xx.a(uip-udp-packet.)
                0x00008a14                uip_udp_packet_sendto
 .text.rpl_get_mode
                0x00008a5c        0xc contiki-srf06-cc26xx.a(rpl.o)
                0x00008a5c                rpl_get_mode
 .text.rpl_purge_routes
                0x00008a68       0x80 contiki-srf06-cc26xx.a(rpl.o)
                0x00008a68                rpl_purge_routes
 .text.rpl_remove_routes
                0x00008ae8       0x24 contiki-srf06-cc26xx.a(rpl.o)
                0x00008ae8                rpl_remove_routes
 .text.rpl_remove_routes_by_nexthop
                0x00008b0c       0x34 contiki-srf06-cc26xx.a(rpl.o)
                0x00008b0c                rpl_remove_routes_by_nexthop
 .text.rpl_add_route
                0x00008b40       0x38 contiki-srf06-cc26xx.a(rpl.o)
                0x00008b40                rpl_add_route
 .text.rpl_link_neighbor_callback
                0x00008b78       0x48 contiki-srf06-cc26xx.a(rpl.o)
                0x00008b78                rpl_link_neighbor_callback
 .text.rpl_ipv6_neighbor_callback
                0x00008bc0       0x30 contiki-srf06-cc26xx.a(rpl.o)
                0x00008bc0                rpl_ipv6_neighbor_callback
 .text.rpl_purge_dags
                0x00008bf0       0x5c contiki-srf06-cc26xx.a(rpl.o)
                0x00008bf0                rpl_purge_dags
 .text.rpl_init
                0x00008c4c       0x34 contiki-srf06-cc26xx.a(rpl.o)
                0x00008c4c                rpl_init
 .text.update_hbh_header
                0x00008c80       0xd0 contiki-srf06-cc26xx.a(rpl-ext-header.)
 .text.insert_hbh_header.isra.0
                0x00008d50       0xa8 contiki-srf06-cc26xx.a(rpl-ext-header.)
 .text.rpl_verify_hbh_header
                0x00008df8       0xe8 contiki-srf06-cc26xx.a(rpl-ext-header.)
                0x00008df8                rpl_verify_hbh_header
 .text.rpl_remove_header
                0x00008ee0       0x78 contiki-srf06-cc26xx.a(rpl-ext-header.)
                0x00008ee0                rpl_remove_header
 .text.rpl_update_header
                0x00008f58       0x74 contiki-srf06-cc26xx.a(rpl-ext-header.)
                0x00008f58                rpl_update_header
 .text.new_dio_interval
                0x00008fcc       0x60 contiki-srf06-cc26xx.a(rpl-timers.o)
 .text.handle_periodic_timer
                0x0000902c       0x60 contiki-srf06-cc26xx.a(rpl-timers.o)
 .text.handle_unicast_dio_timer
                0x0000908c       0x1c contiki-srf06-cc26xx.a(rpl-timers.o)
 .text.handle_dio_timer
                0x000090a8       0x8c contiki-srf06-cc26xx.a(rpl-timers.o)
 .text.set_dao_lifetime_timer.part.1
                0x00009134       0x40 contiki-srf06-cc26xx.a(rpl-timers.o)
 .text.schedule_dao
                0x00009174       0x5c contiki-srf06-cc26xx.a(rpl-timers.o)
 .text.handle_dao_timer
                0x000091d0       0x64 contiki-srf06-cc26xx.a(rpl-timers.o)
 .text.rpl_reset_periodic_timer
                0x00009234       0x3c contiki-srf06-cc26xx.a(rpl-timers.o)
                0x00009234                rpl_reset_periodic_timer
 .text.rpl_reset_dio_timer
                0x00009270       0x1c contiki-srf06-cc26xx.a(rpl-timers.o)
                0x00009270                rpl_reset_dio_timer
 .text.rpl_schedule_dao
                0x0000928c        0x8 contiki-srf06-cc26xx.a(rpl-timers.o)
                0x0000928c                rpl_schedule_dao
 .text.rpl_schedule_unicast_dio_immediately
                0x00009294       0x14 contiki-srf06-cc26xx.a(rpl-timers.o)
                0x00009294                rpl_schedule_unicast_dio_immediately
 .text.get_probing_delay
                0x000092a8       0x4c contiki-srf06-cc26xx.a(rpl-timers.o)
                0x000092a8                get_probing_delay
 .text.get_probing_target
                0x000092f4       0xd8 contiki-srf06-cc26xx.a(rpl-timers.o)
                0x000092f4                get_probing_target
 .text.rpl_schedule_probing
                0x000093cc       0x20 contiki-srf06-cc26xx.a(rpl-timers.o)
                0x000093cc                rpl_schedule_probing
 .text.handle_probing_timer
                0x000093ec       0x34 contiki-srf06-cc26xx.a(rpl-timers.o)
 .text.rpl_set_preferred_parent
                0x00009420       0x2c contiki-srf06-cc26xx.a(rpl-dag.o)
 .text.set_ip_from_prefix
                0x0000944c       0x24 contiki-srf06-cc26xx.a(rpl-dag.o)
 .text.check_prefix
                0x00009470       0x7c contiki-srf06-cc26xx.a(rpl-dag.o)
 .text.find_parent_any_dag_any_instance
                0x000094ec       0x1c contiki-srf06-cc26xx.a(rpl-dag.o)
 .text.lollipop_greater_than
                0x00009508       0x3c contiki-srf06-cc26xx.a(rpl-dag.o)
 .text.rpl_get_nbr
                0x00009544       0x28 contiki-srf06-cc26xx.a(rpl-dag.o)
                0x00009544                rpl_get_nbr
 .text.rpl_dag_init
                0x0000956c       0x14 contiki-srf06-cc26xx.a(rpl-dag.o)
                0x0000956c                rpl_dag_init
 .text.rpl_get_parent
                0x00009580       0x10 contiki-srf06-cc26xx.a(rpl-dag.o)
                0x00009580                rpl_get_parent
 .text.rpl_rank_via_parent
                0x00009590       0x1c contiki-srf06-cc26xx.a(rpl-dag.o)
                0x00009590                rpl_rank_via_parent
 .text.rpl_get_parent_ipaddr
                0x000095ac       0x18 contiki-srf06-cc26xx.a(rpl-dag.o)
                0x000095ac                rpl_get_parent_ipaddr
 .text.rpl_get_parent_link_stats
                0x000095c4       0x18 contiki-srf06-cc26xx.a(rpl-dag.o)
                0x000095c4                rpl_get_parent_link_stats
 .text.best_parent
                0x000095dc       0xa4 contiki-srf06-cc26xx.a(rpl-dag.o)
 .text.rpl_parent_is_fresh
                0x00009680       0x10 contiki-srf06-cc26xx.a(rpl-dag.o)
                0x00009680                rpl_parent_is_fresh
 .text.rpl_parent_is_reachable
                0x00009690       0x4c contiki-srf06-cc26xx.a(rpl-dag.o)
                0x00009690                rpl_parent_is_reachable
 .text.rpl_repair_root
                0x000096dc       0x54 contiki-srf06-cc26xx.a(rpl-dag.o)
                0x000096dc                rpl_repair_root
 .text.rpl_set_prefix
                0x00009730       0x9c contiki-srf06-cc26xx.a(rpl-dag.o)
                0x00009730                rpl_set_prefix
 .text.rpl_set_default_route
                0x000097cc       0x30 contiki-srf06-cc26xx.a(rpl-dag.o)
                0x000097cc                rpl_set_default_route
 .text.rpl_alloc_instance
                0x000097fc       0x34 contiki-srf06-cc26xx.a(rpl-dag.o)
                0x000097fc                rpl_alloc_instance
 .text.rpl_alloc_dag
                0x00009830       0x5c contiki-srf06-cc26xx.a(rpl-dag.o)
                0x00009830                rpl_alloc_dag
 .text.rpl_add_parent
                0x0000988c       0x30 contiki-srf06-cc26xx.a(rpl-dag.o)
                0x0000988c                rpl_add_parent
 .text.rpl_join_instance.part.6
                0x000098bc      0x150 contiki-srf06-cc26xx.a(rpl-dag.o)
 .text.rpl_find_parent
                0x00009a0c       0x18 contiki-srf06-cc26xx.a(rpl-dag.o)
                0x00009a0c                rpl_find_parent
 .text.rpl_find_parent_any_dag
                0x00009a24       0x20 contiki-srf06-cc26xx.a(rpl-dag.o)
                0x00009a24                rpl_find_parent_any_dag
 .text.rpl_select_parent
                0x00009a44       0x58 contiki-srf06-cc26xx.a(rpl-dag.o)
                0x00009a44                rpl_select_parent
 .text.rpl_select_dag
                0x00009a9c      0x170 contiki-srf06-cc26xx.a(rpl-dag.o)
                0x00009a9c                rpl_select_dag
 .text.rpl_nullify_parent
                0x00009c0c       0x58 contiki-srf06-cc26xx.a(rpl-dag.o)
                0x00009c0c                rpl_nullify_parent
 .text.nbr_callback
                0x00009c64       0x1c contiki-srf06-cc26xx.a(rpl-dag.o)
 .text.remove_parents.constprop.9
                0x00009c80       0x48 contiki-srf06-cc26xx.a(rpl-dag.o)
 .text.rpl_free_dag
                0x00009cc8       0x48 contiki-srf06-cc26xx.a(rpl-dag.o)
                0x00009cc8                rpl_free_dag
 .text.rpl_move_parent
                0x00009d10       0x58 contiki-srf06-cc26xx.a(rpl-dag.o)
                0x00009d10                rpl_move_parent
 .text.rpl_get_dag
                0x00009d68       0x58 contiki-srf06-cc26xx.a(rpl-dag.o)
                0x00009d68                rpl_get_dag
 .text.rpl_get_any_dag
                0x00009dc0       0x18 contiki-srf06-cc26xx.a(rpl-dag.o)
                0x00009dc0                rpl_get_any_dag
 .text.rpl_get_instance
                0x00009dd8       0x1c contiki-srf06-cc26xx.a(rpl-dag.o)
                0x00009dd8                rpl_get_instance
 .text.rpl_local_repair
                0x00009df4       0x80 contiki-srf06-cc26xx.a(rpl-dag.o)
                0x00009df4                rpl_local_repair
 .text.rpl_process_parent_event
                0x00009e74       0xa0 contiki-srf06-cc26xx.a(rpl-dag.o)
                0x00009e74                rpl_process_parent_event
 .text.rpl_add_dag
                0x00009f14      0x14c contiki-srf06-cc26xx.a(rpl-dag.o)
                0x00009f14                rpl_add_dag
 .text.rpl_recalculate_ranks
                0x0000a060       0x50 contiki-srf06-cc26xx.a(rpl-dag.o)
                0x0000a060                rpl_recalculate_ranks
 .text.rpl_process_dio
                0x0000a0b0      0x314 contiki-srf06-cc26xx.a(rpl-dag.o)
                0x0000a0b0                rpl_process_dio
 .text.NOROM_OSCClockSourceSet
                0x0000a3c4       0x5c contiki-srf06-cc26xx.a(osc.o)
                0x0000a3c4                NOROM_OSCClockSourceSet
 .text.NOROM_OSCClockSourceGet
                0x0000a420       0x2c contiki-srf06-cc26xx.a(osc.o)
                0x0000a420                NOROM_OSCClockSourceGet
 .text.NOROM_AONRTCCurrentCompareValueGet
                0x0000a44c       0x24 contiki-srf06-cc26xx.a(aon_rtc.o)
                0x0000a44c                NOROM_AONRTCCurrentCompareValueGet
 .text.NOROM_AONBatMonTemperatureGetDegC
                0x0000a470       0x30 contiki-srf06-cc26xx.a(aon_batmon.o)
                0x0000a470                NOROM_AONBatMonTemperatureGetDegC
 .text.NOROM_CPUcpsid
                0x0000a4a0        0x8 contiki-srf06-cc26xx.a(cpu.o)
                0x0000a4a0                NOROM_CPUcpsid
 .text.NOROM_CPUcpsie
                0x0000a4a8        0x8 contiki-srf06-cc26xx.a(cpu.o)
                0x0000a4a8                NOROM_CPUcpsie
 .text.NOROM_ChipInfo_GetSupportedProtocol_BV
                0x0000a4b0       0x10 contiki-srf06-cc26xx.a(chipinfo.o)
                0x0000a4b0                NOROM_ChipInfo_GetSupportedProtocol_BV
 .text.NOROM_ChipInfo_GetChipFamily
                0x0000a4c0       0x4c contiki-srf06-cc26xx.a(chipinfo.o)
                0x0000a4c0                NOROM_ChipInfo_GetChipFamily
 .text.NOROM_ChipInfo_GetChipType
                0x0000a50c       0x30 contiki-srf06-cc26xx.a(chipinfo.o)
                0x0000a50c                NOROM_ChipInfo_GetChipType
 .text.NOROM_ChipInfo_GetHwRevision
                0x0000a53c       0x6c contiki-srf06-cc26xx.a(chipinfo.o)
                0x0000a53c                NOROM_ChipInfo_GetHwRevision
 .text.NOROM_ThisCodeIsBuiltForCC13xxHwRev20AndLater_HaltIfViolated
                0x0000a5a8       0x18 contiki-srf06-cc26xx.a(chipinfo.o)
                0x0000a5a8                NOROM_ThisCodeIsBuiltForCC13xxHwRev20AndLater_HaltIfViolated
 .text.NOROM_SysCtrlSetRechargeBeforePowerDown
                0x0000a5c0      0x274 contiki-srf06-cc26xx.a(sys_ctrl.o)
                0x0000a5c0                NOROM_SysCtrlSetRechargeBeforePowerDown
 .text.NOROM_SysCtrlAdjustRechargeAfterPowerDown
                0x0000a834       0x64 contiki-srf06-cc26xx.a(sys_ctrl.o)
                0x0000a834                NOROM_SysCtrlAdjustRechargeAfterPowerDown
 .text.NOROM_SysCtrl_DCDC_VoltageConditionalControl
                0x0000a898       0x7c contiki-srf06-cc26xx.a(sys_ctrl.o)
                0x0000a898                NOROM_SysCtrl_DCDC_VoltageConditionalControl
 .text.NOROM_RFCRTrim
                0x0000a914      0x134 contiki-srf06-cc26xx.a(rfc.o)
                0x0000a914                NOROM_RFCRTrim
 .text.NOROM_RFCAdi3VcoLdoVoltageMode
                0x0000aa48       0x20 contiki-srf06-cc26xx.a(rfc.o)
                0x0000aa48                NOROM_RFCAdi3VcoLdoVoltageMode
 .text.SafeHapiVoid
                0x0000aa68       0x28 contiki-srf06-cc26xx.a(adi.o)
                0x0000aa68                SafeHapiVoid
 .text.NOROM_TRNGConfigure
                0x0000aa90       0x38 contiki-srf06-cc26xx.a(trng.o)
                0x0000aa90                NOROM_TRNGConfigure
 .text.NOROM_PowerCtrlSourceSet
                0x0000aac8       0x30 contiki-srf06-cc26xx.a(pwr_ctrl.o)
                0x0000aac8                NOROM_PowerCtrlSourceSet
 .text.TrimAfterColdResetWakeupFromShutDown
                0x0000aaf8       0xd8 contiki-srf06-cc26xx.a(setup.o)
 .text.NOROM_SetupTrimDevice
                0x0000abd0       0xa0 contiki-srf06-cc26xx.a(setup.o)
                0x0000abd0                NOROM_SetupTrimDevice
 .text.periodic
                0x0000ac70       0x30 contiki-srf06-cc26xx.a(link-stats.o)
 .text.link_stats_from_lladdr
                0x0000aca0        0xc contiki-srf06-cc26xx.a(link-stats.o)
                0x0000aca0                link_stats_from_lladdr
 .text.link_stats_is_fresh
                0x0000acac       0x28 contiki-srf06-cc26xx.a(link-stats.o)
                0x0000acac                link_stats_is_fresh
 .text.link_stats_packet_sent
                0x0000acd4       0xcc contiki-srf06-cc26xx.a(link-stats.o)
                0x0000acd4                link_stats_packet_sent
 .text.link_stats_input_callback
                0x0000ada0       0x5c contiki-srf06-cc26xx.a(link-stats.o)
                0x0000ada0                link_stats_input_callback
 .text.link_stats_init
                0x0000adfc       0x28 contiki-srf06-cc26xx.a(link-stats.o)
                0x0000adfc                link_stats_init
 .text.linkaddr_copy
                0x0000ae24        0xc contiki-srf06-cc26xx.a(linkaddr.o)
                0x0000ae24                linkaddr_copy
 .text.linkaddr_cmp
                0x0000ae30       0x10 contiki-srf06-cc26xx.a(linkaddr.o)
                0x0000ae30                linkaddr_cmp
 .text.netstack_init
                0x0000ae40       0x38 contiki-srf06-cc26xx.a(netstack.o)
                0x0000ae40                netstack_init
 .text.packetbuf_copyto
                0x0000ae78       0x50 contiki-srf06-cc26xx.a(packetbuf.o)
                0x0000ae78                packetbuf_copyto
 .text.packetbuf_hdralloc
                0x0000aec8       0x60 contiki-srf06-cc26xx.a(packetbuf.o)
                0x0000aec8                packetbuf_hdralloc
 .text.packetbuf_hdrreduce
                0x0000af28       0x2c contiki-srf06-cc26xx.a(packetbuf.o)
                0x0000af28                packetbuf_hdrreduce
 .text.packetbuf_set_datalen
                0x0000af54        0xc contiki-srf06-cc26xx.a(packetbuf.o)
                0x0000af54                packetbuf_set_datalen
 .text.packetbuf_dataptr
                0x0000af60       0x20 contiki-srf06-cc26xx.a(packetbuf.o)
                0x0000af60                packetbuf_dataptr
 .text.packetbuf_hdrptr
                0x0000af80        0x8 contiki-srf06-cc26xx.a(packetbuf.o)
                0x0000af80                packetbuf_hdrptr
 .text.packetbuf_datalen
                0x0000af88        0xc contiki-srf06-cc26xx.a(packetbuf.o)
                0x0000af88                packetbuf_datalen
 .text.packetbuf_totlen
                0x0000af94       0x24 contiki-srf06-cc26xx.a(packetbuf.o)
                0x0000af94                packetbuf_totlen
 .text.packetbuf_attr_clear
                0x0000afb8       0x34 contiki-srf06-cc26xx.a(packetbuf.o)
                0x0000afb8                packetbuf_attr_clear
 .text.packetbuf_clear
                0x0000afec       0x20 contiki-srf06-cc26xx.a(packetbuf.o)
                0x0000afec                packetbuf_clear
 .text.packetbuf_copyfrom
                0x0000b00c       0x40 contiki-srf06-cc26xx.a(packetbuf.o)
                0x0000b00c                packetbuf_copyfrom
 .text.packetbuf_attr_copyto
                0x0000b04c       0x44 contiki-srf06-cc26xx.a(packetbuf.o)
                0x0000b04c                packetbuf_attr_copyto
 .text.packetbuf_attr_copyfrom
                0x0000b090       0x44 contiki-srf06-cc26xx.a(packetbuf.o)
                0x0000b090                packetbuf_attr_copyfrom
 .text.packetbuf_set_attr
                0x0000b0d4       0x10 contiki-srf06-cc26xx.a(packetbuf.o)
                0x0000b0d4                packetbuf_set_attr
 .text.packetbuf_attr
                0x0000b0e4        0xc contiki-srf06-cc26xx.a(packetbuf.o)
                0x0000b0e4                packetbuf_attr
 .text.packetbuf_set_addr
                0x0000b0f0       0x18 contiki-srf06-cc26xx.a(packetbuf.o)
                0x0000b0f0                packetbuf_set_addr
 .text.packetbuf_addr
                0x0000b108       0x10 contiki-srf06-cc26xx.a(packetbuf.o)
                0x0000b108                packetbuf_addr
 .text.packetbuf_holds_broadcast
                0x0000b118       0x10 contiki-srf06-cc26xx.a(packetbuf.o)
                0x0000b118                packetbuf_holds_broadcast
 .text.index_from_lladdr
                0x0000b128       0x50 contiki-srf06-cc26xx.a(nbr-table.o)
 .text.remove_key
                0x0000b178       0x90 contiki-srf06-cc26xx.a(nbr-table.o)
 .text.nbr_table_register
                0x0000b208       0x2c contiki-srf06-cc26xx.a(nbr-table.o)
                0x0000b208                nbr_table_register
 .text.nbr_table_next
                0x0000b234       0x70 contiki-srf06-cc26xx.a(nbr-table.o)
                0x0000b234                nbr_table_next
 .text.nbr_table_head
                0x0000b2a4       0x58 contiki-srf06-cc26xx.a(nbr-table.o)
                0x0000b2a4                nbr_table_head
 .text.nbr_table_add_lladdr
                0x0000b2fc      0x150 contiki-srf06-cc26xx.a(nbr-table.o)
                0x0000b2fc                nbr_table_add_lladdr
 .text.nbr_table_get_from_lladdr
                0x0000b44c       0x38 contiki-srf06-cc26xx.a(nbr-table.o)
                0x0000b44c                nbr_table_get_from_lladdr
 .text.nbr_table_remove
                0x0000b484       0x5c contiki-srf06-cc26xx.a(nbr-table.o)
                0x0000b484                nbr_table_remove
 .text.nbr_table_lock
                0x0000b4e0       0x34 contiki-srf06-cc26xx.a(nbr-table.o)
                0x0000b4e0                nbr_table_lock
 .text.nbr_table_unlock
                0x0000b514       0x38 contiki-srf06-cc26xx.a(nbr-table.o)
                0x0000b514                nbr_table_unlock
 .text.nbr_table_get_lladdr
                0x0000b54c       0x30 contiki-srf06-cc26xx.a(nbr-table.o)
                0x0000b54c                nbr_table_get_lladdr
 .text.nbr_table_update_lladdr
                0x0000b57c       0x58 contiki-srf06-cc26xx.a(nbr-table.o)
                0x0000b57c                nbr_table_update_lladdr
 .text.queuebuf_init
                0x0000b5d4       0x1c contiki-srf06-cc26xx.a(queuebuf.o)
                0x0000b5d4                queuebuf_init
 .text.queuebuf_numfree
                0x0000b5f0        0xc contiki-srf06-cc26xx.a(queuebuf.o)
                0x0000b5f0                queuebuf_numfree
 .text.queuebuf_new_from_packetbuf
                0x0000b5fc       0x44 contiki-srf06-cc26xx.a(queuebuf.o)
                0x0000b5fc                queuebuf_new_from_packetbuf
 .text.queuebuf_update_attr_from_packetbuf
                0x0000b640        0xc contiki-srf06-cc26xx.a(queuebuf.o)
                0x0000b640                queuebuf_update_attr_from_packetbuf
 .text.queuebuf_update_from_packetbuf
                0x0000b64c       0x1c contiki-srf06-cc26xx.a(queuebuf.o)
                0x0000b64c                queuebuf_update_from_packetbuf
 .text.queuebuf_free
                0x0000b668       0x2c contiki-srf06-cc26xx.a(queuebuf.o)
                0x0000b668                queuebuf_free
 .text.queuebuf_to_packetbuf
                0x0000b694       0x30 contiki-srf06-cc26xx.a(queuebuf.o)
                0x0000b694                queuebuf_to_packetbuf
 .text.queuebuf_attr
                0x0000b6c4        0xc contiki-srf06-cc26xx.a(queuebuf.o)
                0x0000b6c4                queuebuf_attr
 .text.input_packet
                0x0000b6d0        0xc contiki-srf06-cc26xx.a(csma.o)
 .text.on       0x0000b6dc        0xc contiki-srf06-cc26xx.a(csma.o)
 .text.off      0x0000b6e8        0xc contiki-srf06-cc26xx.a(csma.o)
 .text.channel_check_interval
                0x0000b6f4       0x10 contiki-srf06-cc26xx.a(csma.o)
 .text.schedule_transmission
                0x0000b704       0x4c contiki-srf06-cc26xx.a(csma.o)
 .text.send_packet
                0x0000b750      0x150 contiki-srf06-cc26xx.a(csma.o)
 .text.init     0x0000b8a0       0x24 contiki-srf06-cc26xx.a(csma.o)
 .text.transmit_packet_list
                0x0000b8c4       0x34 contiki-srf06-cc26xx.a(csma.o)
 .text.tx_done  0x0000b8f8       0x8c contiki-srf06-cc26xx.a(csma.o)
 .text.packet_sent
                0x0000b984       0xe4 contiki-srf06-cc26xx.a(csma.o)
 .text.parse    0x0000ba68       0xa0 contiki-srf06-cc26xx.a(framer-802154.o)
 .text.create_frame.isra.0
                0x0000bb08      0x144 contiki-srf06-cc26xx.a(framer-802154.o)
 .text.create   0x0000bc4c        0x8 contiki-srf06-cc26xx.a(framer-802154.o)
 .text.hdr_length
                0x0000bc54        0x8 contiki-srf06-cc26xx.a(framer-802154.o)
 .text.duty_cycle
                0x0000bc5c        0x4 contiki-srf06-cc26xx.a(contikimac.o)
 .text.init     0x0000bc60       0x40 contiki-srf06-cc26xx.a(contikimac.o)
 .text.on.part.0
                0x0000bca0       0x14 contiki-srf06-cc26xx.a(contikimac.o)
 .text.off      0x0000bcb4       0x38 contiki-srf06-cc26xx.a(contikimac.o)
 .text.recv_burst_off
                0x0000bcec       0x14 contiki-srf06-cc26xx.a(contikimac.o)
 .text.input_packet
                0x0000bd00      0x14c contiki-srf06-cc26xx.a(contikimac.o)
 .text.powercycle_turn_radio_off.part.2
                0x0000be4c       0x10 contiki-srf06-cc26xx.a(contikimac.o)
 .text.turn_off
                0x0000be5c       0x48 contiki-srf06-cc26xx.a(contikimac.o)
 .text.turn_on  0x0000bea4       0x44 contiki-srf06-cc26xx.a(contikimac.o)
 .text.schedule_powercycle_fixed.part.5
                0x0000bee8       0x30 contiki-srf06-cc26xx.a(contikimac.o)
 .text.send_packet.isra.7
                0x0000bf18      0x258 contiki-srf06-cc26xx.a(contikimac.o)
 .text.qsend_packet
                0x0000c170       0x24 contiki-srf06-cc26xx.a(contikimac.o)
 .text.qsend_list
                0x0000c194       0xf4 contiki-srf06-cc26xx.a(contikimac.o)
 .text.powercycle_wrapper
                0x0000c288      0x278 contiki-srf06-cc26xx.a(contikimac.o)
 .text.init     0x0000c500        0x4 contiki-srf06-cc26xx.a(nullsec.o)
 .text.input    0x0000c504        0xc contiki-srf06-cc26xx.a(nullsec.o)
 .text.send     0x0000c510       0x20 contiki-srf06-cc26xx.a(nullsec.o)
 .text.aux_ctrl_power_up
                0x0000c530       0x28 contiki-srf06-cc26xx.a(aux-ctrl.o)
                0x0000c530                aux_ctrl_power_up
 .text.aux_ctrl_register_consumer
                0x0000c558       0x40 contiki-srf06-cc26xx.a(aux-ctrl.o)
                0x0000c558                aux_ctrl_register_consumer
 .text.aux_ctrl_power_down
                0x0000c598       0x6c contiki-srf06-cc26xx.a(aux-ctrl.o)
                0x0000c598                aux_ctrl_power_down
 .text.aux_ctrl_unregister_consumer
                0x0000c604       0x28 contiki-srf06-cc26xx.a(aux-ctrl.o)
                0x0000c604                aux_ctrl_unregister_consumer
 .text.stimer_set
                0x0000c62c       0x10 contiki-srf06-cc26xx.a(stimer.o)
                0x0000c62c                stimer_set
 .text.stimer_expired
                0x0000c63c       0x20 contiki-srf06-cc26xx.a(stimer.o)
                0x0000c63c                stimer_expired
 .text.memb_init
                0x0000c65c       0x24 contiki-srf06-cc26xx.a(memb.o)
                0x0000c65c                memb_init
 .text.memb_alloc
                0x0000c680       0x3c contiki-srf06-cc26xx.a(memb.o)
                0x0000c680                memb_alloc
 .text.memb_free
                0x0000c6bc       0x3c contiki-srf06-cc26xx.a(memb.o)
                0x0000c6bc                memb_free
 .text.memb_inmemb
                0x0000c6f8       0x1c contiki-srf06-cc26xx.a(memb.o)
                0x0000c6f8                memb_inmemb
 .text.memb_numfree
                0x0000c714       0x20 contiki-srf06-cc26xx.a(memb.o)
                0x0000c714                memb_numfree
 .text.na_input
                0x0000c734      0x1ac contiki-srf06-cc26xx.a(uip-nd6.o)
 .text.ns_input
                0x0000c8e0      0x278 contiki-srf06-cc26xx.a(uip-nd6.o)
 .text.uip_nd6_ns_output
                0x0000cb58      0x13c contiki-srf06-cc26xx.a(uip-nd6.o)
                0x0000cb58                uip_nd6_ns_output
 .text.uip_nd6_init
                0x0000cc94       0x1c contiki-srf06-cc26xx.a(uip-nd6.o)
                0x0000cc94                uip_nd6_init
 .text.uip_nameserver_get
                0x0000ccb0       0x10 contiki-srf06-cc26xx.a(uip-nameserver.)
                0x0000ccb0                uip_nameserver_get
 .text.dao_ack_input
                0x0000ccc0       0x14 contiki-srf06-cc26xx.a(rpl-icmp6.o)
 .text.dao_output_target_seq
                0x0000ccd4      0x118 contiki-srf06-cc26xx.a(rpl-icmp6.o)
 .text.dio_input
                0x0000cdec      0x29c contiki-srf06-cc26xx.a(rpl-icmp6.o)
 .text.rpl_icmp6_update_nbr_table
                0x0000d088       0x38 contiki-srf06-cc26xx.a(rpl-icmp6.o)
                0x0000d088                rpl_icmp6_update_nbr_table
 .text.dao_input
                0x0000d0c0      0x2d8 contiki-srf06-cc26xx.a(rpl-icmp6.o)
 .text.dis_output
                0x0000d398       0x40 contiki-srf06-cc26xx.a(rpl-icmp6.o)
                0x0000d398                dis_output
 .text.dio_output
                0x0000d3d8      0x29c contiki-srf06-cc26xx.a(rpl-icmp6.o)
                0x0000d3d8                dio_output
 .text.dis_input
                0x0000d674       0x54 contiki-srf06-cc26xx.a(rpl-icmp6.o)
 .text.dao_output
                0x0000d6c8       0x88 contiki-srf06-cc26xx.a(rpl-icmp6.o)
                0x0000d6c8                dao_output
 .text.dao_output_target
                0x0000d750        0xc contiki-srf06-cc26xx.a(rpl-icmp6.o)
                0x0000d750                dao_output_target
 .text.rpl_icmp6_register_handlers
                0x0000d75c       0x30 contiki-srf06-cc26xx.a(rpl-icmp6.o)
                0x0000d75c                rpl_icmp6_register_handlers
 .text.reset    0x0000d78c        0x4 contiki-srf06-cc26xx.a(rpl-mrhof.o)
 .text.update_metric_container
                0x0000d790        0x8 contiki-srf06-cc26xx.a(rpl-mrhof.o)
 .text.parent_link_metric
                0x0000d798       0x14 contiki-srf06-cc26xx.a(rpl-mrhof.o)
 .text.parent_has_usable_link
                0x0000d7ac       0x18 contiki-srf06-cc26xx.a(rpl-mrhof.o)
 .text.best_dag
                0x0000d7c4       0x30 contiki-srf06-cc26xx.a(rpl-mrhof.o)
 .text.parent_path_cost
                0x0000d7f4       0x4c contiki-srf06-cc26xx.a(rpl-mrhof.o)
 .text.rank_via_parent
                0x0000d840       0x3c contiki-srf06-cc26xx.a(rpl-mrhof.o)
 .text.parent_is_acceptable
                0x0000d87c       0x34 contiki-srf06-cc26xx.a(rpl-mrhof.o)
 .text.best_parent
                0x0000d8b0       0x68 contiki-srf06-cc26xx.a(rpl-mrhof.o)
 .text.update_nbr
                0x0000d918      0x10c contiki-srf06-cc26xx.a(rpl-nbr-policy.)
 .text.handle_periodic_timer
                0x0000da24       0x14 contiki-srf06-cc26xx.a(rpl-nbr-policy.)
 .text.find_removable_dio
                0x0000da38       0x3c contiki-srf06-cc26xx.a(rpl-nbr-policy.)
                0x0000da38                find_removable_dio
 .text.rpl_nbr_policy_find_removable
                0x0000da74       0x60 contiki-srf06-cc26xx.a(rpl-nbr-policy.)
                0x0000da74                rpl_nbr_policy_find_removable
 .text.NOROM_SetupGetTrimForXoscHfCtl.part.4
                0x0000dad4       0x20 contiki-srf06-cc26xx.a(setup_rom.o)
 .text.NOROM_SetupGetTrimForRadcExtCfg.part.5
                0x0000daf4       0x1c contiki-srf06-cc26xx.a(setup_rom.o)
 .text.NOROM_SetupSetVddrLevel
                0x0000db10       0x90 contiki-srf06-cc26xx.a(setup_rom.o)
                0x0000db10                NOROM_SetupSetVddrLevel
 .text.NOROM_SetupAfterColdResetWakeupFromShutDownCfg1
                0x0000dba0       0xb4 contiki-srf06-cc26xx.a(setup_rom.o)
                0x0000dba0                NOROM_SetupAfterColdResetWakeupFromShutDownCfg1
 .text.NOROM_SetupAfterColdResetWakeupFromShutDownCfg3
                0x0000dc54      0x1a0 contiki-srf06-cc26xx.a(setup_rom.o)
                0x0000dc54                NOROM_SetupAfterColdResetWakeupFromShutDownCfg3
 .text.NOROM_SetupGetTrimForAnabypassValue1
                0x0000ddf4       0x64 contiki-srf06-cc26xx.a(setup_rom.o)
                0x0000ddf4                NOROM_SetupGetTrimForAnabypassValue1
 .text.NOROM_SetupGetTrimForAmpcompCtrl
                0x0000de58       0x58 contiki-srf06-cc26xx.a(setup_rom.o)
                0x0000de58                NOROM_SetupGetTrimForAmpcompCtrl
 .text.NOROM_SetupAfterColdResetWakeupFromShutDownCfg2
                0x0000deb0      0x198 contiki-srf06-cc26xx.a(setup_rom.o)
                0x0000deb0                NOROM_SetupAfterColdResetWakeupFromShutDownCfg2
 .text.NOROM_SetupSetCacheModeAccordingToCcfgSetting
                0x0000e048       0x6c contiki-srf06-cc26xx.a(setup_rom.o)
                0x0000e048                NOROM_SetupSetCacheModeAccordingToCcfgSetting
 .text.NOROM_DDI32RegWrite
                0x0000e0b4       0x2c contiki-srf06-cc26xx.a(ddi.o)
                0x0000e0b4                NOROM_DDI32RegWrite
 .text.mac_call_sent_callback
                0x0000e0e0       0x18 contiki-srf06-cc26xx.a(mac.o)
                0x0000e0e0                mac_call_sent_callback
 .text.frame802154_get_pan_id
                0x0000e0f8        0xc contiki-srf06-cc26xx.a(frame802154.o)
                0x0000e0f8                frame802154_get_pan_id
 .text.frame802154_has_panid
                0x0000e104       0xd0 contiki-srf06-cc26xx.a(frame802154.o)
                0x0000e104                frame802154_has_panid
 .text.field_len
                0x0000e1d4       0x88 contiki-srf06-cc26xx.a(frame802154.o)
 .text.frame802154_is_broadcast_addr
                0x0000e25c       0x20 contiki-srf06-cc26xx.a(frame802154.o)
                0x0000e25c                frame802154_is_broadcast_addr
 .text.frame802154_hdrlen
                0x0000e27c       0x34 contiki-srf06-cc26xx.a(frame802154.o)
                0x0000e27c                frame802154_hdrlen
 .text.frame802154_create_fcf
                0x0000e2b0       0x64 contiki-srf06-cc26xx.a(frame802154.o)
                0x0000e2b0                frame802154_create_fcf
 .text.frame802154_create
                0x0000e314       0xa8 contiki-srf06-cc26xx.a(frame802154.o)
                0x0000e314                frame802154_create
 .text.frame802154_parse_fcf
                0x0000e3bc       0x44 contiki-srf06-cc26xx.a(frame802154.o)
                0x0000e3bc                frame802154_parse_fcf
 .text.frame802154_parse
                0x0000e400      0x13c contiki-srf06-cc26xx.a(frame802154.o)
                0x0000e400                frame802154_parse
 .text.mac_sequence_is_duplicate
                0x0000e53c       0x50 contiki-srf06-cc26xx.a(mac-sequence.o)
                0x0000e53c                mac_sequence_is_duplicate
 .text.mac_sequence_register_seqno
                0x0000e58c       0x6c contiki-srf06-cc26xx.a(mac-sequence.o)
                0x0000e58c                mac_sequence_register_seqno
 .text          0x0000e5f8       0x30 c:/program files (x86)/gnu tools arm embedded/7 2017-q4-major/bin/../lib/gcc/arm-none-eabi/7.2.1/thumb/v7-m\libgcc.a(_aeabi_uldivmod.o)
                0x0000e5f8                __aeabi_uldivmod
 .text          0x0000e628      0x2d0 c:/program files (x86)/gnu tools arm embedded/7 2017-q4-major/bin/../lib/gcc/arm-none-eabi/7.2.1/thumb/v7-m\libgcc.a(_udivmoddi4.o)
                0x0000e628                __udivmoddi4
 .text          0x0000e8f8        0x4 c:/program files (x86)/gnu tools arm embedded/7 2017-q4-major/bin/../lib/gcc/arm-none-eabi/7.2.1/thumb/v7-m\libgcc.a(_dvmd_tls.o)
                0x0000e8f8                __aeabi_idiv0
                0x0000e8f8                __aeabi_ldiv0
 .text.__locale_ctype_ptr
                0x0000e8fc       0x1c c:/program files (x86)/gnu tools arm embedded/7 2017-q4-major/bin/../lib/gcc/arm-none-eabi/7.2.1/../../../../arm-none-eabi/lib/thumb/v7-m\libc.a(lib_a-locale.o)
                0x0000e8fc                __locale_ctype_ptr
 .text.__ascii_mbtowc
                0x0000e918       0x2c c:/program files (x86)/gnu tools arm embedded/7 2017-q4-major/bin/../lib/gcc/arm-none-eabi/7.2.1/../../../../arm-none-eabi/lib/thumb/v7-m\libc.a(lib_a-mbtowc_r.o)
                0x0000e918                __ascii_mbtowc
 .text.memcmp   0x0000e944       0x64 c:/program files (x86)/gnu tools arm embedded/7 2017-q4-major/bin/../lib/gcc/arm-none-eabi/7.2.1/../../../../arm-none-eabi/lib/thumb/v7-m\libc.a(lib_a-memcmp.o)
                0x0000e944                memcmp
 .text          0x0000e9a8       0xec c:/program files (x86)/gnu tools arm embedded/7 2017-q4-major/bin/../lib/gcc/arm-none-eabi/7.2.1/../../../../arm-none-eabi/lib/thumb/v7-m\libc.a(lib_a-memcpy.o)
                0x0000e9a8                memcpy
 .text.memmove  0x0000ea94       0xc4 c:/program files (x86)/gnu tools arm embedded/7 2017-q4-major/bin/../lib/gcc/arm-none-eabi/7.2.1/../../../../arm-none-eabi/lib/thumb/v7-m\libc.a(lib_a-memmove.o)
                0x0000ea94                memmove
 .text.memset   0x0000eb58       0x94 c:/program files (x86)/gnu tools arm embedded/7 2017-q4-major/bin/../lib/gcc/arm-none-eabi/7.2.1/../../../../arm-none-eabi/lib/thumb/v7-m\libc.a(lib_a-memset.o)
                0x0000eb58                memset
 .text.strcasecmp
                0x0000ebec       0x44 c:/program files (x86)/gnu tools arm embedded/7 2017-q4-major/bin/../lib/gcc/arm-none-eabi/7.2.1/../../../../arm-none-eabi/lib/thumb/v7-m\libc.a(lib_a-strcasecmp.o)
                0x0000ebec                strcasecmp
 .text          0x0000ec30      0x1bc c:/program files (x86)/gnu tools arm embedded/7 2017-q4-major/bin/../lib/gcc/arm-none-eabi/7.2.1/../../../../arm-none-eabi/lib/thumb/v7-m\libc.a(lib_a-strcmp.o)
                0x0000ec30                strcmp
 .text.strlen   0x0000edec       0x5c c:/program files (x86)/gnu tools arm embedded/7 2017-q4-major/bin/../lib/gcc/arm-none-eabi/7.2.1/../../../../arm-none-eabi/lib/thumb/v7-m\libc.a(lib_a-strlen-stub.o)
                0x0000edec                strlen
 .text.strncasecmp
                0x0000ee48       0x5c c:/program files (x86)/gnu tools arm embedded/7 2017-q4-major/bin/../lib/gcc/arm-none-eabi/7.2.1/../../../../arm-none-eabi/lib/thumb/v7-m\libc.a(lib_a-strncasecmp.o)
                0x0000ee48                strncasecmp
 .text.strncat  0x0000eea4       0x5c c:/program files (x86)/gnu tools arm embedded/7 2017-q4-major/bin/../lib/gcc/arm-none-eabi/7.2.1/../../../../arm-none-eabi/lib/thumb/v7-m\libc.a(lib_a-strncat.o)
                0x0000eea4                strncat
 .text.strncpy  0x0000ef00       0x64 c:/program files (x86)/gnu tools arm embedded/7 2017-q4-major/bin/../lib/gcc/arm-none-eabi/7.2.1/../../../../arm-none-eabi/lib/thumb/v7-m\libc.a(lib_a-strncpy.o)
                0x0000ef00                strncpy
 .text.__ascii_wctomb
                0x0000ef64       0x18 c:/program files (x86)/gnu tools arm embedded/7 2017-q4-major/bin/../lib/gcc/arm-none-eabi/7.2.1/../../../../arm-none-eabi/lib/thumb/v7-m\libc.a(lib_a-wctomb_r.o)
                0x0000ef64                __ascii_wctomb
 *(SORT_BY_ALIGNMENT(.rodata*))
 .rodata.autostart_processes
                0x0000ef7c        0xc udp-client.co
                0x0000ef7c                autostart_processes
 .rodata.process_thread_udp_client_process.str1.4
                0x0000ef88      0x188 udp-client.co
 .rodata.str1.4
                0x0000f110       0x13 udp-client.co
 *fill*         0x0000f123        0x1 00000000
 .rodata.main.str1.4
                0x0000f124       0xe2 contiki-srf06-cc26xx.a(contiki-main.o)
 *fill*         0x0000f206        0x2 00000000
 .rodata.str1.4
                0x0000f208        0x8 contiki-srf06-cc26xx.a(sensors.o)
 .rodata        0x0000f210       0x44 contiki-srf06-cc26xx.a(board.o)
 .rodata.button_left_sensor
                0x0000f254       0x10 contiki-srf06-cc26xx.a(button-sensor.o)
                0x0000f254                button_left_sensor
 .rodata.button_right_sensor
                0x0000f264       0x10 contiki-srf06-cc26xx.a(button-sensor.o)
                0x0000f264                button_right_sensor
 .rodata.str1.4
                0x0000f274        0x7 contiki-srf06-cc26xx.a(button-sensor.o)
 *fill*         0x0000f27b        0x1 00000000
 .rodata        0x0000f27c        0x4 contiki-srf06-cc26xx.a(ext-flash.o)
 .rodata.mode_prop
                0x0000f280        0x8 contiki-srf06-cc26xx.a(prop-mode.o)
 .rodata.patchGenfskRfe
                0x0000f288      0x6b4 contiki-srf06-cc26xx.a(prop-mode.o)
 .rodata.patchImageGenfsk
                0x0000f93c      0x28c contiki-srf06-cc26xx.a(prop-mode.o)
 .rodata.prop_mode_driver
                0x0000fbc8       0x38 contiki-srf06-cc26xx.a(prop-mode.o)
                0x0000fbc8                prop_mode_driver
 .rodata.prop_mode_tx_power_779_930
                0x0000fc00       0x88 contiki-srf06-cc26xx.a(prop-mode-tx-po)
                0x0000fc00                prop_mode_tx_power_779_930
 .rodata.RFCCPE0IntHandler.str1.4
                0x0000fc88       0x2a contiki-srf06-cc26xx.a(rf-core.o)
 *fill*         0x0000fcb2        0x2 00000000
 .rodata.str1.4
                0x0000fcb4       0x1a contiki-srf06-cc26xx.a(rf-core.o)
 *fill*         0x0000fcce        0x2 00000000
 .rodata.str1.4
                0x0000fcd0       0x1b contiki-srf06-cc26xx.a(soc-trng.o)
 *fill*         0x0000fceb        0x1 00000000
 .rodata.buffer.4041
                0x0000fcec       0x10 contiki-srf06-cc26xx.a(strformat.o)
 .rodata.buffer.4050
                0x0000fcfc       0x10 contiki-srf06-cc26xx.a(strformat.o)
 .rodata.format_str_v.str1.4
                0x0000fd0c       0x42 contiki-srf06-cc26xx.a(strformat.o)
                                 0x46 (size before relaxing)
 *fill*         0x0000fd4e        0x2 00000000
 .rodata.str1.4
                0x0000fd50        0xc contiki-srf06-cc26xx.a(etimer.o)
 .rodata.str1.4
                0x0000fd5c        0xf contiki-srf06-cc26xx.a(ctimer.o)
 *fill*         0x0000fd6b        0x1 00000000
 .rodata.str1.4
                0x0000fd6c        0xe contiki-srf06-cc26xx.a(serial-line.o)
 *fill*         0x0000fd7a        0x2 00000000
 .rodata        0x0000fd7c        0x2 contiki-srf06-cc26xx.a(sicslowpan.o)
 *fill*         0x0000fd7e        0x2 00000000
 .rodata.llprefix
                0x0000fd80        0x2 contiki-srf06-cc26xx.a(sicslowpan.o)
                0x0000fd80                llprefix
 *fill*         0x0000fd82        0x2 00000000
 .rodata.sicslowpan_driver
                0x0000fd84        0xc contiki-srf06-cc26xx.a(sicslowpan.o)
                0x0000fd84                sicslowpan_driver
 .rodata.str1.4
                0x0000fd90        0xb contiki-srf06-cc26xx.a(sicslowpan.o)
 *fill*         0x0000fd9b        0x1 00000000
 .rodata.ttl_values
                0x0000fd9c        0x4 contiki-srf06-cc26xx.a(sicslowpan.o)
 .rodata.unc_ctxconf
                0x0000fda0        0x4 contiki-srf06-cc26xx.a(sicslowpan.o)
                0x0000fda0                unc_ctxconf
 .rodata.unc_llconf
                0x0000fda4        0x4 contiki-srf06-cc26xx.a(sicslowpan.o)
                0x0000fda4                unc_llconf
 .rodata.unc_mxconf
                0x0000fda8        0x4 contiki-srf06-cc26xx.a(sicslowpan.o)
                0x0000fda8                unc_mxconf
 .rodata.uip_debug_ipaddr_print.str1.4
                0x0000fdac       0x2b contiki-srf06-cc26xx.a(uip-debug.o)
 *fill*         0x0000fdd7        0x1 00000000
 .rodata.nsec_record.6511
                0x0000fdd8       0x12 contiki-srf06-cc26xx.a(resolv.o)
 *fill*         0x0000fdea        0x2 00000000
 .rodata.process_thread_resolv_process.str1.4
                0x0000fdec        0x8 contiki-srf06-cc26xx.a(resolv.o)
 .rodata.resolv_found.str1.4
                0x0000fdf4        0x7 contiki-srf06-cc26xx.a(resolv.o)
 *fill*         0x0000fdfb        0x1 00000000
 .rodata.resolv_mdns_addr
                0x0000fdfc       0x10 contiki-srf06-cc26xx.a(resolv.o)
 .rodata.resolv_query.str1.4
                0x0000fe0c        0x6 contiki-srf06-cc26xx.a(resolv.o)
 *fill*         0x0000fe12        0x2 00000000
 .rodata.str1.4
                0x0000fe14       0x19 contiki-srf06-cc26xx.a(resolv.o)
 *fill*         0x0000fe2d        0x3 00000000
 .rodata.str1.4
                0x0000fe30        0xd contiki-srf06-cc26xx.a(tcpip.o)
 *fill*         0x0000fe3d        0x3 00000000
 .rodata.linkaddr_null
                0x0000fe40        0x8 contiki-srf06-cc26xx.a(linkaddr.o)
                0x0000fe40                linkaddr_null
 .rodata.csma_driver
                0x0000fe48       0x1c contiki-srf06-cc26xx.a(csma.o)
                0x0000fe48                csma_driver
 .rodata.str1.4
                0x0000fe64        0x5 contiki-srf06-cc26xx.a(csma.o)
 *fill*         0x0000fe69        0x3 00000000
 .rodata.framer_802154
                0x0000fe6c        0xc contiki-srf06-cc26xx.a(framer-802154.o)
                0x0000fe6c                framer_802154
 .rodata.contikimac_driver
                0x0000fe78       0x20 contiki-srf06-cc26xx.a(contikimac.o)
                0x0000fe78                contikimac_driver
 .rodata.str1.4
                0x0000fe98        0xb contiki-srf06-cc26xx.a(contikimac.o)
 *fill*         0x0000fea3        0x1 00000000
 .rodata.nullsec_driver
                0x0000fea4       0x10 contiki-srf06-cc26xx.a(nullsec.o)
                0x0000fea4                nullsec_driver
 .rodata.str1.4
                0x0000feb4        0x8 contiki-srf06-cc26xx.a(nullsec.o)
 .rodata._setlocale_r.str1.4
                0x0000febc        0xa c:/program files (x86)/gnu tools arm embedded/7 2017-q4-major/bin/../lib/gcc/arm-none-eabi/7.2.1/../../../../arm-none-eabi/lib/thumb/v7-m\libc.a(lib_a-locale.o)
                                  0xd (size before relaxing)
 .rodata.str1.4
                0x0000fec6        0xc c:/program files (x86)/gnu tools arm embedded/7 2017-q4-major/bin/../lib/gcc/arm-none-eabi/7.2.1/../../../../arm-none-eabi/lib/thumb/v7-m\libc.a(lib_a-locale.o)
                                  0x2 (size before relaxing)
 *fill*         0x0000fec6        0x2 00000000
 .rodata._ctype_
                0x0000fec8      0x101 c:/program files (x86)/gnu tools arm embedded/7 2017-q4-major/bin/../lib/gcc/arm-none-eabi/7.2.1/../../../../arm-none-eabi/lib/thumb/v7-m\libc.a(lib_a-ctype_.o)
                0x0000fec8                _ctype_
                0x0000ffc9                _etext = .

.glue_7         0x0000ffcc        0x0
 .glue_7        0x0000ffcc        0x0 linker stubs

.glue_7t        0x0000ffcc        0x0
 .glue_7t       0x0000ffcc        0x0 linker stubs

.vfp11_veneer   0x0000ffcc        0x0
 .vfp11_veneer  0x0000ffcc        0x0 linker stubs

.v4_bx          0x0000ffcc        0x0
 .v4_bx         0x0000ffcc        0x0 linker stubs

.iplt           0x0000ffcc        0x0
 .iplt          0x0000ffcc        0x0 obj_srf06-cc26xx/startup_gcc.o

.data           0x20000000      0x8d2 load address 0x0000ffc9
                0x20000000                _data = .
 *(SORT_BY_ALIGNMENT(vtable))
 *(SORT_BY_ALIGNMENT(.data*))
 .data.impure_data
                0x20000000      0x428 c:/program files (x86)/gnu tools arm embedded/7 2017-q4-major/bin/../lib/gcc/arm-none-eabi/7.2.1/../../../../arm-none-eabi/lib/thumb/v7-m\libc.a(lib_a-impure.o)
 .data.udp_client_process
                0x20000428       0x10 udp-client.co
                0x20000428                udp_client_process
 .data.sensors_process
                0x20000438       0x10 contiki-srf06-cc26xx.a(sensors.o)
                0x20000438                sensors_process
 .data.launchpad_module
                0x20000448       0x14 contiki-srf06-cc26xx.a(board.o)
 .data.sensors  0x2000045c        0xc contiki-srf06-cc26xx.a(launchpad-senso)
                0x2000045c                sensors
 .data.prop_lpm_module
                0x20000468       0x14 contiki-srf06-cc26xx.a(prop-mode.o)
 .data.tx_power_current
                0x2000047c        0x4 contiki-srf06-cc26xx.a(prop-mode.o)
                0x2000047c                tx_power_current
 .data.uart_module
                0x20000480       0x14 contiki-srf06-cc26xx.a(cc26xx-uart.o)
 .data.rf_core_process
                0x20000494       0x10 contiki-srf06-cc26xx.a(rf-core.o)
                0x20000494                rf_core_process
 .data.rng_module
                0x200004a4       0x14 contiki-srf06-cc26xx.a(soc-trng.o)
 .data.soc_trng_process
                0x200004b8       0x10 contiki-srf06-cc26xx.a(soc-trng.o)
                0x200004b8                soc_trng_process
 .data.ctxt     0x200004c8        0x8 contiki-srf06-cc26xx.a(dbg-printf.o)
 .data.etimer_process
                0x200004d0       0x10 contiki-srf06-cc26xx.a(etimer.o)
                0x200004d0                etimer_process
 .data.ctimer_process
                0x200004e0       0x10 contiki-srf06-cc26xx.a(ctimer.o)
                0x200004e0                ctimer_process
 .data.serial_line_process
                0x200004f0       0x10 contiki-srf06-cc26xx.a(serial-line.o)
                0x200004f0                serial_line_process
 .data.ds6_neighbors
                0x20000500        0x4 contiki-srf06-cc26xx.a(uip-ds6-nbr.o)
                0x20000500                ds6_neighbors
 .data.ds6_neighbors_struct
                0x20000504       0x10 contiki-srf06-cc26xx.a(uip-ds6-nbr.o)
 .data.defaultroutermemb
                0x20000514        0xc contiki-srf06-cc26xx.a(uip-ds6-route.o)
 .data.nbr_routes
                0x20000520        0x4 contiki-srf06-cc26xx.a(uip-ds6-route.o)
                0x20000520                nbr_routes
 .data.nbr_routes_struct
                0x20000524       0x10 contiki-srf06-cc26xx.a(uip-ds6-route.o)
 .data.neighborroutememb
                0x20000534        0xc contiki-srf06-cc26xx.a(uip-ds6-route.o)
 .data.routememb
                0x20000540        0xc contiki-srf06-cc26xx.a(uip-ds6-route.o)
 .data.echo_reply_handler
                0x2000054c        0xc contiki-srf06-cc26xx.a(uip-icmp6.o)
 .data.echo_request_handler
                0x20000558        0xc contiki-srf06-cc26xx.a(uip-icmp6.o)
 .data.mdns_probe_process
                0x20000564       0x10 contiki-srf06-cc26xx.a(resolv.o)
                0x20000564                mdns_probe_process
 .data.resolv_process
                0x20000574       0x10 contiki-srf06-cc26xx.a(resolv.o)
                0x20000574                resolv_process
 .data.tcpip_process
                0x20000584       0x10 contiki-srf06-cc26xx.a(tcpip.o)
                0x20000584                tcpip_process
 .data.rpl_parents
                0x20000594        0x4 contiki-srf06-cc26xx.a(rpl-dag.o)
                0x20000594                rpl_parents
 .data.rpl_parents_struct
                0x20000598       0x10 contiki-srf06-cc26xx.a(rpl-dag.o)
 .data.link_stats_struct
                0x200005a8       0x10 contiki-srf06-cc26xx.a(link-stats.o)
 .data.neighbor_addr_mem
                0x200005b8        0xc contiki-srf06-cc26xx.a(nbr-table.o)
 .data.bufmem   0x200005c4        0xc contiki-srf06-cc26xx.a(queuebuf.o)
 .data.buframmem
                0x200005d0        0xc contiki-srf06-cc26xx.a(queuebuf.o)
 .data.metadata_memb
                0x200005dc        0xc contiki-srf06-cc26xx.a(csma.o)
 .data.neighbor_memb
                0x200005e8        0xc contiki-srf06-cc26xx.a(csma.o)
 .data.packet_memb
                0x200005f4        0xc contiki-srf06-cc26xx.a(csma.o)
 .data.overrides
                0x20000600       0x60 contiki-srf06-cc26xx.a(smartrf-setting)
 .data.smartrf_settings_cmd_fs
                0x20000660       0x18 contiki-srf06-cc26xx.a(smartrf-setting)
                0x20000660                smartrf_settings_cmd_fs
 .data.smartrf_settings_cmd_prop_radio_div_setup
                0x20000678       0x28 contiki-srf06-cc26xx.a(smartrf-setting)
                0x20000678                smartrf_settings_cmd_prop_radio_div_setup
 .data.smartrf_settings_cmd_prop_rx_adv
                0x200006a0       0x30 contiki-srf06-cc26xx.a(smartrf-setting)
                0x200006a0                smartrf_settings_cmd_prop_rx_adv
 .data.smartrf_settings_cmd_prop_tx_adv
                0x200006d0       0x20 contiki-srf06-cc26xx.a(smartrf-setting)
                0x200006d0                smartrf_settings_cmd_prop_tx_adv
 .data.na_input_handler
                0x200006f0        0xc contiki-srf06-cc26xx.a(uip-nd6.o)
 .data.ns_input_handler
                0x200006fc        0xc contiki-srf06-cc26xx.a(uip-nd6.o)
 .data.dao_ack_handler
                0x20000708        0xc contiki-srf06-cc26xx.a(rpl-icmp6.o)
 .data.dao_handler
                0x20000714        0xc contiki-srf06-cc26xx.a(rpl-icmp6.o)
 .data.dio_handler
                0x20000720        0xc contiki-srf06-cc26xx.a(rpl-icmp6.o)
 .data.dis_handler
                0x2000072c        0xc contiki-srf06-cc26xx.a(rpl-icmp6.o)
 .data.rpl_mrhof
                0x20000738       0x24 contiki-srf06-cc26xx.a(rpl-mrhof.o)
                0x20000738                rpl_mrhof
 .data.__global_locale
                0x2000075c      0x16c c:/program files (x86)/gnu tools arm embedded/7 2017-q4-major/bin/../lib/gcc/arm-none-eabi/7.2.1/../../../../arm-none-eabi/lib/thumb/v7-m\libc.a(lib_a-locale.o)
                0x2000075c                __global_locale
 .data._impure_ptr
                0x200008c8        0x4 c:/program files (x86)/gnu tools arm embedded/7 2017-q4-major/bin/../lib/gcc/arm-none-eabi/7.2.1/../../../../arm-none-eabi/lib/thumb/v7-m\libc.a(lib_a-impure.o)
                0x200008c8                _impure_ptr
 .data.mac_pan_id
                0x200008cc        0x2 contiki-srf06-cc26xx.a(frame802154.o)
 .data.status.7512
                0x200008ce        0x1 udp-client.co
 .data.rssi_threshold
                0x200008cf        0x1 contiki-srf06-cc26xx.a(prop-mode.o)
 .data.rng_ready_event
                0x200008d0        0x1 contiki-srf06-cc26xx.a(soc-trng.o)
 .data.dao_sequence
                0x200008d1        0x1 contiki-srf06-cc26xx.a(rpl-icmp6.o)
                0x200008d2                _edata = .

.igot.plt       0x200008d4        0x0 load address 0x0001089b
 .igot.plt      0x200008d4        0x0 obj_srf06-cc26xx/startup_gcc.o

.ARM.exidx      0x0001089c        0x8
 *(SORT_BY_ALIGNMENT(.ARM.exidx*))